Command line invocation:
    /Applications/Xcode.app/Contents/Developer/usr/bin/xcodebuild -project "swift/AICoven/AICoven Local.xcodeproj" -scheme AICoven -configuration Debug -destination platform=macOS build

Resolve Package Graph


Resolved source packages:
  Firebase: https://github.com/firebase/firebase-ios-sdk @ 12.8.0
  leveldb: https://github.com/firebase/leveldb.git @ 1.22.5
  GoogleAdsOnDeviceConversion: https://github.com/googleads/google-ads-on-device-conversion-ios-sdk @ 3.2.0
  GTMSessionFetcher: https://github.com/google/gtm-session-fetcher.git @ 5.0.0
  mlx-swift-lm: https://github.com/ml-explore/mlx-swift-lm @ 2.30.6
  GoogleDataTransport: https://github.com/google/GoogleDataTransport.git @ 10.1.0
  GoogleAppMeasurement: https://github.com/google/GoogleAppMeasurement.git @ 12.8.0
  swift-collections: https://github.com/apple/swift-collections.git @ 1.3.0
  swift-transformers: https://github.com/huggingface/swift-transformers @ 1.1.6
  mlx-swift: https://github.com/ml-explore/mlx-swift @ 0.30.6
  Jinja: https://github.com/huggingface/swift-jinja.git @ 2.3.1
  Promises: https://github.com/google/promises.git @ 2.4.0
  gRPC: https://github.com/google/grpc-binary.git @ 1.69.1
  GRDB: https://github.com/groue/GRDB.swift.git @ 7.8.0
  abseil: https://github.com/google/abseil-cpp-binary.git @ 1.2024072200.0
  InteropForGoogle: https://github.com/google/interop-ios-for-google-sdks.git @ 101.0.0
  swift-numerics: https://github.com/apple/swift-numerics @ 1.1.1
  nanopb: https://github.com/firebase/nanopb.git @ 2.30910.0
  GoogleUtilities: https://github.com/google/GoogleUtilities.git @ 8.1.0
  AppCheck: https://github.com/google/app-check.git @ 11.2.0

ComputePackagePrebuildTargetDependencyGraph

Prepare packages

CreateBuildRequest

SendProjectDescription

CreateBuildOperation

ComputeTargetDependencyGraph
note: Building targets in dependency order
note: Target dependency graph (132 targets)
    Target 'AICovenTests' in project 'AICoven Local'
        ➜ Explicit dependency on target 'AICoven' in project 'AICoven Local'
    Target 'AICoven' in project 'AICoven Local'
        ➜ Explicit dependency on target 'FirebaseAnalytics' in project 'Firebase'
        ➜ Explicit dependency on target 'FirebaseAnalyticsIdentitySupport' in project 'Firebase'
        ➜ Explicit dependency on target 'FirebaseMessaging' in project 'Firebase'
        ➜ Explicit dependency on target 'MLXLMCommon' in project 'mlx-swift-lm'
        ➜ Explicit dependency on target 'FirebaseCrashlytics' in project 'Firebase'
        ➜ Explicit dependency on target 'FirebaseRemoteConfig' in project 'Firebase'
        ➜ Explicit dependency on target 'FirebaseAnalyticsCore' in project 'Firebase'
        ➜ Explicit dependency on target 'FirebaseAuthCombine-Community' in project 'Firebase'
        ➜ Explicit dependency on target 'MLXEmbedders' in project 'mlx-swift-lm'
        ➜ Explicit dependency on target 'MLXLLM' in project 'mlx-swift-lm'
        ➜ Explicit dependency on target 'FirebaseCore' in project 'Firebase'
        ➜ Explicit dependency on target 'MLXVLM' in project 'mlx-swift-lm'
        ➜ Explicit dependency on target 'FirebaseAuth' in project 'Firebase'
        ➜ Explicit dependency on target 'GRDB' in project 'GRDB'
    Target 'GRDB' in project 'GRDB'
        ➜ Explicit dependency on target 'GRDB' in project 'GRDB'
        ➜ Explicit dependency on target 'GRDB_GRDB' in project 'GRDB'
    Target 'GRDB' in project 'GRDB'
        ➜ Explicit dependency on target 'GRDB_GRDB' in project 'GRDB'
        ➜ Explicit dependency on target 'GRDBSQLite' in project 'GRDB'
    Target 'GRDBSQLite' in project 'GRDB' (no dependencies)
    Target 'GRDB_GRDB' in project 'GRDB' (no dependencies)
    Target 'FirebaseAuth' in project 'Firebase'
        ➜ Explicit dependency on target 'FirebaseAuth' in project 'Firebase'
        ➜ Explicit dependency on target 'Firebase_FirebaseAuth' in project 'Firebase'
        ➜ Explicit dependency on target 'FirebaseAppCheckInterop' in project 'Firebase'
        ➜ Explicit dependency on target 'FirebaseAuthInterop' in project 'Firebase'
        ➜ Explicit dependency on target 'FirebaseAuthInternal' in project 'Firebase'
        ➜ Explicit dependency on target 'Firebase' in project 'Firebase'
        ➜ Explicit dependency on target 'FirebaseCoreInternal' in project 'Firebase'
        ➜ Explicit dependency on target 'FirebaseCore' in project 'Firebase'
        ➜ Explicit dependency on target 'FirebaseCoreExtension' in project 'Firebase'
        ➜ Explicit dependency on target 'RecaptchaInterop' in project 'InteropForGoogle'
        ➜ Explicit dependency on target 'GULNSData' in project 'GoogleUtilities'
        ➜ Explicit dependency on target 'GULEnvironment' in project 'GoogleUtilities'
        ➜ Explicit dependency on target 'GULLogger' in project 'GoogleUtilities'
        ➜ Explicit dependency on target 'GULAppDelegateSwizzler' in project 'GoogleUtilities'
        ➜ Explicit dependency on target 'GTMSessionFetcherCore' in project 'GTMSessionFetcher'
    Target 'MLXVLM' in project 'mlx-swift-lm'
        ➜ Explicit dependency on target 'MLXVLM' in project 'mlx-swift-lm'
        ➜ Explicit dependency on target 'MLXLMCommon' in project 'mlx-swift-lm'
        ➜ Explicit dependency on target 'MLX' in project 'mlx-swift'
        ➜ Explicit dependency on target 'MLXNN' in project 'mlx-swift'
        ➜ Explicit dependency on target 'MLXOptimizers' in project 'mlx-swift'
        ➜ Explicit dependency on target 'Transformers' in project 'swift-transformers'
    Target 'MLXVLM' in project 'mlx-swift-lm'
        ➜ Explicit dependency on target 'MLXLMCommon' in project 'mlx-swift-lm'
        ➜ Explicit dependency on target 'MLX' in project 'mlx-swift'
        ➜ Explicit dependency on target 'MLXNN' in project 'mlx-swift'
        ➜ Explicit dependency on target 'MLXOptimizers' in project 'mlx-swift'
        ➜ Explicit dependency on target 'Transformers' in project 'swift-transformers'
    Target 'FirebaseCore' in project 'Firebase'
        ➜ Explicit dependency on target 'FirebaseCore' in project 'Firebase'
        ➜ Explicit dependency on target 'Firebase_FirebaseCore' in project 'Firebase'
        ➜ Explicit dependency on target 'Firebase' in project 'Firebase'
        ➜ Explicit dependency on target 'FirebaseCoreInternal' in project 'Firebase'
        ➜ Explicit dependency on target 'GULNSData' in project 'GoogleUtilities'
        ➜ Explicit dependency on target 'GULEnvironment' in project 'GoogleUtilities'
        ➜ Explicit dependency on target 'GULLogger' in project 'GoogleUtilities'
    Target 'MLXLLM' in project 'mlx-swift-lm'
        ➜ Explicit dependency on target 'MLXLLM' in project 'mlx-swift-lm'
        ➜ Explicit dependency on target 'MLXLMCommon' in project 'mlx-swift-lm'
        ➜ Explicit dependency on target 'MLX' in project 'mlx-swift'
        ➜ Explicit dependency on target 'MLXNN' in project 'mlx-swift'
        ➜ Explicit dependency on target 'MLXOptimizers' in project 'mlx-swift'
        ➜ Explicit dependency on target 'Transformers' in project 'swift-transformers'
    Target 'MLXLLM' in project 'mlx-swift-lm'
        ➜ Explicit dependency on target 'MLXLMCommon' in project 'mlx-swift-lm'
        ➜ Explicit dependency on target 'MLX' in project 'mlx-swift'
        ➜ Explicit dependency on target 'MLXNN' in project 'mlx-swift'
        ➜ Explicit dependency on target 'MLXOptimizers' in project 'mlx-swift'
        ➜ Explicit dependency on target 'Transformers' in project 'swift-transformers'
    Target 'MLXEmbedders' in project 'mlx-swift-lm'
        ➜ Explicit dependency on target 'MLXEmbedders' in project 'mlx-swift-lm'
        ➜ Explicit dependency on target 'MLXLMCommon' in project 'mlx-swift-lm'
        ➜ Explicit dependency on target 'MLX' in project 'mlx-swift'
        ➜ Explicit dependency on target 'MLXNN' in project 'mlx-swift'
        ➜ Explicit dependency on target 'MLXOptimizers' in project 'mlx-swift'
        ➜ Explicit dependency on target 'Transformers' in project 'swift-transformers'
    Target 'MLXEmbedders' in project 'mlx-swift-lm'
        ➜ Explicit dependency on target 'MLXLMCommon' in project 'mlx-swift-lm'
        ➜ Explicit dependency on target 'MLX' in project 'mlx-swift'
        ➜ Explicit dependency on target 'MLXNN' in project 'mlx-swift'
        ➜ Explicit dependency on target 'MLXOptimizers' in project 'mlx-swift'
        ➜ Explicit dependency on target 'Transformers' in project 'swift-transformers'
    Target 'FirebaseAuthCombine-Community' in project 'Firebase'
        ➜ Explicit dependency on target 'FirebaseAuthCombineSwift' in project 'Firebase'
        ➜ Explicit dependency on target 'FirebaseAppCheckInterop' in project 'Firebase'
        ➜ Explicit dependency on target 'FirebaseAuthInterop' in project 'Firebase'
        ➜ Explicit dependency on target 'FirebaseAuthInternal' in project 'Firebase'
        ➜ Explicit dependency on target 'Firebase' in project 'Firebase'
        ➜ Explicit dependency on target 'FirebaseCoreInternal' in project 'Firebase'
        ➜ Explicit dependency on target 'FirebaseCore' in project 'Firebase'
        ➜ Explicit dependency on target 'FirebaseCoreExtension' in project 'Firebase'
        ➜ Explicit dependency on target 'FirebaseAuth' in project 'Firebase'
        ➜ Explicit dependency on target 'RecaptchaInterop' in project 'InteropForGoogle'
        ➜ Explicit dependency on target 'GULNSData' in project 'GoogleUtilities'
        ➜ Explicit dependency on target 'GULEnvironment' in project 'GoogleUtilities'
        ➜ Explicit dependency on target 'GULLogger' in project 'GoogleUtilities'
        ➜ Explicit dependency on target 'GULAppDelegateSwizzler' in project 'GoogleUtilities'
        ➜ Explicit dependency on target 'GTMSessionFetcherCore' in project 'GTMSessionFetcher'
    Target 'FirebaseAuthCombineSwift' in project 'Firebase'
        ➜ Explicit dependency on target 'FirebaseAppCheckInterop' in project 'Firebase'
        ➜ Explicit dependency on target 'FirebaseAuthInterop' in project 'Firebase'
        ➜ Explicit dependency on target 'FirebaseAuthInternal' in project 'Firebase'
        ➜ Explicit dependency on target 'Firebase' in project 'Firebase'
        ➜ Explicit dependency on target 'FirebaseCoreInternal' in project 'Firebase'
        ➜ Explicit dependency on target 'FirebaseCore' in project 'Firebase'
        ➜ Explicit dependency on target 'FirebaseCoreExtension' in project 'Firebase'
        ➜ Explicit dependency on target 'FirebaseAuth' in project 'Firebase'
        ➜ Explicit dependency on target 'RecaptchaInterop' in project 'InteropForGoogle'
        ➜ Explicit dependency on target 'GULNSData' in project 'GoogleUtilities'
        ➜ Explicit dependency on target 'GULEnvironment' in project 'GoogleUtilities'
        ➜ Explicit dependency on target 'GULLogger' in project 'GoogleUtilities'
        ➜ Explicit dependency on target 'GULAppDelegateSwizzler' in project 'GoogleUtilities'
        ➜ Explicit dependency on target 'GTMSessionFetcherCore' in project 'GTMSessionFetcher'
    Target 'FirebaseAuth' in project 'Firebase'
        ➜ Explicit dependency on target 'Firebase_FirebaseAuth' in project 'Firebase'
        ➜ Explicit dependency on target 'FirebaseAppCheckInterop' in project 'Firebase'
        ➜ Explicit dependency on target 'FirebaseAuthInterop' in project 'Firebase'
        ➜ Explicit dependency on target 'FirebaseAuthInternal' in project 'Firebase'
        ➜ Explicit dependency on target 'Firebase' in project 'Firebase'
        ➜ Explicit dependency on target 'FirebaseCoreInternal' in project 'Firebase'
        ➜ Explicit dependency on target 'FirebaseCore' in project 'Firebase'
        ➜ Explicit dependency on target 'FirebaseCoreExtension' in project 'Firebase'
        ➜ Explicit dependency on target 'RecaptchaInterop' in project 'InteropForGoogle'
        ➜ Explicit dependency on target 'GULNSData' in project 'GoogleUtilities'
        ➜ Explicit dependency on target 'GULEnvironment' in project 'GoogleUtilities'
        ➜ Explicit dependency on target 'GULLogger' in project 'GoogleUtilities'
        ➜ Explicit dependency on target 'GULAppDelegateSwizzler' in project 'GoogleUtilities'
        ➜ Explicit dependency on target 'GTMSessionFetcherCore' in project 'GTMSessionFetcher'
    Target 'GTMSessionFetcherCore' in project 'GTMSessionFetcher'
        ➜ Explicit dependency on target 'GTMSessionFetcherCore' in project 'GTMSessionFetcher'
        ➜ Explicit dependency on target 'GTMSessionFetcher_GTMSessionFetcherCore' in project 'GTMSessionFetcher'
    Target 'GTMSessionFetcherCore' in project 'GTMSessionFetcher'
        ➜ Explicit dependency on target 'GTMSessionFetcher_GTMSessionFetcherCore' in project 'GTMSessionFetcher'
    Target 'GTMSessionFetcher_GTMSessionFetcherCore' in project 'GTMSessionFetcher' (no dependencies)
    Target 'Firebase_FirebaseAuth' in project 'Firebase' (no dependencies)
    Target 'FirebaseAuthInternal' in project 'Firebase'
        ➜ Explicit dependency on target 'RecaptchaInterop' in project 'InteropForGoogle'
    Target 'RecaptchaInterop' in project 'InteropForGoogle'
        ➜ Explicit dependency on target 'RecaptchaInterop' in project 'InteropForGoogle'
    Target 'RecaptchaInterop' in project 'InteropForGoogle' (no dependencies)
    Target 'FirebaseAuthInterop' in project 'Firebase' (no dependencies)
    Target 'FirebaseAppCheckInterop' in project 'Firebase' (no dependencies)
    Target 'FirebaseAnalyticsCore' in project 'Firebase'
        ➜ Explicit dependency on target 'FirebaseAnalyticsCoreTarget' in project 'Firebase'
        ➜ Explicit dependency on target 'Firebase' in project 'Firebase'
        ➜ Explicit dependency on target 'FirebaseCoreInternal' in project 'Firebase'
        ➜ Explicit dependency on target 'FirebaseCore' in project 'Firebase'
        ➜ Explicit dependency on target 'FirebaseInstallations' in project 'Firebase'
        ➜ Explicit dependency on target 'FirebaseAnalyticsCoreWrapper' in project 'Firebase'
        ➜ Explicit dependency on target 'GULNSData' in project 'GoogleUtilities'
        ➜ Explicit dependency on target 'GULEnvironment' in project 'GoogleUtilities'
        ➜ Explicit dependency on target 'GULLogger' in project 'GoogleUtilities'
        ➜ Explicit dependency on target 'FBLPromises' in project 'Promises'
        ➜ Explicit dependency on target 'GULUserDefaults' in project 'GoogleUtilities'
        ➜ Explicit dependency on target 'GoogleAppMeasurementCore' in project 'GoogleAppMeasurement'
        ➜ Explicit dependency on target 'GULAppDelegateSwizzler' in project 'GoogleUtilities'
        ➜ Explicit dependency on target 'GULMethodSwizzler' in project 'GoogleUtilities'
        ➜ Explicit dependency on target 'GULNetwork' in project 'GoogleUtilities'
        ➜ Explicit dependency on target 'nanopb' in project 'nanopb'
    Target 'FirebaseAnalyticsCoreTarget' in project 'Firebase'
        ➜ Explicit dependency on target 'Firebase' in project 'Firebase'
        ➜ Explicit dependency on target 'FirebaseCoreInternal' in project 'Firebase'
        ➜ Explicit dependency on target 'FirebaseCore' in project 'Firebase'
        ➜ Explicit dependency on target 'FirebaseInstallations' in project 'Firebase'
        ➜ Explicit dependency on target 'FirebaseAnalyticsCoreWrapper' in project 'Firebase'
        ➜ Explicit dependency on target 'GULNSData' in project 'GoogleUtilities'
        ➜ Explicit dependency on target 'GULEnvironment' in project 'GoogleUtilities'
        ➜ Explicit dependency on target 'GULLogger' in project 'GoogleUtilities'
        ➜ Explicit dependency on target 'FBLPromises' in project 'Promises'
        ➜ Explicit dependency on target 'GULUserDefaults' in project 'GoogleUtilities'
        ➜ Explicit dependency on target 'GoogleAppMeasurementCore' in project 'GoogleAppMeasurement'
        ➜ Explicit dependency on target 'GULAppDelegateSwizzler' in project 'GoogleUtilities'
        ➜ Explicit dependency on target 'GULMethodSwizzler' in project 'GoogleUtilities'
        ➜ Explicit dependency on target 'GULNetwork' in project 'GoogleUtilities'
        ➜ Explicit dependency on target 'nanopb' in project 'nanopb'
    Target 'FirebaseAnalyticsCoreWrapper' in project 'Firebase'
        ➜ Explicit dependency on target 'Firebase' in project 'Firebase'
        ➜ Explicit dependency on target 'FirebaseCoreInternal' in project 'Firebase'
        ➜ Explicit dependency on target 'FirebaseCore' in project 'Firebase'
        ➜ Explicit dependency on target 'FirebaseInstallations' in project 'Firebase'
        ➜ Explicit dependency on target 'GULNSData' in project 'GoogleUtilities'
        ➜ Explicit dependency on target 'GULEnvironment' in project 'GoogleUtilities'
        ➜ Explicit dependency on target 'GULLogger' in project 'GoogleUtilities'
        ➜ Explicit dependency on target 'FBLPromises' in project 'Promises'
        ➜ Explicit dependency on target 'GULUserDefaults' in project 'GoogleUtilities'
        ➜ Explicit dependency on target 'GoogleAppMeasurementCore' in project 'GoogleAppMeasurement'
        ➜ Explicit dependency on target 'GULAppDelegateSwizzler' in project 'GoogleUtilities'
        ➜ Explicit dependency on target 'GULMethodSwizzler' in project 'GoogleUtilities'
        ➜ Explicit dependency on target 'GULNetwork' in project 'GoogleUtilities'
        ➜ Explicit dependency on target 'nanopb' in project 'nanopb'
    Target 'GoogleAppMeasurementCore' in project 'GoogleAppMeasurement'
        ➜ Explicit dependency on target 'GoogleAppMeasurementCoreTarget' in project 'GoogleAppMeasurement'
        ➜ Explicit dependency on target 'GULAppDelegateSwizzler' in project 'GoogleUtilities'
        ➜ Explicit dependency on target 'GULMethodSwizzler' in project 'GoogleUtilities'
        ➜ Explicit dependency on target 'GULNSData' in project 'GoogleUtilities'
        ➜ Explicit dependency on target 'GULNetwork' in project 'GoogleUtilities'
        ➜ Explicit dependency on target 'GULLogger' in project 'GoogleUtilities'
        ➜ Explicit dependency on target 'GULEnvironment' in project 'GoogleUtilities'
        ➜ Explicit dependency on target 'nanopb' in project 'nanopb'
    Target 'GoogleAppMeasurementCoreTarget' in project 'GoogleAppMeasurement'
        ➜ Explicit dependency on target 'GULAppDelegateSwizzler' in project 'GoogleUtilities'
        ➜ Explicit dependency on target 'GULMethodSwizzler' in project 'GoogleUtilities'
        ➜ Explicit dependency on target 'GULNSData' in project 'GoogleUtilities'
        ➜ Explicit dependency on target 'GULNetwork' in project 'GoogleUtilities'
        ➜ Explicit dependency on target 'GULLogger' in project 'GoogleUtilities'
        ➜ Explicit dependency on target 'GULEnvironment' in project 'GoogleUtilities'
        ➜ Explicit dependency on target 'nanopb' in project 'nanopb'
    Target 'FirebaseRemoteConfig' in project 'Firebase'
        ➜ Explicit dependency on target 'FirebaseRemoteConfig' in project 'Firebase'
        ➜ Explicit dependency on target 'Firebase_FirebaseRemoteConfig' in project 'Firebase'
        ➜ Explicit dependency on target 'Firebase' in project 'Firebase'
        ➜ Explicit dependency on target 'FirebaseCoreInternal' in project 'Firebase'
        ➜ Explicit dependency on target 'FirebaseCore' in project 'Firebase'
        ➜ Explicit dependency on target 'FirebaseABTesting' in project 'Firebase'
        ➜ Explicit dependency on target 'FirebaseInstallations' in project 'Firebase'
        ➜ Explicit dependency on target 'FirebaseRemoteConfigInterop' in project 'Firebase'
        ➜ Explicit dependency on target 'FirebaseRemoteConfigInternal' in project 'Firebase'
        ➜ Explicit dependency on target 'FirebaseSharedSwift' in project 'Firebase'
        ➜ Explicit dependency on target 'GULNSData' in project 'GoogleUtilities'
        ➜ Explicit dependency on target 'GULEnvironment' in project 'GoogleUtilities'
        ➜ Explicit dependency on target 'GULLogger' in project 'GoogleUtilities'
        ➜ Explicit dependency on target 'FBLPromises' in project 'Promises'
        ➜ Explicit dependency on target 'GULUserDefaults' in project 'GoogleUtilities'
    Target 'FirebaseRemoteConfig' in project 'Firebase'
        ➜ Explicit dependency on target 'Firebase_FirebaseRemoteConfig' in project 'Firebase'
        ➜ Explicit dependency on target 'Firebase' in project 'Firebase'
        ➜ Explicit dependency on target 'FirebaseCoreInternal' in project 'Firebase'
        ➜ Explicit dependency on target 'FirebaseCore' in project 'Firebase'
        ➜ Explicit dependency on target 'FirebaseABTesting' in project 'Firebase'
        ➜ Explicit dependency on target 'FirebaseInstallations' in project 'Firebase'
        ➜ Explicit dependency on target 'FirebaseRemoteConfigInterop' in project 'Firebase'
        ➜ Explicit dependency on target 'FirebaseRemoteConfigInternal' in project 'Firebase'
        ➜ Explicit dependency on target 'FirebaseSharedSwift' in project 'Firebase'
        ➜ Explicit dependency on target 'GULNSData' in project 'GoogleUtilities'
        ➜ Explicit dependency on target 'GULEnvironment' in project 'GoogleUtilities'
        ➜ Explicit dependency on target 'GULLogger' in project 'GoogleUtilities'
        ➜ Explicit dependency on target 'FBLPromises' in project 'Promises'
        ➜ Explicit dependency on target 'GULUserDefaults' in project 'GoogleUtilities'
    Target 'FirebaseSharedSwift' in project 'Firebase' (no dependencies)
    Target 'FirebaseRemoteConfigInternal' in project 'Firebase'
        ➜ Explicit dependency on target 'Firebase' in project 'Firebase'
        ➜ Explicit dependency on target 'FirebaseCoreInternal' in project 'Firebase'
        ➜ Explicit dependency on target 'FirebaseCore' in project 'Firebase'
        ➜ Explicit dependency on target 'FirebaseABTesting' in project 'Firebase'
        ➜ Explicit dependency on target 'FirebaseInstallations' in project 'Firebase'
        ➜ Explicit dependency on target 'FirebaseRemoteConfigInterop' in project 'Firebase'
        ➜ Explicit dependency on target 'GULNSData' in project 'GoogleUtilities'
        ➜ Explicit dependency on target 'GULEnvironment' in project 'GoogleUtilities'
        ➜ Explicit dependency on target 'GULLogger' in project 'GoogleUtilities'
        ➜ Explicit dependency on target 'FBLPromises' in project 'Promises'
        ➜ Explicit dependency on target 'GULUserDefaults' in project 'GoogleUtilities'
    Target 'FirebaseABTesting' in project 'Firebase'
        ➜ Explicit dependency on target 'Firebase_FirebaseABTesting' in project 'Firebase'
        ➜ Explicit dependency on target 'Firebase' in project 'Firebase'
        ➜ Explicit dependency on target 'FirebaseCoreInternal' in project 'Firebase'
        ➜ Explicit dependency on target 'FirebaseCore' in project 'Firebase'
        ➜ Explicit dependency on target 'GULNSData' in project 'GoogleUtilities'
        ➜ Explicit dependency on target 'GULEnvironment' in project 'GoogleUtilities'
        ➜ Explicit dependency on target 'GULLogger' in project 'GoogleUtilities'
    Target 'Firebase_FirebaseABTesting' in project 'Firebase' (no dependencies)
    Target 'Firebase_FirebaseRemoteConfig' in project 'Firebase' (no dependencies)
    Target 'FirebaseCrashlytics' in project 'Firebase'
        ➜ Explicit dependency on target 'FirebaseCrashlytics' in project 'Firebase'
        ➜ Explicit dependency on target 'Firebase_FirebaseCrashlytics' in project 'Firebase'
        ➜ Explicit dependency on target 'Firebase' in project 'Firebase'
        ➜ Explicit dependency on target 'FirebaseCoreInternal' in project 'Firebase'
        ➜ Explicit dependency on target 'FirebaseCore' in project 'Firebase'
        ➜ Explicit dependency on target 'FirebaseInstallations' in project 'Firebase'
        ➜ Explicit dependency on target 'FirebaseCoreExtension' in project 'Firebase'
        ➜ Explicit dependency on target 'FirebaseSessionsObjC' in project 'Firebase'
        ➜ Explicit dependency on target 'FirebaseSessions' in project 'Firebase'
        ➜ Explicit dependency on target 'FirebaseRemoteConfigInterop' in project 'Firebase'
        ➜ Explicit dependency on target 'FirebaseCrashlyticsSwift' in project 'Firebase'
        ➜ Explicit dependency on target 'GULNSData' in project 'GoogleUtilities'
        ➜ Explicit dependency on target 'GULEnvironment' in project 'GoogleUtilities'
        ➜ Explicit dependency on target 'GULLogger' in project 'GoogleUtilities'
        ➜ Explicit dependency on target 'FBLPromises' in project 'Promises'
        ➜ Explicit dependency on target 'GULUserDefaults' in project 'GoogleUtilities'
        ➜ Explicit dependency on target 'nanopb' in project 'nanopb'
        ➜ Explicit dependency on target 'Promises' in project 'Promises'
        ➜ Explicit dependency on target 'GoogleDataTransport' in project 'GoogleDataTransport'
    Target 'FirebaseCrashlytics' in project 'Firebase'
        ➜ Explicit dependency on target 'Firebase_FirebaseCrashlytics' in project 'Firebase'
        ➜ Explicit dependency on target 'Firebase' in project 'Firebase'
        ➜ Explicit dependency on target 'FirebaseCoreInternal' in project 'Firebase'
        ➜ Explicit dependency on target 'FirebaseCore' in project 'Firebase'
        ➜ Explicit dependency on target 'FirebaseInstallations' in project 'Firebase'
        ➜ Explicit dependency on target 'FirebaseCoreExtension' in project 'Firebase'
        ➜ Explicit dependency on target 'FirebaseSessionsObjC' in project 'Firebase'
        ➜ Explicit dependency on target 'FirebaseSessions' in project 'Firebase'
        ➜ Explicit dependency on target 'FirebaseRemoteConfigInterop' in project 'Firebase'
        ➜ Explicit dependency on target 'FirebaseCrashlyticsSwift' in project 'Firebase'
        ➜ Explicit dependency on target 'GULNSData' in project 'GoogleUtilities'
        ➜ Explicit dependency on target 'GULEnvironment' in project 'GoogleUtilities'
        ➜ Explicit dependency on target 'GULLogger' in project 'GoogleUtilities'
        ➜ Explicit dependency on target 'FBLPromises' in project 'Promises'
        ➜ Explicit dependency on target 'GULUserDefaults' in project 'GoogleUtilities'
        ➜ Explicit dependency on target 'nanopb' in project 'nanopb'
        ➜ Explicit dependency on target 'Promises' in project 'Promises'
        ➜ Explicit dependency on target 'GoogleDataTransport' in project 'GoogleDataTransport'
    Target 'FirebaseCrashlyticsSwift' in project 'Firebase'
        ➜ Explicit dependency on target 'Firebase_FirebaseCrashlyticsSwift' in project 'Firebase'
        ➜ Explicit dependency on target 'FirebaseRemoteConfigInterop' in project 'Firebase'
    Target 'Firebase_FirebaseCrashlyticsSwift' in project 'Firebase' (no dependencies)
    Target 'FirebaseRemoteConfigInterop' in project 'Firebase' (no dependencies)
    Target 'FirebaseSessions' in project 'Firebase'
        ➜ Explicit dependency on target 'Firebase' in project 'Firebase'
        ➜ Explicit dependency on target 'FirebaseCoreInternal' in project 'Firebase'
        ➜ Explicit dependency on target 'FirebaseCore' in project 'Firebase'
        ➜ Explicit dependency on target 'FirebaseInstallations' in project 'Firebase'
        ➜ Explicit dependency on target 'FirebaseCoreExtension' in project 'Firebase'
        ➜ Explicit dependency on target 'FirebaseSessionsObjC' in project 'Firebase'
        ➜ Explicit dependency on target 'GULNSData' in project 'GoogleUtilities'
        ➜ Explicit dependency on target 'GULEnvironment' in project 'GoogleUtilities'
        ➜ Explicit dependency on target 'GULLogger' in project 'GoogleUtilities'
        ➜ Explicit dependency on target 'FBLPromises' in project 'Promises'
        ➜ Explicit dependency on target 'GULUserDefaults' in project 'GoogleUtilities'
        ➜ Explicit dependency on target 'nanopb' in project 'nanopb'
        ➜ Explicit dependency on target 'Promises' in project 'Promises'
        ➜ Explicit dependency on target 'GoogleDataTransport' in project 'GoogleDataTransport'
    Target 'Promises' in project 'Promises'
        ➜ Explicit dependency on target 'Promises' in project 'Promises'
        ➜ Explicit dependency on target 'Promises_Promises' in project 'Promises'
        ➜ Explicit dependency on target 'FBLPromises' in project 'Promises'
    Target 'Promises' in project 'Promises'
        ➜ Explicit dependency on target 'Promises_Promises' in project 'Promises'
        ➜ Explicit dependency on target 'FBLPromises' in project 'Promises'
    Target 'Promises_Promises' in project 'Promises' (no dependencies)
    Target 'FirebaseSessionsObjC' in project 'Firebase'
        ➜ Explicit dependency on target 'Firebase' in project 'Firebase'
        ➜ Explicit dependency on target 'FirebaseCoreInternal' in project 'Firebase'
        ➜ Explicit dependency on target 'FirebaseCore' in project 'Firebase'
        ➜ Explicit dependency on target 'FirebaseCoreExtension' in project 'Firebase'
        ➜ Explicit dependency on target 'GULNSData' in project 'GoogleUtilities'
        ➜ Explicit dependency on target 'GULEnvironment' in project 'GoogleUtilities'
        ➜ Explicit dependency on target 'GULLogger' in project 'GoogleUtilities'
        ➜ Explicit dependency on target 'nanopb' in project 'nanopb'
    Target 'FirebaseCoreExtension' in project 'Firebase'
        ➜ Explicit dependency on target 'Firebase_FirebaseCoreExtension' in project 'Firebase'
    Target 'Firebase_FirebaseCoreExtension' in project 'Firebase' (no dependencies)
    Target 'Firebase_FirebaseCrashlytics' in project 'Firebase' (no dependencies)
    Target 'MLXLMCommon' in project 'mlx-swift-lm'
        ➜ Explicit dependency on target 'MLXLMCommon' in project 'mlx-swift-lm'
        ➜ Explicit dependency on target 'MLX' in project 'mlx-swift'
        ➜ Explicit dependency on target 'MLXNN' in project 'mlx-swift'
        ➜ Explicit dependency on target 'MLXOptimizers' in project 'mlx-swift'
        ➜ Explicit dependency on target 'Transformers' in project 'swift-transformers'
    Target 'MLXLMCommon' in project 'mlx-swift-lm'
        ➜ Explicit dependency on target 'MLX' in project 'mlx-swift'
        ➜ Explicit dependency on target 'MLXNN' in project 'mlx-swift'
        ➜ Explicit dependency on target 'MLXOptimizers' in project 'mlx-swift'
        ➜ Explicit dependency on target 'Transformers' in project 'swift-transformers'
    Target 'Transformers' in project 'swift-transformers'
        ➜ Explicit dependency on target 'Tokenizers' in project 'swift-transformers'
        ➜ Explicit dependency on target 'Generation' in project 'swift-transformers'
        ➜ Explicit dependency on target 'Models' in project 'swift-transformers'
        ➜ Explicit dependency on target 'Hub' in project 'swift-transformers'
        ➜ Explicit dependency on target 'Jinja' in project 'Jinja'
        ➜ Explicit dependency on target 'OrderedCollections' in project 'swift-collections'
    Target 'Models' in project 'swift-transformers'
        ➜ Explicit dependency on target 'Hub' in project 'swift-transformers'
        ➜ Explicit dependency on target 'Tokenizers' in project 'swift-transformers'
        ➜ Explicit dependency on target 'Generation' in project 'swift-transformers'
        ➜ Explicit dependency on target 'Jinja' in project 'Jinja'
        ➜ Explicit dependency on target 'OrderedCollections' in project 'swift-collections'
    Target 'Generation' in project 'swift-transformers'
        ➜ Explicit dependency on target 'Hub' in project 'swift-transformers'
        ➜ Explicit dependency on target 'Tokenizers' in project 'swift-transformers'
        ➜ Explicit dependency on target 'Jinja' in project 'Jinja'
        ➜ Explicit dependency on target 'OrderedCollections' in project 'swift-collections'
    Target 'Tokenizers' in project 'swift-transformers'
        ➜ Explicit dependency on target 'Hub' in project 'swift-transformers'
        ➜ Explicit dependency on target 'Jinja' in project 'Jinja'
        ➜ Explicit dependency on target 'OrderedCollections' in project 'swift-collections'
    Target 'Hub' in project 'swift-transformers'
        ➜ Explicit dependency on target 'swift-transformers_Hub' in project 'swift-transformers'
        ➜ Explicit dependency on target 'Jinja' in project 'Jinja'
        ➜ Explicit dependency on target 'OrderedCollections' in project 'swift-collections'
    Target 'Jinja' in project 'Jinja'
        ➜ Explicit dependency on target 'Jinja' in project 'Jinja'
        ➜ Explicit dependency on target 'OrderedCollections' in project 'swift-collections'
    Target 'Jinja' in project 'Jinja'
        ➜ Explicit dependency on target 'OrderedCollections' in project 'swift-collections'
    Target 'OrderedCollections' in project 'swift-collections'
        ➜ Explicit dependency on target 'OrderedCollections' in project 'swift-collections'
        ➜ Explicit dependency on target 'InternalCollectionsUtilities' in project 'swift-collections'
    Target 'OrderedCollections' in project 'swift-collections'
        ➜ Explicit dependency on target 'InternalCollectionsUtilities' in project 'swift-collections'
    Target 'InternalCollectionsUtilities' in project 'swift-collections' (no dependencies)
    Target 'swift-transformers_Hub' in project 'swift-transformers' (no dependencies)
    Target 'MLXOptimizers' in project 'mlx-swift'
        ➜ Explicit dependency on target 'MLXOptimizers' in project 'mlx-swift'
        ➜ Explicit dependency on target 'Cmlx' in project 'mlx-swift'
        ➜ Explicit dependency on target 'MLX' in project 'mlx-swift'
        ➜ Explicit dependency on target 'MLXNN' in project 'mlx-swift'
        ➜ Explicit dependency on target 'Numerics' in project 'swift-numerics'
    Target 'MLXOptimizers' in project 'mlx-swift'
        ➜ Explicit dependency on target 'Cmlx' in project 'mlx-swift'
        ➜ Explicit dependency on target 'MLX' in project 'mlx-swift'
        ➜ Explicit dependency on target 'MLXNN' in project 'mlx-swift'
        ➜ Explicit dependency on target 'Numerics' in project 'swift-numerics'
    Target 'MLXNN' in project 'mlx-swift'
        ➜ Explicit dependency on target 'MLXNN' in project 'mlx-swift'
        ➜ Explicit dependency on target 'Cmlx' in project 'mlx-swift'
        ➜ Explicit dependency on target 'MLX' in project 'mlx-swift'
        ➜ Explicit dependency on target 'Numerics' in project 'swift-numerics'
    Target 'MLXNN' in project 'mlx-swift'
        ➜ Explicit dependency on target 'Cmlx' in project 'mlx-swift'
        ➜ Explicit dependency on target 'MLX' in project 'mlx-swift'
        ➜ Explicit dependency on target 'Numerics' in project 'swift-numerics'
    Target 'MLX' in project 'mlx-swift'
        ➜ Explicit dependency on target 'MLX' in project 'mlx-swift'
        ➜ Explicit dependency on target 'Cmlx' in project 'mlx-swift'
        ➜ Explicit dependency on target 'Numerics' in project 'swift-numerics'
    Target 'MLX' in project 'mlx-swift'
        ➜ Explicit dependency on target 'Cmlx' in project 'mlx-swift'
        ➜ Explicit dependency on target 'Numerics' in project 'swift-numerics'
    Target 'Numerics' in project 'swift-numerics'
        ➜ Explicit dependency on target 'Numerics' in project 'swift-numerics'
        ➜ Explicit dependency on target '_NumericsShims' in project 'swift-numerics'
        ➜ Explicit dependency on target 'RealModule' in project 'swift-numerics'
        ➜ Explicit dependency on target 'ComplexModule' in project 'swift-numerics'
    Target 'Numerics' in project 'swift-numerics'
        ➜ Explicit dependency on target '_NumericsShims' in project 'swift-numerics'
        ➜ Explicit dependency on target 'RealModule' in project 'swift-numerics'
        ➜ Explicit dependency on target 'ComplexModule' in project 'swift-numerics'
    Target 'ComplexModule' in project 'swift-numerics'
        ➜ Explicit dependency on target '_NumericsShims' in project 'swift-numerics'
        ➜ Explicit dependency on target 'RealModule' in project 'swift-numerics'
    Target 'RealModule' in project 'swift-numerics'
        ➜ Explicit dependency on target '_NumericsShims' in project 'swift-numerics'
    Target '_NumericsShims' in project 'swift-numerics' (no dependencies)
    Target 'Cmlx' in project 'mlx-swift'
        ➜ Explicit dependency on target 'mlx-swift_Cmlx' in project 'mlx-swift'
    Target 'mlx-swift_Cmlx' in project 'mlx-swift' (no dependencies)
    Target 'FirebaseMessaging' in project 'Firebase'
        ➜ Explicit dependency on target 'FirebaseMessaging' in project 'Firebase'
        ➜ Explicit dependency on target 'Firebase_FirebaseMessaging' in project 'Firebase'
        ➜ Explicit dependency on target 'Firebase' in project 'Firebase'
        ➜ Explicit dependency on target 'FirebaseCoreInternal' in project 'Firebase'
        ➜ Explicit dependency on target 'FirebaseCore' in project 'Firebase'
        ➜ Explicit dependency on target 'FirebaseInstallations' in project 'Firebase'
        ➜ Explicit dependency on target 'GULNSData' in project 'GoogleUtilities'
        ➜ Explicit dependency on target 'GULEnvironment' in project 'GoogleUtilities'
        ➜ Explicit dependency on target 'GULLogger' in project 'GoogleUtilities'
        ➜ Explicit dependency on target 'FBLPromises' in project 'Promises'
        ➜ Explicit dependency on target 'GULUserDefaults' in project 'GoogleUtilities'
        ➜ Explicit dependency on target 'GULAppDelegateSwizzler' in project 'GoogleUtilities'
        ➜ Explicit dependency on target 'GULReachability' in project 'GoogleUtilities'
        ➜ Explicit dependency on target 'GoogleDataTransport' in project 'GoogleDataTransport'
        ➜ Explicit dependency on target 'nanopb' in project 'nanopb'
    Target 'FirebaseMessaging' in project 'Firebase'
        ➜ Explicit dependency on target 'Firebase_FirebaseMessaging' in project 'Firebase'
        ➜ Explicit dependency on target 'Firebase' in project 'Firebase'
        ➜ Explicit dependency on target 'FirebaseCoreInternal' in project 'Firebase'
        ➜ Explicit dependency on target 'FirebaseCore' in project 'Firebase'
        ➜ Explicit dependency on target 'FirebaseInstallations' in project 'Firebase'
        ➜ Explicit dependency on target 'GULNSData' in project 'GoogleUtilities'
        ➜ Explicit dependency on target 'GULEnvironment' in project 'GoogleUtilities'
        ➜ Explicit dependency on target 'GULLogger' in project 'GoogleUtilities'
        ➜ Explicit dependency on target 'FBLPromises' in project 'Promises'
        ➜ Explicit dependency on target 'GULUserDefaults' in project 'GoogleUtilities'
        ➜ Explicit dependency on target 'GULAppDelegateSwizzler' in project 'GoogleUtilities'
        ➜ Explicit dependency on target 'GULReachability' in project 'GoogleUtilities'
        ➜ Explicit dependency on target 'GoogleDataTransport' in project 'GoogleDataTransport'
        ➜ Explicit dependency on target 'nanopb' in project 'nanopb'
    Target 'GoogleDataTransport' in project 'GoogleDataTransport'
        ➜ Explicit dependency on target 'GoogleDataTransport' in project 'GoogleDataTransport'
        ➜ Explicit dependency on target 'GoogleDataTransport_GoogleDataTransport' in project 'GoogleDataTransport'
        ➜ Explicit dependency on target 'nanopb' in project 'nanopb'
        ➜ Explicit dependency on target 'FBLPromises' in project 'Promises'
    Target 'GoogleDataTransport' in project 'GoogleDataTransport'
        ➜ Explicit dependency on target 'GoogleDataTransport_GoogleDataTransport' in project 'GoogleDataTransport'
        ➜ Explicit dependency on target 'nanopb' in project 'nanopb'
        ➜ Explicit dependency on target 'FBLPromises' in project 'Promises'
    Target 'GoogleDataTransport_GoogleDataTransport' in project 'GoogleDataTransport' (no dependencies)
    Target 'GULReachability' in project 'GoogleUtilities'
        ➜ Explicit dependency on target 'GoogleUtilities-Reachability' in project 'GoogleUtilities'
        ➜ Explicit dependency on target 'GoogleUtilities_GoogleUtilities-Reachability' in project 'GoogleUtilities'
        ➜ Explicit dependency on target 'third-party-IsAppEncrypted' in project 'GoogleUtilities'
        ➜ Explicit dependency on target 'GoogleUtilities-Environment' in project 'GoogleUtilities'
        ➜ Explicit dependency on target 'GoogleUtilities-Logger' in project 'GoogleUtilities'
    Target 'Firebase_FirebaseMessaging' in project 'Firebase' (no dependencies)
    Target 'FirebaseAnalyticsIdentitySupport' in project 'Firebase'
        ➜ Explicit dependency on target 'FirebaseAnalyticsIdentitySupportTarget' in project 'Firebase'
        ➜ Explicit dependency on target 'Firebase' in project 'Firebase'
        ➜ Explicit dependency on target 'FirebaseCoreInternal' in project 'Firebase'
        ➜ Explicit dependency on target 'FirebaseCore' in project 'Firebase'
        ➜ Explicit dependency on target 'FirebaseInstallations' in project 'Firebase'
        ➜ Explicit dependency on target 'GULNSData' in project 'GoogleUtilities'
        ➜ Explicit dependency on target 'GULEnvironment' in project 'GoogleUtilities'
        ➜ Explicit dependency on target 'GULLogger' in project 'GoogleUtilities'
        ➜ Explicit dependency on target 'FBLPromises' in project 'Promises'
        ➜ Explicit dependency on target 'GULUserDefaults' in project 'GoogleUtilities'
        ➜ Explicit dependency on target 'GoogleAppMeasurementIdentitySupport' in project 'GoogleAppMeasurement'
        ➜ Explicit dependency on target 'GULAppDelegateSwizzler' in project 'GoogleUtilities'
        ➜ Explicit dependency on target 'GULMethodSwizzler' in project 'GoogleUtilities'
        ➜ Explicit dependency on target 'GULNetwork' in project 'GoogleUtilities'
        ➜ Explicit dependency on target 'nanopb' in project 'nanopb'
    Target 'FirebaseAnalyticsIdentitySupportTarget' in project 'Firebase'
        ➜ Explicit dependency on target 'Firebase' in project 'Firebase'
        ➜ Explicit dependency on target 'FirebaseCoreInternal' in project 'Firebase'
        ➜ Explicit dependency on target 'FirebaseCore' in project 'Firebase'
        ➜ Explicit dependency on target 'FirebaseInstallations' in project 'Firebase'
        ➜ Explicit dependency on target 'GULNSData' in project 'GoogleUtilities'
        ➜ Explicit dependency on target 'GULEnvironment' in project 'GoogleUtilities'
        ➜ Explicit dependency on target 'GULLogger' in project 'GoogleUtilities'
        ➜ Explicit dependency on target 'FBLPromises' in project 'Promises'
        ➜ Explicit dependency on target 'GULUserDefaults' in project 'GoogleUtilities'
        ➜ Explicit dependency on target 'GoogleAppMeasurementIdentitySupport' in project 'GoogleAppMeasurement'
        ➜ Explicit dependency on target 'GULAppDelegateSwizzler' in project 'GoogleUtilities'
        ➜ Explicit dependency on target 'GULMethodSwizzler' in project 'GoogleUtilities'
        ➜ Explicit dependency on target 'GULNetwork' in project 'GoogleUtilities'
        ➜ Explicit dependency on target 'nanopb' in project 'nanopb'
    Target 'GoogleAppMeasurementIdentitySupport' in project 'GoogleAppMeasurement'
        ➜ Explicit dependency on target 'GoogleAppMeasurementIdentitySupportTarget' in project 'GoogleAppMeasurement'
        ➜ Explicit dependency on target 'GULAppDelegateSwizzler' in project 'GoogleUtilities'
        ➜ Explicit dependency on target 'GULMethodSwizzler' in project 'GoogleUtilities'
        ➜ Explicit dependency on target 'GULNSData' in project 'GoogleUtilities'
        ➜ Explicit dependency on target 'GULNetwork' in project 'GoogleUtilities'
        ➜ Explicit dependency on target 'GULLogger' in project 'GoogleUtilities'
        ➜ Explicit dependency on target 'GULEnvironment' in project 'GoogleUtilities'
        ➜ Explicit dependency on target 'nanopb' in project 'nanopb'
    Target 'GoogleAppMeasurementIdentitySupportTarget' in project 'GoogleAppMeasurement'
        ➜ Explicit dependency on target 'GULAppDelegateSwizzler' in project 'GoogleUtilities'
        ➜ Explicit dependency on target 'GULMethodSwizzler' in project 'GoogleUtilities'
        ➜ Explicit dependency on target 'GULNSData' in project 'GoogleUtilities'
        ➜ Explicit dependency on target 'GULNetwork' in project 'GoogleUtilities'
        ➜ Explicit dependency on target 'GULLogger' in project 'GoogleUtilities'
        ➜ Explicit dependency on target 'GULEnvironment' in project 'GoogleUtilities'
        ➜ Explicit dependency on target 'nanopb' in project 'nanopb'
    Target 'FirebaseAnalytics' in project 'Firebase'
        ➜ Explicit dependency on target 'FirebaseAnalyticsTarget' in project 'Firebase'
        ➜ Explicit dependency on target 'Firebase' in project 'Firebase'
        ➜ Explicit dependency on target 'FirebaseCoreInternal' in project 'Firebase'
        ➜ Explicit dependency on target 'FirebaseCore' in project 'Firebase'
        ➜ Explicit dependency on target 'FirebaseInstallations' in project 'Firebase'
        ➜ Explicit dependency on target 'FirebaseAnalyticsWrapper' in project 'Firebase'
        ➜ Explicit dependency on target 'GULNSData' in project 'GoogleUtilities'
        ➜ Explicit dependency on target 'GULEnvironment' in project 'GoogleUtilities'
        ➜ Explicit dependency on target 'GULLogger' in project 'GoogleUtilities'
        ➜ Explicit dependency on target 'FBLPromises' in project 'Promises'
        ➜ Explicit dependency on target 'GULUserDefaults' in project 'GoogleUtilities'
        ➜ Explicit dependency on target 'GoogleAppMeasurement' in project 'GoogleAppMeasurement'
        ➜ Explicit dependency on target 'GULAppDelegateSwizzler' in project 'GoogleUtilities'
        ➜ Explicit dependency on target 'GULMethodSwizzler' in project 'GoogleUtilities'
        ➜ Explicit dependency on target 'GULNetwork' in project 'GoogleUtilities'
        ➜ Explicit dependency on target 'nanopb' in project 'nanopb'
    Target 'FirebaseAnalyticsTarget' in project 'Firebase'
        ➜ Explicit dependency on target 'Firebase' in project 'Firebase'
        ➜ Explicit dependency on target 'FirebaseCoreInternal' in project 'Firebase'
        ➜ Explicit dependency on target 'FirebaseCore' in project 'Firebase'
        ➜ Explicit dependency on target 'FirebaseInstallations' in project 'Firebase'
        ➜ Explicit dependency on target 'FirebaseAnalyticsWrapper' in project 'Firebase'
        ➜ Explicit dependency on target 'GULNSData' in project 'GoogleUtilities'
        ➜ Explicit dependency on target 'GULEnvironment' in project 'GoogleUtilities'
        ➜ Explicit dependency on target 'GULLogger' in project 'GoogleUtilities'
        ➜ Explicit dependency on target 'FBLPromises' in project 'Promises'
        ➜ Explicit dependency on target 'GULUserDefaults' in project 'GoogleUtilities'
        ➜ Explicit dependency on target 'GoogleAppMeasurement' in project 'GoogleAppMeasurement'
        ➜ Explicit dependency on target 'GULAppDelegateSwizzler' in project 'GoogleUtilities'
        ➜ Explicit dependency on target 'GULMethodSwizzler' in project 'GoogleUtilities'
        ➜ Explicit dependency on target 'GULNetwork' in project 'GoogleUtilities'
        ➜ Explicit dependency on target 'nanopb' in project 'nanopb'
    Target 'FirebaseAnalyticsWrapper' in project 'Firebase'
        ➜ Explicit dependency on target 'Firebase' in project 'Firebase'
        ➜ Explicit dependency on target 'FirebaseCoreInternal' in project 'Firebase'
        ➜ Explicit dependency on target 'FirebaseCore' in project 'Firebase'
        ➜ Explicit dependency on target 'FirebaseInstallations' in project 'Firebase'
        ➜ Explicit dependency on target 'GULNSData' in project 'GoogleUtilities'
        ➜ Explicit dependency on target 'GULEnvironment' in project 'GoogleUtilities'
        ➜ Explicit dependency on target 'GULLogger' in project 'GoogleUtilities'
        ➜ Explicit dependency on target 'FBLPromises' in project 'Promises'
        ➜ Explicit dependency on target 'GULUserDefaults' in project 'GoogleUtilities'
        ➜ Explicit dependency on target 'GoogleAppMeasurement' in project 'GoogleAppMeasurement'
        ➜ Explicit dependency on target 'GULAppDelegateSwizzler' in project 'GoogleUtilities'
        ➜ Explicit dependency on target 'GULMethodSwizzler' in project 'GoogleUtilities'
        ➜ Explicit dependency on target 'GULNetwork' in project 'GoogleUtilities'
        ➜ Explicit dependency on target 'nanopb' in project 'nanopb'
    Target 'GoogleAppMeasurement' in project 'GoogleAppMeasurement'
        ➜ Explicit dependency on target 'GoogleAppMeasurementTarget' in project 'GoogleAppMeasurement'
        ➜ Explicit dependency on target 'GULAppDelegateSwizzler' in project 'GoogleUtilities'
        ➜ Explicit dependency on target 'GULMethodSwizzler' in project 'GoogleUtilities'
        ➜ Explicit dependency on target 'GULNSData' in project 'GoogleUtilities'
        ➜ Explicit dependency on target 'GULNetwork' in project 'GoogleUtilities'
        ➜ Explicit dependency on target 'GULLogger' in project 'GoogleUtilities'
        ➜ Explicit dependency on target 'GULEnvironment' in project 'GoogleUtilities'
        ➜ Explicit dependency on target 'nanopb' in project 'nanopb'
        ➜ Explicit dependency on target 'GoogleAdsOnDeviceConversion' in project 'GoogleAdsOnDeviceConversion'
    Target 'GoogleAppMeasurementTarget' in project 'GoogleAppMeasurement'
        ➜ Explicit dependency on target 'GULAppDelegateSwizzler' in project 'GoogleUtilities'
        ➜ Explicit dependency on target 'GULMethodSwizzler' in project 'GoogleUtilities'
        ➜ Explicit dependency on target 'GULNSData' in project 'GoogleUtilities'
        ➜ Explicit dependency on target 'GULNetwork' in project 'GoogleUtilities'
        ➜ Explicit dependency on target 'GULLogger' in project 'GoogleUtilities'
        ➜ Explicit dependency on target 'GULEnvironment' in project 'GoogleUtilities'
        ➜ Explicit dependency on target 'nanopb' in project 'nanopb'
        ➜ Explicit dependency on target 'GoogleAdsOnDeviceConversion' in project 'GoogleAdsOnDeviceConversion'
    Target 'GoogleAdsOnDeviceConversion' in project 'GoogleAdsOnDeviceConversion'
        ➜ Explicit dependency on target 'GoogleAdsOnDeviceConversionTarget' in project 'GoogleAdsOnDeviceConversion'
        ➜ Explicit dependency on target 'GULEnvironment' in project 'GoogleUtilities'
        ➜ Explicit dependency on target 'GULLogger' in project 'GoogleUtilities'
        ➜ Explicit dependency on target 'GULNetwork' in project 'GoogleUtilities'
        ➜ Explicit dependency on target 'nanopb' in project 'nanopb'
    Target 'GoogleAdsOnDeviceConversionTarget' in project 'GoogleAdsOnDeviceConversion'
        ➜ Explicit dependency on target 'GULEnvironment' in project 'GoogleUtilities'
        ➜ Explicit dependency on target 'GULLogger' in project 'GoogleUtilities'
        ➜ Explicit dependency on target 'GULNetwork' in project 'GoogleUtilities'
        ➜ Explicit dependency on target 'nanopb' in project 'nanopb'
    Target 'nanopb' in project 'nanopb'
        ➜ Explicit dependency on target 'nanopb' in project 'nanopb'
        ➜ Explicit dependency on target 'nanopb_nanopb' in project 'nanopb'
    Target 'nanopb' in project 'nanopb'
        ➜ Explicit dependency on target 'nanopb_nanopb' in project 'nanopb'
    Target 'nanopb_nanopb' in project 'nanopb' (no dependencies)
    Target 'GULNetwork' in project 'GoogleUtilities'
        ➜ Explicit dependency on target 'GoogleUtilities-Network' in project 'GoogleUtilities'
        ➜ Explicit dependency on target 'GoogleUtilities_GoogleUtilities-Network' in project 'GoogleUtilities'
        ➜ Explicit dependency on target 'third-party-IsAppEncrypted' in project 'GoogleUtilities'
        ➜ Explicit dependency on target 'GoogleUtilities-Environment' in project 'GoogleUtilities'
        ➜ Explicit dependency on target 'GoogleUtilities-Logger' in project 'GoogleUtilities'
        ➜ Explicit dependency on target 'GoogleUtilities-NSData' in project 'GoogleUtilities'
        ➜ Explicit dependency on target 'GoogleUtilities-Reachability' in project 'GoogleUtilities'
    Target 'GULMethodSwizzler' in project 'GoogleUtilities'
        ➜ Explicit dependency on target 'GoogleUtilities-MethodSwizzler' in project 'GoogleUtilities'
        ➜ Explicit dependency on target 'GoogleUtilities_GoogleUtilities-MethodSwizzler' in project 'GoogleUtilities'
        ➜ Explicit dependency on target 'third-party-IsAppEncrypted' in project 'GoogleUtilities'
        ➜ Explicit dependency on target 'GoogleUtilities-Environment' in project 'GoogleUtilities'
        ➜ Explicit dependency on target 'GoogleUtilities-Logger' in project 'GoogleUtilities'
    Target 'GoogleUtilities-MethodSwizzler' in project 'GoogleUtilities'
        ➜ Explicit dependency on target 'GoogleUtilities_GoogleUtilities-MethodSwizzler' in project 'GoogleUtilities'
        ➜ Explicit dependency on target 'third-party-IsAppEncrypted' in project 'GoogleUtilities'
        ➜ Explicit dependency on target 'GoogleUtilities-Environment' in project 'GoogleUtilities'
        ➜ Explicit dependency on target 'GoogleUtilities-Logger' in project 'GoogleUtilities'
    Target 'GoogleUtilities_GoogleUtilities-MethodSwizzler' in project 'GoogleUtilities' (no dependencies)
    Target 'GULAppDelegateSwizzler' in project 'GoogleUtilities'
        ➜ Explicit dependency on target 'GoogleUtilities-AppDelegateSwizzler' in project 'GoogleUtilities'
        ➜ Explicit dependency on target 'GoogleUtilities_GoogleUtilities-AppDelegateSwizzler' in project 'GoogleUtilities'
        ➜ Explicit dependency on target 'third-party-IsAppEncrypted' in project 'GoogleUtilities'
        ➜ Explicit dependency on target 'GoogleUtilities-Environment' in project 'GoogleUtilities'
        ➜ Explicit dependency on target 'GoogleUtilities-Logger' in project 'GoogleUtilities'
        ➜ Explicit dependency on target 'GoogleUtilities-NSData' in project 'GoogleUtilities'
        ➜ Explicit dependency on target 'GoogleUtilities-Reachability' in project 'GoogleUtilities'
        ➜ Explicit dependency on target 'GoogleUtilities-Network' in project 'GoogleUtilities'
    Target 'GoogleUtilities-AppDelegateSwizzler' in project 'GoogleUtilities'
        ➜ Explicit dependency on target 'GoogleUtilities_GoogleUtilities-AppDelegateSwizzler' in project 'GoogleUtilities'
        ➜ Explicit dependency on target 'third-party-IsAppEncrypted' in project 'GoogleUtilities'
        ➜ Explicit dependency on target 'GoogleUtilities-Environment' in project 'GoogleUtilities'
        ➜ Explicit dependency on target 'GoogleUtilities-Logger' in project 'GoogleUtilities'
        ➜ Explicit dependency on target 'GoogleUtilities-NSData' in project 'GoogleUtilities'
        ➜ Explicit dependency on target 'GoogleUtilities-Reachability' in project 'GoogleUtilities'
        ➜ Explicit dependency on target 'GoogleUtilities-Network' in project 'GoogleUtilities'
    Target 'GoogleUtilities-Network' in project 'GoogleUtilities'
        ➜ Explicit dependency on target 'GoogleUtilities_GoogleUtilities-Network' in project 'GoogleUtilities'
        ➜ Explicit dependency on target 'third-party-IsAppEncrypted' in project 'GoogleUtilities'
        ➜ Explicit dependency on target 'GoogleUtilities-Environment' in project 'GoogleUtilities'
        ➜ Explicit dependency on target 'GoogleUtilities-Logger' in project 'GoogleUtilities'
        ➜ Explicit dependency on target 'GoogleUtilities-NSData' in project 'GoogleUtilities'
        ➜ Explicit dependency on target 'GoogleUtilities-Reachability' in project 'GoogleUtilities'
    Target 'GoogleUtilities_GoogleUtilities-Network' in project 'GoogleUtilities' (no dependencies)
    Target 'GoogleUtilities-Reachability' in project 'GoogleUtilities'
        ➜ Explicit dependency on target 'GoogleUtilities_GoogleUtilities-Reachability' in project 'GoogleUtilities'
        ➜ Explicit dependency on target 'third-party-IsAppEncrypted' in project 'GoogleUtilities'
        ➜ Explicit dependency on target 'GoogleUtilities-Environment' in project 'GoogleUtilities'
        ➜ Explicit dependency on target 'GoogleUtilities-Logger' in project 'GoogleUtilities'
    Target 'GoogleUtilities_GoogleUtilities-Reachability' in project 'GoogleUtilities' (no dependencies)
    Target 'GoogleUtilities_GoogleUtilities-AppDelegateSwizzler' in project 'GoogleUtilities' (no dependencies)
    Target 'FirebaseInstallations' in project 'Firebase'
        ➜ Explicit dependency on target 'Firebase_FirebaseInstallations' in project 'Firebase'
        ➜ Explicit dependency on target 'Firebase' in project 'Firebase'
        ➜ Explicit dependency on target 'FirebaseCoreInternal' in project 'Firebase'
        ➜ Explicit dependency on target 'FirebaseCore' in project 'Firebase'
        ➜ Explicit dependency on target 'GULNSData' in project 'GoogleUtilities'
        ➜ Explicit dependency on target 'GULEnvironment' in project 'GoogleUtilities'
        ➜ Explicit dependency on target 'GULLogger' in project 'GoogleUtilities'
        ➜ Explicit dependency on target 'FBLPromises' in project 'Promises'
        ➜ Explicit dependency on target 'GULUserDefaults' in project 'GoogleUtilities'
    Target 'GULUserDefaults' in project 'GoogleUtilities'
        ➜ Explicit dependency on target 'GoogleUtilities-UserDefaults' in project 'GoogleUtilities'
        ➜ Explicit dependency on target 'GoogleUtilities_GoogleUtilities-UserDefaults' in project 'GoogleUtilities'
        ➜ Explicit dependency on target 'third-party-IsAppEncrypted' in project 'GoogleUtilities'
        ➜ Explicit dependency on target 'GoogleUtilities-Environment' in project 'GoogleUtilities'
        ➜ Explicit dependency on target 'GoogleUtilities-Logger' in project 'GoogleUtilities'
    Target 'GoogleUtilities-UserDefaults' in project 'GoogleUtilities'
        ➜ Explicit dependency on target 'GoogleUtilities_GoogleUtilities-UserDefaults' in project 'GoogleUtilities'
        ➜ Explicit dependency on target 'third-party-IsAppEncrypted' in project 'GoogleUtilities'
        ➜ Explicit dependency on target 'GoogleUtilities-Environment' in project 'GoogleUtilities'
        ➜ Explicit dependency on target 'GoogleUtilities-Logger' in project 'GoogleUtilities'
    Target 'GoogleUtilities_GoogleUtilities-UserDefaults' in project 'GoogleUtilities' (no dependencies)
    Target 'FBLPromises' in project 'Promises'
        ➜ Explicit dependency on target 'FBLPromises' in project 'Promises'
        ➜ Explicit dependency on target 'Promises_FBLPromises' in project 'Promises'
    Target 'FBLPromises' in project 'Promises'
        ➜ Explicit dependency on target 'Promises_FBLPromises' in project 'Promises'
    Target 'Promises_FBLPromises' in project 'Promises' (no dependencies)
    Target 'Firebase_FirebaseInstallations' in project 'Firebase' (no dependencies)
    Target 'FirebaseCore' in project 'Firebase'
        ➜ Explicit dependency on target 'Firebase_FirebaseCore' in project 'Firebase'
        ➜ Explicit dependency on target 'Firebase' in project 'Firebase'
        ➜ Explicit dependency on target 'FirebaseCoreInternal' in project 'Firebase'
        ➜ Explicit dependency on target 'GULNSData' in project 'GoogleUtilities'
        ➜ Explicit dependency on target 'GULEnvironment' in project 'GoogleUtilities'
        ➜ Explicit dependency on target 'GULLogger' in project 'GoogleUtilities'
    Target 'GULLogger' in project 'GoogleUtilities'
        ➜ Explicit dependency on target 'GoogleUtilities-Logger' in project 'GoogleUtilities'
        ➜ Explicit dependency on target 'GoogleUtilities_GoogleUtilities-Logger' in project 'GoogleUtilities'
        ➜ Explicit dependency on target 'third-party-IsAppEncrypted' in project 'GoogleUtilities'
        ➜ Explicit dependency on target 'GoogleUtilities-Environment' in project 'GoogleUtilities'
    Target 'GoogleUtilities-Logger' in project 'GoogleUtilities'
        ➜ Explicit dependency on target 'GoogleUtilities_GoogleUtilities-Logger' in project 'GoogleUtilities'
        ➜ Explicit dependency on target 'third-party-IsAppEncrypted' in project 'GoogleUtilities'
        ➜ Explicit dependency on target 'GoogleUtilities-Environment' in project 'GoogleUtilities'
    Target 'GoogleUtilities_GoogleUtilities-Logger' in project 'GoogleUtilities' (no dependencies)
    Target 'GULEnvironment' in project 'GoogleUtilities'
        ➜ Explicit dependency on target 'GoogleUtilities-Environment' in project 'GoogleUtilities'
        ➜ Explicit dependency on target 'GoogleUtilities_GoogleUtilities-Environment' in project 'GoogleUtilities'
        ➜ Explicit dependency on target 'third-party-IsAppEncrypted' in project 'GoogleUtilities'
    Target 'GoogleUtilities-Environment' in project 'GoogleUtilities'
        ➜ Explicit dependency on target 'GoogleUtilities_GoogleUtilities-Environment' in project 'GoogleUtilities'
        ➜ Explicit dependency on target 'third-party-IsAppEncrypted' in project 'GoogleUtilities'
    Target 'third-party-IsAppEncrypted' in project 'GoogleUtilities' (no dependencies)
    Target 'GoogleUtilities_GoogleUtilities-Environment' in project 'GoogleUtilities' (no dependencies)
    Target 'Firebase_FirebaseCore' in project 'Firebase' (no dependencies)
    Target 'FirebaseCoreInternal' in project 'Firebase'
        ➜ Explicit dependency on target 'Firebase_FirebaseCoreInternal' in project 'Firebase'
        ➜ Explicit dependency on target 'GULNSData' in project 'GoogleUtilities'
    Target 'GULNSData' in project 'GoogleUtilities'
        ➜ Explicit dependency on target 'GoogleUtilities-NSData' in project 'GoogleUtilities'
        ➜ Explicit dependency on target 'GoogleUtilities_GoogleUtilities-NSData' in project 'GoogleUtilities'
    Target 'GoogleUtilities-NSData' in project 'GoogleUtilities'
        ➜ Explicit dependency on target 'GoogleUtilities_GoogleUtilities-NSData' in project 'GoogleUtilities'
    Target 'GoogleUtilities_GoogleUtilities-NSData' in project 'GoogleUtilities' (no dependencies)
    Target 'Firebase_FirebaseCoreInternal' in project 'Firebase' (no dependencies)
    Target 'Firebase' in project 'Firebase' (no dependencies)

GatherProvisioningInputs

CreateBuildDescription

ExecuteExternalTool /Applications/Xcode.app/Contents/Developer/Toolchains/XcodeDefault.xctoolchain/usr/bin/clang -v -E -dM -arch arm64 -isysroot /Applications/Xcode.app/Contents/Developer/Platforms/MacOSX.platform/Developer/SDKs/MacOSX26.4.sdk -x objective-c -c /dev/null

ExecuteExternalTool /Applications/Xcode.app/Contents/Developer/Toolchains/XcodeDefault.xctoolchain/usr/bin/swiftc --version

ExecuteExternalTool /Applications/Xcode.app/Contents/Developer/Toolchains/XcodeDefault.xctoolchain/usr/bin/clang -v -E -dM -isysroot /Applications/Xcode.app/Contents/Developer/Platforms/MacOSX.platform/Developer/SDKs/MacOSX26.4.sdk -x c -c /dev/null

ExecuteExternalTool /Applications/Xcode.app/Contents/Developer/Toolchains/XcodeDefault.xctoolchain/usr/bin/clang -v -E -dM -arch arm64 -isysroot /Applications/Xcode.app/Contents/Developer/Platforms/MacOSX.platform/Developer/SDKs/MacOSX26.4.sdk -x c -c /dev/null

ExecuteExternalTool /Applications/Xcode.app/Contents/Developer/Toolchains/XcodeDefault.xctoolchain/usr/bin/ld -version_details

ExecuteExternalTool /Applications/Xcode.app/Contents/Developer/Toolchains/XcodeDefault.xctoolchain/usr/bin/clang -v -E -dM -arch arm64 -isysroot /Applications/Xcode.app/Contents/Developer/Platforms/MacOSX.platform/Developer/SDKs/MacOSX26.4.sdk -x c++ -c /dev/null

ExecuteExternalTool /Applications/Xcode.app/Contents/Developer/Toolchains/XcodeDefault.xctoolchain/usr/bin/clang -v -E -dM -arch arm64 -isysroot /Applications/Xcode.app/Contents/Developer/Platforms/MacOSX.platform/Developer/SDKs/MacOSX26.4.sdk -x objective-c++ -c /dev/null

ExecuteExternalTool /Applications/Xcode.app/Contents/Developer/usr/bin/actool --version --output-format xml1

ReadFileContents /Applications/Xcode.app/Contents/Developer/Toolchains/XcodeDefault.xctoolchain/usr/share/docc/features.json

Build description signature: cef4976de448cb0b876c8279079368f7
Build description path: /Users/andreeapapillon/Library/Developer/Xcode/DerivedData/AICoven_Local-gvtpajtveckudhherqngqlizoxtt/Build/Intermediates.noindex/XCBuildData/cef4976de448cb0b876c8279079368f7.xcbuilddata
ClangStatCache /Applications/Xcode.app/Contents/Developer/Toolchains/XcodeDefault.xctoolchain/usr/bin/clang-stat-cache /Applications/Xcode.app/Contents/Developer/Platforms/MacOSX.platform/Developer/SDKs/MacOSX26.4.sdk /Users/andreeapapillon/Library/Developer/Xcode/DerivedData/SDKStatCaches.noindex/macosx26.4-25E236-688ef53f1462e2c8f657fdc38a81448f30f9ca8789b706f8bd3fc906a70d770f.sdkstatcache
    cd /Users/andreeapapillon/Documents/GitHub/aicoven-local-opensource/swift/AICoven/AICoven\ Local.xcodeproj
    /Applications/Xcode.app/Contents/Developer/Toolchains/XcodeDefault.xctoolchain/usr/bin/clang-stat-cache /Applications/Xcode.app/Contents/Developer/Platforms/MacOSX.platform/Developer/SDKs/MacOSX26.4.sdk -o /Users/andreeapapillon/Library/Developer/Xcode/DerivedData/SDKStatCaches.noindex/macosx26.4-25E236-688ef53f1462e2c8f657fdc38a81448f30f9ca8789b706f8bd3fc906a70d770f.sdkstatcache

ProcessInfoPlistFile /Users/andreeapapillon/Library/Developer/Xcode/DerivedData/AICoven_Local-gvtpajtveckudhherqngqlizoxtt/Build/Products/Debug/Firebase_FirebaseAuth.bundle/Contents/Info.plist /Users/andreeapapillon/Library/Developer/Xcode/DerivedData/AICoven_Local-gvtpajtveckudhherqngqlizoxtt/Build/Intermediates.noindex/Firebase.build/Debug/Firebase_FirebaseAuth.build/empty-Firebase_FirebaseAuth.plist (in target 'Firebase_FirebaseAuth' from project 'Firebase')
    cd /Users/andreeapapillon/Library/Developer/Xcode/DerivedData/AICoven_Local-gvtpajtveckudhherqngqlizoxtt/SourcePackages/checkouts/firebase-ios-sdk
    builtin-infoPlistUtility /Users/andreeapapillon/Library/Developer/Xcode/DerivedData/AICoven_Local-gvtpajtveckudhherqngqlizoxtt/Build/Intermediates.noindex/Firebase.build/Debug/Firebase_FirebaseAuth.build/empty-Firebase_FirebaseAuth.plist -producttype com.apple.product-type.bundle -expandbuildsettings -platform macosx -o /Users/andreeapapillon/Library/Developer/Xcode/DerivedData/AICoven_Local-gvtpajtveckudhherqngqlizoxtt/Build/Products/Debug/Firebase_FirebaseAuth.bundle/Contents/Info.plist

ProcessInfoPlistFile /Users/andreeapapillon/Library/Developer/Xcode/DerivedData/AICoven_Local-gvtpajtveckudhherqngqlizoxtt/Build/Products/Debug/Firebase_FirebaseABTesting.bundle/Contents/Info.plist /Users/andreeapapillon/Library/Developer/Xcode/DerivedData/AICoven_Local-gvtpajtveckudhherqngqlizoxtt/Build/Intermediates.noindex/Firebase.build/Debug/Firebase_FirebaseABTesting.build/empty-Firebase_FirebaseABTesting.plist (in target 'Firebase_FirebaseABTesting' from project 'Firebase')
    cd /Users/andreeapapillon/Library/Developer/Xcode/DerivedData/AICoven_Local-gvtpajtveckudhherqngqlizoxtt/SourcePackages/checkouts/firebase-ios-sdk
    builtin-infoPlistUtility /Users/andreeapapillon/Library/Developer/Xcode/DerivedData/AICoven_Local-gvtpajtveckudhherqngqlizoxtt/Build/Intermediates.noindex/Firebase.build/Debug/Firebase_FirebaseABTesting.build/empty-Firebase_FirebaseABTesting.plist -producttype com.apple.product-type.bundle -expandbuildsettings -platform macosx -o /Users/andreeapapillon/Library/Developer/Xcode/DerivedData/AICoven_Local-gvtpajtveckudhherqngqlizoxtt/Build/Products/Debug/Firebase_FirebaseABTesting.bundle/Contents/Info.plist

ProcessInfoPlistFile /Users/andreeapapillon/Library/Developer/Xcode/DerivedData/AICoven_Local-gvtpajtveckudhherqngqlizoxtt/Build/Products/Debug/Promises_FBLPromises.bundle/Contents/Info.plist /Users/andreeapapillon/Library/Developer/Xcode/DerivedData/AICoven_Local-gvtpajtveckudhherqngqlizoxtt/Build/Intermediates.noindex/Promises.build/Debug/Promises_FBLPromises.build/empty-Promises_FBLPromises.plist (in target 'Promises_FBLPromises' from project 'Promises')
    cd /Users/andreeapapillon/Library/Developer/Xcode/DerivedData/AICoven_Local-gvtpajtveckudhherqngqlizoxtt/SourcePackages/checkouts/promises
    builtin-infoPlistUtility /Users/andreeapapillon/Library/Developer/Xcode/DerivedData/AICoven_Local-gvtpajtveckudhherqngqlizoxtt/Build/Intermediates.noindex/Promises.build/Debug/Promises_FBLPromises.build/empty-Promises_FBLPromises.plist -producttype com.apple.product-type.bundle -expandbuildsettings -platform macosx -o /Users/andreeapapillon/Library/Developer/Xcode/DerivedData/AICoven_Local-gvtpajtveckudhherqngqlizoxtt/Build/Products/Debug/Promises_FBLPromises.bundle/Contents/Info.plist

ProcessInfoPlistFile /Users/andreeapapillon/Library/Developer/Xcode/DerivedData/AICoven_Local-gvtpajtveckudhherqngqlizoxtt/Build/Products/Debug/swift-transformers_Hub.bundle/Contents/Info.plist /Users/andreeapapillon/Library/Developer/Xcode/DerivedData/AICoven_Local-gvtpajtveckudhherqngqlizoxtt/Build/Intermediates.noindex/swift-transformers.build/Debug/swift-transformers_Hub.build/empty-swift-transformers_Hub.plist (in target 'swift-transformers_Hub' from project 'swift-transformers')
    cd /Users/andreeapapillon/Library/Developer/Xcode/DerivedData/AICoven_Local-gvtpajtveckudhherqngqlizoxtt/SourcePackages/checkouts/swift-transformers
    builtin-infoPlistUtility /Users/andreeapapillon/Library/Developer/Xcode/DerivedData/AICoven_Local-gvtpajtveckudhherqngqlizoxtt/Build/Intermediates.noindex/swift-transformers.build/Debug/swift-transformers_Hub.build/empty-swift-transformers_Hub.plist -producttype com.apple.product-type.bundle -expandbuildsettings -platform macosx -o /Users/andreeapapillon/Library/Developer/Xcode/DerivedData/AICoven_Local-gvtpajtveckudhherqngqlizoxtt/Build/Products/Debug/swift-transformers_Hub.bundle/Contents/Info.plist

ProcessInfoPlistFile /Users/andreeapapillon/Library/Developer/Xcode/DerivedData/AICoven_Local-gvtpajtveckudhherqngqlizoxtt/Build/Products/Debug/nanopb_nanopb.bundle/Contents/Info.plist /Users/andreeapapillon/Library/Developer/Xcode/DerivedData/AICoven_Local-gvtpajtveckudhherqngqlizoxtt/Build/Intermediates.noindex/nanopb.build/Debug/nanopb_nanopb.build/empty-nanopb_nanopb.plist (in target 'nanopb_nanopb' from project 'nanopb')
    cd /Users/andreeapapillon/Library/Developer/Xcode/DerivedData/AICoven_Local-gvtpajtveckudhherqngqlizoxtt/SourcePackages/checkouts/nanopb
    builtin-infoPlistUtility /Users/andreeapapillon/Library/Developer/Xcode/DerivedData/AICoven_Local-gvtpajtveckudhherqngqlizoxtt/Build/Intermediates.noindex/nanopb.build/Debug/nanopb_nanopb.build/empty-nanopb_nanopb.plist -producttype com.apple.product-type.bundle -expandbuildsettings -platform macosx -o /Users/andreeapapillon/Library/Developer/Xcode/DerivedData/AICoven_Local-gvtpajtveckudhherqngqlizoxtt/Build/Products/Debug/nanopb_nanopb.bundle/Contents/Info.plist

ProcessInfoPlistFile /Users/andreeapapillon/Library/Developer/Xcode/DerivedData/AICoven_Local-gvtpajtveckudhherqngqlizoxtt/Build/Products/Debug/Promises_Promises.bundle/Contents/Info.plist /Users/andreeapapillon/Library/Developer/Xcode/DerivedData/AICoven_Local-gvtpajtveckudhherqngqlizoxtt/Build/Intermediates.noindex/Promises.build/Debug/Promises_Promises.build/empty-Promises_Promises.plist (in target 'Promises_Promises' from project 'Promises')
    cd /Users/andreeapapillon/Library/Developer/Xcode/DerivedData/AICoven_Local-gvtpajtveckudhherqngqlizoxtt/SourcePackages/checkouts/promises
    builtin-infoPlistUtility /Users/andreeapapillon/Library/Developer/Xcode/DerivedData/AICoven_Local-gvtpajtveckudhherqngqlizoxtt/Build/Intermediates.noindex/Promises.build/Debug/Promises_Promises.build/empty-Promises_Promises.plist -producttype com.apple.product-type.bundle -expandbuildsettings -platform macosx -o /Users/andreeapapillon/Library/Developer/Xcode/DerivedData/AICoven_Local-gvtpajtveckudhherqngqlizoxtt/Build/Products/Debug/Promises_Promises.bundle/Contents/Info.plist

ProcessInfoPlistFile /Users/andreeapapillon/Library/Developer/Xcode/DerivedData/AICoven_Local-gvtpajtveckudhherqngqlizoxtt/Build/Products/Debug/GoogleUtilities_GoogleUtilities-Network.bundle/Contents/Info.plist /Users/andreeapapillon/Library/Developer/Xcode/DerivedData/AICoven_Local-gvtpajtveckudhherqngqlizoxtt/Build/Intermediates.noindex/GoogleUtilities.build/Debug/GoogleUtilities_GoogleUtilities-Network.build/empty-GoogleUtilities_GoogleUtilities-Network.plist (in target 'GoogleUtilities_GoogleUtilities-Network' from project 'GoogleUtilities')
    cd /Users/andreeapapillon/Library/Developer/Xcode/DerivedData/AICoven_Local-gvtpajtveckudhherqngqlizoxtt/SourcePackages/checkouts/GoogleUtilities
    builtin-infoPlistUtility /Users/andreeapapillon/Library/Developer/Xcode/DerivedData/AICoven_Local-gvtpajtveckudhherqngqlizoxtt/Build/Intermediates.noindex/GoogleUtilities.build/Debug/GoogleUtilities_GoogleUtilities-Network.build/empty-GoogleUtilities_GoogleUtilities-Network.plist -producttype com.apple.product-type.bundle -expandbuildsettings -platform macosx -o /Users/andreeapapillon/Library/Developer/Xcode/DerivedData/AICoven_Local-gvtpajtveckudhherqngqlizoxtt/Build/Products/Debug/GoogleUtilities_GoogleUtilities-Network.bundle/Contents/Info.plist

ProcessInfoPlistFile /Users/andreeapapillon/Library/Developer/Xcode/DerivedData/AICoven_Local-gvtpajtveckudhherqngqlizoxtt/Build/Products/Debug/GoogleUtilities_GoogleUtilities-UserDefaults.bundle/Contents/Info.plist /Users/andreeapapillon/Library/Developer/Xcode/DerivedData/AICoven_Local-gvtpajtveckudhherqngqlizoxtt/Build/Intermediates.noindex/GoogleUtilities.build/Debug/GoogleUtilities_GoogleUtilities-UserDefaults.build/empty-GoogleUtilities_GoogleUtilities-UserDefaults.plist (in target 'GoogleUtilities_GoogleUtilities-UserDefaults' from project 'GoogleUtilities')
    cd /Users/andreeapapillon/Library/Developer/Xcode/DerivedData/AICoven_Local-gvtpajtveckudhherqngqlizoxtt/SourcePackages/checkouts/GoogleUtilities
    builtin-infoPlistUtility /Users/andreeapapillon/Library/Developer/Xcode/DerivedData/AICoven_Local-gvtpajtveckudhherqngqlizoxtt/Build/Intermediates.noindex/GoogleUtilities.build/Debug/GoogleUtilities_GoogleUtilities-UserDefaults.build/empty-GoogleUtilities_GoogleUtilities-UserDefaults.plist -producttype com.apple.product-type.bundle -expandbuildsettings -platform macosx -o /Users/andreeapapillon/Library/Developer/Xcode/DerivedData/AICoven_Local-gvtpajtveckudhherqngqlizoxtt/Build/Products/Debug/GoogleUtilities_GoogleUtilities-UserDefaults.bundle/Contents/Info.plist

ProcessInfoPlistFile /Users/andreeapapillon/Library/Developer/Xcode/DerivedData/AICoven_Local-gvtpajtveckudhherqngqlizoxtt/Build/Products/Debug/GoogleUtilities_GoogleUtilities-Reachability.bundle/Contents/Info.plist /Users/andreeapapillon/Library/Developer/Xcode/DerivedData/AICoven_Local-gvtpajtveckudhherqngqlizoxtt/Build/Intermediates.noindex/GoogleUtilities.build/Debug/GoogleUtilities_GoogleUtilities-Reachability.build/empty-GoogleUtilities_GoogleUtilities-Reachability.plist (in target 'GoogleUtilities_GoogleUtilities-Reachability' from project 'GoogleUtilities')
    cd /Users/andreeapapillon/Library/Developer/Xcode/DerivedData/AICoven_Local-gvtpajtveckudhherqngqlizoxtt/SourcePackages/checkouts/GoogleUtilities
    builtin-infoPlistUtility /Users/andreeapapillon/Library/Developer/Xcode/DerivedData/AICoven_Local-gvtpajtveckudhherqngqlizoxtt/Build/Intermediates.noindex/GoogleUtilities.build/Debug/GoogleUtilities_GoogleUtilities-Reachability.build/empty-GoogleUtilities_GoogleUtilities-Reachability.plist -producttype com.apple.product-type.bundle -expandbuildsettings -platform macosx -o /Users/andreeapapillon/Library/Developer/Xcode/DerivedData/AICoven_Local-gvtpajtveckudhherqngqlizoxtt/Build/Products/Debug/GoogleUtilities_GoogleUtilities-Reachability.bundle/Contents/Info.plist

ProcessInfoPlistFile /Users/andreeapapillon/Library/Developer/Xcode/DerivedData/AICoven_Local-gvtpajtveckudhherqngqlizoxtt/Build/Products/Debug/GoogleUtilities_GoogleUtilities-NSData.bundle/Contents/Info.plist /Users/andreeapapillon/Library/Developer/Xcode/DerivedData/AICoven_Local-gvtpajtveckudhherqngqlizoxtt/Build/Intermediates.noindex/GoogleUtilities.build/Debug/GoogleUtilities_GoogleUtilities-NSData.build/empty-GoogleUtilities_GoogleUtilities-NSData.plist (in target 'GoogleUtilities_GoogleUtilities-NSData' from project 'GoogleUtilities')
    cd /Users/andreeapapillon/Library/Developer/Xcode/DerivedData/AICoven_Local-gvtpajtveckudhherqngqlizoxtt/SourcePackages/checkouts/GoogleUtilities
    builtin-infoPlistUtility /Users/andreeapapillon/Library/Developer/Xcode/DerivedData/AICoven_Local-gvtpajtveckudhherqngqlizoxtt/Build/Intermediates.noindex/GoogleUtilities.build/Debug/GoogleUtilities_GoogleUtilities-NSData.build/empty-GoogleUtilities_GoogleUtilities-NSData.plist -producttype com.apple.product-type.bundle -expandbuildsettings -platform macosx -o /Users/andreeapapillon/Library/Developer/Xcode/DerivedData/AICoven_Local-gvtpajtveckudhherqngqlizoxtt/Build/Products/Debug/GoogleUtilities_GoogleUtilities-NSData.bundle/Contents/Info.plist

ProcessInfoPlistFile /Users/andreeapapillon/Library/Developer/Xcode/DerivedData/AICoven_Local-gvtpajtveckudhherqngqlizoxtt/Build/Products/Debug/GoogleUtilities_GoogleUtilities-MethodSwizzler.bundle/Contents/Info.plist /Users/andreeapapillon/Library/Developer/Xcode/DerivedData/AICoven_Local-gvtpajtveckudhherqngqlizoxtt/Build/Intermediates.noindex/GoogleUtilities.build/Debug/GoogleUtilities_GoogleUtilities-MethodSwizzler.build/empty-GoogleUtilities_GoogleUtilities-MethodSwizzler.plist (in target 'GoogleUtilities_GoogleUtilities-MethodSwizzler' from project 'GoogleUtilities')
    cd /Users/andreeapapillon/Library/Developer/Xcode/DerivedData/AICoven_Local-gvtpajtveckudhherqngqlizoxtt/SourcePackages/checkouts/GoogleUtilities
    builtin-infoPlistUtility /Users/andreeapapillon/Library/Developer/Xcode/DerivedData/AICoven_Local-gvtpajtveckudhherqngqlizoxtt/Build/Intermediates.noindex/GoogleUtilities.build/Debug/GoogleUtilities_GoogleUtilities-MethodSwizzler.build/empty-GoogleUtilities_GoogleUtilities-MethodSwizzler.plist -producttype com.apple.product-type.bundle -expandbuildsettings -platform macosx -o /Users/andreeapapillon/Library/Developer/Xcode/DerivedData/AICoven_Local-gvtpajtveckudhherqngqlizoxtt/Build/Products/Debug/GoogleUtilities_GoogleUtilities-MethodSwizzler.bundle/Contents/Info.plist

ProcessInfoPlistFile /Users/andreeapapillon/Library/Developer/Xcode/DerivedData/AICoven_Local-gvtpajtveckudhherqngqlizoxtt/Build/Products/Debug/GoogleUtilities_GoogleUtilities-Logger.bundle/Contents/Info.plist /Users/andreeapapillon/Library/Developer/Xcode/DerivedData/AICoven_Local-gvtpajtveckudhherqngqlizoxtt/Build/Intermediates.noindex/GoogleUtilities.build/Debug/GoogleUtilities_GoogleUtilities-Logger.build/empty-GoogleUtilities_GoogleUtilities-Logger.plist (in target 'GoogleUtilities_GoogleUtilities-Logger' from project 'GoogleUtilities')
    cd /Users/andreeapapillon/Library/Developer/Xcode/DerivedData/AICoven_Local-gvtpajtveckudhherqngqlizoxtt/SourcePackages/checkouts/GoogleUtilities
    builtin-infoPlistUtility /Users/andreeapapillon/Library/Developer/Xcode/DerivedData/AICoven_Local-gvtpajtveckudhherqngqlizoxtt/Build/Intermediates.noindex/GoogleUtilities.build/Debug/GoogleUtilities_GoogleUtilities-Logger.build/empty-GoogleUtilities_GoogleUtilities-Logger.plist -producttype com.apple.product-type.bundle -expandbuildsettings -platform macosx -o /Users/andreeapapillon/Library/Developer/Xcode/DerivedData/AICoven_Local-gvtpajtveckudhherqngqlizoxtt/Build/Products/Debug/GoogleUtilities_GoogleUtilities-Logger.bundle/Contents/Info.plist

ProcessInfoPlistFile /Users/andreeapapillon/Library/Developer/Xcode/DerivedData/AICoven_Local-gvtpajtveckudhherqngqlizoxtt/Build/Products/Debug/GoogleUtilities_GoogleUtilities-Environment.bundle/Contents/Info.plist /Users/andreeapapillon/Library/Developer/Xcode/DerivedData/AICoven_Local-gvtpajtveckudhherqngqlizoxtt/Build/Intermediates.noindex/GoogleUtilities.build/Debug/GoogleUtilities_GoogleUtilities-Environment.build/empty-GoogleUtilities_GoogleUtilities-Environment.plist (in target 'GoogleUtilities_GoogleUtilities-Environment' from project 'GoogleUtilities')
    cd /Users/andreeapapillon/Library/Developer/Xcode/DerivedData/AICoven_Local-gvtpajtveckudhherqngqlizoxtt/SourcePackages/checkouts/GoogleUtilities
    builtin-infoPlistUtility /Users/andreeapapillon/Library/Developer/Xcode/DerivedData/AICoven_Local-gvtpajtveckudhherqngqlizoxtt/Build/Intermediates.noindex/GoogleUtilities.build/Debug/GoogleUtilities_GoogleUtilities-Environment.build/empty-GoogleUtilities_GoogleUtilities-Environment.plist -producttype com.apple.product-type.bundle -expandbuildsettings -platform macosx -o /Users/andreeapapillon/Library/Developer/Xcode/DerivedData/AICoven_Local-gvtpajtveckudhherqngqlizoxtt/Build/Products/Debug/GoogleUtilities_GoogleUtilities-Environment.bundle/Contents/Info.plist

ProcessInfoPlistFile /Users/andreeapapillon/Library/Developer/Xcode/DerivedData/AICoven_Local-gvtpajtveckudhherqngqlizoxtt/Build/Products/Debug/GoogleUtilities_GoogleUtilities-AppDelegateSwizzler.bundle/Contents/Info.plist /Users/andreeapapillon/Library/Developer/Xcode/DerivedData/AICoven_Local-gvtpajtveckudhherqngqlizoxtt/Build/Intermediates.noindex/GoogleUtilities.build/Debug/GoogleUtilities_GoogleUtilities-AppDelegateSwizzler.build/empty-GoogleUtilities_GoogleUtilities-AppDelegateSwizzler.plist (in target 'GoogleUtilities_GoogleUtilities-AppDelegateSwizzler' from project 'GoogleUtilities')
    cd /Users/andreeapapillon/Library/Developer/Xcode/DerivedData/AICoven_Local-gvtpajtveckudhherqngqlizoxtt/SourcePackages/checkouts/GoogleUtilities
    builtin-infoPlistUtility /Users/andreeapapillon/Library/Developer/Xcode/DerivedData/AICoven_Local-gvtpajtveckudhherqngqlizoxtt/Build/Intermediates.noindex/GoogleUtilities.build/Debug/GoogleUtilities_GoogleUtilities-AppDelegateSwizzler.build/empty-GoogleUtilities_GoogleUtilities-AppDelegateSwizzler.plist -producttype com.apple.product-type.bundle -expandbuildsettings -platform macosx -o /Users/andreeapapillon/Library/Developer/Xcode/DerivedData/AICoven_Local-gvtpajtveckudhherqngqlizoxtt/Build/Products/Debug/GoogleUtilities_GoogleUtilities-AppDelegateSwizzler.bundle/Contents/Info.plist

ProcessInfoPlistFile /Users/andreeapapillon/Library/Developer/Xcode/DerivedData/AICoven_Local-gvtpajtveckudhherqngqlizoxtt/Build/Products/Debug/GoogleDataTransport_GoogleDataTransport.bundle/Contents/Info.plist /Users/andreeapapillon/Library/Developer/Xcode/DerivedData/AICoven_Local-gvtpajtveckudhherqngqlizoxtt/Build/Intermediates.noindex/GoogleDataTransport.build/Debug/GoogleDataTransport_GoogleDataTransport.build/empty-GoogleDataTransport_GoogleDataTransport.plist (in target 'GoogleDataTransport_GoogleDataTransport' from project 'GoogleDataTransport')
    cd /Users/andreeapapillon/Library/Developer/Xcode/DerivedData/AICoven_Local-gvtpajtveckudhherqngqlizoxtt/SourcePackages/checkouts/GoogleDataTransport
    builtin-infoPlistUtility /Users/andreeapapillon/Library/Developer/Xcode/DerivedData/AICoven_Local-gvtpajtveckudhherqngqlizoxtt/Build/Intermediates.noindex/GoogleDataTransport.build/Debug/GoogleDataTransport_GoogleDataTransport.build/empty-GoogleDataTransport_GoogleDataTransport.plist -producttype com.apple.product-type.bundle -expandbuildsettings -platform macosx -o /Users/andreeapapillon/Library/Developer/Xcode/DerivedData/AICoven_Local-gvtpajtveckudhherqngqlizoxtt/Build/Products/Debug/GoogleDataTransport_GoogleDataTransport.bundle/Contents/Info.plist

ProcessInfoPlistFile /Users/andreeapapillon/Library/Developer/Xcode/DerivedData/AICoven_Local-gvtpajtveckudhherqngqlizoxtt/Build/Products/Debug/GTMSessionFetcher_GTMSessionFetcherCore.bundle/Contents/Info.plist /Users/andreeapapillon/Library/Developer/Xcode/DerivedData/AICoven_Local-gvtpajtveckudhherqngqlizoxtt/Build/Intermediates.noindex/GTMSessionFetcher.build/Debug/GTMSessionFetcher_GTMSessionFetcherCore.build/empty-GTMSessionFetcher_GTMSessionFetcherCore.plist (in target 'GTMSessionFetcher_GTMSessionFetcherCore' from project 'GTMSessionFetcher')
    cd /Users/andreeapapillon/Library/Developer/Xcode/DerivedData/AICoven_Local-gvtpajtveckudhherqngqlizoxtt/SourcePackages/checkouts/gtm-session-fetcher
    builtin-infoPlistUtility /Users/andreeapapillon/Library/Developer/Xcode/DerivedData/AICoven_Local-gvtpajtveckudhherqngqlizoxtt/Build/Intermediates.noindex/GTMSessionFetcher.build/Debug/GTMSessionFetcher_GTMSessionFetcherCore.build/empty-GTMSessionFetcher_GTMSessionFetcherCore.plist -producttype com.apple.product-type.bundle -expandbuildsettings -platform macosx -o /Users/andreeapapillon/Library/Developer/Xcode/DerivedData/AICoven_Local-gvtpajtveckudhherqngqlizoxtt/Build/Products/Debug/GTMSessionFetcher_GTMSessionFetcherCore.bundle/Contents/Info.plist

ProcessInfoPlistFile /Users/andreeapapillon/Library/Developer/Xcode/DerivedData/AICoven_Local-gvtpajtveckudhherqngqlizoxtt/Build/Products/Debug/GRDB_GRDB.bundle/Contents/Info.plist /Users/andreeapapillon/Library/Developer/Xcode/DerivedData/AICoven_Local-gvtpajtveckudhherqngqlizoxtt/Build/Intermediates.noindex/GRDB.build/Debug/GRDB_GRDB.build/empty-GRDB_GRDB.plist (in target 'GRDB_GRDB' from project 'GRDB')
    cd /Users/andreeapapillon/Library/Developer/Xcode/DerivedData/AICoven_Local-gvtpajtveckudhherqngqlizoxtt/SourcePackages/checkouts/GRDB.swift
    builtin-infoPlistUtility /Users/andreeapapillon/Library/Developer/Xcode/DerivedData/AICoven_Local-gvtpajtveckudhherqngqlizoxtt/Build/Intermediates.noindex/GRDB.build/Debug/GRDB_GRDB.build/empty-GRDB_GRDB.plist -producttype com.apple.product-type.bundle -expandbuildsettings -platform macosx -o /Users/andreeapapillon/Library/Developer/Xcode/DerivedData/AICoven_Local-gvtpajtveckudhherqngqlizoxtt/Build/Products/Debug/GRDB_GRDB.bundle/Contents/Info.plist

ProcessInfoPlistFile /Users/andreeapapillon/Library/Developer/Xcode/DerivedData/AICoven_Local-gvtpajtveckudhherqngqlizoxtt/Build/Products/Debug/Firebase_FirebaseRemoteConfig.bundle/Contents/Info.plist /Users/andreeapapillon/Library/Developer/Xcode/DerivedData/AICoven_Local-gvtpajtveckudhherqngqlizoxtt/Build/Intermediates.noindex/Firebase.build/Debug/Firebase_FirebaseRemoteConfig.build/empty-Firebase_FirebaseRemoteConfig.plist (in target 'Firebase_FirebaseRemoteConfig' from project 'Firebase')
    cd /Users/andreeapapillon/Library/Developer/Xcode/DerivedData/AICoven_Local-gvtpajtveckudhherqngqlizoxtt/SourcePackages/checkouts/firebase-ios-sdk
    builtin-infoPlistUtility /Users/andreeapapillon/Library/Developer/Xcode/DerivedData/AICoven_Local-gvtpajtveckudhherqngqlizoxtt/Build/Intermediates.noindex/Firebase.build/Debug/Firebase_FirebaseRemoteConfig.build/empty-Firebase_FirebaseRemoteConfig.plist -producttype com.apple.product-type.bundle -expandbuildsettings -platform macosx -o /Users/andreeapapillon/Library/Developer/Xcode/DerivedData/AICoven_Local-gvtpajtveckudhherqngqlizoxtt/Build/Products/Debug/Firebase_FirebaseRemoteConfig.bundle/Contents/Info.plist

ProcessInfoPlistFile /Users/andreeapapillon/Library/Developer/Xcode/DerivedData/AICoven_Local-gvtpajtveckudhherqngqlizoxtt/Build/Products/Debug/mlx-swift_Cmlx.bundle/Contents/Info.plist /Users/andreeapapillon/Library/Developer/Xcode/DerivedData/AICoven_Local-gvtpajtveckudhherqngqlizoxtt/Build/Intermediates.noindex/mlx-swift.build/Debug/mlx-swift_Cmlx.build/empty-mlx-swift_Cmlx.plist (in target 'mlx-swift_Cmlx' from project 'mlx-swift')
    cd /Users/andreeapapillon/Library/Developer/Xcode/DerivedData/AICoven_Local-gvtpajtveckudhherqngqlizoxtt/SourcePackages/checkouts/mlx-swift
    builtin-infoPlistUtility /Users/andreeapapillon/Library/Developer/Xcode/DerivedData/AICoven_Local-gvtpajtveckudhherqngqlizoxtt/Build/Intermediates.noindex/mlx-swift.build/Debug/mlx-swift_Cmlx.build/empty-mlx-swift_Cmlx.plist -producttype com.apple.product-type.bundle -expandbuildsettings -platform macosx -o /Users/andreeapapillon/Library/Developer/Xcode/DerivedData/AICoven_Local-gvtpajtveckudhherqngqlizoxtt/Build/Products/Debug/mlx-swift_Cmlx.bundle/Contents/Info.plist

ProcessInfoPlistFile /Users/andreeapapillon/Library/Developer/Xcode/DerivedData/AICoven_Local-gvtpajtveckudhherqngqlizoxtt/Build/Products/Debug/Firebase_FirebaseMessaging.bundle/Contents/Info.plist /Users/andreeapapillon/Library/Developer/Xcode/DerivedData/AICoven_Local-gvtpajtveckudhherqngqlizoxtt/Build/Intermediates.noindex/Firebase.build/Debug/Firebase_FirebaseMessaging.build/empty-Firebase_FirebaseMessaging.plist (in target 'Firebase_FirebaseMessaging' from project 'Firebase')
    cd /Users/andreeapapillon/Library/Developer/Xcode/DerivedData/AICoven_Local-gvtpajtveckudhherqngqlizoxtt/SourcePackages/checkouts/firebase-ios-sdk
    builtin-infoPlistUtility /Users/andreeapapillon/Library/Developer/Xcode/DerivedData/AICoven_Local-gvtpajtveckudhherqngqlizoxtt/Build/Intermediates.noindex/Firebase.build/Debug/Firebase_FirebaseMessaging.build/empty-Firebase_FirebaseMessaging.plist -producttype com.apple.product-type.bundle -expandbuildsettings -platform macosx -o /Users/andreeapapillon/Library/Developer/Xcode/DerivedData/AICoven_Local-gvtpajtveckudhherqngqlizoxtt/Build/Products/Debug/Firebase_FirebaseMessaging.bundle/Contents/Info.plist

ProcessInfoPlistFile /Users/andreeapapillon/Library/Developer/Xcode/DerivedData/AICoven_Local-gvtpajtveckudhherqngqlizoxtt/Build/Products/Debug/Firebase_FirebaseInstallations.bundle/Contents/Info.plist /Users/andreeapapillon/Library/Developer/Xcode/DerivedData/AICoven_Local-gvtpajtveckudhherqngqlizoxtt/Build/Intermediates.noindex/Firebase.build/Debug/Firebase_FirebaseInstallations.build/empty-Firebase_FirebaseInstallations.plist (in target 'Firebase_FirebaseInstallations' from project 'Firebase')
    cd /Users/andreeapapillon/Library/Developer/Xcode/DerivedData/AICoven_Local-gvtpajtveckudhherqngqlizoxtt/SourcePackages/checkouts/firebase-ios-sdk
    builtin-infoPlistUtility /Users/andreeapapillon/Library/Developer/Xcode/DerivedData/AICoven_Local-gvtpajtveckudhherqngqlizoxtt/Build/Intermediates.noindex/Firebase.build/Debug/Firebase_FirebaseInstallations.build/empty-Firebase_FirebaseInstallations.plist -producttype com.apple.product-type.bundle -expandbuildsettings -platform macosx -o /Users/andreeapapillon/Library/Developer/Xcode/DerivedData/AICoven_Local-gvtpajtveckudhherqngqlizoxtt/Build/Products/Debug/Firebase_FirebaseInstallations.bundle/Contents/Info.plist

ProcessInfoPlistFile /Users/andreeapapillon/Library/Developer/Xcode/DerivedData/AICoven_Local-gvtpajtveckudhherqngqlizoxtt/Build/Products/Debug/Firebase_FirebaseCrashlyticsSwift.bundle/Contents/Info.plist /Users/andreeapapillon/Library/Developer/Xcode/DerivedData/AICoven_Local-gvtpajtveckudhherqngqlizoxtt/Build/Intermediates.noindex/Firebase.build/Debug/Firebase_FirebaseCrashlyticsSwift.build/empty-Firebase_FirebaseCrashlyticsSwift.plist (in target 'Firebase_FirebaseCrashlyticsSwift' from project 'Firebase')
    cd /Users/andreeapapillon/Library/Developer/Xcode/DerivedData/AICoven_Local-gvtpajtveckudhherqngqlizoxtt/SourcePackages/checkouts/firebase-ios-sdk
    builtin-infoPlistUtility /Users/andreeapapillon/Library/Developer/Xcode/DerivedData/AICoven_Local-gvtpajtveckudhherqngqlizoxtt/Build/Intermediates.noindex/Firebase.build/Debug/Firebase_FirebaseCrashlyticsSwift.build/empty-Firebase_FirebaseCrashlyticsSwift.plist -producttype com.apple.product-type.bundle -expandbuildsettings -platform macosx -o /Users/andreeapapillon/Library/Developer/Xcode/DerivedData/AICoven_Local-gvtpajtveckudhherqngqlizoxtt/Build/Products/Debug/Firebase_FirebaseCrashlyticsSwift.bundle/Contents/Info.plist

ProcessInfoPlistFile /Users/andreeapapillon/Library/Developer/Xcode/DerivedData/AICoven_Local-gvtpajtveckudhherqngqlizoxtt/Build/Products/Debug/Firebase_FirebaseCrashlytics.bundle/Contents/Info.plist /Users/andreeapapillon/Library/Developer/Xcode/DerivedData/AICoven_Local-gvtpajtveckudhherqngqlizoxtt/Build/Intermediates.noindex/Firebase.build/Debug/Firebase_FirebaseCrashlytics.build/empty-Firebase_FirebaseCrashlytics.plist (in target 'Firebase_FirebaseCrashlytics' from project 'Firebase')
    cd /Users/andreeapapillon/Library/Developer/Xcode/DerivedData/AICoven_Local-gvtpajtveckudhherqngqlizoxtt/SourcePackages/checkouts/firebase-ios-sdk
    builtin-infoPlistUtility /Users/andreeapapillon/Library/Developer/Xcode/DerivedData/AICoven_Local-gvtpajtveckudhherqngqlizoxtt/Build/Intermediates.noindex/Firebase.build/Debug/Firebase_FirebaseCrashlytics.build/empty-Firebase_FirebaseCrashlytics.plist -producttype com.apple.product-type.bundle -expandbuildsettings -platform macosx -o /Users/andreeapapillon/Library/Developer/Xcode/DerivedData/AICoven_Local-gvtpajtveckudhherqngqlizoxtt/Build/Products/Debug/Firebase_FirebaseCrashlytics.bundle/Contents/Info.plist

ProcessInfoPlistFile /Users/andreeapapillon/Library/Developer/Xcode/DerivedData/AICoven_Local-gvtpajtveckudhherqngqlizoxtt/Build/Products/Debug/Firebase_FirebaseCoreInternal.bundle/Contents/Info.plist /Users/andreeapapillon/Library/Developer/Xcode/DerivedData/AICoven_Local-gvtpajtveckudhherqngqlizoxtt/Build/Intermediates.noindex/Firebase.build/Debug/Firebase_FirebaseCoreInternal.build/empty-Firebase_FirebaseCoreInternal.plist (in target 'Firebase_FirebaseCoreInternal' from project 'Firebase')
    cd /Users/andreeapapillon/Library/Developer/Xcode/DerivedData/AICoven_Local-gvtpajtveckudhherqngqlizoxtt/SourcePackages/checkouts/firebase-ios-sdk
    builtin-infoPlistUtility /Users/andreeapapillon/Library/Developer/Xcode/DerivedData/AICoven_Local-gvtpajtveckudhherqngqlizoxtt/Build/Intermediates.noindex/Firebase.build/Debug/Firebase_FirebaseCoreInternal.build/empty-Firebase_FirebaseCoreInternal.plist -producttype com.apple.product-type.bundle -expandbuildsettings -platform macosx -o /Users/andreeapapillon/Library/Developer/Xcode/DerivedData/AICoven_Local-gvtpajtveckudhherqngqlizoxtt/Build/Products/Debug/Firebase_FirebaseCoreInternal.bundle/Contents/Info.plist

ProcessInfoPlistFile /Users/andreeapapillon/Library/Developer/Xcode/DerivedData/AICoven_Local-gvtpajtveckudhherqngqlizoxtt/Build/Products/Debug/Firebase_FirebaseCoreExtension.bundle/Contents/Info.plist /Users/andreeapapillon/Library/Developer/Xcode/DerivedData/AICoven_Local-gvtpajtveckudhherqngqlizoxtt/Build/Intermediates.noindex/Firebase.build/Debug/Firebase_FirebaseCoreExtension.build/empty-Firebase_FirebaseCoreExtension.plist (in target 'Firebase_FirebaseCoreExtension' from project 'Firebase')
    cd /Users/andreeapapillon/Library/Developer/Xcode/DerivedData/AICoven_Local-gvtpajtveckudhherqngqlizoxtt/SourcePackages/checkouts/firebase-ios-sdk
    builtin-infoPlistUtility /Users/andreeapapillon/Library/Developer/Xcode/DerivedData/AICoven_Local-gvtpajtveckudhherqngqlizoxtt/Build/Intermediates.noindex/Firebase.build/Debug/Firebase_FirebaseCoreExtension.build/empty-Firebase_FirebaseCoreExtension.plist -producttype com.apple.product-type.bundle -expandbuildsettings -platform macosx -o /Users/andreeapapillon/Library/Developer/Xcode/DerivedData/AICoven_Local-gvtpajtveckudhherqngqlizoxtt/Build/Products/Debug/Firebase_FirebaseCoreExtension.bundle/Contents/Info.plist

ProcessInfoPlistFile /Users/andreeapapillon/Library/Developer/Xcode/DerivedData/AICoven_Local-gvtpajtveckudhherqngqlizoxtt/Build/Products/Debug/Firebase_FirebaseCore.bundle/Contents/Info.plist /Users/andreeapapillon/Library/Developer/Xcode/DerivedData/AICoven_Local-gvtpajtveckudhherqngqlizoxtt/Build/Intermediates.noindex/Firebase.build/Debug/Firebase_FirebaseCore.build/empty-Firebase_FirebaseCore.plist (in target 'Firebase_FirebaseCore' from project 'Firebase')
    cd /Users/andreeapapillon/Library/Developer/Xcode/DerivedData/AICoven_Local-gvtpajtveckudhherqngqlizoxtt/SourcePackages/checkouts/firebase-ios-sdk
    builtin-infoPlistUtility /Users/andreeapapillon/Library/Developer/Xcode/DerivedData/AICoven_Local-gvtpajtveckudhherqngqlizoxtt/Build/Intermediates.noindex/Firebase.build/Debug/Firebase_FirebaseCore.build/empty-Firebase_FirebaseCore.plist -producttype com.apple.product-type.bundle -expandbuildsettings -platform macosx -o /Users/andreeapapillon/Library/Developer/Xcode/DerivedData/AICoven_Local-gvtpajtveckudhherqngqlizoxtt/Build/Products/Debug/Firebase_FirebaseCore.bundle/Contents/Info.plist

WriteAuxiliaryFile /Users/andreeapapillon/Library/Developer/Xcode/DerivedData/AICoven_Local-gvtpajtveckudhherqngqlizoxtt/Build/Intermediates.noindex/AICoven\ Local.build/Debug/AICoven.build/Objects-normal/arm64/AICoven\ Dev.SwiftFileList (in target 'AICoven' from project 'AICoven Local')
    cd /Users/andreeapapillon/Documents/GitHub/aicoven-local-opensource/swift/AICoven
    write-file /Users/andreeapapillon/Library/Developer/Xcode/DerivedData/AICoven_Local-gvtpajtveckudhherqngqlizoxtt/Build/Intermediates.noindex/AICoven\ Local.build/Debug/AICoven.build/Objects-normal/arm64/AICoven\ Dev.SwiftFileList

WriteAuxiliaryFile /Users/andreeapapillon/Library/Developer/Xcode/DerivedData/AICoven_Local-gvtpajtveckudhherqngqlizoxtt/Build/Intermediates.noindex/AICoven\ Local.build/Debug/AICoven.build/Objects-normal/arm64/AICoven\ Dev.LinkFileList (in target 'AICoven' from project 'AICoven Local')
    cd /Users/andreeapapillon/Documents/GitHub/aicoven-local-opensource/swift/AICoven
    write-file /Users/andreeapapillon/Library/Developer/Xcode/DerivedData/AICoven_Local-gvtpajtveckudhherqngqlizoxtt/Build/Intermediates.noindex/AICoven\ Local.build/Debug/AICoven.build/Objects-normal/arm64/AICoven\ Dev.LinkFileList

WriteAuxiliaryFile /Users/andreeapapillon/Library/Developer/Xcode/DerivedData/AICoven_Local-gvtpajtveckudhherqngqlizoxtt/Build/Intermediates.noindex/AICoven\ Local.build/Debug/AICoven.build/Objects-normal/arm64/AICoven-OutputFileMap.json (in target 'AICoven' from project 'AICoven Local')
    cd /Users/andreeapapillon/Documents/GitHub/aicoven-local-opensource/swift/AICoven
    write-file /Users/andreeapapillon/Library/Developer/Xcode/DerivedData/AICoven_Local-gvtpajtveckudhherqngqlizoxtt/Build/Intermediates.noindex/AICoven\ Local.build/Debug/AICoven.build/Objects-normal/arm64/AICoven-OutputFileMap.json

WriteAuxiliaryFile /Users/andreeapapillon/Library/Developer/Xcode/DerivedData/AICoven_Local-gvtpajtveckudhherqngqlizoxtt/Build/Intermediates.noindex/AICoven\ Local.build/Debug/AICoven.build/Objects-normal/arm64/AICoven\ Dev.SwiftConstValuesFileList (in target 'AICoven' from project 'AICoven Local')
    cd /Users/andreeapapillon/Documents/GitHub/aicoven-local-opensource/swift/AICoven
    write-file /Users/andreeapapillon/Library/Developer/Xcode/DerivedData/AICoven_Local-gvtpajtveckudhherqngqlizoxtt/Build/Intermediates.noindex/AICoven\ Local.build/Debug/AICoven.build/Objects-normal/arm64/AICoven\ Dev.SwiftConstValuesFileList

GenerateAssetSymbols /Users/andreeapapillon/Documents/GitHub/aicoven-local-opensource/swift/AICoven/Resources/Assets.xcassets (in target 'AICoven' from project 'AICoven Local')
    cd /Users/andreeapapillon/Documents/GitHub/aicoven-local-opensource/swift/AICoven
    /Applications/Xcode.app/Contents/Developer/usr/bin/actool /Users/andreeapapillon/Documents/GitHub/aicoven-local-opensource/swift/AICoven/Resources/Assets.xcassets --compile /Users/andreeapapillon/Library/Developer/Xcode/DerivedData/AICoven_Local-gvtpajtveckudhherqngqlizoxtt/Build/Products/Debug/AICoven\ Dev.app/Contents/Resources --output-format human-readable-text --notices --warnings --export-dependency-info /Users/andreeapapillon/Library/Developer/Xcode/DerivedData/AICoven_Local-gvtpajtveckudhherqngqlizoxtt/Build/Intermediates.noindex/AICoven\ Local.build/Debug/AICoven.build/assetcatalog_dependencies --output-partial-info-plist /Users/andreeapapillon/Library/Developer/Xcode/DerivedData/AICoven_Local-gvtpajtveckudhherqngqlizoxtt/Build/Intermediates.noindex/AICoven\ Local.build/Debug/AICoven.build/assetcatalog_generated_info.plist --app-icon AppIcon --include-all-app-icons --accent-color AccentColor --enable-on-demand-resources NO --development-region en --target-device mac --minimum-deployment-target 14.0 --platform macosx --bundle-identifier com.aicoven.opensource --generate-swift-asset-symbols /Users/andreeapapillon/Library/Developer/Xcode/DerivedData/AICoven_Local-gvtpajtveckudhherqngqlizoxtt/Build/Intermediates.noindex/AICoven\ Local.build/Debug/AICoven.build/DerivedSources/GeneratedAssetSymbols.swift --generate-objc-asset-symbols /Users/andreeapapillon/Library/Developer/Xcode/DerivedData/AICoven_Local-gvtpajtveckudhherqngqlizoxtt/Build/Intermediates.noindex/AICoven\ Local.build/Debug/AICoven.build/DerivedSources/GeneratedAssetSymbols.h --generate-asset-symbol-index /Users/andreeapapillon/Library/Developer/Xcode/DerivedData/AICoven_Local-gvtpajtveckudhherqngqlizoxtt/Build/Intermediates.noindex/AICoven\ Local.build/Debug/AICoven.build/DerivedSources/GeneratedAssetSymbols-Index.plist
/* com.apple.actool.document.warnings */
/Users/andreeapapillon/Documents/GitHub/aicoven-local-opensource/swift/AICoven/Resources/Assets.xcassets:./onboarding_keys.imageset/[universal][][][2x][][][][][][][][][][]: warning: The image set "onboarding_keys" references a file "onboarding_keys.PNG", but that file does not have a valid extension.
/Users/andreeapapillon/Documents/GitHub/aicoven-local-opensource/swift/AICoven/Resources/Assets.xcassets:./onboarding_keys.imageset/[universal][][][3x][][][][][][][][][][]: warning: The image set "onboarding_keys" references a file "onboarding_keys.PNG", but that file does not have a valid extension.
/Users/andreeapapillon/Documents/GitHub/aicoven-local-opensource/swift/AICoven/Resources/Assets.xcassets:./onboarding_keys.imageset/[universal][][][1x][][][][][][][][][][]: warning: The image set "onboarding_keys" references a file "onboarding_keys.PNG", but that file does not have a valid extension.
/Users/andreeapapillon/Documents/GitHub/aicoven-local-opensource/swift/AICoven/Resources/Assets.xcassets:./onboarding_memory.imageset/[universal][][][1x][][][][][][][][][][]: warning: The image set "onboarding_memory" references a file "onboarding_memory.PNG", but that file does not have a valid extension.
/Users/andreeapapillon/Documents/GitHub/aicoven-local-opensource/swift/AICoven/Resources/Assets.xcassets:./onboarding_memory.imageset/[universal][][][2x][][][][][][][][][][]: warning: The image set "onboarding_memory" references a file "onboarding_memory.PNG", but that file does not have a valid extension.
/Users/andreeapapillon/Documents/GitHub/aicoven-local-opensource/swift/AICoven/Resources/Assets.xcassets:./onboarding_memory.imageset/[universal][][][3x][][][][][][][][][][]: warning: The image set "onboarding_memory" references a file "onboarding_memory.PNG", but that file does not have a valid extension.
/Users/andreeapapillon/Documents/GitHub/aicoven-local-opensource/swift/AICoven/Resources/Assets.xcassets:./onboarding_keys_2.imageset/[universal][][][2x][][][][][][][][][][]: warning: The image set "onboarding_keys_2" references a file "onboarding_keys_2.PNG", but that file does not have a valid extension.
/Users/andreeapapillon/Documents/GitHub/aicoven-local-opensource/swift/AICoven/Resources/Assets.xcassets:./onboarding_keys_2.imageset/[universal][][][3x][][][][][][][][][][]: warning: The image set "onboarding_keys_2" references a file "onboarding_keys_2.PNG", but that file does not have a valid extension.
/Users/andreeapapillon/Documents/GitHub/aicoven-local-opensource/swift/AICoven/Resources/Assets.xcassets:./onboarding_keys_2.imageset/[universal][][][1x][][][][][][][][][][]: warning: The image set "onboarding_keys_2" references a file "onboarding_keys_2.PNG", but that file does not have a valid extension.
/Users/andreeapapillon/Documents/GitHub/aicoven-local-opensource/swift/AICoven/Resources/Assets.xcassets:./onboarding_keys.imageset/[universal][][][2x][][][][][][][][][][]: warning: The image set "onboarding_keys" references a file "onboarding_keys.PNG", but that file does not have a valid extension.
/Users/andreeapapillon/Documents/GitHub/aicoven-local-opensource/swift/AICoven/Resources/Assets.xcassets:./onboarding_keys.imageset/[universal][][][3x][][][][][][][][][][]: warning: The image set "onboarding_keys" references a file "onboarding_keys.PNG", but that file does not have a valid extension.
/Users/andreeapapillon/Documents/GitHub/aicoven-local-opensource/swift/AICoven/Resources/Assets.xcassets:./onboarding_keys.imageset/[universal][][][1x][][][][][][][][][][]: warning: The image set "onboarding_keys" references a file "onboarding_keys.PNG", but that file does not have a valid extension.
/Users/andreeapapillon/Documents/GitHub/aicoven-local-opensource/swift/AICoven/Resources/Assets.xcassets:./onboarding_memory.imageset/[universal][][][1x][][][][][][][][][][]: warning: The image set "onboarding_memory" references a file "onboarding_memory.PNG", but that file does not have a valid extension.
/Users/andreeapapillon/Documents/GitHub/aicoven-local-opensource/swift/AICoven/Resources/Assets.xcassets:./onboarding_memory.imageset/[universal][][][2x][][][][][][][][][][]: warning: The image set "onboarding_memory" references a file "onboarding_memory.PNG", but that file does not have a valid extension.
/Users/andreeapapillon/Documents/GitHub/aicoven-local-opensource/swift/AICoven/Resources/Assets.xcassets:./onboarding_memory.imageset/[universal][][][3x][][][][][][][][][][]: warning: The image set "onboarding_memory" references a file "onboarding_memory.PNG", but that file does not have a valid extension.
/Users/andreeapapillon/Documents/GitHub/aicoven-local-opensource/swift/AICoven/Resources/Assets.xcassets:./onboarding_keys_2.imageset/[universal][][][2x][][][][][][][][][][]: warning: The image set "onboarding_keys_2" references a file "onboarding_keys_2.PNG", but that file does not have a valid extension.
/Users/andreeapapillon/Documents/GitHub/aicoven-local-opensource/swift/AICoven/Resources/Assets.xcassets:./onboarding_keys_2.imageset/[universal][][][3x][][][][][][][][][][]: warning: The image set "onboarding_keys_2" references a file "onboarding_keys_2.PNG", but that file does not have a valid extension.
/Users/andreeapapillon/Documents/GitHub/aicoven-local-opensource/swift/AICoven/Resources/Assets.xcassets:./onboarding_keys_2.imageset/[universal][][][1x][][][][][][][][][][]: warning: The image set "onboarding_keys_2" references a file "onboarding_keys_2.PNG", but that file does not have a valid extension.
/* com.apple.actool.compilation-results */
/Users/andreeapapillon/Library/Developer/Xcode/DerivedData/AICoven_Local-gvtpajtveckudhherqngqlizoxtt/Build/Intermediates.noindex/AICoven Local.build/Debug/AICoven.build/DerivedSources/GeneratedAssetSymbols-Index.plist
/Users/andreeapapillon/Library/Developer/Xcode/DerivedData/AICoven_Local-gvtpajtveckudhherqngqlizoxtt/Build/Intermediates.noindex/AICoven Local.build/Debug/AICoven.build/DerivedSources/GeneratedAssetSymbols.h
/Users/andreeapapillon/Library/Developer/Xcode/DerivedData/AICoven_Local-gvtpajtveckudhherqngqlizoxtt/Build/Intermediates.noindex/AICoven Local.build/Debug/AICoven.build/DerivedSources/GeneratedAssetSymbols.swift


CompileAssetCatalogVariant thinned /Users/andreeapapillon/Library/Developer/Xcode/DerivedData/AICoven_Local-gvtpajtveckudhherqngqlizoxtt/Build/Products/Debug/AICoven\ Dev.app/Contents/Resources /Users/andreeapapillon/Documents/GitHub/aicoven-local-opensource/swift/AICoven/Resources/Assets.xcassets (in target 'AICoven' from project 'AICoven Local')
    cd /Users/andreeapapillon/Documents/GitHub/aicoven-local-opensource/swift/AICoven
    /Applications/Xcode.app/Contents/Developer/usr/bin/actool /Users/andreeapapillon/Documents/GitHub/aicoven-local-opensource/swift/AICoven/Resources/Assets.xcassets --compile /Users/andreeapapillon/Library/Developer/Xcode/DerivedData/AICoven_Local-gvtpajtveckudhherqngqlizoxtt/Build/Intermediates.noindex/AICoven\ Local.build/Debug/AICoven.build/assetcatalog_output/thinned --output-format human-readable-text --notices --warnings --export-dependency-info /Users/andreeapapillon/Library/Developer/Xcode/DerivedData/AICoven_Local-gvtpajtveckudhherqngqlizoxtt/Build/Intermediates.noindex/AICoven\ Local.build/Debug/AICoven.build/assetcatalog_dependencies_thinned --output-partial-info-plist /Users/andreeapapillon/Library/Developer/Xcode/DerivedData/AICoven_Local-gvtpajtveckudhherqngqlizoxtt/Build/Intermediates.noindex/AICoven\ Local.build/Debug/AICoven.build/assetcatalog_generated_info.plist_thinned --app-icon AppIcon --include-all-app-icons --accent-color AccentColor --enable-on-demand-resources NO --development-region en --target-device mac --minimum-deployment-target 14.0 --platform macosx
/* com.apple.actool.notices */
/Users/andreeapapillon/Documents/GitHub/aicoven-local-opensource/swift/AICoven/Resources/Assets.xcassets: warning: Accent color ‘AccentColor’ is not present in any asset catalogs.
/* com.apple.actool.document.warnings */
/Users/andreeapapillon/Documents/GitHub/aicoven-local-opensource/swift/AICoven/Resources/Assets.xcassets:./onboarding_keys.imageset/[universal][][][1x][][][][][][][][][][]: warning: The image set "onboarding_keys" references a file "onboarding_keys.PNG", but that file does not have a valid extension.
/Users/andreeapapillon/Documents/GitHub/aicoven-local-opensource/swift/AICoven/Resources/Assets.xcassets:./onboarding_keys.imageset/[universal][][][3x][][][][][][][][][][]: warning: The image set "onboarding_keys" references a file "onboarding_keys.PNG", but that file does not have a valid extension.
/Users/andreeapapillon/Documents/GitHub/aicoven-local-opensource/swift/AICoven/Resources/Assets.xcassets:./onboarding_keys.imageset/[universal][][][2x][][][][][][][][][][]: warning: The image set "onboarding_keys" references a file "onboarding_keys.PNG", but that file does not have a valid extension.
/Users/andreeapapillon/Documents/GitHub/aicoven-local-opensource/swift/AICoven/Resources/Assets.xcassets:./onboarding_keys_2.imageset/[universal][][][3x][][][][][][][][][][]: warning: The image set "onboarding_keys_2" references a file "onboarding_keys_2.PNG", but that file does not have a valid extension.
/Users/andreeapapillon/Documents/GitHub/aicoven-local-opensource/swift/AICoven/Resources/Assets.xcassets:./onboarding_keys_2.imageset/[universal][][][2x][][][][][][][][][][]: warning: The image set "onboarding_keys_2" references a file "onboarding_keys_2.PNG", but that file does not have a valid extension.
/Users/andreeapapillon/Documents/GitHub/aicoven-local-opensource/swift/AICoven/Resources/Assets.xcassets:./onboarding_keys_2.imageset/[universal][][][1x][][][][][][][][][][]: warning: The image set "onboarding_keys_2" references a file "onboarding_keys_2.PNG", but that file does not have a valid extension.
/Users/andreeapapillon/Documents/GitHub/aicoven-local-opensource/swift/AICoven/Resources/Assets.xcassets:./onboarding_memory.imageset/[universal][][][2x][][][][][][][][][][]: warning: The image set "onboarding_memory" references a file "onboarding_memory.PNG", but that file does not have a valid extension.
/Users/andreeapapillon/Documents/GitHub/aicoven-local-opensource/swift/AICoven/Resources/Assets.xcassets:./onboarding_memory.imageset/[universal][][][3x][][][][][][][][][][]: warning: The image set "onboarding_memory" references a file "onboarding_memory.PNG", but that file does not have a valid extension.
/Users/andreeapapillon/Documents/GitHub/aicoven-local-opensource/swift/AICoven/Resources/Assets.xcassets:./onboarding_memory.imageset/[universal][][][1x][][][][][][][][][][]: warning: The image set "onboarding_memory" references a file "onboarding_memory.PNG", but that file does not have a valid extension.
/Users/andreeapapillon/Documents/GitHub/aicoven-local-opensource/swift/AICoven/Resources/Assets.xcassets:./onboarding_keys.imageset/[universal][][][2x][][][][][][][][][][]: warning: The image set "onboarding_keys" references a file "onboarding_keys.PNG", but that file does not have a valid extension.
/Users/andreeapapillon/Documents/GitHub/aicoven-local-opensource/swift/AICoven/Resources/Assets.xcassets:./onboarding_keys.imageset/[universal][][][3x][][][][][][][][][][]: warning: The image set "onboarding_keys" references a file "onboarding_keys.PNG", but that file does not have a valid extension.
/Users/andreeapapillon/Documents/GitHub/aicoven-local-opensource/swift/AICoven/Resources/Assets.xcassets:./onboarding_keys.imageset/[universal][][][1x][][][][][][][][][][]: warning: The image set "onboarding_keys" references a file "onboarding_keys.PNG", but that file does not have a valid extension.
/Users/andreeapapillon/Documents/GitHub/aicoven-local-opensource/swift/AICoven/Resources/Assets.xcassets:./onboarding_keys_2.imageset/[universal][][][2x][][][][][][][][][][]: warning: The image set "onboarding_keys_2" references a file "onboarding_keys_2.PNG", but that file does not have a valid extension.
/Users/andreeapapillon/Documents/GitHub/aicoven-local-opensource/swift/AICoven/Resources/Assets.xcassets:./onboarding_keys_2.imageset/[universal][][][3x][][][][][][][][][][]: warning: The image set "onboarding_keys_2" references a file "onboarding_keys_2.PNG", but that file does not have a valid extension.
/Users/andreeapapillon/Documents/GitHub/aicoven-local-opensource/swift/AICoven/Resources/Assets.xcassets:./onboarding_keys_2.imageset/[universal][][][1x][][][][][][][][][][]: warning: The image set "onboarding_keys_2" references a file "onboarding_keys_2.PNG", but that file does not have a valid extension.
/Users/andreeapapillon/Documents/GitHub/aicoven-local-opensource/swift/AICoven/Resources/Assets.xcassets:./onboarding_memory.imageset/[universal][][][1x][][][][][][][][][][]: warning: The image set "onboarding_memory" references a file "onboarding_memory.PNG", but that file does not have a valid extension.
/Users/andreeapapillon/Documents/GitHub/aicoven-local-opensource/swift/AICoven/Resources/Assets.xcassets:./onboarding_memory.imageset/[universal][][][2x][][][][][][][][][][]: warning: The image set "onboarding_memory" references a file "onboarding_memory.PNG", but that file does not have a valid extension.
/Users/andreeapapillon/Documents/GitHub/aicoven-local-opensource/swift/AICoven/Resources/Assets.xcassets:./onboarding_memory.imageset/[universal][][][3x][][][][][][][][][][]: warning: The image set "onboarding_memory" references a file "onboarding_memory.PNG", but that file does not have a valid extension.
/Users/andreeapapillon/Documents/GitHub/aicoven-local-opensource/swift/AICoven/Resources/Assets.xcassets:./onboarding_keys.imageset/[universal][][][1x][][][][][][][][][][]: warning: The image set "onboarding_keys" references a file "onboarding_keys.PNG", but that file does not have a valid extension.
/Users/andreeapapillon/Documents/GitHub/aicoven-local-opensource/swift/AICoven/Resources/Assets.xcassets:./onboarding_keys.imageset/[universal][][][3x][][][][][][][][][][]: warning: The image set "onboarding_keys" references a file "onboarding_keys.PNG", but that file does not have a valid extension.
/Users/andreeapapillon/Documents/GitHub/aicoven-local-opensource/swift/AICoven/Resources/Assets.xcassets:./onboarding_keys.imageset/[universal][][][2x][][][][][][][][][][]: warning: The image set "onboarding_keys" references a file "onboarding_keys.PNG", but that file does not have a valid extension.
/Users/andreeapapillon/Documents/GitHub/aicoven-local-opensource/swift/AICoven/Resources/Assets.xcassets:./onboarding_keys_2.imageset/[universal][][][3x][][][][][][][][][][]: warning: The image set "onboarding_keys_2" references a file "onboarding_keys_2.PNG", but that file does not have a valid extension.
/Users/andreeapapillon/Documents/GitHub/aicoven-local-opensource/swift/AICoven/Resources/Assets.xcassets:./onboarding_keys_2.imageset/[universal][][][2x][][][][][][][][][][]: warning: The image set "onboarding_keys_2" references a file "onboarding_keys_2.PNG", but that file does not have a valid extension.
/Users/andreeapapillon/Documents/GitHub/aicoven-local-opensource/swift/AICoven/Resources/Assets.xcassets:./onboarding_keys_2.imageset/[universal][][][1x][][][][][][][][][][]: warning: The image set "onboarding_keys_2" references a file "onboarding_keys_2.PNG", but that file does not have a valid extension.
/Users/andreeapapillon/Documents/GitHub/aicoven-local-opensource/swift/AICoven/Resources/Assets.xcassets:./onboarding_memory.imageset/[universal][][][2x][][][][][][][][][][]: warning: The image set "onboarding_memory" references a file "onboarding_memory.PNG", but that file does not have a valid extension.
/Users/andreeapapillon/Documents/GitHub/aicoven-local-opensource/swift/AICoven/Resources/Assets.xcassets:./onboarding_memory.imageset/[universal][][][3x][][][][][][][][][][]: warning: The image set "onboarding_memory" references a file "onboarding_memory.PNG", but that file does not have a valid extension.
/Users/andreeapapillon/Documents/GitHub/aicoven-local-opensource/swift/AICoven/Resources/Assets.xcassets:./onboarding_memory.imageset/[universal][][][1x][][][][][][][][][][]: warning: The image set "onboarding_memory" references a file "onboarding_memory.PNG", but that file does not have a valid extension.
/* com.apple.actool.compilation-results */
/Users/andreeapapillon/Library/Developer/Xcode/DerivedData/AICoven_Local-gvtpajtveckudhherqngqlizoxtt/Build/Intermediates.noindex/AICoven Local.build/Debug/AICoven.build/assetcatalog_generated_info.plist_thinned
/Users/andreeapapillon/Library/Developer/Xcode/DerivedData/AICoven_Local-gvtpajtveckudhherqngqlizoxtt/Build/Intermediates.noindex/AICoven Local.build/Debug/AICoven.build/assetcatalog_output/thinned/AppIcon.icns
/Users/andreeapapillon/Library/Developer/Xcode/DerivedData/AICoven_Local-gvtpajtveckudhherqngqlizoxtt/Build/Intermediates.noindex/AICoven Local.build/Debug/AICoven.build/assetcatalog_output/thinned/Assets.car


SwiftDriver AICoven normal arm64 com.apple.xcode.tools.swift.compiler (in target 'AICoven' from project 'AICoven Local')
    cd /Users/andreeapapillon/Documents/GitHub/aicoven-local-opensource/swift/AICoven
    builtin-SwiftDriver -- /Applications/Xcode.app/Contents/Developer/Toolchains/XcodeDefault.xctoolchain/usr/bin/swiftc -module-name AICoven -Onone @/Users/andreeapapillon/Library/Developer/Xcode/DerivedData/AICoven_Local-gvtpajtveckudhherqngqlizoxtt/Build/Intermediates.noindex/AICoven\ Local.build/Debug/AICoven.build/Objects-normal/arm64/AICoven\ Dev.SwiftFileList -DDEBUG -Xcc -fmodule-map-file\=/Users/andreeapapillon/Library/Developer/Xcode/DerivedData/AICoven_Local-gvtpajtveckudhherqngqlizoxtt/Build/Intermediates.noindex/GeneratedModuleMaps/GoogleAdsOnDeviceConversionTarget.modulemap -Xcc -fmodule-map-file\=/Users/andreeapapillon/Library/Developer/Xcode/DerivedData/AICoven_Local-gvtpajtveckudhherqngqlizoxtt/Build/Intermediates.noindex/GeneratedModuleMaps/GoogleAppMeasurementTarget.modulemap -Xcc -fmodule-map-file\=/Users/andreeapapillon/Library/Developer/Xcode/DerivedData/AICoven_Local-gvtpajtveckudhherqngqlizoxtt/Build/Intermediates.noindex/GeneratedModuleMaps/FirebaseAnalyticsWrapper.modulemap -Xcc -fmodule-map-file\=/Users/andreeapapillon/Library/Developer/Xcode/DerivedData/AICoven_Local-gvtpajtveckudhherqngqlizoxtt/Build/Intermediates.noindex/GeneratedModuleMaps/FirebaseAnalyticsTarget.modulemap -Xcc -fmodule-map-file\=/Users/andreeapapillon/Library/Developer/Xcode/DerivedData/AICoven_Local-gvtpajtveckudhherqngqlizoxtt/Build/Intermediates.noindex/GeneratedModuleMaps/GoogleAppMeasurementIdentitySupportTarget.modulemap -Xcc -fmodule-map-file\=/Users/andreeapapillon/Library/Developer/Xcode/DerivedData/AICoven_Local-gvtpajtveckudhherqngqlizoxtt/Build/Intermediates.noindex/GeneratedModuleMaps/FirebaseAnalyticsIdentitySupportTarget.modulemap -Xcc -fmodule-map-file\=/Users/andreeapapillon/Library/Developer/Xcode/DerivedData/AICoven_Local-gvtpajtveckudhherqngqlizoxtt/Build/Intermediates.noindex/GeneratedModuleMaps/FirebaseMessaging.modulemap -Xcc -fmodule-map-file\=/Users/andreeapapillon/Library/Developer/Xcode/DerivedData/AICoven_Local-gvtpajtveckudhherqngqlizoxtt/Build/Intermediates.noindex/GeneratedModuleMaps/GoogleDataTransport.modulemap -Xcc -fmodule-map-file\=/Users/andreeapapillon/Library/Developer/Xcode/DerivedData/AICoven_Local-gvtpajtveckudhherqngqlizoxtt/Build/Intermediates.noindex/GeneratedModuleMaps/FirebaseSessionsObjC.modulemap -Xcc -fmodule-map-file\=/Users/andreeapapillon/Library/Developer/Xcode/DerivedData/AICoven_Local-gvtpajtveckudhherqngqlizoxtt/Build/Intermediates.noindex/GeneratedModuleMaps/FirebaseCrashlytics.modulemap -Xcc -fmodule-map-file\=/Users/andreeapapillon/Library/Developer/Xcode/DerivedData/AICoven_Local-gvtpajtveckudhherqngqlizoxtt/Build/Intermediates.noindex/GeneratedModuleMaps/FirebaseRemoteConfigInternal.modulemap -Xcc -fmodule-map-file\=/Users/andreeapapillon/Library/Developer/Xcode/DerivedData/AICoven_Local-gvtpajtveckudhherqngqlizoxtt/Build/Intermediates.noindex/GeneratedModuleMaps/FirebaseABTesting.modulemap -Xcc -fmodule-map-file\=/Users/andreeapapillon/Library/Developer/Xcode/DerivedData/AICoven_Local-gvtpajtveckudhherqngqlizoxtt/Build/Intermediates.noindex/GeneratedModuleMaps/GoogleUtilities-UserDefaults.modulemap -Xcc -fmodule-map-file\=/Users/andreeapapillon/Library/Developer/Xcode/DerivedData/AICoven_Local-gvtpajtveckudhherqngqlizoxtt/Build/Intermediates.noindex/GeneratedModuleMaps/GoogleAppMeasurementCoreTarget.modulemap -Xcc -fmodule-map-file\=/Users/andreeapapillon/Library/Developer/Xcode/DerivedData/AICoven_Local-gvtpajtveckudhherqngqlizoxtt/Build/Intermediates.noindex/GeneratedModuleMaps/GoogleUtilities-MethodSwizzler.modulemap -Xcc -fmodule-map-file\=/Users/andreeapapillon/Library/Developer/Xcode/DerivedData/AICoven_Local-gvtpajtveckudhherqngqlizoxtt/Build/Intermediates.noindex/GeneratedModuleMaps/nanopb.modulemap -Xcc -fmodule-map-file\=/Users/andreeapapillon/Library/Developer/Xcode/DerivedData/AICoven_Local-gvtpajtveckudhherqngqlizoxtt/Build/Intermediates.noindex/GeneratedModuleMaps/FirebaseAnalyticsCoreWrapper.modulemap -Xcc -fmodule-map-file\=/Users/andreeapapillon/Library/Developer/Xcode/DerivedData/AICoven_Local-gvtpajtveckudhherqngqlizoxtt/Build/Intermediates.noindex/GeneratedModuleMaps/FirebaseInstallations.modulemap -Xcc -fmodule-map-file\=/Users/andreeapapillon/Library/Developer/Xcode/DerivedData/AICoven_Local-gvtpajtveckudhherqngqlizoxtt/Build/Intermediates.noindex/GeneratedModuleMaps/FirebaseAnalyticsCoreTarget.modulemap -Xcc -fmodule-map-file\=/Users/andreeapapillon/Library/Developer/Xcode/DerivedData/AICoven_Local-gvtpajtveckudhherqngqlizoxtt/Build/Intermediates.noindex/GeneratedModuleMaps/RecaptchaInterop.modulemap -Xcc -fmodule-map-file\=/Users/andreeapapillon/Library/Developer/Xcode/DerivedData/AICoven_Local-gvtpajtveckudhherqngqlizoxtt/Build/Intermediates.noindex/GeneratedModuleMaps/GoogleUtilities-Network.modulemap -Xcc -fmodule-map-file\=/Users/andreeapapillon/Library/Developer/Xcode/DerivedData/AICoven_Local-gvtpajtveckudhherqngqlizoxtt/Build/Intermediates.noindex/GeneratedModuleMaps/GoogleUtilities-Reachability.modulemap -Xcc -fmodule-map-file\=/Users/andreeapapillon/Library/Developer/Xcode/DerivedData/AICoven_Local-gvtpajtveckudhherqngqlizoxtt/Build/Intermediates.noindex/GeneratedModuleMaps/GoogleUtilities-NSData.modulemap -Xcc -fmodule-map-file\=/Users/andreeapapillon/Library/Developer/Xcode/DerivedData/AICoven_Local-gvtpajtveckudhherqngqlizoxtt/Build/Intermediates.noindex/GeneratedModuleMaps/GoogleUtilities-Logger.modulemap -Xcc -fmodule-map-file\=/Users/andreeapapillon/Library/Developer/Xcode/DerivedData/AICoven_Local-gvtpajtveckudhherqngqlizoxtt/Build/Intermediates.noindex/GeneratedModuleMaps/GoogleUtilities-Environment.modulemap -Xcc -fmodule-map-file\=/Users/andreeapapillon/Library/Developer/Xcode/DerivedData/AICoven_Local-gvtpajtveckudhherqngqlizoxtt/Build/Intermediates.noindex/GeneratedModuleMaps/third-party-IsAppEncrypted.modulemap -Xcc -fmodule-map-file\=/Users/andreeapapillon/Library/Developer/Xcode/DerivedData/AICoven_Local-gvtpajtveckudhherqngqlizoxtt/Build/Intermediates.noindex/GeneratedModuleMaps/GoogleUtilities-AppDelegateSwizzler.modulemap -Xcc -fmodule-map-file\=/Users/andreeapapillon/Library/Developer/Xcode/DerivedData/AICoven_Local-gvtpajtveckudhherqngqlizoxtt/Build/Intermediates.noindex/GeneratedModuleMaps/GTMSessionFetcherCore.modulemap -Xcc -fmodule-map-file\=/Users/andreeapapillon/Library/Developer/Xcode/DerivedData/AICoven_Local-gvtpajtveckudhherqngqlizoxtt/Build/Intermediates.noindex/GeneratedModuleMaps/FirebaseCoreExtension.modulemap -Xcc -fmodule-map-file\=/Users/andreeapapillon/Library/Developer/Xcode/DerivedData/AICoven_Local-gvtpajtveckudhherqngqlizoxtt/Build/Intermediates.noindex/GeneratedModuleMaps/FirebaseCore.modulemap -Xcc -fmodule-map-file\=/Users/andreeapapillon/Library/Developer/Xcode/DerivedData/AICoven_Local-gvtpajtveckudhherqngqlizoxtt/Build/Intermediates.noindex/GeneratedModuleMaps/FirebaseAuthInternal.modulemap -Xcc -fmodule-map-file\=/Users/andreeapapillon/Library/Developer/Xcode/DerivedData/AICoven_Local-gvtpajtveckudhherqngqlizoxtt/Build/Intermediates.noindex/GeneratedModuleMaps/FirebaseAuthInterop.modulemap -Xcc -fmodule-map-file\=/Users/andreeapapillon/Library/Developer/Xcode/DerivedData/AICoven_Local-gvtpajtveckudhherqngqlizoxtt/Build/Intermediates.noindex/GeneratedModuleMaps/FirebaseAppCheckInterop.modulemap -Xcc -fmodule-map-file\=/Users/andreeapapillon/Library/Developer/Xcode/DerivedData/AICoven_Local-gvtpajtveckudhherqngqlizoxtt/SourcePackages/checkouts/GRDB.swift/Sources/GRDBSQLite/module.modulemap -default-isolation\=MainActor -enable-bare-slash-regex -enable-upcoming-feature DisableOutwardActorInference -enable-upcoming-feature InferSendableFromCaptures -enable-upcoming-feature GlobalActorIsolatedTypesUsability -enable-upcoming-feature MemberImportVisibility -enable-upcoming-feature InferIsolatedConformances -enable-upcoming-feature NonisolatedNonsendingByDefault -enable-experimental-feature DebugDescriptionMacro -sdk /Applications/Xcode.app/Contents/Developer/Platforms/MacOSX.platform/Developer/SDKs/MacOSX26.4.sdk -target arm64-apple-macos14.0 -g -module-cache-path /Users/andreeapapillon/Library/Developer/Xcode/DerivedData/ModuleCache.noindex -Xfrontend -serialize-debugging-options -profile-coverage-mapping -profile-generate -enable-testing -index-store-path /Users/andreeapapillon/Library/Developer/Xcode/DerivedData/AICoven_Local-gvtpajtveckudhherqngqlizoxtt/Index.noindex/DataStore -Xcc -D_LIBCPP_HARDENING_MODE\=_LIBCPP_HARDENING_MODE_DEBUG -swift-version 5 -I /Users/andreeapapillon/Library/Developer/Xcode/DerivedData/AICoven_Local-gvtpajtveckudhherqngqlizoxtt/Build/Products/Debug -F /Users/andreeapapillon/Library/Developer/Xcode/DerivedData/AICoven_Local-gvtpajtveckudhherqngqlizoxtt/Build/Products/Debug/PackageFrameworks -F /Users/andreeapapillon/Library/Developer/Xcode/DerivedData/AICoven_Local-gvtpajtveckudhherqngqlizoxtt/Build/Products/Debug/PackageFrameworks -F /Users/andreeapapillon/Library/Developer/Xcode/DerivedData/AICoven_Local-gvtpajtveckudhherqngqlizoxtt/Build/Products/Debug/PackageFrameworks -F /Users/andreeapapillon/Library/Developer/Xcode/DerivedData/AICoven_Local-gvtpajtveckudhherqngqlizoxtt/Build/Products/Debug/PackageFrameworks -F /Users/andreeapapillon/Library/Developer/Xcode/DerivedData/AICoven_Local-gvtpajtveckudhherqngqlizoxtt/Build/Products/Debug/PackageFrameworks -F /Users/andreeapapillon/Library/Developer/Xcode/DerivedData/AICoven_Local-gvtpajtveckudhherqngqlizoxtt/Build/Products/Debug/PackageFrameworks -F /Users/andreeapapillon/Library/Developer/Xcode/DerivedData/AICoven_Local-gvtpajtveckudhherqngqlizoxtt/Build/Products/Debug/PackageFrameworks -F /Users/andreeapapillon/Library/Developer/Xcode/DerivedData/AICoven_Local-gvtpajtveckudhherqngqlizoxtt/Build/Products/Debug/PackageFrameworks -F /Users/andreeapapillon/Library/Developer/Xcode/DerivedData/AICoven_Local-gvtpajtveckudhherqngqlizoxtt/Build/Products/Debug/PackageFrameworks -F /Users/andreeapapillon/Library/Developer/Xcode/DerivedData/AICoven_Local-gvtpajtveckudhherqngqlizoxtt/Build/Products/Debug/PackageFrameworks -F /Users/andreeapapillon/Library/Developer/Xcode/DerivedData/AICoven_Local-gvtpajtveckudhherqngqlizoxtt/Build/Products/Debug/PackageFrameworks -F /Users/andreeapapillon/Library/Developer/Xcode/DerivedData/AICoven_Local-gvtpajtveckudhherqngqlizoxtt/Build/Products/Debug/PackageFrameworks -F /Users/andreeapapillon/Library/Developer/Xcode/DerivedData/AICoven_Local-gvtpajtveckudhherqngqlizoxtt/Build/Products/Debug/PackageFrameworks -F /Users/andreeapapillon/Library/Developer/Xcode/DerivedData/AICoven_Local-gvtpajtveckudhherqngqlizoxtt/Build/Products/Debug/PackageFrameworks -F /Users/andreeapapillon/Library/Developer/Xcode/DerivedData/AICoven_Local-gvtpajtveckudhherqngqlizoxtt/Build/Products/Debug/PackageFrameworks -F /Users/andreeapapillon/Library/Developer/Xcode/DerivedData/AICoven_Local-gvtpajtveckudhherqngqlizoxtt/Build/Products/Debug/PackageFrameworks -F /Users/andreeapapillon/Library/Developer/Xcode/DerivedData/AICoven_Local-gvtpajtveckudhherqngqlizoxtt/Build/Products/Debug/PackageFrameworks -F /Users/andreeapapillon/Library/Developer/Xcode/DerivedData/AICoven_Local-gvtpajtveckudhherqngqlizoxtt/Build/Products/Debug/PackageFrameworks -F /Users/andreeapapillon/Library/Developer/Xcode/DerivedData/AICoven_Local-gvtpajtveckudhherqngqlizoxtt/Build/Products/Debug/PackageFrameworks -F /Users/andreeapapillon/Library/Developer/Xcode/DerivedData/AICoven_Local-gvtpajtveckudhherqngqlizoxtt/Build/Products/Debug/PackageFrameworks -F /Users/andreeapapillon/Library/Developer/Xcode/DerivedData/AICoven_Local-gvtpajtveckudhherqngqlizoxtt/Build/Products/Debug/PackageFrameworks -F /Users/andreeapapillon/Library/Developer/Xcode/DerivedData/AICoven_Local-gvtpajtveckudhherqngqlizoxtt/Build/Products/Debug/PackageFrameworks -F /Users/andreeapapillon/Library/Developer/Xcode/DerivedData/AICoven_Local-gvtpajtveckudhherqngqlizoxtt/Build/Products/Debug/PackageFrameworks -F /Users/andreeapapillon/Library/Developer/Xcode/DerivedData/AICoven_Local-gvtpajtveckudhherqngqlizoxtt/Build/Products/Debug/PackageFrameworks -F /Users/andreeapapillon/Library/Developer/Xcode/DerivedData/AICoven_Local-gvtpajtveckudhherqngqlizoxtt/Build/Products/Debug/PackageFrameworks -F /Users/andreeapapillon/Library/Developer/Xcode/DerivedData/AICoven_Local-gvtpajtveckudhherqngqlizoxtt/Build/Products/Debug/PackageFrameworks -F /Users/andreeapapillon/Library/Developer/Xcode/DerivedData/AICoven_Local-gvtpajtveckudhherqngqlizoxtt/Build/Products/Debug/PackageFrameworks -F /Users/andreeapapillon/Library/Developer/Xcode/DerivedData/AICoven_Local-gvtpajtveckudhherqngqlizoxtt/Build/Products/Debug/PackageFrameworks -F /Users/andreeapapillon/Library/Developer/Xcode/DerivedData/AICoven_Local-gvtpajtveckudhherqngqlizoxtt/Build/Products/Debug/PackageFrameworks -F /Users/andreeapapillon/Library/Developer/Xcode/DerivedData/AICoven_Local-gvtpajtveckudhherqngqlizoxtt/Build/Products/Debug/PackageFrameworks -F /Users/andreeapapillon/Library/Developer/Xcode/DerivedData/AICoven_Local-gvtpajtveckudhherqngqlizoxtt/Build/Products/Debug/PackageFrameworks -F /Users/andreeapapillon/Library/Developer/Xcode/DerivedData/AICoven_Local-gvtpajtveckudhherqngqlizoxtt/Build/Products/Debug/PackageFrameworks -F /Users/andreeapapillon/Library/Developer/Xcode/DerivedData/AICoven_Local-gvtpajtveckudhherqngqlizoxtt/Build/Products/Debug/PackageFrameworks -F /Users/andreeapapillon/Library/Developer/Xcode/DerivedData/AICoven_Local-gvtpajtveckudhherqngqlizoxtt/Build/Products/Debug/PackageFrameworks -F /Users/andreeapapillon/Library/Developer/Xcode/DerivedData/AICoven_Local-gvtpajtveckudhherqngqlizoxtt/Build/Products/Debug/PackageFrameworks -F /Users/andreeapapillon/Library/Developer/Xcode/DerivedData/AICoven_Local-gvtpajtveckudhherqngqlizoxtt/Build/Products/Debug/PackageFrameworks -F /Users/andreeapapillon/Library/Developer/Xcode/DerivedData/AICoven_Local-gvtpajtveckudhherqngqlizoxtt/Build/Products/Debug/PackageFrameworks -F /Users/andreeapapillon/Library/Developer/Xcode/DerivedData/AICoven_Local-gvtpajtveckudhherqngqlizoxtt/Build/Products/Debug/PackageFrameworks -F /Users/andreeapapillon/Library/Developer/Xcode/DerivedData/AICoven_Local-gvtpajtveckudhherqngqlizoxtt/Build/Products/Debug/PackageFrameworks -F /Users/andreeapapillon/Library/Developer/Xcode/DerivedData/AICoven_Local-gvtpajtveckudhherqngqlizoxtt/Build/Products/Debug/PackageFrameworks -F /Users/andreeapapillon/Library/Developer/Xcode/DerivedData/AICoven_Local-gvtpajtveckudhherqngqlizoxtt/Build/Products/Debug/PackageFrameworks -F /Users/andreeapapillon/Library/Developer/Xcode/DerivedData/AICoven_Local-gvtpajtveckudhherqngqlizoxtt/Build/Products/Debug/PackageFrameworks -F /Users/andreeapapillon/Library/Developer/Xcode/DerivedData/AICoven_Local-gvtpajtveckudhherqngqlizoxtt/Build/Products/Debug/PackageFrameworks -F /Users/andreeapapillon/Library/Developer/Xcode/DerivedData/AICoven_Local-gvtpajtveckudhherqngqlizoxtt/Build/Products/Debug/PackageFrameworks -F /Users/andreeapapillon/Library/Developer/Xcode/DerivedData/AICoven_Local-gvtpajtveckudhherqngqlizoxtt/Build/Products/Debug/PackageFrameworks -F /Users/andreeapapillon/Library/Developer/Xcode/DerivedData/AICoven_Local-gvtpajtveckudhherqngqlizoxtt/Build/Products/Debug/PackageFrameworks -F /Users/andreeapapillon/Library/Developer/Xcode/DerivedData/AICoven_Local-gvtpajtveckudhherqngqlizoxtt/Build/Products/Debug/PackageFrameworks -F /Users/andreeapapillon/Library/Developer/Xcode/DerivedData/AICoven_Local-gvtpajtveckudhherqngqlizoxtt/Build/Products/Debug/PackageFrameworks -F /Users/andreeapapillon/Library/Developer/Xcode/DerivedData/AICoven_Local-gvtpajtveckudhherqngqlizoxtt/Build/Products/Debug/PackageFrameworks -F /Users/andreeapapillon/Library/Developer/Xcode/DerivedData/AICoven_Local-gvtpajtveckudhherqngqlizoxtt/Build/Products/Debug/PackageFrameworks -F /Users/andreeapapillon/Library/Developer/Xcode/DerivedData/AICoven_Local-gvtpajtveckudhherqngqlizoxtt/Build/Products/Debug/PackageFrameworks -F /Users/andreeapapillon/Library/Developer/Xcode/DerivedData/AICoven_Local-gvtpajtveckudhherqngqlizoxtt/Build/Products/Debug/PackageFrameworks -F /Users/andreeapapillon/Library/Developer/Xcode/DerivedData/AICoven_Local-gvtpajtveckudhherqngqlizoxtt/Build/Products/Debug/PackageFrameworks -F /Users/andreeapapillon/Library/Developer/Xcode/DerivedData/AICoven_Local-gvtpajtveckudhherqngqlizoxtt/Build/Products/Debug/PackageFrameworks -F /Users/andreeapapillon/Library/Developer/Xcode/DerivedData/AICoven_Local-gvtpajtveckudhherqngqlizoxtt/Build/Products/Debug/PackageFrameworks -F /Users/andreeapapillon/Library/Developer/Xcode/DerivedData/AICoven_Local-gvtpajtveckudhherqngqlizoxtt/Build/Products/Debug/PackageFrameworks -F /Users/andreeapapillon/Library/Developer/Xcode/DerivedData/AICoven_Local-gvtpajtveckudhherqngqlizoxtt/Build/Products/Debug/PackageFrameworks -F /Users/andreeapapillon/Library/Developer/Xcode/DerivedData/AICoven_Local-gvtpajtveckudhherqngqlizoxtt/Build/Products/Debug/PackageFrameworks -F /Users/andreeapapillon/Library/Developer/Xcode/DerivedData/AICoven_Local-gvtpajtveckudhherqngqlizoxtt/Build/Products/Debug/PackageFrameworks -F /Users/andreeapapillon/Library/Developer/Xcode/DerivedData/AICoven_Local-gvtpajtveckudhherqngqlizoxtt/Build/Products/Debug/PackageFrameworks -F /Users/andreeapapillon/Library/Developer/Xcode/DerivedData/AICoven_Local-gvtpajtveckudhherqngqlizoxtt/Build/Products/Debug/PackageFrameworks -F /Users/andreeapapillon/Library/Developer/Xcode/DerivedData/AICoven_Local-gvtpajtveckudhherqngqlizoxtt/Build/Products/Debug/PackageFrameworks -F /Users/andreeapapillon/Library/Developer/Xcode/DerivedData/AICoven_Local-gvtpajtveckudhherqngqlizoxtt/Build/Products/Debug/PackageFrameworks -F /Users/andreeapapillon/Library/Developer/Xcode/DerivedData/AICoven_Local-gvtpajtveckudhherqngqlizoxtt/Build/Products/Debug/PackageFrameworks -F /Users/andreeapapillon/Library/Developer/Xcode/DerivedData/AICoven_Local-gvtpajtveckudhherqngqlizoxtt/Build/Products/Debug -emit-localized-strings -emit-localized-strings-path /Users/andreeapapillon/Library/Developer/Xcode/DerivedData/AICoven_Local-gvtpajtveckudhherqngqlizoxtt/Build/Intermediates.noindex/AICoven\ Local.build/Debug/AICoven.build/Objects-normal/arm64 -c -j10 -enable-batch-mode -incremental -Xcc -ivfsstatcache -Xcc /Users/andreeapapillon/Library/Developer/Xcode/DerivedData/SDKStatCaches.noindex/macosx26.4-25E236-688ef53f1462e2c8f657fdc38a81448f30f9ca8789b706f8bd3fc906a70d770f.sdkstatcache -output-file-map /Users/andreeapapillon/Library/Developer/Xcode/DerivedData/AICoven_Local-gvtpajtveckudhherqngqlizoxtt/Build/Intermediates.noindex/AICoven\ Local.build/Debug/AICoven.build/Objects-normal/arm64/AICoven-OutputFileMap.json -use-frontend-parseable-output -save-temps -no-color-diagnostics -explicit-module-build -module-cache-path /Users/andreeapapillon/Library/Developer/Xcode/DerivedData/AICoven_Local-gvtpajtveckudhherqngqlizoxtt/Build/Intermediates.noindex/SwiftExplicitPrecompiledModules -clang-scanner-module-cache-path /Users/andreeapapillon/Library/Developer/Xcode/DerivedData/ModuleCache.noindex -sdk-module-cache-path /Users/andreeapapillon/Library/Developer/Xcode/DerivedData/ModuleCache.noindex -serialize-diagnostics -emit-dependencies -emit-module -emit-module-path /Users/andreeapapillon/Library/Developer/Xcode/DerivedData/AICoven_Local-gvtpajtveckudhherqngqlizoxtt/Build/Intermediates.noindex/AICoven\ Local.build/Debug/AICoven.build/Objects-normal/arm64/AICoven.swiftmodule -validate-clang-modules-once -clang-build-session-file /Users/andreeapapillon/Library/Developer/Xcode/DerivedData/ModuleCache.noindex/Session.modulevalidation -Xcc -I/Users/andreeapapillon/Library/Developer/Xcode/DerivedData/AICoven_Local-gvtpajtveckudhherqngqlizoxtt/Build/Intermediates.noindex/AICoven\ Local.build/Debug/AICoven.build/swift-overrides.hmap -emit-const-values -Xfrontend -const-gather-protocols-file -Xfrontend /Users/andreeapapillon/Library/Developer/Xcode/DerivedData/AICoven_Local-gvtpajtveckudhherqngqlizoxtt/Build/Intermediates.noindex/AICoven\ Local.build/Debug/AICoven.build/Objects-normal/arm64/AICoven_const_extract_protocols.json -Xcc -iquote -Xcc /Users/andreeapapillon/Library/Developer/Xcode/DerivedData/AICoven_Local-gvtpajtveckudhherqngqlizoxtt/Build/Intermediates.noindex/AICoven\ Local.build/Debug/AICoven.build/AICoven\ Dev-generated-files.hmap -Xcc -I/Users/andreeapapillon/Library/Developer/Xcode/DerivedData/AICoven_Local-gvtpajtveckudhherqngqlizoxtt/Build/Intermediates.noindex/AICoven\ Local.build/Debug/AICoven.build/AICoven\ Dev-own-target-headers.hmap -Xcc -I/Users/andreeapapillon/Library/Developer/Xcode/DerivedData/AICoven_Local-gvtpajtveckudhherqngqlizoxtt/Build/Intermediates.noindex/AICoven\ Local.build/Debug/AICoven.build/AICoven\ Dev-all-non-framework-target-headers.hmap -Xcc -ivfsoverlay -Xcc /Users/andreeapapillon/Library/Developer/Xcode/DerivedData/AICoven_Local-gvtpajtveckudhherqngqlizoxtt/Build/Intermediates.noindex/AICoven\ Local.build/Debug/AICoven\ Local-59fa713dd094a5d8a9705f05f0c82ed1-VFS/all-product-headers.yaml -Xcc -iquote -Xcc /Users/andreeapapillon/Library/Developer/Xcode/DerivedData/AICoven_Local-gvtpajtveckudhherqngqlizoxtt/Build/Intermediates.noindex/AICoven\ Local.build/Debug/AICoven.build/AICoven\ Dev-project-headers.hmap -Xcc -I/Users/andreeapapillon/Library/Developer/Xcode/DerivedData/AICoven_Local-gvtpajtveckudhherqngqlizoxtt/SourcePackages/checkouts/google-ads-on-device-conversion-ios-sdk/GoogleAdsOnDeviceConversionWrapper/include -Xcc -I/Users/andreeapapillon/Library/Developer/Xcode/DerivedData/AICoven_Local-gvtpajtveckudhherqngqlizoxtt/SourcePackages/checkouts/GoogleAppMeasurement/GoogleAppMeasurementWrapper/include -Xcc -I/Users/andreeapapillon/Library/Developer/Xcode/DerivedData/AICoven_Local-gvtpajtveckudhherqngqlizoxtt/SourcePackages/checkouts/firebase-ios-sdk/FirebaseAnalyticsWrapper/include -Xcc -I/Users/andreeapapillon/Library/Developer/Xcode/DerivedData/AICoven_Local-gvtpajtveckudhherqngqlizoxtt/SourcePackages/checkouts/firebase-ios-sdk/SwiftPM-PlatformExclude/FirebaseAnalyticsWrap/include -Xcc -I/Users/andreeapapillon/Library/Developer/Xcode/DerivedData/AICoven_Local-gvtpajtveckudhherqngqlizoxtt/SourcePackages/checkouts/GoogleAppMeasurement/GoogleAppMeasurementIdentitySupportWrapper/include -Xcc -I/Users/andreeapapillon/Library/Developer/Xcode/DerivedData/AICoven_Local-gvtpajtveckudhherqngqlizoxtt/SourcePackages/checkouts/firebase-ios-sdk/FirebaseAnalyticsIdentitySupportWrapper/include -Xcc -I/Users/andreeapapillon/Library/Developer/Xcode/DerivedData/AICoven_Local-gvtpajtveckudhherqngqlizoxtt/SourcePackages/checkouts/firebase-ios-sdk/FirebaseMessaging/Sources/Public -Xcc -I/Users/andreeapapillon/Library/Developer/Xcode/DerivedData/AICoven_Local-gvtpajtveckudhherqngqlizoxtt/SourcePackages/checkouts/GoogleDataTransport/GoogleDataTransport/GDTCORLibrary/Public -Xcc -I/Users/andreeapapillon/Library/Developer/Xcode/DerivedData/AICoven_Local-gvtpajtveckudhherqngqlizoxtt/SourcePackages/checkouts/firebase-ios-sdk/FirebaseSessions/SourcesObjC -Xcc -I/Users/andreeapapillon/Library/Developer/Xcode/DerivedData/AICoven_Local-gvtpajtveckudhherqngqlizoxtt/SourcePackages/checkouts/firebase-ios-sdk/Crashlytics/Crashlytics/Public -Xcc -I/Users/andreeapapillon/Library/Developer/Xcode/DerivedData/AICoven_Local-gvtpajtveckudhherqngqlizoxtt/SourcePackages/checkouts/firebase-ios-sdk/FirebaseRemoteConfig/Sources/Public -Xcc -I/Users/andreeapapillon/Library/Developer/Xcode/DerivedData/AICoven_Local-gvtpajtveckudhherqngqlizoxtt/SourcePackages/checkouts/firebase-ios-sdk/FirebaseABTesting/Sources/Public -Xcc -I/Users/andreeapapillon/Library/Developer/Xcode/DerivedData/AICoven_Local-gvtpajtveckudhherqngqlizoxtt/SourcePackages/checkouts/promises/Sources/FBLPromises/include -Xcc -I/Users/andreeapapillon/Library/Developer/Xcode/DerivedData/AICoven_Local-gvtpajtveckudhherqngqlizoxtt/SourcePackages/checkouts/GoogleUtilities/GoogleUtilities/UserDefaults/Public -Xcc -I/Users/andreeapapillon/Library/Developer/Xcode/DerivedData/AICoven_Local-gvtpajtveckudhherqngqlizoxtt/SourcePackages/checkouts/GoogleAppMeasurement/GoogleAppMeasurementCoreWrapper/include -Xcc -I/Users/andreeapapillon/Library/Developer/Xcode/DerivedData/AICoven_Local-gvtpajtveckudhherqngqlizoxtt/SourcePackages/checkouts/GoogleUtilities/GoogleUtilities/MethodSwizzler/Public -Xcc -I/Users/andreeapapillon/Library/Developer/Xcode/DerivedData/AICoven_Local-gvtpajtveckudhherqngqlizoxtt/SourcePackages/checkouts/nanopb/spm_headers -Xcc -I/Users/andreeapapillon/Library/Developer/Xcode/DerivedData/AICoven_Local-gvtpajtveckudhherqngqlizoxtt/SourcePackages/checkouts/firebase-ios-sdk/FirebaseAnalyticsCoreWrapper/include -Xcc -I/Users/andreeapapillon/Library/Developer/Xcode/DerivedData/AICoven_Local-gvtpajtveckudhherqngqlizoxtt/SourcePackages/checkouts/firebase-ios-sdk/FirebaseInstallations/Source/Library/Public -Xcc -I/Users/andreeapapillon/Library/Developer/Xcode/DerivedData/AICoven_Local-gvtpajtveckudhherqngqlizoxtt/SourcePackages/checkouts/firebase-ios-sdk/SwiftPM-PlatformExclude/FirebaseAnalyticsCoreWrap/include -Xcc -I/Users/andreeapapillon/Library/Developer/Xcode/DerivedData/AICoven_Local-gvtpajtveckudhherqngqlizoxtt/SourcePackages/checkouts/swift-numerics/Sources/_NumericsShims/include -Xcc -I/Users/andreeapapillon/Library/Developer/Xcode/DerivedData/AICoven_Local-gvtpajtveckudhherqngqlizoxtt/SourcePackages/checkouts/mlx-swift/Source/Cmlx/include -Xcc -I/Users/andreeapapillon/Library/Developer/Xcode/DerivedData/AICoven_Local-gvtpajtveckudhherqngqlizoxtt/SourcePackages/checkouts/interop-ios-for-google-sdks/RecaptchaEnterprise/RecaptchaInterop/Public -Xcc -I/Users/andreeapapillon/Library/Developer/Xcode/DerivedData/AICoven_Local-gvtpajtveckudhherqngqlizoxtt/SourcePackages/checkouts/GoogleUtilities/GoogleUtilities/Network/Public -Xcc -I/Users/andreeapapillon/Library/Developer/Xcode/DerivedData/AICoven_Local-gvtpajtveckudhherqngqlizoxtt/SourcePackages/checkouts/GoogleUtilities/GoogleUtilities/Reachability/Public -Xcc -I/Users/andreeapapillon/Library/Developer/Xcode/DerivedData/AICoven_Local-gvtpajtveckudhherqngqlizoxtt/SourcePackages/checkouts/GoogleUtilities/GoogleUtilities/NSData+zlib/Public -Xcc -I/Users/andreeapapillon/Library/Developer/Xcode/DerivedData/AICoven_Local-gvtpajtveckudhherqngqlizoxtt/SourcePackages/checkouts/GoogleUtilities/GoogleUtilities/Logger/Public -Xcc -I/Users/andreeapapillon/Library/Developer/Xcode/DerivedData/AICoven_Local-gvtpajtveckudhherqngqlizoxtt/SourcePackages/checkouts/GoogleUtilities/GoogleUtilities/Environment/Public -Xcc -I/Users/andreeapapillon/Library/Developer/Xcode/DerivedData/AICoven_Local-gvtpajtveckudhherqngqlizoxtt/SourcePackages/checkouts/GoogleUtilities/third_party/IsAppEncrypted/Public -Xcc -I/Users/andreeapapillon/Library/Developer/Xcode/DerivedData/AICoven_Local-gvtpajtveckudhherqngqlizoxtt/SourcePackages/checkouts/GoogleUtilities/GoogleUtilities/AppDelegateSwizzler/Public -Xcc -I/Users/andreeapapillon/Library/Developer/Xcode/DerivedData/AICoven_Local-gvtpajtveckudhherqngqlizoxtt/SourcePackages/checkouts/gtm-session-fetcher/Sources/Core/Public -Xcc -I/Users/andreeapapillon/Library/Developer/Xcode/DerivedData/AICoven_Local-gvtpajtveckudhherqngqlizoxtt/SourcePackages/checkouts/firebase-ios-sdk/FirebaseCore/Extension -Xcc -I/Users/andreeapapillon/Library/Developer/Xcode/DerivedData/AICoven_Local-gvtpajtveckudhherqngqlizoxtt/SourcePackages/checkouts/firebase-ios-sdk/FirebaseCore/Sources/Public -Xcc -I/Users/andreeapapillon/Library/Developer/Xcode/DerivedData/AICoven_Local-gvtpajtveckudhherqngqlizoxtt/SourcePackages/checkouts/firebase-ios-sdk/CoreOnly/Sources -Xcc -I/Users/andreeapapillon/Library/Developer/Xcode/DerivedData/AICoven_Local-gvtpajtveckudhherqngqlizoxtt/SourcePackages/checkouts/firebase-ios-sdk/FirebaseAuth/Sources/Public -Xcc -I/Users/andreeapapillon/Library/Developer/Xcode/DerivedData/AICoven_Local-gvtpajtveckudhherqngqlizoxtt/SourcePackages/checkouts/firebase-ios-sdk/FirebaseAuth/Interop/Public -Xcc -I/Users/andreeapapillon/Library/Developer/Xcode/DerivedData/AICoven_Local-gvtpajtveckudhherqngqlizoxtt/SourcePackages/checkouts/firebase-ios-sdk/FirebaseAppCheck/Interop/Public -Xcc -I/Users/andreeapapillon/Library/Developer/Xcode/DerivedData/AICoven_Local-gvtpajtveckudhherqngqlizoxtt/Build/Products/Debug/include -Xcc -I/Users/andreeapapillon/Library/Developer/Xcode/DerivedData/AICoven_Local-gvtpajtveckudhherqngqlizoxtt/Build/Intermediates.noindex/AICoven\ Local.build/Debug/AICoven.build/DerivedSources-normal/arm64 -Xcc -I/Users/andreeapapillon/Library/Developer/Xcode/DerivedData/AICoven_Local-gvtpajtveckudhherqngqlizoxtt/Build/Intermediates.noindex/AICoven\ Local.build/Debug/AICoven.build/DerivedSources/arm64 -Xcc -I/Users/andreeapapillon/Library/Developer/Xcode/DerivedData/AICoven_Local-gvtpajtveckudhherqngqlizoxtt/Build/Intermediates.noindex/AICoven\ Local.build/Debug/AICoven.build/DerivedSources -Xcc -DDEBUG\=1 -emit-objc-header -emit-objc-header-path /Users/andreeapapillon/Library/Developer/Xcode/DerivedData/AICoven_Local-gvtpajtveckudhherqngqlizoxtt/Build/Intermediates.noindex/AICoven\ Local.build/Debug/AICoven.build/Objects-normal/arm64/AICoven-Swift.h -working-directory /Users/andreeapapillon/Documents/GitHub/aicoven-local-opensource/swift/AICoven -experimental-emit-module-separately -disable-cmo

SwiftEmitModule normal arm64 Emitting\ module\ for\ AICoven (in target 'AICoven' from project 'AICoven Local')
EmitSwiftModule normal arm64 (in target 'AICoven' from project 'AICoven Local')
    cd /Users/andreeapapillon/Documents/GitHub/aicoven-local-opensource/swift/AICoven
    
/Users/andreeapapillon/Documents/GitHub/aicoven-local-opensource/swift/AICoven/AICoven/Core/Context/PromptTemplates.swift:778:22: warning: main actor-isolated static property 'maxLocalModelMCPTools' can not be referenced from a nonisolated context
        limit: Int = maxLocalModelMCPTools
                     ^
/Users/andreeapapillon/Documents/GitHub/aicoven-local-opensource/swift/AICoven/AICoven/Core/Context/PromptTemplates.swift:766:24: note: static property declared here
    private static let maxLocalModelMCPTools = 8
                       ^
/Users/andreeapapillon/Documents/GitHub/aicoven-local-opensource/swift/AICoven/AICoven/Core/LLM/MCPToolCallingBenchmark.swift:147:33: warning: main actor-isolated static property 'defaultTestCases' can not be referenced from a nonisolated context; this is an error in the Swift 6 language mode
        testCases: [TestCase] = defaultTestCases
                                ^
/Users/andreeapapillon/Documents/GitHub/aicoven-local-opensource/swift/AICoven/AICoven/Core/LLM/MCPToolCallingBenchmark.swift:47:16: note: static property declared here
    static let defaultTestCases: [TestCase] = [
               ^
/Users/andreeapapillon/Documents/GitHub/aicoven-local-opensource/swift/AICoven/AICoven/Core/Tools/ToolChainResolver.swift:56:9: warning: call to main actor-isolated static method 'resolveSearchAndSummarize' in a synchronous nonisolated context
        resolveSearchAndSummarize,
        ^
/Users/andreeapapillon/Documents/GitHub/aicoven-local-opensource/swift/AICoven/AICoven/Core/Tools/ToolChainResolver.swift:67:25: note: calls to static method 'resolveSearchAndSummarize' from outside of its actor context are implicitly asynchronous
    private static func resolveSearchAndSummarize(
                        ^
/Users/andreeapapillon/Documents/GitHub/aicoven-local-opensource/swift/AICoven/AICoven/Core/Tools/ToolChainResolver.swift:57:9: warning: call to main actor-isolated static method 'resolveReadFileAndExplain' in a synchronous nonisolated context
        resolveReadFileAndExplain,
        ^
/Users/andreeapapillon/Documents/GitHub/aicoven-local-opensource/swift/AICoven/AICoven/Core/Tools/ToolChainResolver.swift:111:25: note: calls to static method 'resolveReadFileAndExplain' from outside of its actor context are implicitly asynchronous
    private static func resolveReadFileAndExplain(
                        ^
/Users/andreeapapillon/Documents/GitHub/aicoven-local-opensource/swift/AICoven/AICoven/Core/Tools/ToolChainResolver.swift:58:9: warning: call to main actor-isolated static method 'resolveMultiTimezone' in a synchronous nonisolated context
        resolveMultiTimezone,
        ^
/Users/andreeapapillon/Documents/GitHub/aicoven-local-opensource/swift/AICoven/AICoven/Core/Tools/ToolChainResolver.swift:147:25: note: calls to static method 'resolveMultiTimezone' from outside of its actor context are implicitly asynchronous
    private static func resolveMultiTimezone(
                        ^
/Users/andreeapapillon/Documents/GitHub/aicoven-local-opensource/swift/AICoven/AICoven/Core/Tools/ToolChainResolver.swift:59:9: warning: call to main actor-isolated static method 'resolveListAndRead' in a synchronous nonisolated context
        resolveListAndRead,
        ^
/Users/andreeapapillon/Documents/GitHub/aicoven-local-opensource/swift/AICoven/AICoven/Core/Tools/ToolChainResolver.swift:183:25: note: calls to static method 'resolveListAndRead' from outside of its actor context are implicitly asynchronous
    private static func resolveListAndRead(
                        ^
/Users/andreeapapillon/Documents/GitHub/aicoven-local-opensource/swift/AICoven/AICoven/Core/Tools/ToolChainResolver.swift:60:9: warning: call to main actor-isolated static method 'resolveSearchAndRead' in a synchronous nonisolated context
        resolveSearchAndRead,
        ^
/Users/andreeapapillon/Documents/GitHub/aicoven-local-opensource/swift/AICoven/AICoven/Core/Tools/ToolChainResolver.swift:239:25: note: calls to static method 'resolveSearchAndRead' from outside of its actor context are implicitly asynchronous
    private static func resolveSearchAndRead(
                        ^
/Users/andreeapapillon/Documents/GitHub/aicoven-local-opensource/swift/AICoven/AICoven/Infrastructure/Tools/ToolService.swift:32:66: warning: call to main actor-isolated static method 'make()' in a synchronous nonisolated context
    static let shared = ToolService(environment: ToolEnvironment.make())
                                                                 ^
/Users/andreeapapillon/Documents/GitHub/aicoven-local-opensource/swift/AICoven/AICoven/Core/LLM/ToolEnvironment.swift:27:17: note: calls to static method 'make()' from outside of its actor context are implicitly asynchronous
    static func make() -> ToolEnvironment {
                ^
/Users/andreeapapillon/Documents/GitHub/aicoven-local-opensource/swift/AICoven/AICoven/Networking/APIClient.swift:78:27: warning: capture of 'isoFormatter' with non-Sendable type 'ISO8601DateFormatter' in a '@Sendable' closure
            if let date = isoFormatter.date(from: dateString) {
                          ^
/Applications/Xcode.app/Contents/Developer/Platforms/MacOSX.platform/Developer/SDKs/MacOSX26.4.sdk/System/Library/Frameworks/Foundation.framework/Headers/NSISO8601DateFormatter.h:46:12: note: class 'ISO8601DateFormatter' does not conform to the 'Sendable' protocol
@interface NSISO8601DateFormatter : NSFormatter <NSSecureCoding> {
           ^
/Users/andreeapapillon/Documents/GitHub/aicoven-local-opensource/swift/AICoven/AICoven/Networking/APIClient.swift:83:27: warning: capture of 'isoFormatterNoFraction' with non-Sendable type 'ISO8601DateFormatter' in a '@Sendable' closure
            if let date = isoFormatterNoFraction.date(from: dateString) {
                          ^
/Applications/Xcode.app/Contents/Developer/Platforms/MacOSX.platform/Developer/SDKs/MacOSX26.4.sdk/System/Library/Frameworks/Foundation.framework/Headers/NSISO8601DateFormatter.h:46:12: note: class 'ISO8601DateFormatter' does not conform to the 'Sendable' protocol
@interface NSISO8601DateFormatter : NSFormatter <NSSecureCoding> {
           ^
/Users/andreeapapillon/Documents/GitHub/aicoven-local-opensource/swift/AICoven/AICoven/Services/ChatService.swift:155:36: warning: call to main actor-isolated static method 'makeEnvironment()' in a synchronous nonisolated context
        let env = LLMConfiguration.makeEnvironment()
                                   ^
/Users/andreeapapillon/Documents/GitHub/aicoven-local-opensource/swift/AICoven/AICoven/Core/LLM/LLMConfiguration.swift:54:17: note: calls to static method 'makeEnvironment()' from outside of its actor context are implicitly asynchronous
    static func makeEnvironment() -> (models: [ModelDescriptor], clients: [String: LLMClient]) {
                ^
/Users/andreeapapillon/Documents/GitHub/aicoven-local-opensource/swift/AICoven/AICoven/Services/ChatService.swift:159:16: warning: main actor-isolated static property 'mobile' can not be referenced from a nonisolated context
            ? .mobile
               ^
/Users/andreeapapillon/Documents/GitHub/aicoven-local-opensource/swift/AICoven/AICoven/Core/Context/ContextBuilder.swift:30:20: note: static property declared here
        static let mobile = Limits(maxRecentMessages: 6, maxRecentMemories: 4)
                   ^
/Users/andreeapapillon/Documents/GitHub/aicoven-local-opensource/swift/AICoven/AICoven/Services/ChatService.swift:162:29: warning: call to main actor-isolated initializer 'init(threadRepository:memoryRepository:embeddingService:toolService:limits:)' in a synchronous nonisolated context
            contextBuilder: ContextBuilder(limits: limits),
                            ^
/Users/andreeapapillon/Documents/GitHub/aicoven-local-opensource/swift/AICoven/AICoven/Core/Context/ContextBuilder.swift:131:5: note: calls to initializer 'init(threadRepository:memoryRepository:embeddingService:toolService:limits:)' from outside of its actor context are implicitly asynchronous
    init(
    ^
/Users/andreeapapillon/Documents/GitHub/aicoven-local-opensource/swift/AICoven/AICoven/Services/ChatService.swift:163:26: warning: call to main actor-isolated initializer 'init(availableModels:)' in a synchronous nonisolated context
            modelRouter: HeuristicModelRouter(availableModels: env.models),
                         ^
/Users/andreeapapillon/Documents/GitHub/aicoven-local-opensource/swift/AICoven/AICoven/Core/Routing/ModelRouter.swift:96:12: note: calls to initializer 'init(availableModels:)' from outside of its actor context are implicitly asynchronous
    public init(availableModels: [ModelDescriptor]) {
           ^
/Users/andreeapapillon/Documents/GitHub/aicoven-local-opensource/swift/AICoven/AICoven/Core/Routing/ModelRouter.swift:96:12: note: main actor isolation inferred from conformance to protocol 'ModelRouter'
    public init(availableModels: [ModelDescriptor]) {
           ^
/Users/andreeapapillon/Documents/GitHub/aicoven-local-opensource/swift/AICoven/AICoven/Services/ChatService.swift:1594:104: warning: main actor-isolated static property 'allTools' can not be referenced from a nonisolated context
    static let chatToolInstruction: String = generateChatToolInstruction(enabledTools: PromptTemplates.allTools)
                                                                                                       ^
/Users/andreeapapillon/Documents/GitHub/aicoven-local-opensource/swift/AICoven/AICoven/Core/Context/PromptTemplates.swift:635:16: note: static property declared here
    static let allTools: Set<String> = basicChatTools
               ^
/Users/andreeapapillon/Documents/GitHub/aicoven-local-opensource/swift/AICoven/AICoven/Services/ProviderAccountService.swift:605:90: warning: main actor-isolated static property 'defaultBaseURL' can not be referenced from a nonisolated autoclosure
            let client = OllamaLLMClient(baseURL: URL(string: urlStr) ?? OllamaLLMClient.defaultBaseURL)
                                                                                         ^
/Users/andreeapapillon/Documents/GitHub/aicoven-local-opensource/swift/AICoven/AICoven/Core/LLM/Providers/OllamaLLMClient.swift:18:16: note: static property declared here
    static let defaultBaseURL = URL(string: "http://localhost:11434")!
               ^
/Users/andreeapapillon/Documents/GitHub/aicoven-local-opensource/swift/AICoven/AICoven/Services/ProviderAccountService.swift:510:47: warning: main actor-isolated static method 'load(key:)' cannot be called from outside of the actor; this is an error in the Swift 6 language mode
            guard let apiKey = KeychainHelper.load(key: keychainKey(for: account.id)) else {
                               ~~~~~~~~~~~~~~~^~~~~~~~~~~~~~~~~~~~~~~~~~~~~~~~~~~~~~~
                               await 
/Users/andreeapapillon/Documents/GitHub/aicoven-local-opensource/swift/AICoven/AICoven/Services/ProviderAccountService.swift:544:47: warning: main actor-isolated static method 'load(key:)' cannot be called from outside of the actor; this is an error in the Swift 6 language mode
            guard let apiKey = KeychainHelper.load(key: keychainKey(for: account.id)) else {
                               ~~~~~~~~~~~~~~~^~~~~~~~~~~~~~~~~~~~~~~~~~~~~~~~~~~~~~~
                               await 
/Users/andreeapapillon/Documents/GitHub/aicoven-local-opensource/swift/AICoven/AICoven/Services/ProviderAccountService.swift:605:26: warning: main actor-isolated initializer 'init(baseURL:urlSession:)' cannot be called from outside of the actor; this is an error in the Swift 6 language mode
            let client = OllamaLLMClient(baseURL: URL(string: urlStr) ?? OllamaLLMClient.defaultBaseURL)
                         ^~~~~~~~~~~~~~~~~~~~~~~~~~~~~~~~~~~~~~~~~~~~~~~~~~~~~~~~~~~~~~~~~~~~~~~~~~~~~~~
                         await 
/Users/andreeapapillon/Documents/GitHub/aicoven-local-opensource/swift/AICoven/AICoven/Services/ProviderAccountService.swift:617:36: warning: main actor-isolated static property 'defaultCatalog' cannot be accessed from outside of the actor; this is an error in the Swift 6 language mode
            return MLXModelManager.defaultCatalog.map { info in
                   ~~~~~~~~~~~~~~~~^~~~~~~~~~~~~~~~~~~~~~~~~~~~
                   await 
/Users/andreeapapillon/Documents/GitHub/aicoven-local-opensource/swift/AICoven/AICoven/Services/ProviderAccountService.swift:626:47: warning: main actor-isolated static method 'load(key:)' cannot be called from outside of the actor; this is an error in the Swift 6 language mode
            guard let apiKey = KeychainHelper.load(key: keychainKey(for: account.id)) else {
                               ~~~~~~~~~~~~~~~^~~~~~~~~~~~~~~~~~~~~~~~~~~~~~~~~~~~~~~
                               await 
/Users/andreeapapillon/Documents/GitHub/aicoven-local-opensource/swift/AICoven/AICoven/Services/ThreadService.swift:319:27: warning: main actor-isolated initializer 'init(id:userId:covenId:title:agentId:agentName:agentModel:isPinned:isArchived:messageCount:createdAt:updatedAt:lastMessageAt:)' cannot be called from outside of the actor; this is an error in the Swift 6 language mode
            let updated = Thread(
                          ^~~~~~~
                          await 

SwiftCompile normal arm64 Compiling\ LLMConfiguration.swift,\ MCPToolCallingBenchmark.swift,\ ModelPricing.swift,\ PricingUpdateService.swift,\ ToolEmbeddingCache.swift,\ ToolEnvironment.swift,\ ModelRouter.swift,\ Stores.swift,\ ShellApprovalManager.swift,\ ToolCallParser.swift,\ ToolChainResolver.swift,\ ToolExecutionService.swift,\ ToolRelevanceService.swift,\ ToolResult.swift /Users/andreeapapillon/Documents/GitHub/aicoven-local-opensource/swift/AICoven/AICoven/Core/LLM/LLMConfiguration.swift /Users/andreeapapillon/Documents/GitHub/aicoven-local-opensource/swift/AICoven/AICoven/Core/LLM/MCPToolCallingBenchmark.swift /Users/andreeapapillon/Documents/GitHub/aicoven-local-opensource/swift/AICoven/AICoven/Core/LLM/ModelPricing.swift /Users/andreeapapillon/Documents/GitHub/aicoven-local-opensource/swift/AICoven/AICoven/Core/LLM/PricingUpdateService.swift /Users/andreeapapillon/Documents/GitHub/aicoven-local-opensource/swift/AICoven/AICoven/Core/LLM/ToolEmbeddingCache.swift /Users/andreeapapillon/Documents/GitHub/aicoven-local-opensource/swift/AICoven/AICoven/Core/LLM/ToolEnvironment.swift /Users/andreeapapillon/Documents/GitHub/aicoven-local-opensource/swift/AICoven/AICoven/Core/Routing/ModelRouter.swift /Users/andreeapapillon/Documents/GitHub/aicoven-local-opensource/swift/AICoven/AICoven/Core/Storage/Stores.swift /Users/andreeapapillon/Documents/GitHub/aicoven-local-opensource/swift/AICoven/AICoven/Core/Tools/ShellApprovalManager.swift /Users/andreeapapillon/Documents/GitHub/aicoven-local-opensource/swift/AICoven/AICoven/Core/Tools/ToolCallParser.swift /Users/andreeapapillon/Documents/GitHub/aicoven-local-opensource/swift/AICoven/AICoven/Core/Tools/ToolChainResolver.swift /Users/andreeapapillon/Documents/GitHub/aicoven-local-opensource/swift/AICoven/AICoven/Core/Tools/ToolExecutionService.swift /Users/andreeapapillon/Documents/GitHub/aicoven-local-opensource/swift/AICoven/AICoven/Core/Tools/ToolRelevanceService.swift /Users/andreeapapillon/Documents/GitHub/aicoven-local-opensource/swift/AICoven/AICoven/Core/Tools/ToolResult.swift (in target 'AICoven' from project 'AICoven Local')

SwiftCompile normal arm64 /Users/andreeapapillon/Documents/GitHub/aicoven-local-opensource/swift/AICoven/AICoven/Core/LLM/LLMConfiguration.swift (in target 'AICoven' from project 'AICoven Local')
    cd /Users/andreeapapillon/Documents/GitHub/aicoven-local-opensource/swift/AICoven
    

SwiftCompile normal arm64 /Users/andreeapapillon/Documents/GitHub/aicoven-local-opensource/swift/AICoven/AICoven/Core/LLM/MCPToolCallingBenchmark.swift (in target 'AICoven' from project 'AICoven Local')
    cd /Users/andreeapapillon/Documents/GitHub/aicoven-local-opensource/swift/AICoven
    
/Users/andreeapapillon/Documents/GitHub/aicoven-local-opensource/swift/AICoven/AICoven/Core/LLM/MCPToolCallingBenchmark.swift:147:33: warning: main actor-isolated static property 'defaultTestCases' can not be referenced from a nonisolated context; this is an error in the Swift 6 language mode
        testCases: [TestCase] = defaultTestCases
                                ^
/Users/andreeapapillon/Documents/GitHub/aicoven-local-opensource/swift/AICoven/AICoven/Core/LLM/MCPToolCallingBenchmark.swift:47:16: note: static property declared here
    static let defaultTestCases: [TestCase] = [
               ^

SwiftCompile normal arm64 /Users/andreeapapillon/Documents/GitHub/aicoven-local-opensource/swift/AICoven/AICoven/Core/LLM/ModelPricing.swift (in target 'AICoven' from project 'AICoven Local')
    cd /Users/andreeapapillon/Documents/GitHub/aicoven-local-opensource/swift/AICoven
    

SwiftCompile normal arm64 /Users/andreeapapillon/Documents/GitHub/aicoven-local-opensource/swift/AICoven/AICoven/Core/LLM/PricingUpdateService.swift (in target 'AICoven' from project 'AICoven Local')
    cd /Users/andreeapapillon/Documents/GitHub/aicoven-local-opensource/swift/AICoven
    

SwiftCompile normal arm64 /Users/andreeapapillon/Documents/GitHub/aicoven-local-opensource/swift/AICoven/AICoven/Core/LLM/ToolEmbeddingCache.swift (in target 'AICoven' from project 'AICoven Local')
    cd /Users/andreeapapillon/Documents/GitHub/aicoven-local-opensource/swift/AICoven
    

SwiftCompile normal arm64 /Users/andreeapapillon/Documents/GitHub/aicoven-local-opensource/swift/AICoven/AICoven/Core/LLM/ToolEnvironment.swift (in target 'AICoven' from project 'AICoven Local')
    cd /Users/andreeapapillon/Documents/GitHub/aicoven-local-opensource/swift/AICoven
    

SwiftCompile normal arm64 /Users/andreeapapillon/Documents/GitHub/aicoven-local-opensource/swift/AICoven/AICoven/Core/Routing/ModelRouter.swift (in target 'AICoven' from project 'AICoven Local')
    cd /Users/andreeapapillon/Documents/GitHub/aicoven-local-opensource/swift/AICoven
    

SwiftCompile normal arm64 /Users/andreeapapillon/Documents/GitHub/aicoven-local-opensource/swift/AICoven/AICoven/Core/Storage/Stores.swift (in target 'AICoven' from project 'AICoven Local')
    cd /Users/andreeapapillon/Documents/GitHub/aicoven-local-opensource/swift/AICoven
    

SwiftCompile normal arm64 /Users/andreeapapillon/Documents/GitHub/aicoven-local-opensource/swift/AICoven/AICoven/Core/Tools/ShellApprovalManager.swift (in target 'AICoven' from project 'AICoven Local')
    cd /Users/andreeapapillon/Documents/GitHub/aicoven-local-opensource/swift/AICoven
    

SwiftCompile normal arm64 /Users/andreeapapillon/Documents/GitHub/aicoven-local-opensource/swift/AICoven/AICoven/Core/Tools/ToolCallParser.swift (in target 'AICoven' from project 'AICoven Local')
    cd /Users/andreeapapillon/Documents/GitHub/aicoven-local-opensource/swift/AICoven
    

SwiftCompile normal arm64 /Users/andreeapapillon/Documents/GitHub/aicoven-local-opensource/swift/AICoven/AICoven/Core/Tools/ToolChainResolver.swift (in target 'AICoven' from project 'AICoven Local')
    cd /Users/andreeapapillon/Documents/GitHub/aicoven-local-opensource/swift/AICoven
    
/Users/andreeapapillon/Documents/GitHub/aicoven-local-opensource/swift/AICoven/AICoven/Core/Tools/ToolChainResolver.swift:56:9: warning: call to main actor-isolated static method 'resolveSearchAndSummarize' in a synchronous nonisolated context
        resolveSearchAndSummarize,
        ^
/Users/andreeapapillon/Documents/GitHub/aicoven-local-opensource/swift/AICoven/AICoven/Core/Tools/ToolChainResolver.swift:67:25: note: calls to static method 'resolveSearchAndSummarize' from outside of its actor context are implicitly asynchronous
    private static func resolveSearchAndSummarize(
                        ^
/Users/andreeapapillon/Documents/GitHub/aicoven-local-opensource/swift/AICoven/AICoven/Core/Tools/ToolChainResolver.swift:57:9: warning: call to main actor-isolated static method 'resolveReadFileAndExplain' in a synchronous nonisolated context
        resolveReadFileAndExplain,
        ^
/Users/andreeapapillon/Documents/GitHub/aicoven-local-opensource/swift/AICoven/AICoven/Core/Tools/ToolChainResolver.swift:111:25: note: calls to static method 'resolveReadFileAndExplain' from outside of its actor context are implicitly asynchronous
    private static func resolveReadFileAndExplain(
                        ^
/Users/andreeapapillon/Documents/GitHub/aicoven-local-opensource/swift/AICoven/AICoven/Core/Tools/ToolChainResolver.swift:58:9: warning: call to main actor-isolated static method 'resolveMultiTimezone' in a synchronous nonisolated context
        resolveMultiTimezone,
        ^
/Users/andreeapapillon/Documents/GitHub/aicoven-local-opensource/swift/AICoven/AICoven/Core/Tools/ToolChainResolver.swift:147:25: note: calls to static method 'resolveMultiTimezone' from outside of its actor context are implicitly asynchronous
    private static func resolveMultiTimezone(
                        ^
/Users/andreeapapillon/Documents/GitHub/aicoven-local-opensource/swift/AICoven/AICoven/Core/Tools/ToolChainResolver.swift:59:9: warning: call to main actor-isolated static method 'resolveListAndRead' in a synchronous nonisolated context
        resolveListAndRead,
        ^
/Users/andreeapapillon/Documents/GitHub/aicoven-local-opensource/swift/AICoven/AICoven/Core/Tools/ToolChainResolver.swift:183:25: note: calls to static method 'resolveListAndRead' from outside of its actor context are implicitly asynchronous
    private static func resolveListAndRead(
                        ^
/Users/andreeapapillon/Documents/GitHub/aicoven-local-opensource/swift/AICoven/AICoven/Core/Tools/ToolChainResolver.swift:60:9: warning: call to main actor-isolated static method 'resolveSearchAndRead' in a synchronous nonisolated context
        resolveSearchAndRead,
        ^
/Users/andreeapapillon/Documents/GitHub/aicoven-local-opensource/swift/AICoven/AICoven/Core/Tools/ToolChainResolver.swift:239:25: note: calls to static method 'resolveSearchAndRead' from outside of its actor context are implicitly asynchronous
    private static func resolveSearchAndRead(
                        ^

SwiftCompile normal arm64 /Users/andreeapapillon/Documents/GitHub/aicoven-local-opensource/swift/AICoven/AICoven/Core/Tools/ToolExecutionService.swift (in target 'AICoven' from project 'AICoven Local')
    cd /Users/andreeapapillon/Documents/GitHub/aicoven-local-opensource/swift/AICoven
    
/Users/andreeapapillon/Documents/GitHub/aicoven-local-opensource/swift/AICoven/AICoven/Core/Tools/ToolExecutionService.swift:58:20: warning: no 'async' operations occur within 'await' expression
            return await .error(
                   ^
/Users/andreeapapillon/Documents/GitHub/aicoven-local-opensource/swift/AICoven/AICoven/Core/Tools/ToolExecutionService.swift:68:20: warning: no 'async' operations occur within 'await' expression
            return await .permissionDenied(
                   ^
/Users/andreeapapillon/Documents/GitHub/aicoven-local-opensource/swift/AICoven/AICoven/Core/Tools/ToolExecutionService.swift:79:24: warning: no 'async' operations occur within 'await' expression
                return await .error(
                       ^
/Users/andreeapapillon/Documents/GitHub/aicoven-local-opensource/swift/AICoven/AICoven/Core/Tools/ToolExecutionService.swift:99:24: warning: no 'async' operations occur within 'await' expression
                return await .validationError(tool: toolCall.name, message: "Missing required argument: 'path'")
                       ^
/Users/andreeapapillon/Documents/GitHub/aicoven-local-opensource/swift/AICoven/AICoven/Core/Tools/ToolExecutionService.swift:106:24: warning: no 'async' operations occur within 'await' expression
                return await .validationError(tool: toolCall.name, message: "Missing required arguments: 'path' and 'content'")
                       ^
/Users/andreeapapillon/Documents/GitHub/aicoven-local-opensource/swift/AICoven/AICoven/Core/Tools/ToolExecutionService.swift:120:24: warning: no 'async' operations occur within 'await' expression
                return await .validationError(tool: toolCall.name, message: "Missing required argument: 'command'")
                       ^
/Users/andreeapapillon/Documents/GitHub/aicoven-local-opensource/swift/AICoven/AICoven/Core/Tools/ToolExecutionService.swift:128:24: warning: no 'async' operations occur within 'await' expression
                return await .validationError(tool: toolCall.name, message: "Missing 'query' argument")
                       ^
/Users/andreeapapillon/Documents/GitHub/aicoven-local-opensource/swift/AICoven/AICoven/Core/Tools/ToolExecutionService.swift:140:28: warning: no 'async' operations occur within 'await' expression
                    return await .success(tool: toolCall.name, result: ["status": AnyJSONValue("no_results")], contextBlock: "[Web Search] No results found for '\(query)'")
                           ^
/Users/andreeapapillon/Documents/GitHub/aicoven-local-opensource/swift/AICoven/AICoven/Core/Tools/ToolExecutionService.swift:150:24: warning: no 'async' operations occur within 'await' expression
                return await .error(tool: toolCall.name, message: message)
                       ^
/Users/andreeapapillon/Documents/GitHub/aicoven-local-opensource/swift/AICoven/AICoven/Core/Tools/ToolExecutionService.swift:152:24: warning: no 'async' operations occur within 'await' expression
                return await .error(tool: toolCall.name, message: "Web search failed: \(error.localizedDescription)")
                       ^
/Users/andreeapapillon/Documents/GitHub/aicoven-local-opensource/swift/AICoven/AICoven/Core/Tools/ToolExecutionService.swift:158:24: warning: no 'async' operations occur within 'await' expression
                return await .validationError(tool: toolCall.name, message: "Missing or invalid 'url' argument")
                       ^
/Users/andreeapapillon/Documents/GitHub/aicoven-local-opensource/swift/AICoven/AICoven/Core/Tools/ToolExecutionService.swift:244:20: warning: no 'async' operations occur within 'await' expression
            return await .error(
                   ^
/Users/andreeapapillon/Documents/GitHub/aicoven-local-opensource/swift/AICoven/AICoven/Core/Tools/ToolExecutionService.swift:259:20: warning: no 'async' operations occur within 'await' expression
            return await .validationError(tool: toolCall.name, message: "Invalid MCP tool name format")
                   ^
/Users/andreeapapillon/Documents/GitHub/aicoven-local-opensource/swift/AICoven/AICoven/Core/Tools/ToolExecutionService.swift:275:20: warning: no 'async' operations occur within 'await' expression
            return await .error(tool: toolCall.name, message: "MCP server '\(serverSlug)' not found or not connected.")
                   ^
/Users/andreeapapillon/Documents/GitHub/aicoven-local-opensource/swift/AICoven/AICoven/Core/Tools/ToolExecutionService.swift:294:20: warning: no 'async' operations occur within 'await' expression
            return await .error(tool: toolCall.name, message: "MCP Server Error: \(error.localizedDescription)")
                   ^
/Users/andreeapapillon/Documents/GitHub/aicoven-local-opensource/swift/AICoven/AICoven/Core/Tools/ToolExecutionService.swift:303:20: warning: no 'async' operations occur within 'await' expression
            return await .error(tool: toolCall.name, message: "GitHub not connected. Please connect GitHub in Settings > Connected Apps.")
                   ^
/Users/andreeapapillon/Documents/GitHub/aicoven-local-opensource/swift/AICoven/AICoven/Core/Tools/ToolExecutionService.swift:312:20: warning: no 'async' operations occur within 'await' expression
            return await .error(tool: toolCall.name, message: error.localizedDescription)
                   ^
/Users/andreeapapillon/Documents/GitHub/aicoven-local-opensource/swift/AICoven/AICoven/Core/Tools/ToolExecutionService.swift:319:20: warning: no 'async' operations occur within 'await' expression
            return await .error(tool: toolCall.name, message: "GitHub not connected.")
                   ^
/Users/andreeapapillon/Documents/GitHub/aicoven-local-opensource/swift/AICoven/AICoven/Core/Tools/ToolExecutionService.swift:325:20: warning: no 'async' operations occur within 'await' expression
            return await .validationError(tool: toolCall.name, message: "Missing required arguments: 'owner', 'repo', 'path'")
                   ^
/Users/andreeapapillon/Documents/GitHub/aicoven-local-opensource/swift/AICoven/AICoven/Core/Tools/ToolExecutionService.swift:341:20: warning: no 'async' operations occur within 'await' expression
            return await .error(tool: toolCall.name, message: error.localizedDescription)
                   ^
/Users/andreeapapillon/Documents/GitHub/aicoven-local-opensource/swift/AICoven/AICoven/Core/Tools/ToolExecutionService.swift:348:20: warning: no 'async' operations occur within 'await' expression
            return await .error(tool: toolCall.name, message: "GitHub not connected.")
                   ^
/Users/andreeapapillon/Documents/GitHub/aicoven-local-opensource/swift/AICoven/AICoven/Core/Tools/ToolExecutionService.swift:356:20: warning: no 'async' operations occur within 'await' expression
            return await .validationError(tool: toolCall.name, message: "Missing required arguments: 'owner', 'repo', 'path', 'content', 'message'")
                   ^
/Users/andreeapapillon/Documents/GitHub/aicoven-local-opensource/swift/AICoven/AICoven/Core/Tools/ToolExecutionService.swift:376:20: warning: no 'async' operations occur within 'await' expression
            return await .error(tool: toolCall.name, message: error.localizedDescription)
                   ^
/Users/andreeapapillon/Documents/GitHub/aicoven-local-opensource/swift/AICoven/AICoven/Core/Tools/ToolExecutionService.swift:383:20: warning: no 'async' operations occur within 'await' expression
            return await .error(tool: toolCall.name, message: "GitHub not connected.")
                   ^
/Users/andreeapapillon/Documents/GitHub/aicoven-local-opensource/swift/AICoven/AICoven/Core/Tools/ToolExecutionService.swift:388:20: warning: no 'async' operations occur within 'await' expression
            return await .validationError(tool: toolCall.name, message: "Missing required arguments: 'owner', 'repo'")
                   ^
/Users/andreeapapillon/Documents/GitHub/aicoven-local-opensource/swift/AICoven/AICoven/Core/Tools/ToolExecutionService.swift:406:20: warning: no 'async' operations occur within 'await' expression
            return await .error(tool: toolCall.name, message: error.localizedDescription)
                   ^
/Users/andreeapapillon/Documents/GitHub/aicoven-local-opensource/swift/AICoven/AICoven/Core/Tools/ToolExecutionService.swift:413:20: warning: no 'async' operations occur within 'await' expression
            return await .error(tool: toolCall.name, message: "GitHub not connected.")
                   ^
/Users/andreeapapillon/Documents/GitHub/aicoven-local-opensource/swift/AICoven/AICoven/Core/Tools/ToolExecutionService.swift:420:20: warning: no 'async' operations occur within 'await' expression
            return await .validationError(tool: toolCall.name, message: "Missing required arguments: 'owner', 'repo', 'base_branch', 'new_branch'")
                   ^
/Users/andreeapapillon/Documents/GitHub/aicoven-local-opensource/swift/AICoven/AICoven/Core/Tools/ToolExecutionService.swift:437:20: warning: no 'async' operations occur within 'await' expression
            return await .error(tool: toolCall.name, message: error.localizedDescription)
                   ^
/Users/andreeapapillon/Documents/GitHub/aicoven-local-opensource/swift/AICoven/AICoven/Core/Tools/ToolExecutionService.swift:444:20: warning: no 'async' operations occur within 'await' expression
            return await .error(tool: toolCall.name, message: "GitHub not connected.")
                   ^
/Users/andreeapapillon/Documents/GitHub/aicoven-local-opensource/swift/AICoven/AICoven/Core/Tools/ToolExecutionService.swift:452:20: warning: no 'async' operations occur within 'await' expression
            return await .validationError(tool: toolCall.name, message: "Missing required arguments: 'owner', 'repo', 'title', 'head', 'base'")
                   ^
/Users/andreeapapillon/Documents/GitHub/aicoven-local-opensource/swift/AICoven/AICoven/Core/Tools/ToolExecutionService.swift:472:20: warning: no 'async' operations occur within 'await' expression
            return await .error(tool: toolCall.name, message: error.localizedDescription)
                   ^
/Users/andreeapapillon/Documents/GitHub/aicoven-local-opensource/swift/AICoven/AICoven/Core/Tools/ToolExecutionService.swift:479:20: warning: no 'async' operations occur within 'await' expression
            return await .error(tool: toolCall.name, message: "GitHub not connected.")
                   ^
/Users/andreeapapillon/Documents/GitHub/aicoven-local-opensource/swift/AICoven/AICoven/Core/Tools/ToolExecutionService.swift:483:20: warning: no 'async' operations occur within 'await' expression
            return await .validationError(tool: toolCall.name, message: "Missing required argument: 'query'")
                   ^
/Users/andreeapapillon/Documents/GitHub/aicoven-local-opensource/swift/AICoven/AICoven/Core/Tools/ToolExecutionService.swift:493:20: warning: no 'async' operations occur within 'await' expression
            return await .error(tool: toolCall.name, message: error.localizedDescription)
                   ^
/Users/andreeapapillon/Documents/GitHub/aicoven-local-opensource/swift/AICoven/AICoven/Core/Tools/ToolExecutionService.swift:500:20: warning: no 'async' operations occur within 'await' expression
            return await .error(tool: toolCall.name, message: "GitHub not connected. Please connect GitHub in Settings > Connected Apps.")
                   ^
/Users/andreeapapillon/Documents/GitHub/aicoven-local-opensource/swift/AICoven/AICoven/Core/Tools/ToolExecutionService.swift:505:20: warning: no 'async' operations occur within 'await' expression
            return await .validationError(tool: toolCall.name, message: "Missing required arguments: 'owner', 'repo'")
                   ^
/Users/andreeapapillon/Documents/GitHub/aicoven-local-opensource/swift/AICoven/AICoven/Core/Tools/ToolExecutionService.swift:521:20: warning: no 'async' operations occur within 'await' expression
            return await .validationError(tool: toolCall.name, message: "Missing required argument: 'pull_number'")
                   ^
/Users/andreeapapillon/Documents/GitHub/aicoven-local-opensource/swift/AICoven/AICoven/Core/Tools/ToolExecutionService.swift:572:20: warning: no 'async' operations occur within 'await' expression
            return await .error(tool: toolCall.name, message: "GitHub not connected. Please connect GitHub in Settings > Connected Apps.")
                   ^
/Users/andreeapapillon/Documents/GitHub/aicoven-local-opensource/swift/AICoven/AICoven/Core/Tools/ToolExecutionService.swift:593:20: warning: no 'async' operations occur within 'await' expression
            return await .validationError(tool: toolCall.name, message: "Missing required argument: 'pull_number'")
                   ^
/Users/andreeapapillon/Documents/GitHub/aicoven-local-opensource/swift/AICoven/AICoven/Core/Tools/ToolExecutionService.swift:633:20: warning: no 'async' operations occur within 'await' expression
            return await .error(tool: toolCall.name, message: error.localizedDescription)
                   ^
/Users/andreeapapillon/Documents/GitHub/aicoven-local-opensource/swift/AICoven/AICoven/Core/Tools/ToolExecutionService.swift:653:20: warning: no 'async' operations occur within 'await' expression
            return await .error(tool: toolCall.name, message: error.localizedDescription)
                   ^
/Users/andreeapapillon/Documents/GitHub/aicoven-local-opensource/swift/AICoven/AICoven/Core/Tools/ToolExecutionService.swift:660:20: warning: no 'async' operations occur within 'await' expression
            return await .error(tool: toolCall.name, message: "Google Drive not connected.")
                   ^
/Users/andreeapapillon/Documents/GitHub/aicoven-local-opensource/swift/AICoven/AICoven/Core/Tools/ToolExecutionService.swift:664:20: warning: no 'async' operations occur within 'await' expression
            return await .validationError(tool: toolCall.name, message: "Missing required argument: 'file_id'")
                   ^
/Users/andreeapapillon/Documents/GitHub/aicoven-local-opensource/swift/AICoven/AICoven/Core/Tools/ToolExecutionService.swift:679:20: warning: no 'async' operations occur within 'await' expression
            return await .error(tool: toolCall.name, message: error.localizedDescription)
                   ^
/Users/andreeapapillon/Documents/GitHub/aicoven-local-opensource/swift/AICoven/AICoven/Core/Tools/ToolExecutionService.swift:686:20: warning: no 'async' operations occur within 'await' expression
            return await .error(tool: toolCall.name, message: "Google Drive not connected.")
                   ^
/Users/andreeapapillon/Documents/GitHub/aicoven-local-opensource/swift/AICoven/AICoven/Core/Tools/ToolExecutionService.swift:691:20: warning: no 'async' operations occur within 'await' expression
            return await .validationError(tool: toolCall.name, message: "Missing required arguments: 'name', 'content'")
                   ^
/Users/andreeapapillon/Documents/GitHub/aicoven-local-opensource/swift/AICoven/AICoven/Core/Tools/ToolExecutionService.swift:706:20: warning: no 'async' operations occur within 'await' expression
            return await .error(tool: toolCall.name, message: error.localizedDescription)
                   ^
/Users/andreeapapillon/Documents/GitHub/aicoven-local-opensource/swift/AICoven/AICoven/Core/Tools/ToolExecutionService.swift:713:20: warning: no 'async' operations occur within 'await' expression
            return await .error(tool: toolCall.name, message: "Google Drive not connected.")
                   ^
/Users/andreeapapillon/Documents/GitHub/aicoven-local-opensource/swift/AICoven/AICoven/Core/Tools/ToolExecutionService.swift:718:20: warning: no 'async' operations occur within 'await' expression
            return await .validationError(tool: toolCall.name, message: "Missing required arguments: 'spreadsheet_id', 'range'")
                   ^
/Users/andreeapapillon/Documents/GitHub/aicoven-local-opensource/swift/AICoven/AICoven/Core/Tools/ToolExecutionService.swift:731:20: warning: no 'async' operations occur within 'await' expression
            return await .error(tool: toolCall.name, message: error.localizedDescription)
                   ^
/Users/andreeapapillon/Documents/GitHub/aicoven-local-opensource/swift/AICoven/AICoven/Core/Tools/ToolExecutionService.swift:738:20: warning: no 'async' operations occur within 'await' expression
            return await .error(tool: toolCall.name, message: "Google Drive not connected.")
                   ^
/Users/andreeapapillon/Documents/GitHub/aicoven-local-opensource/swift/AICoven/AICoven/Core/Tools/ToolExecutionService.swift:743:20: warning: no 'async' operations occur within 'await' expression
            return await .validationError(tool: toolCall.name, message: "Missing required arguments: 'spreadsheet_id', 'range'")
                   ^
/Users/andreeapapillon/Documents/GitHub/aicoven-local-opensource/swift/AICoven/AICoven/Core/Tools/ToolExecutionService.swift:748:20: warning: no 'async' operations occur within 'await' expression
            return await .validationError(tool: toolCall.name, message: "Missing or invalid 'values' argument (expected array of arrays)")
                   ^
/Users/andreeapapillon/Documents/GitHub/aicoven-local-opensource/swift/AICoven/AICoven/Core/Tools/ToolExecutionService.swift:763:20: warning: no 'async' operations occur within 'await' expression
            return await .error(tool: toolCall.name, message: error.localizedDescription)
                   ^
/Users/andreeapapillon/Documents/GitHub/aicoven-local-opensource/swift/AICoven/AICoven/Core/Tools/ToolExecutionService.swift:794:20: warning: no 'async' operations occur within 'await' expression
            return await .error(tool: toolName, message: "Web browse failed: \(error.localizedDescription)")
                   ^

SwiftCompile normal arm64 /Users/andreeapapillon/Documents/GitHub/aicoven-local-opensource/swift/AICoven/AICoven/Core/Tools/ToolRelevanceService.swift (in target 'AICoven' from project 'AICoven Local')
    cd /Users/andreeapapillon/Documents/GitHub/aicoven-local-opensource/swift/AICoven
    

SwiftCompile normal arm64 /Users/andreeapapillon/Documents/GitHub/aicoven-local-opensource/swift/AICoven/AICoven/Core/Tools/ToolResult.swift (in target 'AICoven' from project 'AICoven Local')
    cd /Users/andreeapapillon/Documents/GitHub/aicoven-local-opensource/swift/AICoven
    
/Users/andreeapapillon/Documents/GitHub/aicoven-local-opensource/swift/AICoven/AICoven/Core/Tools/ToolResult.swift:63:9: warning: call to main actor-isolated initializer 'init(tool:status:result:error:errorType:contextBlock:isRetryable:helpfulInstructions:field:suggestion:)' in a synchronous nonisolated context
        ToolExecutionResult(
        ^
/Users/andreeapapillon/Documents/GitHub/aicoven-local-opensource/swift/AICoven/AICoven/Core/Tools/ToolResult.swift:31:5: note: calls to initializer 'init(tool:status:result:error:errorType:contextBlock:isRetryable:helpfulInstructions:field:suggestion:)' from outside of its actor context are implicitly asynchronous
    init(
    ^
/Users/andreeapapillon/Documents/GitHub/aicoven-local-opensource/swift/AICoven/AICoven/Core/Tools/ToolResult.swift:79:9: warning: call to main actor-isolated initializer 'init(tool:status:result:error:errorType:contextBlock:isRetryable:helpfulInstructions:field:suggestion:)' in a synchronous nonisolated context
        ToolExecutionResult(
        ^
/Users/andreeapapillon/Documents/GitHub/aicoven-local-opensource/swift/AICoven/AICoven/Core/Tools/ToolResult.swift:31:5: note: calls to initializer 'init(tool:status:result:error:errorType:contextBlock:isRetryable:helpfulInstructions:field:suggestion:)' from outside of its actor context are implicitly asynchronous
    init(
    ^
/Users/andreeapapillon/Documents/GitHub/aicoven-local-opensource/swift/AICoven/AICoven/Core/Tools/ToolResult.swift:96:9: warning: call to main actor-isolated initializer 'init(tool:status:result:error:errorType:contextBlock:isRetryable:helpfulInstructions:field:suggestion:)' in a synchronous nonisolated context
        ToolExecutionResult(
        ^
/Users/andreeapapillon/Documents/GitHub/aicoven-local-opensource/swift/AICoven/AICoven/Core/Tools/ToolResult.swift:31:5: note: calls to initializer 'init(tool:status:result:error:errorType:contextBlock:isRetryable:helpfulInstructions:field:suggestion:)' from outside of its actor context are implicitly asynchronous
    init(
    ^
/Users/andreeapapillon/Documents/GitHub/aicoven-local-opensource/swift/AICoven/AICoven/Core/Tools/ToolResult.swift:113:9: warning: call to main actor-isolated initializer 'init(tool:status:result:error:errorType:contextBlock:isRetryable:helpfulInstructions:field:suggestion:)' in a synchronous nonisolated context
        ToolExecutionResult(
        ^
/Users/andreeapapillon/Documents/GitHub/aicoven-local-opensource/swift/AICoven/AICoven/Core/Tools/ToolResult.swift:31:5: note: calls to initializer 'init(tool:status:result:error:errorType:contextBlock:isRetryable:helpfulInstructions:field:suggestion:)' from outside of its actor context are implicitly asynchronous
    init(
    ^
/Users/andreeapapillon/Documents/GitHub/aicoven-local-opensource/swift/AICoven/AICoven/Core/Tools/ToolResult.swift:125:9: warning: call to main actor-isolated initializer 'init(tool:status:result:error:errorType:contextBlock:isRetryable:helpfulInstructions:field:suggestion:)' in a synchronous nonisolated context
        ToolExecutionResult(
        ^
/Users/andreeapapillon/Documents/GitHub/aicoven-local-opensource/swift/AICoven/AICoven/Core/Tools/ToolResult.swift:31:5: note: calls to initializer 'init(tool:status:result:error:errorType:contextBlock:isRetryable:helpfulInstructions:field:suggestion:)' from outside of its actor context are implicitly asynchronous
    init(
    ^
/Users/andreeapapillon/Documents/GitHub/aicoven-local-opensource/swift/AICoven/AICoven/Core/Tools/ToolResult.swift:135:9: warning: call to main actor-isolated initializer 'init(tool:status:result:error:errorType:contextBlock:isRetryable:helpfulInstructions:field:suggestion:)' in a synchronous nonisolated context
        ToolExecutionResult(
        ^
/Users/andreeapapillon/Documents/GitHub/aicoven-local-opensource/swift/AICoven/AICoven/Core/Tools/ToolResult.swift:31:5: note: calls to initializer 'init(tool:status:result:error:errorType:contextBlock:isRetryable:helpfulInstructions:field:suggestion:)' from outside of its actor context are implicitly asynchronous
    init(
    ^

SwiftCompile normal arm64 Compiling\ PersonalContentView.swift,\ PersonalThreadsSidebar.swift,\ SplashScreenView.swift,\ WorkspaceView.swift,\ MemoryComponents.swift,\ MemoryEditorViews.swift,\ MemoryListViews.swift,\ MemoryProposalsView.swift,\ ProfileView.swift,\ AddRoleView.swift,\ EditRoleView.swift,\ BudgetView.swift,\ CovenTutorialView.swift /Users/andreeapapillon/Documents/GitHub/aicoven-local-opensource/swift/AICoven/AICoven/Views/Main/PersonalContentView.swift /Users/andreeapapillon/Documents/GitHub/aicoven-local-opensource/swift/AICoven/AICoven/Views/Main/PersonalThreadsSidebar.swift /Users/andreeapapillon/Documents/GitHub/aicoven-local-opensource/swift/AICoven/AICoven/Views/Main/SplashScreenView.swift /Users/andreeapapillon/Documents/GitHub/aicoven-local-opensource/swift/AICoven/AICoven/Views/Main/WorkspaceView.swift /Users/andreeapapillon/Documents/GitHub/aicoven-local-opensource/swift/AICoven/AICoven/Views/Memory/MemoryComponents.swift /Users/andreeapapillon/Documents/GitHub/aicoven-local-opensource/swift/AICoven/AICoven/Views/Memory/MemoryEditorViews.swift /Users/andreeapapillon/Documents/GitHub/aicoven-local-opensource/swift/AICoven/AICoven/Views/Memory/MemoryListViews.swift /Users/andreeapapillon/Documents/GitHub/aicoven-local-opensource/swift/AICoven/AICoven/Views/Memory/MemoryProposalsView.swift /Users/andreeapapillon/Documents/GitHub/aicoven-local-opensource/swift/AICoven/AICoven/Views/Profile/ProfileView.swift /Users/andreeapapillon/Documents/GitHub/aicoven-local-opensource/swift/AICoven/AICoven/Views/Roles/AddRoleView.swift /Users/andreeapapillon/Documents/GitHub/aicoven-local-opensource/swift/AICoven/AICoven/Views/Roles/EditRoleView.swift /Users/andreeapapillon/Documents/GitHub/aicoven-local-opensource/swift/AICoven/AICoven/Views/Settings/BudgetView.swift /Users/andreeapapillon/Documents/GitHub/aicoven-local-opensource/swift/AICoven/AICoven/Views/Settings/CovenTutorialView.swift (in target 'AICoven' from project 'AICoven Local')
SwiftCompile normal arm64 /Users/andreeapapillon/Documents/GitHub/aicoven-local-opensource/swift/AICoven/AICoven/Views/Main/PersonalContentView.swift (in target 'AICoven' from project 'AICoven Local')
    cd /Users/andreeapapillon/Documents/GitHub/aicoven-local-opensource/swift/AICoven
    

SwiftCompile normal arm64 /Users/andreeapapillon/Documents/GitHub/aicoven-local-opensource/swift/AICoven/AICoven/Views/Main/PersonalThreadsSidebar.swift (in target 'AICoven' from project 'AICoven Local')
    cd /Users/andreeapapillon/Documents/GitHub/aicoven-local-opensource/swift/AICoven
    

SwiftCompile normal arm64 /Users/andreeapapillon/Documents/GitHub/aicoven-local-opensource/swift/AICoven/AICoven/Views/Main/SplashScreenView.swift (in target 'AICoven' from project 'AICoven Local')
    cd /Users/andreeapapillon/Documents/GitHub/aicoven-local-opensource/swift/AICoven
    

SwiftCompile normal arm64 /Users/andreeapapillon/Documents/GitHub/aicoven-local-opensource/swift/AICoven/AICoven/Views/Main/WorkspaceView.swift (in target 'AICoven' from project 'AICoven Local')
    cd /Users/andreeapapillon/Documents/GitHub/aicoven-local-opensource/swift/AICoven
    

SwiftCompile normal arm64 /Users/andreeapapillon/Documents/GitHub/aicoven-local-opensource/swift/AICoven/AICoven/Views/Memory/MemoryComponents.swift (in target 'AICoven' from project 'AICoven Local')
    cd /Users/andreeapapillon/Documents/GitHub/aicoven-local-opensource/swift/AICoven
    

SwiftCompile normal arm64 /Users/andreeapapillon/Documents/GitHub/aicoven-local-opensource/swift/AICoven/AICoven/Views/Memory/MemoryEditorViews.swift (in target 'AICoven' from project 'AICoven Local')
    cd /Users/andreeapapillon/Documents/GitHub/aicoven-local-opensource/swift/AICoven
    

SwiftCompile normal arm64 /Users/andreeapapillon/Documents/GitHub/aicoven-local-opensource/swift/AICoven/AICoven/Views/Memory/MemoryListViews.swift (in target 'AICoven' from project 'AICoven Local')
    cd /Users/andreeapapillon/Documents/GitHub/aicoven-local-opensource/swift/AICoven
    

SwiftCompile normal arm64 /Users/andreeapapillon/Documents/GitHub/aicoven-local-opensource/swift/AICoven/AICoven/Views/Memory/MemoryProposalsView.swift (in target 'AICoven' from project 'AICoven Local')
    cd /Users/andreeapapillon/Documents/GitHub/aicoven-local-opensource/swift/AICoven
    
/Users/andreeapapillon/Documents/GitHub/aicoven-local-opensource/swift/AICoven/AICoven/Views/Memory/MemoryProposalsView.swift:412:10: warning: 'onChange(of:perform:)' was deprecated in macOS 14.0: Use `onChange` with a two or zero parameter action closure instead.
        .onChange(of: proposal.proposedContent) { newValue in
         ^

SwiftCompile normal arm64 /Users/andreeapapillon/Documents/GitHub/aicoven-local-opensource/swift/AICoven/AICoven/Views/Profile/ProfileView.swift (in target 'AICoven' from project 'AICoven Local')
    cd /Users/andreeapapillon/Documents/GitHub/aicoven-local-opensource/swift/AICoven
    
/Users/andreeapapillon/Documents/GitHub/aicoven-local-opensource/swift/AICoven/AICoven/Views/Profile/ProfileView.swift:101:21: warning: no 'async' operations occur within 'await' expression
                try await authService.signOut()
                    ^

SwiftCompile normal arm64 /Users/andreeapapillon/Documents/GitHub/aicoven-local-opensource/swift/AICoven/AICoven/Views/Roles/AddRoleView.swift (in target 'AICoven' from project 'AICoven Local')
    cd /Users/andreeapapillon/Documents/GitHub/aicoven-local-opensource/swift/AICoven
    

SwiftCompile normal arm64 /Users/andreeapapillon/Documents/GitHub/aicoven-local-opensource/swift/AICoven/AICoven/Views/Roles/EditRoleView.swift (in target 'AICoven' from project 'AICoven Local')
    cd /Users/andreeapapillon/Documents/GitHub/aicoven-local-opensource/swift/AICoven
    

SwiftCompile normal arm64 /Users/andreeapapillon/Documents/GitHub/aicoven-local-opensource/swift/AICoven/AICoven/Views/Settings/BudgetView.swift (in target 'AICoven' from project 'AICoven Local')
    cd /Users/andreeapapillon/Documents/GitHub/aicoven-local-opensource/swift/AICoven
    
/Users/andreeapapillon/Documents/GitHub/aicoven-local-opensource/swift/AICoven/AICoven/Views/Settings/BudgetView.swift:299:32: warning: value 'remaining' was defined but never used; consider replacing with boolean test
                        if let remaining {
                           ~~~~^
                                         != nil

SwiftCompile normal arm64 /Users/andreeapapillon/Documents/GitHub/aicoven-local-opensource/swift/AICoven/AICoven/Views/Settings/CovenTutorialView.swift (in target 'AICoven' from project 'AICoven Local')
    cd /Users/andreeapapillon/Documents/GitHub/aicoven-local-opensource/swift/AICoven
    

SwiftCompile normal arm64 Compiling\ EnhancedProfileView.swift,\ EnhancedSettingsView.swift,\ FileAccessSettingsSection.swift,\ MLXModelSettingsView.swift,\ PrivacyPolicyView.swift,\ ProviderKeysView.swift,\ SettingsView.swift,\ StrixSettingsView.swift,\ TermsOfServiceView.swift,\ UsageSettingsView.swift,\ StoreView.swift,\ ThreadsListView.swift,\ GeneratedAssetSymbols.swift /Users/andreeapapillon/Documents/GitHub/aicoven-local-opensource/swift/AICoven/AICoven/Views/Settings/EnhancedProfileView.swift /Users/andreeapapillon/Documents/GitHub/aicoven-local-opensource/swift/AICoven/AICoven/Views/Settings/EnhancedSettingsView.swift /Users/andreeapapillon/Documents/GitHub/aicoven-local-opensource/swift/AICoven/AICoven/Views/Settings/FileAccessSettingsSection.swift /Users/andreeapapillon/Documents/GitHub/aicoven-local-opensource/swift/AICoven/AICoven/Views/Settings/MLXModelSettingsView.swift /Users/andreeapapillon/Documents/GitHub/aicoven-local-opensource/swift/AICoven/AICoven/Views/Settings/PrivacyPolicyView.swift /Users/andreeapapillon/Documents/GitHub/aicoven-local-opensource/swift/AICoven/AICoven/Views/Settings/ProviderKeysView.swift /Users/andreeapapillon/Documents/GitHub/aicoven-local-opensource/swift/AICoven/AICoven/Views/Settings/SettingsView.swift /Users/andreeapapillon/Documents/GitHub/aicoven-local-opensource/swift/AICoven/AICoven/Views/Settings/StrixSettingsView.swift /Users/andreeapapillon/Documents/GitHub/aicoven-local-opensource/swift/AICoven/AICoven/Views/Settings/TermsOfServiceView.swift /Users/andreeapapillon/Documents/GitHub/aicoven-local-opensource/swift/AICoven/AICoven/Views/Settings/UsageSettingsView.swift /Users/andreeapapillon/Documents/GitHub/aicoven-local-opensource/swift/AICoven/AICoven/Views/Store/StoreView.swift /Users/andreeapapillon/Documents/GitHub/aicoven-local-opensource/swift/AICoven/AICoven/Views/Threads/ThreadsListView.swift /Users/andreeapapillon/Library/Developer/Xcode/DerivedData/AICoven_Local-gvtpajtveckudhherqngqlizoxtt/Build/Intermediates.noindex/AICoven\ Local.build/Debug/AICoven.build/DerivedSources/GeneratedAssetSymbols.swift (in target 'AICoven' from project 'AICoven Local')

SwiftCompile normal arm64 /Users/andreeapapillon/Documents/GitHub/aicoven-local-opensource/swift/AICoven/AICoven/Views/Settings/EnhancedProfileView.swift (in target 'AICoven' from project 'AICoven Local')
    cd /Users/andreeapapillon/Documents/GitHub/aicoven-local-opensource/swift/AICoven
    
/Users/andreeapapillon/Documents/GitHub/aicoven-local-opensource/swift/AICoven/AICoven/Views/Settings/EnhancedProfileView.swift:172:41: warning: no 'async' operations occur within 'await' expression
                                    try await authService.signOut()
                                        ^

SwiftCompile normal arm64 /Users/andreeapapillon/Documents/GitHub/aicoven-local-opensource/swift/AICoven/AICoven/Views/Settings/EnhancedSettingsView.swift (in target 'AICoven' from project 'AICoven Local')
    cd /Users/andreeapapillon/Documents/GitHub/aicoven-local-opensource/swift/AICoven
    

SwiftCompile normal arm64 /Users/andreeapapillon/Documents/GitHub/aicoven-local-opensource/swift/AICoven/AICoven/Views/Settings/FileAccessSettingsSection.swift (in target 'AICoven' from project 'AICoven Local')
    cd /Users/andreeapapillon/Documents/GitHub/aicoven-local-opensource/swift/AICoven
    

SwiftCompile normal arm64 /Users/andreeapapillon/Documents/GitHub/aicoven-local-opensource/swift/AICoven/AICoven/Views/Settings/MLXModelSettingsView.swift (in target 'AICoven' from project 'AICoven Local')
    cd /Users/andreeapapillon/Documents/GitHub/aicoven-local-opensource/swift/AICoven
    
/Users/andreeapapillon/Documents/GitHub/aicoven-local-opensource/swift/AICoven/AICoven/Core/LLM/MCPToolCallingBenchmark.swift:147:33: warning: main actor-isolated static property 'defaultTestCases' can not be referenced from a nonisolated context; this is an error in the Swift 6 language mode
        testCases: [TestCase] = defaultTestCases
                                ^
/Users/andreeapapillon/Documents/GitHub/aicoven-local-opensource/swift/AICoven/AICoven/Core/LLM/MCPToolCallingBenchmark.swift:47:16: note: static property declared here
    static let defaultTestCases: [TestCase] = [
               ^

SwiftCompile normal arm64 /Users/andreeapapillon/Documents/GitHub/aicoven-local-opensource/swift/AICoven/AICoven/Views/Settings/PrivacyPolicyView.swift (in target 'AICoven' from project 'AICoven Local')
    cd /Users/andreeapapillon/Documents/GitHub/aicoven-local-opensource/swift/AICoven
    

SwiftCompile normal arm64 /Users/andreeapapillon/Documents/GitHub/aicoven-local-opensource/swift/AICoven/AICoven/Views/Settings/ProviderKeysView.swift (in target 'AICoven' from project 'AICoven Local')
    cd /Users/andreeapapillon/Documents/GitHub/aicoven-local-opensource/swift/AICoven
    

SwiftCompile normal arm64 /Users/andreeapapillon/Documents/GitHub/aicoven-local-opensource/swift/AICoven/AICoven/Views/Settings/SettingsView.swift (in target 'AICoven' from project 'AICoven Local')
    cd /Users/andreeapapillon/Documents/GitHub/aicoven-local-opensource/swift/AICoven
    

SwiftCompile normal arm64 /Users/andreeapapillon/Documents/GitHub/aicoven-local-opensource/swift/AICoven/AICoven/Views/Settings/StrixSettingsView.swift (in target 'AICoven' from project 'AICoven Local')
    cd /Users/andreeapapillon/Documents/GitHub/aicoven-local-opensource/swift/AICoven
    

SwiftCompile normal arm64 /Users/andreeapapillon/Documents/GitHub/aicoven-local-opensource/swift/AICoven/AICoven/Views/Settings/TermsOfServiceView.swift (in target 'AICoven' from project 'AICoven Local')
    cd /Users/andreeapapillon/Documents/GitHub/aicoven-local-opensource/swift/AICoven
    

SwiftCompile normal arm64 /Users/andreeapapillon/Documents/GitHub/aicoven-local-opensource/swift/AICoven/AICoven/Views/Settings/UsageSettingsView.swift (in target 'AICoven' from project 'AICoven Local')
    cd /Users/andreeapapillon/Documents/GitHub/aicoven-local-opensource/swift/AICoven
    

SwiftCompile normal arm64 /Users/andreeapapillon/Documents/GitHub/aicoven-local-opensource/swift/AICoven/AICoven/Views/Store/StoreView.swift (in target 'AICoven' from project 'AICoven Local')
    cd /Users/andreeapapillon/Documents/GitHub/aicoven-local-opensource/swift/AICoven
    

SwiftCompile normal arm64 /Users/andreeapapillon/Documents/GitHub/aicoven-local-opensource/swift/AICoven/AICoven/Views/Threads/ThreadsListView.swift (in target 'AICoven' from project 'AICoven Local')
    cd /Users/andreeapapillon/Documents/GitHub/aicoven-local-opensource/swift/AICoven
    

SwiftCompile normal arm64 /Users/andreeapapillon/Library/Developer/Xcode/DerivedData/AICoven_Local-gvtpajtveckudhherqngqlizoxtt/Build/Intermediates.noindex/AICoven\ Local.build/Debug/AICoven.build/DerivedSources/GeneratedAssetSymbols.swift (in target 'AICoven' from project 'AICoven Local')
    cd /Users/andreeapapillon/Documents/GitHub/aicoven-local-opensource/swift/AICoven
    

SwiftCompile normal arm64 Compiling\ AICovenApp.swift,\ ContentView.swift,\ UnlockEncryptionView.swift,\ AgentRunner.swift,\ ContextBuilder.swift,\ PromptTemplates.swift,\ AnthropicLLMClient.swift,\ GeminiLLMClient.swift,\ MLXLLMClient.swift,\ MLXModelManager.swift,\ OllamaLLMClient.swift,\ OpenAILLMClient.swift,\ EmbeddingService.swift,\ LLMClient.swift /Users/andreeapapillon/Documents/GitHub/aicoven-local-opensource/swift/AICoven/AICoven/App/AICovenApp.swift /Users/andreeapapillon/Documents/GitHub/aicoven-local-opensource/swift/AICoven/AICoven/App/ContentView.swift /Users/andreeapapillon/Documents/GitHub/aicoven-local-opensource/swift/AICoven/AICoven/App/UnlockEncryptionView.swift /Users/andreeapapillon/Documents/GitHub/aicoven-local-opensource/swift/AICoven/AICoven/Core/Agents/AgentRunner.swift /Users/andreeapapillon/Documents/GitHub/aicoven-local-opensource/swift/AICoven/AICoven/Core/Context/ContextBuilder.swift /Users/andreeapapillon/Documents/GitHub/aicoven-local-opensource/swift/AICoven/AICoven/Core/Context/PromptTemplates.swift /Users/andreeapapillon/Documents/GitHub/aicoven-local-opensource/swift/AICoven/AICoven/Core/LLM/Providers/AnthropicLLMClient.swift /Users/andreeapapillon/Documents/GitHub/aicoven-local-opensource/swift/AICoven/AICoven/Core/LLM/Providers/GeminiLLMClient.swift /Users/andreeapapillon/Documents/GitHub/aicoven-local-opensource/swift/AICoven/AICoven/Core/LLM/Providers/MLXLLMClient.swift /Users/andreeapapillon/Documents/GitHub/aicoven-local-opensource/swift/AICoven/AICoven/Core/LLM/Providers/MLXModelManager.swift /Users/andreeapapillon/Documents/GitHub/aicoven-local-opensource/swift/AICoven/AICoven/Core/LLM/Providers/OllamaLLMClient.swift /Users/andreeapapillon/Documents/GitHub/aicoven-local-opensource/swift/AICoven/AICoven/Core/LLM/Providers/OpenAILLMClient.swift /Users/andreeapapillon/Documents/GitHub/aicoven-local-opensource/swift/AICoven/AICoven/Core/LLM/EmbeddingService.swift /Users/andreeapapillon/Documents/GitHub/aicoven-local-opensource/swift/AICoven/AICoven/Core/LLM/LLMClient.swift (in target 'AICoven' from project 'AICoven Local')

SwiftCompile normal arm64 /Users/andreeapapillon/Documents/GitHub/aicoven-local-opensource/swift/AICoven/AICoven/App/AICovenApp.swift (in target 'AICoven' from project 'AICoven Local')
    cd /Users/andreeapapillon/Documents/GitHub/aicoven-local-opensource/swift/AICoven
    

SwiftCompile normal arm64 /Users/andreeapapillon/Documents/GitHub/aicoven-local-opensource/swift/AICoven/AICoven/App/ContentView.swift (in target 'AICoven' from project 'AICoven Local')
    cd /Users/andreeapapillon/Documents/GitHub/aicoven-local-opensource/swift/AICoven
    

SwiftCompile normal arm64 /Users/andreeapapillon/Documents/GitHub/aicoven-local-opensource/swift/AICoven/AICoven/App/UnlockEncryptionView.swift (in target 'AICoven' from project 'AICoven Local')
    cd /Users/andreeapapillon/Documents/GitHub/aicoven-local-opensource/swift/AICoven
    

SwiftCompile normal arm64 /Users/andreeapapillon/Documents/GitHub/aicoven-local-opensource/swift/AICoven/AICoven/Core/Agents/AgentRunner.swift (in target 'AICoven' from project 'AICoven Local')
    cd /Users/andreeapapillon/Documents/GitHub/aicoven-local-opensource/swift/AICoven
    

SwiftCompile normal arm64 /Users/andreeapapillon/Documents/GitHub/aicoven-local-opensource/swift/AICoven/AICoven/Core/Context/ContextBuilder.swift (in target 'AICoven' from project 'AICoven Local')
    cd /Users/andreeapapillon/Documents/GitHub/aicoven-local-opensource/swift/AICoven
    

SwiftCompile normal arm64 /Users/andreeapapillon/Documents/GitHub/aicoven-local-opensource/swift/AICoven/AICoven/Core/Context/PromptTemplates.swift (in target 'AICoven' from project 'AICoven Local')
    cd /Users/andreeapapillon/Documents/GitHub/aicoven-local-opensource/swift/AICoven
    
/Users/andreeapapillon/Documents/GitHub/aicoven-local-opensource/swift/AICoven/AICoven/Core/Context/PromptTemplates.swift:778:22: warning: main actor-isolated static property 'maxLocalModelMCPTools' can not be referenced from a nonisolated context
        limit: Int = maxLocalModelMCPTools
                     ^
/Users/andreeapapillon/Documents/GitHub/aicoven-local-opensource/swift/AICoven/AICoven/Core/Context/PromptTemplates.swift:766:24: note: static property declared here
    private static let maxLocalModelMCPTools = 8
                       ^

SwiftCompile normal arm64 /Users/andreeapapillon/Documents/GitHub/aicoven-local-opensource/swift/AICoven/AICoven/Core/LLM/Providers/AnthropicLLMClient.swift (in target 'AICoven' from project 'AICoven Local')
    cd /Users/andreeapapillon/Documents/GitHub/aicoven-local-opensource/swift/AICoven
    

SwiftCompile normal arm64 /Users/andreeapapillon/Documents/GitHub/aicoven-local-opensource/swift/AICoven/AICoven/Core/LLM/Providers/GeminiLLMClient.swift (in target 'AICoven' from project 'AICoven Local')
    cd /Users/andreeapapillon/Documents/GitHub/aicoven-local-opensource/swift/AICoven
    

SwiftCompile normal arm64 /Users/andreeapapillon/Documents/GitHub/aicoven-local-opensource/swift/AICoven/AICoven/Core/LLM/Providers/MLXLLMClient.swift (in target 'AICoven' from project 'AICoven Local')
    cd /Users/andreeapapillon/Documents/GitHub/aicoven-local-opensource/swift/AICoven
    
/Users/andreeapapillon/Documents/GitHub/aicoven-local-opensource/swift/AICoven/AICoven/Core/LLM/Providers/MLXLLMClient.swift:82:17: warning: 'clearCache()' is deprecated: renamed to 'Memory.clearCache'
        MLX.GPU.clearCache()
                ^
/Users/andreeapapillon/Documents/GitHub/aicoven-local-opensource/swift/AICoven/AICoven/Core/LLM/Providers/MLXLLMClient.swift:82:17: note: use 'Memory.clearCache' instead
        MLX.GPU.clearCache()
        ~~~~~~~~^~~~~~~~~~
        Memory.clearCache
/Users/andreeapapillon/Documents/GitHub/aicoven-local-opensource/swift/AICoven/AICoven/Core/LLM/Providers/MLXLLMClient.swift:74:21: warning: main actor-isolated property 'loadedContainers' can not be referenced from a Sendable closure
            let n = loadedContainers.count
                    ^
/Users/andreeapapillon/Documents/GitHub/aicoven-local-opensource/swift/AICoven/AICoven/Core/LLM/Providers/MLXLLMClient.swift:34:17: note: property declared here
    private var loadedContainers: [String: ModelContainer] = [:]
                ^
/Users/andreeapapillon/Documents/GitHub/aicoven-local-opensource/swift/AICoven/AICoven/Core/LLM/Providers/MLXLLMClient.swift:75:13: warning: main actor-isolated property 'loadedContainers' can not be mutated from a Sendable closure
            loadedContainers.removeAll()
            ^
/Users/andreeapapillon/Documents/GitHub/aicoven-local-opensource/swift/AICoven/AICoven/Core/LLM/Providers/MLXLLMClient.swift:34:17: note: mutation of this property is only permitted within the actor
    private var loadedContainers: [String: ModelContainer] = [:]
                ^
/Users/andreeapapillon/Documents/GitHub/aicoven-local-opensource/swift/AICoven/AICoven/Core/LLM/Providers/MLXLLMClient.swift:136:33: warning: 'generate(input:parameters:context:didGenerate:)' is deprecated: Use the AsyncStream-based generate(input:cache:parameters:context:) instead for better Swift concurrency support
                try MLXLMCommon.generate(
                                ^
/Users/andreeapapillon/Documents/GitHub/aicoven-local-opensource/swift/AICoven/AICoven/Core/LLM/Providers/MLXLLMClient.swift:127:68: warning: capture of 'userInput' with non-Sendable type 'UserInput' in a '@Sendable' closure
            let input = try await context.processor.prepare(input: userInput)
                                                                   ^
MLXLMCommon.UserInput:1:15: note: struct 'UserInput' does not conform to the 'Sendable' protocol
public struct UserInput {
              ^
/Users/andreeapapillon/Documents/GitHub/aicoven-local-opensource/swift/AICoven/AICoven/Core/LLM/Providers/MLXLLMClient.swift:10:1: warning: add '@preconcurrency' to suppress 'Sendable'-related warnings from module 'MLXLMCommon'
import MLXLMCommon
^
@preconcurrency 
/Users/andreeapapillon/Documents/GitHub/aicoven-local-opensource/swift/AICoven/AICoven/Core/LLM/Providers/MLXLLMClient.swift:218:43: warning: main actor-isolated property 'loadedContainers' can not be referenced from a Sendable closure
        if let existing = lock.withLock({ loadedContainers[modelID] }) {
                                          ^
/Users/andreeapapillon/Documents/GitHub/aicoven-local-opensource/swift/AICoven/AICoven/Core/LLM/Providers/MLXLLMClient.swift:34:17: note: property declared here
    private var loadedContainers: [String: ModelContainer] = [:]
                ^
/Users/andreeapapillon/Documents/GitHub/aicoven-local-opensource/swift/AICoven/AICoven/Core/LLM/Providers/MLXLLMClient.swift:247:31: warning: main actor-isolated property 'loadedContainers' can not be referenced from a Sendable closure
            if let existing = loadedContainers[modelID] {
                              ^
/Users/andreeapapillon/Documents/GitHub/aicoven-local-opensource/swift/AICoven/AICoven/Core/LLM/Providers/MLXLLMClient.swift:34:17: note: property declared here
    private var loadedContainers: [String: ModelContainer] = [:]
                ^
/Users/andreeapapillon/Documents/GitHub/aicoven-local-opensource/swift/AICoven/AICoven/Core/LLM/Providers/MLXLLMClient.swift:250:13: warning: main actor-isolated property 'loadedContainers' can not be mutated from a Sendable closure
            loadedContainers[modelID] = container
            ^
/Users/andreeapapillon/Documents/GitHub/aicoven-local-opensource/swift/AICoven/AICoven/Core/LLM/Providers/MLXLLMClient.swift:34:17: note: mutation of this property is only permitted within the actor
    private var loadedContainers: [String: ModelContainer] = [:]
                ^

SwiftCompile normal arm64 /Users/andreeapapillon/Documents/GitHub/aicoven-local-opensource/swift/AICoven/AICoven/Core/LLM/Providers/MLXModelManager.swift (in target 'AICoven' from project 'AICoven Local')
    cd /Users/andreeapapillon/Documents/GitHub/aicoven-local-opensource/swift/AICoven
    

SwiftCompile normal arm64 /Users/andreeapapillon/Documents/GitHub/aicoven-local-opensource/swift/AICoven/AICoven/Core/LLM/Providers/OllamaLLMClient.swift (in target 'AICoven' from project 'AICoven Local')
    cd /Users/andreeapapillon/Documents/GitHub/aicoven-local-opensource/swift/AICoven
    

SwiftCompile normal arm64 /Users/andreeapapillon/Documents/GitHub/aicoven-local-opensource/swift/AICoven/AICoven/Core/LLM/Providers/OpenAILLMClient.swift (in target 'AICoven' from project 'AICoven Local')
    cd /Users/andreeapapillon/Documents/GitHub/aicoven-local-opensource/swift/AICoven
    

SwiftCompile normal arm64 /Users/andreeapapillon/Documents/GitHub/aicoven-local-opensource/swift/AICoven/AICoven/Core/LLM/EmbeddingService.swift (in target 'AICoven' from project 'AICoven Local')
    cd /Users/andreeapapillon/Documents/GitHub/aicoven-local-opensource/swift/AICoven
    

SwiftCompile normal arm64 /Users/andreeapapillon/Documents/GitHub/aicoven-local-opensource/swift/AICoven/AICoven/Core/LLM/LLMClient.swift (in target 'AICoven' from project 'AICoven Local')
    cd /Users/andreeapapillon/Documents/GitHub/aicoven-local-opensource/swift/AICoven
    

SwiftCompile normal arm64 Compiling\ UploadService.swift,\ UsageService.swift,\ UsageViewModel.swift,\ ForgotPasswordView.swift,\ LoginView.swift,\ OnboardingFlowView.swift,\ PreAuthOnboardingView.swift,\ SignupView.swift,\ AgentFeaturesView.swift,\ FileAttachmentView.swift,\ MarkdownView.swift,\ MemoryExplorerView.swift,\ RichMessageBubble.swift,\ TasksProgressView.swift /Users/andreeapapillon/Documents/GitHub/aicoven-local-opensource/swift/AICoven/AICoven/Services/UploadService.swift /Users/andreeapapillon/Documents/GitHub/aicoven-local-opensource/swift/AICoven/AICoven/Services/UsageService.swift /Users/andreeapapillon/Documents/GitHub/aicoven-local-opensource/swift/AICoven/AICoven/ViewModels/UsageViewModel.swift /Users/andreeapapillon/Documents/GitHub/aicoven-local-opensource/swift/AICoven/AICoven/Views/Auth/ForgotPasswordView.swift /Users/andreeapapillon/Documents/GitHub/aicoven-local-opensource/swift/AICoven/AICoven/Views/Auth/LoginView.swift /Users/andreeapapillon/Documents/GitHub/aicoven-local-opensource/swift/AICoven/AICoven/Views/Auth/OnboardingFlowView.swift /Users/andreeapapillon/Documents/GitHub/aicoven-local-opensource/swift/AICoven/AICoven/Views/Auth/PreAuthOnboardingView.swift /Users/andreeapapillon/Documents/GitHub/aicoven-local-opensource/swift/AICoven/AICoven/Views/Auth/SignupView.swift /Users/andreeapapillon/Documents/GitHub/aicoven-local-opensource/swift/AICoven/AICoven/Views/Chat/AgentFeaturesView.swift /Users/andreeapapillon/Documents/GitHub/aicoven-local-opensource/swift/AICoven/AICoven/Views/Chat/FileAttachmentView.swift /Users/andreeapapillon/Documents/GitHub/aicoven-local-opensource/swift/AICoven/AICoven/Views/Chat/MarkdownView.swift /Users/andreeapapillon/Documents/GitHub/aicoven-local-opensource/swift/AICoven/AICoven/Views/Chat/MemoryExplorerView.swift /Users/andreeapapillon/Documents/GitHub/aicoven-local-opensource/swift/AICoven/AICoven/Views/Chat/RichMessageBubble.swift /Users/andreeapapillon/Documents/GitHub/aicoven-local-opensource/swift/AICoven/AICoven/Views/Chat/TasksProgressView.swift (in target 'AICoven' from project 'AICoven Local')

SwiftCompile normal arm64 /Users/andreeapapillon/Documents/GitHub/aicoven-local-opensource/swift/AICoven/AICoven/Services/UploadService.swift (in target 'AICoven' from project 'AICoven Local')
    cd /Users/andreeapapillon/Documents/GitHub/aicoven-local-opensource/swift/AICoven
    

SwiftCompile normal arm64 /Users/andreeapapillon/Documents/GitHub/aicoven-local-opensource/swift/AICoven/AICoven/Services/UsageService.swift (in target 'AICoven' from project 'AICoven Local')
    cd /Users/andreeapapillon/Documents/GitHub/aicoven-local-opensource/swift/AICoven
    
/Users/andreeapapillon/Documents/GitHub/aicoven-local-opensource/swift/AICoven/AICoven/Services/UsageService.swift:8:19: warning: call to main actor-isolated static method 'scopedKey' in a synchronous actor-isolated context
        UserScope.scopedKey("local_usage.entries.v1")
                  ^
/Users/andreeapapillon/Documents/GitHub/aicoven-local-opensource/swift/AICoven/AICoven/Infrastructure/UserScope.swift:32:17: note: calls to static method 'scopedKey' from outside of its actor context are implicitly asynchronous
    static func scopedKey(_ base: String) -> String {
                ^
/Users/andreeapapillon/Documents/GitHub/aicoven-local-opensource/swift/AICoven/AICoven/Services/UsageService.swift:12:19: warning: call to main actor-isolated static method 'scopedKey' in a synchronous actor-isolated context
        UserScope.scopedKey("local_usage.budgets.v1")
                  ^
/Users/andreeapapillon/Documents/GitHub/aicoven-local-opensource/swift/AICoven/AICoven/Infrastructure/UserScope.swift:32:17: note: calls to static method 'scopedKey' from outside of its actor context are implicitly asynchronous
    static func scopedKey(_ base: String) -> String {
                ^
/Users/andreeapapillon/Documents/GitHub/aicoven-local-opensource/swift/AICoven/AICoven/Services/UsageService.swift:266:53: warning: call to main actor-isolated instance method 'pricing(for:model:)' in a synchronous actor-isolated context
        if let pricing = ModelPricingCatalog.shared.pricing(for: provider, model: model) {
                                                    ^
/Users/andreeapapillon/Documents/GitHub/aicoven-local-opensource/swift/AICoven/AICoven/Core/LLM/ModelPricing.swift:49:10: note: calls to instance method 'pricing(for:model:)' from outside of its actor context are implicitly asynchronous
    func pricing(for provider: String, model: String) -> ModelPricing? {
         ^
/Users/andreeapapillon/Documents/GitHub/aicoven-local-opensource/swift/AICoven/AICoven/Services/UsageService.swift:266:46: warning: main actor-isolated static property 'shared' can not be referenced on a nonisolated actor instance
        if let pricing = ModelPricingCatalog.shared.pricing(for: provider, model: model) {
                                             ^
/Users/andreeapapillon/Documents/GitHub/aicoven-local-opensource/swift/AICoven/AICoven/Core/LLM/ModelPricing.swift:16:16: note: static property declared here
    static let shared = ModelPricingCatalog()
               ^

SwiftCompile normal arm64 /Users/andreeapapillon/Documents/GitHub/aicoven-local-opensource/swift/AICoven/AICoven/ViewModels/UsageViewModel.swift (in target 'AICoven' from project 'AICoven Local')
    cd /Users/andreeapapillon/Documents/GitHub/aicoven-local-opensource/swift/AICoven
    
/Users/andreeapapillon/Documents/GitHub/aicoven-local-opensource/swift/AICoven/AICoven/ViewModels/UsageViewModel.swift:34:17: warning: variable 'hasAnyBudget' was written to, but never read
            var hasAnyBudget = false
                ^
/Users/andreeapapillon/Documents/GitHub/aicoven-local-opensource/swift/AICoven/AICoven/ViewModels/UsageViewModel.swift:52:17: warning: variable 'aggregatedBudget' was never mutated; consider changing to 'let' constant
            var aggregatedBudget = RemainingResponse(
            ~~~ ^
            let

SwiftCompile normal arm64 /Users/andreeapapillon/Documents/GitHub/aicoven-local-opensource/swift/AICoven/AICoven/Views/Auth/ForgotPasswordView.swift (in target 'AICoven' from project 'AICoven Local')
    cd /Users/andreeapapillon/Documents/GitHub/aicoven-local-opensource/swift/AICoven
    

SwiftCompile normal arm64 /Users/andreeapapillon/Documents/GitHub/aicoven-local-opensource/swift/AICoven/AICoven/Views/Auth/LoginView.swift (in target 'AICoven' from project 'AICoven Local')
    cd /Users/andreeapapillon/Documents/GitHub/aicoven-local-opensource/swift/AICoven
    

SwiftCompile normal arm64 /Users/andreeapapillon/Documents/GitHub/aicoven-local-opensource/swift/AICoven/AICoven/Views/Auth/OnboardingFlowView.swift (in target 'AICoven' from project 'AICoven Local')
    cd /Users/andreeapapillon/Documents/GitHub/aicoven-local-opensource/swift/AICoven
    

SwiftCompile normal arm64 /Users/andreeapapillon/Documents/GitHub/aicoven-local-opensource/swift/AICoven/AICoven/Views/Auth/PreAuthOnboardingView.swift (in target 'AICoven' from project 'AICoven Local')
    cd /Users/andreeapapillon/Documents/GitHub/aicoven-local-opensource/swift/AICoven
    

SwiftCompile normal arm64 /Users/andreeapapillon/Documents/GitHub/aicoven-local-opensource/swift/AICoven/AICoven/Views/Auth/SignupView.swift (in target 'AICoven' from project 'AICoven Local')
    cd /Users/andreeapapillon/Documents/GitHub/aicoven-local-opensource/swift/AICoven
    

SwiftCompile normal arm64 /Users/andreeapapillon/Documents/GitHub/aicoven-local-opensource/swift/AICoven/AICoven/Views/Chat/AgentFeaturesView.swift (in target 'AICoven' from project 'AICoven Local')
    cd /Users/andreeapapillon/Documents/GitHub/aicoven-local-opensource/swift/AICoven
    

SwiftCompile normal arm64 /Users/andreeapapillon/Documents/GitHub/aicoven-local-opensource/swift/AICoven/AICoven/Views/Chat/FileAttachmentView.swift (in target 'AICoven' from project 'AICoven Local')
    cd /Users/andreeapapillon/Documents/GitHub/aicoven-local-opensource/swift/AICoven
    

SwiftCompile normal arm64 /Users/andreeapapillon/Documents/GitHub/aicoven-local-opensource/swift/AICoven/AICoven/Views/Chat/MarkdownView.swift (in target 'AICoven' from project 'AICoven Local')
    cd /Users/andreeapapillon/Documents/GitHub/aicoven-local-opensource/swift/AICoven
    

SwiftCompile normal arm64 /Users/andreeapapillon/Documents/GitHub/aicoven-local-opensource/swift/AICoven/AICoven/Views/Chat/MemoryExplorerView.swift (in target 'AICoven' from project 'AICoven Local')
    cd /Users/andreeapapillon/Documents/GitHub/aicoven-local-opensource/swift/AICoven
    

SwiftCompile normal arm64 /Users/andreeapapillon/Documents/GitHub/aicoven-local-opensource/swift/AICoven/AICoven/Views/Chat/RichMessageBubble.swift (in target 'AICoven' from project 'AICoven Local')
    cd /Users/andreeapapillon/Documents/GitHub/aicoven-local-opensource/swift/AICoven
    

SwiftCompile normal arm64 /Users/andreeapapillon/Documents/GitHub/aicoven-local-opensource/swift/AICoven/AICoven/Views/Chat/TasksProgressView.swift (in target 'AICoven' from project 'AICoven Local')
    cd /Users/andreeapapillon/Documents/GitHub/aicoven-local-opensource/swift/AICoven
    

SwiftCompile normal arm64 Compiling\ ChatService.swift,\ CovenService.swift,\ EncryptionService.swift,\ FileUploadService.swift,\ LLMClients.swift,\ MemoryService.swift,\ MessageAdapter.swift,\ ProviderAccountService.swift,\ RoleService.swift,\ RoleTemplateService.swift,\ StoreService.swift,\ StrixSettingsService.swift,\ ThreadService.swift,\ ToolApprovalService.swift /Users/andreeapapillon/Documents/GitHub/aicoven-local-opensource/swift/AICoven/AICoven/Services/ChatService.swift /Users/andreeapapillon/Documents/GitHub/aicoven-local-opensource/swift/AICoven/AICoven/Services/CovenService.swift /Users/andreeapapillon/Documents/GitHub/aicoven-local-opensource/swift/AICoven/AICoven/Services/EncryptionService.swift /Users/andreeapapillon/Documents/GitHub/aicoven-local-opensource/swift/AICoven/AICoven/Services/FileUploadService.swift /Users/andreeapapillon/Documents/GitHub/aicoven-local-opensource/swift/AICoven/AICoven/Services/LLMClients.swift /Users/andreeapapillon/Documents/GitHub/aicoven-local-opensource/swift/AICoven/AICoven/Services/MemoryService.swift /Users/andreeapapillon/Documents/GitHub/aicoven-local-opensource/swift/AICoven/AICoven/Services/MessageAdapter.swift /Users/andreeapapillon/Documents/GitHub/aicoven-local-opensource/swift/AICoven/AICoven/Services/ProviderAccountService.swift /Users/andreeapapillon/Documents/GitHub/aicoven-local-opensource/swift/AICoven/AICoven/Services/RoleService.swift /Users/andreeapapillon/Documents/GitHub/aicoven-local-opensource/swift/AICoven/AICoven/Services/RoleTemplateService.swift /Users/andreeapapillon/Documents/GitHub/aicoven-local-opensource/swift/AICoven/AICoven/Services/StoreService.swift /Users/andreeapapillon/Documents/GitHub/aicoven-local-opensource/swift/AICoven/AICoven/Services/StrixSettingsService.swift /Users/andreeapapillon/Documents/GitHub/aicoven-local-opensource/swift/AICoven/AICoven/Services/ThreadService.swift /Users/andreeapapillon/Documents/GitHub/aicoven-local-opensource/swift/AICoven/AICoven/Services/ToolApprovalService.swift (in target 'AICoven' from project 'AICoven Local')

SwiftCompile normal arm64 /Users/andreeapapillon/Documents/GitHub/aicoven-local-opensource/swift/AICoven/AICoven/Services/ChatService.swift (in target 'AICoven' from project 'AICoven Local')
    cd /Users/andreeapapillon/Documents/GitHub/aicoven-local-opensource/swift/AICoven
    
/Users/andreeapapillon/Documents/GitHub/aicoven-local-opensource/swift/AICoven/AICoven/Services/ChatService.swift:155:36: warning: call to main actor-isolated static method 'makeEnvironment()' in a synchronous nonisolated context
        let env = LLMConfiguration.makeEnvironment()
                                   ^
/Users/andreeapapillon/Documents/GitHub/aicoven-local-opensource/swift/AICoven/AICoven/Core/LLM/LLMConfiguration.swift:54:17: note: calls to static method 'makeEnvironment()' from outside of its actor context are implicitly asynchronous
    static func makeEnvironment() -> (models: [ModelDescriptor], clients: [String: LLMClient]) {
                ^
/Users/andreeapapillon/Documents/GitHub/aicoven-local-opensource/swift/AICoven/AICoven/Services/ChatService.swift:159:16: warning: main actor-isolated static property 'mobile' can not be referenced from a nonisolated context
            ? .mobile
               ^
/Users/andreeapapillon/Documents/GitHub/aicoven-local-opensource/swift/AICoven/AICoven/Core/Context/ContextBuilder.swift:30:20: note: static property declared here
        static let mobile = Limits(maxRecentMessages: 6, maxRecentMemories: 4)
                   ^
/Users/andreeapapillon/Documents/GitHub/aicoven-local-opensource/swift/AICoven/AICoven/Services/ChatService.swift:162:29: warning: call to main actor-isolated initializer 'init(threadRepository:memoryRepository:embeddingService:toolService:limits:)' in a synchronous nonisolated context
            contextBuilder: ContextBuilder(limits: limits),
                            ^
/Users/andreeapapillon/Documents/GitHub/aicoven-local-opensource/swift/AICoven/AICoven/Core/Context/ContextBuilder.swift:131:5: note: calls to initializer 'init(threadRepository:memoryRepository:embeddingService:toolService:limits:)' from outside of its actor context are implicitly asynchronous
    init(
    ^
/Users/andreeapapillon/Documents/GitHub/aicoven-local-opensource/swift/AICoven/AICoven/Services/ChatService.swift:163:26: warning: call to main actor-isolated initializer 'init(availableModels:)' in a synchronous nonisolated context
            modelRouter: HeuristicModelRouter(availableModels: env.models),
                         ^
/Users/andreeapapillon/Documents/GitHub/aicoven-local-opensource/swift/AICoven/AICoven/Core/Routing/ModelRouter.swift:96:12: note: calls to initializer 'init(availableModels:)' from outside of its actor context are implicitly asynchronous
    public init(availableModels: [ModelDescriptor]) {
           ^
/Users/andreeapapillon/Documents/GitHub/aicoven-local-opensource/swift/AICoven/AICoven/Core/Routing/ModelRouter.swift:96:12: note: main actor isolation inferred from conformance to protocol 'ModelRouter'
    public init(availableModels: [ModelDescriptor]) {
           ^
/Users/andreeapapillon/Documents/GitHub/aicoven-local-opensource/swift/AICoven/AICoven/Services/ChatService.swift:1594:104: warning: main actor-isolated static property 'allTools' can not be referenced from a nonisolated context
    static let chatToolInstruction: String = generateChatToolInstruction(enabledTools: PromptTemplates.allTools)
                                                                                                       ^
/Users/andreeapapillon/Documents/GitHub/aicoven-local-opensource/swift/AICoven/AICoven/Core/Context/PromptTemplates.swift:635:16: note: static property declared here
    static let allTools: Set<String> = basicChatTools
               ^
/Users/andreeapapillon/Documents/GitHub/aicoven-local-opensource/swift/AICoven/AICoven/Services/ChatService.swift:200:34: warning: call to main actor-isolated static method 'scopedFilename(_:extension:)' in a synchronous actor-isolated context
        let filename = UserScope.scopedFilename("messages", extension: "json")
                                 ^
/Users/andreeapapillon/Documents/GitHub/aicoven-local-opensource/swift/AICoven/AICoven/Infrastructure/UserScope.swift:47:17: note: calls to static method 'scopedFilename(_:extension:)' from outside of its actor context are implicitly asynchronous
    static func scopedFilename(_ base: String, extension ext: String) -> String {
                ^
/Users/andreeapapillon/Documents/GitHub/aicoven-local-opensource/swift/AICoven/AICoven/Services/ChatService.swift:236:36: warning: main actor-isolated static method 'makeEnvironment()' cannot be called from outside of the actor; this is an error in the Swift 6 language mode
        let env = LLMConfiguration.makeEnvironment()
                  ~~~~~~~~~~~~~~~~~^~~~~~~~~~~~~~~~~
                  await 
/Users/andreeapapillon/Documents/GitHub/aicoven-local-opensource/swift/AICoven/AICoven/Services/ChatService.swift:246:27: warning: main actor-isolated initializer 'init(availableModels:)' cannot be called from outside of the actor; this is an error in the Swift 6 language mode
            modelRouter = HeuristicModelRouter(availableModels: models)
                          ^~~~~~~~~~~~~~~~~~~~~~~~~~~~~~~~~~~~~~~~~~~~~
                          await 
/Users/andreeapapillon/Documents/GitHub/aicoven-local-opensource/swift/AICoven/AICoven/Services/ChatService.swift:249:27: warning: main actor-isolated initializer 'init(availableModels:)' cannot be called from outside of the actor; this is an error in the Swift 6 language mode
            modelRouter = HeuristicModelRouter(availableModels: [])
                          ^~~~~~~~~~~~~~~~~~~~~~~~~~~~~~~~~~~~~~~~~
                          await 
/Users/andreeapapillon/Documents/GitHub/aicoven-local-opensource/swift/AICoven/AICoven/Services/ChatService.swift:738:43: warning: main actor-isolated property 'totalTokens' can not be referenced from a nonisolated context
                        totalTokens: core.totalTokens
                                          ^
/Users/andreeapapillon/Documents/GitHub/aicoven-local-opensource/swift/AICoven/AICoven/Core/LLM/LLMClient.swift:125:16: note: property declared here
    public var totalTokens: Int {
               ^
/Users/andreeapapillon/Documents/GitHub/aicoven-local-opensource/swift/AICoven/AICoven/Services/ChatService.swift:1076:47: warning: main actor-isolated property 'totalTokens' can not be referenced from a nonisolated context
                            totalTokens: core.totalTokens
                                              ^
/Users/andreeapapillon/Documents/GitHub/aicoven-local-opensource/swift/AICoven/AICoven/Core/LLM/LLMClient.swift:125:16: note: property declared here
    public var totalTokens: Int {
               ^
/Users/andreeapapillon/Documents/GitHub/aicoven-local-opensource/swift/AICoven/AICoven/Services/ChatService.swift:402:36: warning: main actor-isolated instance method 'findExact(providerID:modelID:)' cannot be called from outside of the actor; this is an error in the Swift 6 language mode
           let match = modelRouter.findExact(providerID: prefProvider, modelID: prefModel) {
                       ~~~~~~~~~~~~^~~~~~~~~~~~~~~~~~~~~~~~~~~~~~~~~~~~~~~~~~~~~~~~~~~~~~~
                       await 
/Users/andreeapapillon/Documents/GitHub/aicoven-local-opensource/swift/AICoven/AICoven/Services/ChatService.swift:407:34: warning: main actor-isolated initializer 'init(task:requireLocalOnly:requireLongContext:preferHighQuality:)' cannot be called from outside of the actor; this is an error in the Swift 6 language mode
            let routingContext = RoutingContext(
                                 ^~~~~~~~~~~~~~~
                                 await 
/Users/andreeapapillon/Documents/GitHub/aicoven-local-opensource/swift/AICoven/AICoven/Services/ChatService.swift:413:56: warning: main actor-isolated instance method 'route(for:)' cannot be called from outside of the actor; this is an error in the Swift 6 language mode
            guard let fallbackDescriptor = modelRouter.route(for: routingContext),
                                           ~~~~~~~~~~~~^~~~~~~~~~~~~~~~~~~~~~~~~~
                                           await 
/Users/andreeapapillon/Documents/GitHub/aicoven-local-opensource/swift/AICoven/AICoven/Services/ChatService.swift:432:41: warning: main actor-isolated static method 'heuristic(for:)' cannot be called from outside of the actor; this is an error in the Swift 6 language mode
        let intent = ToolIntentDecision.heuristic(for: message)
                     ~~~~~~~~~~~~~~~~~~~^~~~~~~~~~~~~~~~~~~~~~~
                     await 
/Users/andreeapapillon/Documents/GitHub/aicoven-local-opensource/swift/AICoven/AICoven/Services/ChatService.swift:498:9: warning: expression is 'async' but is not marked with 'await'; this is an error in the Swift 6 language mode
        AnalyticsService.shared.trackMessageSent(threadId: threadId, hasAttachments: !(attachments?.isEmpty ?? true), attachmentCount: attachments?.count ?? 0)
        ^~~~~~~~~~~~~~~~~~~~~~~~~~~~~~~~~~~~~~~~~~~~~~~~~~~~~~~~~~~~~~~~~~~~~~~~~~~~~~~~~~~~~~~~~~~~~~~~~~~~~~~~~~~~~~~~~~~~~~~~~~~~~~~~~~~~~~~~~~~~~~~~~~~~~~~
        await 
/Users/andreeapapillon/Documents/GitHub/aicoven-local-opensource/swift/AICoven/AICoven/Services/ChatService.swift:498:9: note: calls to instance method 'trackMessageSent(threadId:hasAttachments:attachmentCount:)' from outside of its actor context are implicitly asynchronous
        AnalyticsService.shared.trackMessageSent(threadId: threadId, hasAttachments: !(attachments?.isEmpty ?? true), attachmentCount: attachments?.count ?? 0)
        ^
/Users/andreeapapillon/Documents/GitHub/aicoven-local-opensource/swift/AICoven/AICoven/Services/ChatService.swift:498:9: note: property access is 'async'
        AnalyticsService.shared.trackMessageSent(threadId: threadId, hasAttachments: !(attachments?.isEmpty ?? true), attachmentCount: attachments?.count ?? 0)
        ^
/Users/andreeapapillon/Documents/GitHub/aicoven-local-opensource/swift/AICoven/AICoven/Services/ChatService.swift:571:50: warning: main actor-isolated static method 'resolve(userMessage:enabledTools:mcpServers:)' cannot be called from outside of the actor; this is an error in the Swift 6 language mode
                if let chain = ToolChainResolver.resolve(
                               ~~~~~~~~~~~~~~~~~~^~~~~~~~
                               await 
/Users/andreeapapillon/Documents/GitHub/aicoven-local-opensource/swift/AICoven/AICoven/Services/ChatService.swift:586:25: warning: expression is 'async' but is not marked with 'await'; this is an error in the Swift 6 language mode
                        AnalyticsService.shared.trackToolUsed(toolName: invocation.tool, threadId: threadId)
                        ^~~~~~~~~~~~~~~~~~~~~~~~~~~~~~~~~~~~~~~~~~~~~~~~~~~~~~~~~~~~~~~~~~~~~~~~~~~~~~~~~~~~
                        await 
/Users/andreeapapillon/Documents/GitHub/aicoven-local-opensource/swift/AICoven/AICoven/Services/ChatService.swift:586:25: note: calls to instance method 'trackToolUsed(toolName:threadId:)' from outside of its actor context are implicitly asynchronous
                        AnalyticsService.shared.trackToolUsed(toolName: invocation.tool, threadId: threadId)
                        ^
/Users/andreeapapillon/Documents/GitHub/aicoven-local-opensource/swift/AICoven/AICoven/Services/ChatService.swift:586:25: note: property access is 'async'
                        AnalyticsService.shared.trackToolUsed(toolName: invocation.tool, threadId: threadId)
                        ^
/Users/andreeapapillon/Documents/GitHub/aicoven-local-opensource/swift/AICoven/AICoven/Services/ChatService.swift:617:21: warning: expression is 'async' but is not marked with 'await'; this is an error in the Swift 6 language mode
                    AnalyticsService.shared.trackToolUsed(toolName: forcedNative.tool, threadId: threadId)
                    ^~~~~~~~~~~~~~~~~~~~~~~~~~~~~~~~~~~~~~~~~~~~~~~~~~~~~~~~~~~~~~~~~~~~~~~~~~~~~~~~~~~~~~
                    await 
/Users/andreeapapillon/Documents/GitHub/aicoven-local-opensource/swift/AICoven/AICoven/Services/ChatService.swift:617:21: note: calls to instance method 'trackToolUsed(toolName:threadId:)' from outside of its actor context are implicitly asynchronous
                    AnalyticsService.shared.trackToolUsed(toolName: forcedNative.tool, threadId: threadId)
                    ^
/Users/andreeapapillon/Documents/GitHub/aicoven-local-opensource/swift/AICoven/AICoven/Services/ChatService.swift:617:21: note: property access is 'async'
                    AnalyticsService.shared.trackToolUsed(toolName: forcedNative.tool, threadId: threadId)
                    ^
/Users/andreeapapillon/Documents/GitHub/aicoven-local-opensource/swift/AICoven/AICoven/Services/ChatService.swift:632:21: warning: expression is 'async' but is not marked with 'await'; this is an error in the Swift 6 language mode
                    AnalyticsService.shared.trackToolUsed(toolName: forcedMCP.tool, threadId: threadId)
                    ^~~~~~~~~~~~~~~~~~~~~~~~~~~~~~~~~~~~~~~~~~~~~~~~~~~~~~~~~~~~~~~~~~~~~~~~~~~~~~~~~~~
                    await 
/Users/andreeapapillon/Documents/GitHub/aicoven-local-opensource/swift/AICoven/AICoven/Services/ChatService.swift:632:21: note: calls to instance method 'trackToolUsed(toolName:threadId:)' from outside of its actor context are implicitly asynchronous
                    AnalyticsService.shared.trackToolUsed(toolName: forcedMCP.tool, threadId: threadId)
                    ^
/Users/andreeapapillon/Documents/GitHub/aicoven-local-opensource/swift/AICoven/AICoven/Services/ChatService.swift:632:21: note: property access is 'async'
                    AnalyticsService.shared.trackToolUsed(toolName: forcedMCP.tool, threadId: threadId)
                    ^
/Users/andreeapapillon/Documents/GitHub/aicoven-local-opensource/swift/AICoven/AICoven/Services/ChatService.swift:719:31: warning: main actor-isolated initializer 'init(temperature:maxTokens:stream:tools:)' cannot be called from outside of the actor; this is an error in the Swift 6 language mode
                let options = ChatOptions(
                              ^~~~~~~~~~~~
                              await 
/Users/andreeapapillon/Documents/GitHub/aicoven-local-opensource/swift/AICoven/AICoven/Services/ChatService.swift:751:32: warning: main actor-isolated initializer 'init(_:)' cannot be called from outside of the actor; this is an error in the Swift 6 language mode
                        input: AnyJSONValue(first.arguments),
~~~~~~~~~~~~~~~~~~~~~~~~~~~~~~~^~~~~~~~~~~~~~~~~~~~~~~~~~~~~~
/Users/andreeapapillon/Documents/GitHub/aicoven-local-opensource/swift/AICoven/AICoven/Services/ChatService.swift:759:51: warning: main actor-isolated static method 'from(jsonString:)' cannot be called from outside of the actor; this is an error in the Swift 6 language mode
                    toolCall = ChatToolInvocation.from(jsonString: rawText)
                               ~~~~~~~~~~~~~~~~~~~^~~~~~~~~~~~~~~~~~~~~~~~~
                               await 
/Users/andreeapapillon/Documents/GitHub/aicoven-local-opensource/swift/AICoven/AICoven/Services/ChatService.swift:762:45: warning: main actor-isolated instance method 'remapped()' cannot be called from outside of the actor; this is an error in the Swift 6 language mode
                if let toolCall = toolCall?.remapped() {
                                  ~~~~~~~~~~^~~~~~~~~~
                                  await 
/Users/andreeapapillon/Documents/GitHub/aicoven-local-opensource/swift/AICoven/AICoven/Services/ChatService.swift:808:21: warning: expression is 'async' but is not marked with 'await'; this is an error in the Swift 6 language mode
                    AnalyticsService.shared.trackToolUsed(toolName: toolCall.tool, threadId: threadId)
                    ^~~~~~~~~~~~~~~~~~~~~~~~~~~~~~~~~~~~~~~~~~~~~~~~~~~~~~~~~~~~~~~~~~~~~~~~~~~~~~~~~~
                    await 
/Users/andreeapapillon/Documents/GitHub/aicoven-local-opensource/swift/AICoven/AICoven/Services/ChatService.swift:808:21: note: calls to instance method 'trackToolUsed(toolName:threadId:)' from outside of its actor context are implicitly asynchronous
                    AnalyticsService.shared.trackToolUsed(toolName: toolCall.tool, threadId: threadId)
                    ^
/Users/andreeapapillon/Documents/GitHub/aicoven-local-opensource/swift/AICoven/AICoven/Services/ChatService.swift:808:21: note: property access is 'async'
                    AnalyticsService.shared.trackToolUsed(toolName: toolCall.tool, threadId: threadId)
                    ^
/Users/andreeapapillon/Documents/GitHub/aicoven-local-opensource/swift/AICoven/AICoven/Services/ChatService.swift:839:75: warning: main actor-isolated initializer 'init(_:)' cannot be called from outside of the actor; this is an error in the Swift 6 language mode
                        let inputDict: [String: AnyJSONValue] = ["query": AnyJSONValue(forcedQuery)]
                                                                ~~~~~~~~~~^~~~~~~~~~~~~~~~~~~~~~~~~~
                                                                await 
/Users/andreeapapillon/Documents/GitHub/aicoven-local-opensource/swift/AICoven/AICoven/Services/ChatService.swift:842:36: warning: main actor-isolated initializer 'init(_:)' cannot be called from outside of the actor; this is an error in the Swift 6 language mode
                            input: AnyJSONValue(inputDict),
~~~~~~~~~~~~~~~~~~~~~~~~~~~~~~~~~~~^~~~~~~~~~~~~~~~~~~~~~~~
/Users/andreeapapillon/Documents/GitHub/aicoven-local-opensource/swift/AICoven/AICoven/Services/ChatService.swift:852:25: warning: expression is 'async' but is not marked with 'await'; this is an error in the Swift 6 language mode
                        AnalyticsService.shared.trackToolUsed(toolName: "web_search", threadId: threadId)
                        ^~~~~~~~~~~~~~~~~~~~~~~~~~~~~~~~~~~~~~~~~~~~~~~~~~~~~~~~~~~~~~~~~~~~~~~~~~~~~~~~~
                        await 
/Users/andreeapapillon/Documents/GitHub/aicoven-local-opensource/swift/AICoven/AICoven/Services/ChatService.swift:852:25: note: calls to instance method 'trackToolUsed(toolName:threadId:)' from outside of its actor context are implicitly asynchronous
                        AnalyticsService.shared.trackToolUsed(toolName: "web_search", threadId: threadId)
                        ^
/Users/andreeapapillon/Documents/GitHub/aicoven-local-opensource/swift/AICoven/AICoven/Services/ChatService.swift:852:25: note: property access is 'async'
                        AnalyticsService.shared.trackToolUsed(toolName: "web_search", threadId: threadId)
                        ^
/Users/andreeapapillon/Documents/GitHub/aicoven-local-opensource/swift/AICoven/AICoven/Services/ChatService.swift:921:29: warning: expression is 'async' but is not marked with 'await'; this is an error in the Swift 6 language mode
                            AnalyticsService.shared.trackToolUsed(toolName: forcedCall.tool, threadId: threadId)
                            ^~~~~~~~~~~~~~~~~~~~~~~~~~~~~~~~~~~~~~~~~~~~~~~~~~~~~~~~~~~~~~~~~~~~~~~~~~~~~~~~~~~~
                            await 
/Users/andreeapapillon/Documents/GitHub/aicoven-local-opensource/swift/AICoven/AICoven/Services/ChatService.swift:921:29: note: calls to instance method 'trackToolUsed(toolName:threadId:)' from outside of its actor context are implicitly asynchronous
                            AnalyticsService.shared.trackToolUsed(toolName: forcedCall.tool, threadId: threadId)
                            ^
/Users/andreeapapillon/Documents/GitHub/aicoven-local-opensource/swift/AICoven/AICoven/Services/ChatService.swift:921:29: note: property access is 'async'
                            AnalyticsService.shared.trackToolUsed(toolName: forcedCall.tool, threadId: threadId)
                            ^
/Users/andreeapapillon/Documents/GitHub/aicoven-local-opensource/swift/AICoven/AICoven/Services/ChatService.swift:960:17: warning: expression is 'async' but is not marked with 'await'; this is an error in the Swift 6 language mode
                AnalyticsService.shared.trackMessageError(threadId: threadId, errorType: errorCode)
                ^~~~~~~~~~~~~~~~~~~~~~~~~~~~~~~~~~~~~~~~~~~~~~~~~~~~~~~~~~~~~~~~~~~~~~~~~~~~~~~~~~~
                await 
/Users/andreeapapillon/Documents/GitHub/aicoven-local-opensource/swift/AICoven/AICoven/Services/ChatService.swift:960:17: note: calls to instance method 'trackMessageError(threadId:errorType:)' from outside of its actor context are implicitly asynchronous
                AnalyticsService.shared.trackMessageError(threadId: threadId, errorType: errorCode)
                ^
/Users/andreeapapillon/Documents/GitHub/aicoven-local-opensource/swift/AICoven/AICoven/Services/ChatService.swift:960:17: note: property access is 'async'
                AnalyticsService.shared.trackMessageError(threadId: threadId, errorType: errorCode)
                ^
/Users/andreeapapillon/Documents/GitHub/aicoven-local-opensource/swift/AICoven/AICoven/Services/ChatService.swift:1023:62: warning: main actor-isolated static property 'noTools' cannot be accessed from outside of the actor; this is an error in the Swift 6 language mode
                (isLocalModel && !toolContextLog.isEmpty) ? .noTools : toolConfig
                ~~~~~~~~~~~~~~~~~~~~~~~~~~~~~~~~~~~~~~~~~~~~~^~~~~~~~~~~~~~~~~~~~
                await 
/Users/andreeapapillon/Documents/GitHub/aicoven-local-opensource/swift/AICoven/AICoven/Services/ChatService.swift:1037:35: warning: main actor-isolated initializer 'init(temperature:maxTokens:stream:tools:)' cannot be called from outside of the actor; this is an error in the Swift 6 language mode
                    let options = ChatOptions(temperature: 0.7, maxTokens: nil, stream: true)
                                  ^~~~~~~~~~~~~~~~~~~~~~~~~~~~~~~~~~~~~~~~~~~~~~~~~~~~~~~~~~~
                                  await 
/Users/andreeapapillon/Documents/GitHub/aicoven-local-opensource/swift/AICoven/AICoven/Services/ChatService.swift:1040:50: warning: main actor-isolated instance method 'streamChat(messages:model:options:)' cannot be called from outside of the actor; this is an error in the Swift 6 language mode
                    let stream = streamingClient.streamChat(
                                 ~~~~~~~~~~~~~~~~^~~~~~~~~~~
                                 await 
/Users/andreeapapillon/Documents/GitHub/aicoven-local-opensource/swift/AICoven/AICoven/Services/ChatService.swift:1054:52: warning: main actor-isolated property 'totalTokens' cannot be accessed from outside of the actor; this is an error in the Swift 6 language mode
                                totalTokens: usage.totalTokens
~~~~~~~~~~~~~~~~~~~~~~~~~~~~~~~~~~~~~~~~~~~~~~~~~~~^~~~~~~~~~~
/Users/andreeapapillon/Documents/GitHub/aicoven-local-opensource/swift/AICoven/AICoven/Services/ChatService.swift:1062:35: warning: main actor-isolated initializer 'init(temperature:maxTokens:stream:tools:)' cannot be called from outside of the actor; this is an error in the Swift 6 language mode
                    let options = ChatOptions(temperature: 0.7, maxTokens: nil, stream: false)
                                  ^~~~~~~~~~~~~~~~~~~~~~~~~~~~~~~~~~~~~~~~~~~~~~~~~~~~~~~~~~~~
                                  await 
/Users/andreeapapillon/Documents/GitHub/aicoven-local-opensource/swift/AICoven/AICoven/Services/ChatService.swift:1095:17: warning: expression is 'async' but is not marked with 'await'; this is an error in the Swift 6 language mode
                AnalyticsService.shared.trackMessageError(threadId: threadId, errorType: errorCode)
                ^~~~~~~~~~~~~~~~~~~~~~~~~~~~~~~~~~~~~~~~~~~~~~~~~~~~~~~~~~~~~~~~~~~~~~~~~~~~~~~~~~~
                await 
/Users/andreeapapillon/Documents/GitHub/aicoven-local-opensource/swift/AICoven/AICoven/Services/ChatService.swift:1095:17: note: calls to instance method 'trackMessageError(threadId:errorType:)' from outside of its actor context are implicitly asynchronous
                AnalyticsService.shared.trackMessageError(threadId: threadId, errorType: errorCode)
                ^
/Users/andreeapapillon/Documents/GitHub/aicoven-local-opensource/swift/AICoven/AICoven/Services/ChatService.swift:1095:17: note: property access is 'async'
                AnalyticsService.shared.trackMessageError(threadId: threadId, errorType: errorCode)
                ^
/Users/andreeapapillon/Documents/GitHub/aicoven-local-opensource/swift/AICoven/AICoven/Services/ChatService.swift:1113:42: warning: main actor-isolated static method 'parse' cannot be called from outside of the actor; this is an error in the Swift 6 language mode
        let parseResult = ToolCallParser.parse(dedupedAnswer)
                          ~~~~~~~~~~~~~~~^~~~~~~~~~~~~~~~~~~~
                          await 
/Users/andreeapapillon/Documents/GitHub/aicoven-local-opensource/swift/AICoven/AICoven/Services/ChatService.swift:1160:9: warning: expression is 'async' but is not marked with 'await'; this is an error in the Swift 6 language mode
        AnalyticsService.shared.trackMessageReceived(
        ^~~~~~~~~~~~~~~~~~~~~~~~~~~~~~~~~~~~~~~~~~~~~
        await 
/Users/andreeapapillon/Documents/GitHub/aicoven-local-opensource/swift/AICoven/AICoven/Services/ChatService.swift:1160:9: note: calls to instance method 'trackMessageReceived(threadId:provider:model:tokenCount:responseTimeMs:)' from outside of its actor context are implicitly asynchronous
        AnalyticsService.shared.trackMessageReceived(
        ^
/Users/andreeapapillon/Documents/GitHub/aicoven-local-opensource/swift/AICoven/AICoven/Services/ChatService.swift:1160:9: note: property access is 'async'
        AnalyticsService.shared.trackMessageReceived(
        ^
/Users/andreeapapillon/Documents/GitHub/aicoven-local-opensource/swift/AICoven/AICoven/Services/ChatService.swift:1189:17: warning: main actor-isolated initializer 'init(id:role:content:)' cannot be called from outside of the actor; this is an error in the Swift 6 language mode
                LLMMessage(
~~~~~~~~~~~~~~~~^~~~~~~~~~~
/Users/andreeapapillon/Documents/GitHub/aicoven-local-opensource/swift/AICoven/AICoven/Services/ChatService.swift:1197:33: warning: main actor-isolated initializer 'init(id:role:content:)' cannot be called from outside of the actor; this is an error in the Swift 6 language mode
                messages.append(LLMMessage(role: role, content: msg.content))
                ~~~~~~~~~~~~~~~~^~~~~~~~~~~~~~~~~~~~~~~~~~~~~~~~~~~~~~~~~~~~~
                await 
/Users/andreeapapillon/Documents/GitHub/aicoven-local-opensource/swift/AICoven/AICoven/Services/ChatService.swift:1200:29: warning: main actor-isolated initializer 'init(id:role:content:)' cannot be called from outside of the actor; this is an error in the Swift 6 language mode
            messages.append(LLMMessage(
            ~~~~~~~~~~~~~~~~^~~~~~~~~~~
            await 
/Users/andreeapapillon/Documents/GitHub/aicoven-local-opensource/swift/AICoven/AICoven/Services/ChatService.swift:1206:48: warning: main actor-isolated instance method 'findExact(providerID:modelID:)' cannot be called from outside of the actor; this is an error in the Swift 6 language mode
            guard let descriptor = modelRouter.findExact(providerID: prefProvider, modelID: prefModel),
                                   ~~~~~~~~~~~~^~~~~~~~~~~~~~~~~~~~~~~~~~~~~~~~~~~~~~~~~~~~~~~~~~~~~~~
                                   await 
/Users/andreeapapillon/Documents/GitHub/aicoven-local-opensource/swift/AICoven/AICoven/Services/ChatService.swift:1220:27: warning: main actor-isolated initializer 'init(temperature:maxTokens:stream:tools:)' cannot be called from outside of the actor; this is an error in the Swift 6 language mode
            let options = ChatOptions(temperature: 0.2, maxTokens: nil, stream: false)
                          ^~~~~~~~~~~~~~~~~~~~~~~~~~~~~~~~~~~~~~~~~~~~~~~~~~~~~~~~~~~~
                          await 
/Users/andreeapapillon/Documents/GitHub/aicoven-local-opensource/swift/AICoven/AICoven/Services/ChatService.swift:1263:76: warning: call to main actor-isolated static method 'scopedKey' in a synchronous actor-isolated context
        let savedProvider = UserDefaults.standard.string(forKey: UserScope.scopedKey("llm_provider"))?.lowercased()
                                                                           ^
/Users/andreeapapillon/Documents/GitHub/aicoven-local-opensource/swift/AICoven/AICoven/Infrastructure/UserScope.swift:32:17: note: calls to static method 'scopedKey' from outside of its actor context are implicitly asynchronous
    static func scopedKey(_ base: String) -> String {
                ^
/Users/andreeapapillon/Documents/GitHub/aicoven-local-opensource/swift/AICoven/AICoven/Services/ChatService.swift:1279:40: warning: call to main actor-isolated instance method 'fallbackModel(for:)' in a synchronous actor-isolated context
            let fallback = modelRouter.fallbackModel(for: "anthropic") ?? "claude-3-5-sonnet-latest"
                                       ^
/Users/andreeapapillon/Documents/GitHub/aicoven-local-opensource/swift/AICoven/AICoven/Core/Routing/ModelRouter.swift:76:10: note: calls to instance method 'fallbackModel(for:)' from outside of its actor context are implicitly asynchronous
    func fallbackModel(for providerID: String) -> String?
         ^
/Users/andreeapapillon/Documents/GitHub/aicoven-local-opensource/swift/AICoven/AICoven/Services/ChatService.swift:1280:72: warning: call to main actor-isolated static method 'scopedKey' in a synchronous actor-isolated context
            let model = UserDefaults.standard.string(forKey: UserScope.scopedKey("anthropic_model")) ?? fallback
                                                                       ^
/Users/andreeapapillon/Documents/GitHub/aicoven-local-opensource/swift/AICoven/AICoven/Infrastructure/UserScope.swift:32:17: note: calls to static method 'scopedKey' from outside of its actor context are implicitly asynchronous
    static func scopedKey(_ base: String) -> String {
                ^
/Users/andreeapapillon/Documents/GitHub/aicoven-local-opensource/swift/AICoven/AICoven/Services/ChatService.swift:1283:40: warning: call to main actor-isolated instance method 'fallbackModel(for:)' in a synchronous actor-isolated context
            let fallback = modelRouter.fallbackModel(for: "google") ?? "gemini-1.5-pro"
                                       ^
/Users/andreeapapillon/Documents/GitHub/aicoven-local-opensource/swift/AICoven/AICoven/Core/Routing/ModelRouter.swift:76:10: note: calls to instance method 'fallbackModel(for:)' from outside of its actor context are implicitly asynchronous
    func fallbackModel(for providerID: String) -> String?
         ^
/Users/andreeapapillon/Documents/GitHub/aicoven-local-opensource/swift/AICoven/AICoven/Services/ChatService.swift:1284:72: warning: call to main actor-isolated static method 'scopedKey' in a synchronous actor-isolated context
            let model = UserDefaults.standard.string(forKey: UserScope.scopedKey("gemini_model")) ?? fallback
                                                                       ^
/Users/andreeapapillon/Documents/GitHub/aicoven-local-opensource/swift/AICoven/AICoven/Infrastructure/UserScope.swift:32:17: note: calls to static method 'scopedKey' from outside of its actor context are implicitly asynchronous
    static func scopedKey(_ base: String) -> String {
                ^
/Users/andreeapapillon/Documents/GitHub/aicoven-local-opensource/swift/AICoven/AICoven/Services/ChatService.swift:1287:40: warning: call to main actor-isolated instance method 'fallbackModel(for:)' in a synchronous actor-isolated context
            let fallback = modelRouter.fallbackModel(for: "mlx") ?? "mlx-community/Qwen3-4B-4bit"
                                       ^
/Users/andreeapapillon/Documents/GitHub/aicoven-local-opensource/swift/AICoven/AICoven/Core/Routing/ModelRouter.swift:76:10: note: calls to instance method 'fallbackModel(for:)' from outside of its actor context are implicitly asynchronous
    func fallbackModel(for providerID: String) -> String?
         ^
/Users/andreeapapillon/Documents/GitHub/aicoven-local-opensource/swift/AICoven/AICoven/Services/ChatService.swift:1291:40: warning: call to main actor-isolated instance method 'fallbackModel(for:)' in a synchronous actor-isolated context
            let fallback = modelRouter.fallbackModel(for: "ollama") ?? "llama3.2"
                                       ^
/Users/andreeapapillon/Documents/GitHub/aicoven-local-opensource/swift/AICoven/AICoven/Core/Routing/ModelRouter.swift:76:10: note: calls to instance method 'fallbackModel(for:)' from outside of its actor context are implicitly asynchronous
    func fallbackModel(for providerID: String) -> String?
         ^
/Users/andreeapapillon/Documents/GitHub/aicoven-local-opensource/swift/AICoven/AICoven/Services/ChatService.swift:1292:72: warning: call to main actor-isolated static method 'scopedKey' in a synchronous actor-isolated context
            let model = UserDefaults.standard.string(forKey: UserScope.scopedKey("ollama_model")) ?? fallback
                                                                       ^
/Users/andreeapapillon/Documents/GitHub/aicoven-local-opensource/swift/AICoven/AICoven/Infrastructure/UserScope.swift:32:17: note: calls to static method 'scopedKey' from outside of its actor context are implicitly asynchronous
    static func scopedKey(_ base: String) -> String {
                ^
/Users/andreeapapillon/Documents/GitHub/aicoven-local-opensource/swift/AICoven/AICoven/Services/ChatService.swift:1295:40: warning: call to main actor-isolated instance method 'fallbackModel(for:)' in a synchronous actor-isolated context
            let fallback = modelRouter.fallbackModel(for: provider) ?? "gpt-4o"
                                       ^
/Users/andreeapapillon/Documents/GitHub/aicoven-local-opensource/swift/AICoven/AICoven/Core/Routing/ModelRouter.swift:76:10: note: calls to instance method 'fallbackModel(for:)' from outside of its actor context are implicitly asynchronous
    func fallbackModel(for providerID: String) -> String?
         ^
/Users/andreeapapillon/Documents/GitHub/aicoven-local-opensource/swift/AICoven/AICoven/Services/ChatService.swift:1296:72: warning: call to main actor-isolated static method 'scopedKey' in a synchronous actor-isolated context
            let model = UserDefaults.standard.string(forKey: UserScope.scopedKey("\(provider)_model")) ?? fallback
                                                                       ^
/Users/andreeapapillon/Documents/GitHub/aicoven-local-opensource/swift/AICoven/AICoven/Infrastructure/UserScope.swift:32:17: note: calls to static method 'scopedKey' from outside of its actor context are implicitly asynchronous
    static func scopedKey(_ base: String) -> String {
                ^
/Users/andreeapapillon/Documents/GitHub/aicoven-local-opensource/swift/AICoven/AICoven/Services/ChatService.swift:1589:27: warning: main actor-isolated static property 'toolProtocolInstructions' can not be referenced from a nonisolated context
        \(PromptTemplates.toolProtocolInstructions)
                          ^
/Users/andreeapapillon/Documents/GitHub/aicoven-local-opensource/swift/AICoven/AICoven/Core/Context/PromptTemplates.swift:408:16: note: static property declared here
    static let toolProtocolInstructions: String = """
               ^
/Users/andreeapapillon/Documents/GitHub/aicoven-local-opensource/swift/AICoven/AICoven/Services/ChatService.swift:1578:17: note: add '@MainActor' to make static method 'generateChatToolInstruction(enabledTools:)' part of global actor 'MainActor'
    static func generateChatToolInstruction(enabledTools: Set<String>) -> String {
                ^
    @MainActor 
/Users/andreeapapillon/Documents/GitHub/aicoven-local-opensource/swift/AICoven/AICoven/Services/ChatService.swift:1600:70: warning: call to main actor-isolated static method 'scopedKey' in a synchronous nonisolated context
        let stored = UserDefaults.standard.integer(forKey: UserScope.scopedKey("chat_max_tool_steps"))
                                                                     ^
/Users/andreeapapillon/Documents/GitHub/aicoven-local-opensource/swift/AICoven/AICoven/Infrastructure/UserScope.swift:32:17: note: calls to static method 'scopedKey' from outside of its actor context are implicitly asynchronous
    static func scopedKey(_ base: String) -> String {
                ^
/Users/andreeapapillon/Documents/GitHub/aicoven-local-opensource/swift/AICoven/AICoven/Services/ChatService.swift:1599:17: note: add '@MainActor' to make static method 'currentMaxToolSteps()' part of global actor 'MainActor'
    static func currentMaxToolSteps() -> Int {
                ^
    @MainActor 
/Users/andreeapapillon/Documents/GitHub/aicoven-local-opensource/swift/AICoven/AICoven/Services/ChatService.swift:1619:33: warning: main actor-isolated initializer 'init(_:)' cannot be called from outside of the actor; this is an error in the Swift 6 language mode
                    args[key] = AnyJSONValue(value)
                                ^~~~~~~~~~~~~~~~~~~
                                await 
/Users/andreeapapillon/Documents/GitHub/aicoven-local-opensource/swift/AICoven/AICoven/Services/ChatService.swift:1623:33: warning: main actor-isolated initializer 'init(_:)' cannot be called from outside of the actor; this is an error in the Swift 6 language mode
                args["query"] = AnyJSONValue(str)
                                ^~~~~~~~~~~~~~~~~
                                await 
/Users/andreeapapillon/Documents/GitHub/aicoven-local-opensource/swift/AICoven/AICoven/Services/ChatService.swift:1624:33: warning: main actor-isolated initializer 'init(_:)' cannot be called from outside of the actor; this is an error in the Swift 6 language mode
                args["input"] = AnyJSONValue(str)
                                ^~~~~~~~~~~~~~~~~
                                await 
/Users/andreeapapillon/Documents/GitHub/aicoven-local-opensource/swift/AICoven/AICoven/Services/ChatService.swift:1628:26: warning: main actor-isolated initializer 'init(name:args:reason:)' cannot be called from outside of the actor; this is an error in the Swift 6 language mode
        let parsedCall = ParsedToolCall(
                         ^~~~~~~~~~~~~~~
                         await 
/Users/andreeapapillon/Documents/GitHub/aicoven-local-opensource/swift/AICoven/AICoven/Services/ChatService.swift:1842:39: warning: call to main actor-isolated static method 'mcpToolDefinitions(from:)' in a synchronous nonisolated context
        let allDefs = PromptTemplates.mcpToolDefinitions(from: mcpServers)
                                      ^
/Users/andreeapapillon/Documents/GitHub/aicoven-local-opensource/swift/AICoven/AICoven/Core/Context/PromptTemplates.swift:716:17: note: calls to static method 'mcpToolDefinitions(from:)' from outside of its actor context are implicitly asynchronous
    static func mcpToolDefinitions(from servers: [MCPServerAccount]) -> [ToolDefinition] {
                ^
/Users/andreeapapillon/Documents/GitHub/aicoven-local-opensource/swift/AICoven/AICoven/Services/ChatService.swift:1955:29: warning: call to main actor-isolated initializer 'init(_:)' in a synchronous nonisolated context
            "instructions": AnyJSONValue(userMessage)
                            ^
/Users/andreeapapillon/Documents/GitHub/aicoven-local-opensource/swift/AICoven/AICoven/Infrastructure/Serialization/AnyJSONValue.swift:40:5: note: calls to initializer 'init(_:)' from outside of its actor context are implicitly asynchronous
    init(_ value: Any) {
    ^
/Users/andreeapapillon/Documents/GitHub/aicoven-local-opensource/swift/AICoven/AICoven/Services/ChatService.swift:1967:20: warning: call to main actor-isolated initializer 'init(_:)' in a synchronous nonisolated context
            input: AnyJSONValue(inputDict),
                   ^
/Users/andreeapapillon/Documents/GitHub/aicoven-local-opensource/swift/AICoven/AICoven/Infrastructure/Serialization/AnyJSONValue.swift:40:5: note: calls to initializer 'init(_:)' from outside of its actor context are implicitly asynchronous
    init(_ value: Any) {
    ^
/Users/andreeapapillon/Documents/GitHub/aicoven-local-opensource/swift/AICoven/AICoven/Services/ChatService.swift:1994:24: warning: call to main actor-isolated initializer 'init(_:)' in a synchronous nonisolated context
                input: AnyJSONValue(["timezone": AnyJSONValue(tz)]),
                       ^
/Users/andreeapapillon/Documents/GitHub/aicoven-local-opensource/swift/AICoven/AICoven/Infrastructure/Serialization/AnyJSONValue.swift:40:5: note: calls to initializer 'init(_:)' from outside of its actor context are implicitly asynchronous
    init(_ value: Any) {
    ^
/Users/andreeapapillon/Documents/GitHub/aicoven-local-opensource/swift/AICoven/AICoven/Services/ChatService.swift:1994:50: warning: call to main actor-isolated initializer 'init(_:)' in a synchronous nonisolated context
                input: AnyJSONValue(["timezone": AnyJSONValue(tz)]),
                                                 ^
/Users/andreeapapillon/Documents/GitHub/aicoven-local-opensource/swift/AICoven/AICoven/Infrastructure/Serialization/AnyJSONValue.swift:40:5: note: calls to initializer 'init(_:)' from outside of its actor context are implicitly asynchronous
    init(_ value: Any) {
    ^
/Users/andreeapapillon/Documents/GitHub/aicoven-local-opensource/swift/AICoven/AICoven/Services/ChatService.swift:2007:24: warning: call to main actor-isolated initializer 'init(_:)' in a synchronous nonisolated context
                input: AnyJSONValue(["query": AnyJSONValue(userMessage)]),
                       ^
/Users/andreeapapillon/Documents/GitHub/aicoven-local-opensource/swift/AICoven/AICoven/Infrastructure/Serialization/AnyJSONValue.swift:40:5: note: calls to initializer 'init(_:)' from outside of its actor context are implicitly asynchronous
    init(_ value: Any) {
    ^
/Users/andreeapapillon/Documents/GitHub/aicoven-local-opensource/swift/AICoven/AICoven/Services/ChatService.swift:2007:47: warning: call to main actor-isolated initializer 'init(_:)' in a synchronous nonisolated context
                input: AnyJSONValue(["query": AnyJSONValue(userMessage)]),
                                              ^
/Users/andreeapapillon/Documents/GitHub/aicoven-local-opensource/swift/AICoven/AICoven/Infrastructure/Serialization/AnyJSONValue.swift:40:5: note: calls to initializer 'init(_:)' from outside of its actor context are implicitly asynchronous
    init(_ value: Any) {
    ^
/Users/andreeapapillon/Documents/GitHub/aicoven-local-opensource/swift/AICoven/AICoven/Services/ChatService.swift:2022:24: warning: call to main actor-isolated initializer 'init(_:)' in a synchronous nonisolated context
                input: AnyJSONValue(["path": AnyJSONValue(path)]),
                       ^
/Users/andreeapapillon/Documents/GitHub/aicoven-local-opensource/swift/AICoven/AICoven/Infrastructure/Serialization/AnyJSONValue.swift:40:5: note: calls to initializer 'init(_:)' from outside of its actor context are implicitly asynchronous
    init(_ value: Any) {
    ^
/Users/andreeapapillon/Documents/GitHub/aicoven-local-opensource/swift/AICoven/AICoven/Services/ChatService.swift:2022:46: warning: call to main actor-isolated initializer 'init(_:)' in a synchronous nonisolated context
                input: AnyJSONValue(["path": AnyJSONValue(path)]),
                                             ^
/Users/andreeapapillon/Documents/GitHub/aicoven-local-opensource/swift/AICoven/AICoven/Infrastructure/Serialization/AnyJSONValue.swift:40:5: note: calls to initializer 'init(_:)' from outside of its actor context are implicitly asynchronous
    init(_ value: Any) {
    ^
/Users/andreeapapillon/Documents/GitHub/aicoven-local-opensource/swift/AICoven/AICoven/Services/ChatService.swift:2039:24: warning: call to main actor-isolated initializer 'init(_:)' in a synchronous nonisolated context
                input: AnyJSONValue(["command": AnyJSONValue(command)]),
                       ^
/Users/andreeapapillon/Documents/GitHub/aicoven-local-opensource/swift/AICoven/AICoven/Infrastructure/Serialization/AnyJSONValue.swift:40:5: note: calls to initializer 'init(_:)' from outside of its actor context are implicitly asynchronous
    init(_ value: Any) {
    ^
/Users/andreeapapillon/Documents/GitHub/aicoven-local-opensource/swift/AICoven/AICoven/Services/ChatService.swift:2039:49: warning: call to main actor-isolated initializer 'init(_:)' in a synchronous nonisolated context
                input: AnyJSONValue(["command": AnyJSONValue(command)]),
                                                ^
/Users/andreeapapillon/Documents/GitHub/aicoven-local-opensource/swift/AICoven/AICoven/Infrastructure/Serialization/AnyJSONValue.swift:40:5: note: calls to initializer 'init(_:)' from outside of its actor context are implicitly asynchronous
    init(_ value: Any) {
    ^
/Users/andreeapapillon/Documents/GitHub/aicoven-local-opensource/swift/AICoven/AICoven/Services/ChatService.swift:2054:24: warning: call to main actor-isolated initializer 'init(_:)' in a synchronous nonisolated context
                input: AnyJSONValue(["path": AnyJSONValue(path)]),
                       ^
/Users/andreeapapillon/Documents/GitHub/aicoven-local-opensource/swift/AICoven/AICoven/Infrastructure/Serialization/AnyJSONValue.swift:40:5: note: calls to initializer 'init(_:)' from outside of its actor context are implicitly asynchronous
    init(_ value: Any) {
    ^
/Users/andreeapapillon/Documents/GitHub/aicoven-local-opensource/swift/AICoven/AICoven/Services/ChatService.swift:2054:46: warning: call to main actor-isolated initializer 'init(_:)' in a synchronous nonisolated context
                input: AnyJSONValue(["path": AnyJSONValue(path)]),
                                             ^
/Users/andreeapapillon/Documents/GitHub/aicoven-local-opensource/swift/AICoven/AICoven/Infrastructure/Serialization/AnyJSONValue.swift:40:5: note: calls to initializer 'init(_:)' from outside of its actor context are implicitly asynchronous
    init(_ value: Any) {
    ^

SwiftCompile normal arm64 /Users/andreeapapillon/Documents/GitHub/aicoven-local-opensource/swift/AICoven/AICoven/Services/CovenService.swift (in target 'AICoven' from project 'AICoven Local')
    cd /Users/andreeapapillon/Documents/GitHub/aicoven-local-opensource/swift/AICoven
    

SwiftCompile normal arm64 /Users/andreeapapillon/Documents/GitHub/aicoven-local-opensource/swift/AICoven/AICoven/Services/EncryptionService.swift (in target 'AICoven' from project 'AICoven Local')
    cd /Users/andreeapapillon/Documents/GitHub/aicoven-local-opensource/swift/AICoven
    

SwiftCompile normal arm64 /Users/andreeapapillon/Documents/GitHub/aicoven-local-opensource/swift/AICoven/AICoven/Services/FileUploadService.swift (in target 'AICoven' from project 'AICoven Local')
    cd /Users/andreeapapillon/Documents/GitHub/aicoven-local-opensource/swift/AICoven
    

SwiftCompile normal arm64 /Users/andreeapapillon/Documents/GitHub/aicoven-local-opensource/swift/AICoven/AICoven/Services/LLMClients.swift (in target 'AICoven' from project 'AICoven Local')
    cd /Users/andreeapapillon/Documents/GitHub/aicoven-local-opensource/swift/AICoven
    
/Users/andreeapapillon/Documents/GitHub/aicoven-local-opensource/swift/AICoven/AICoven/Services/LLMClients.swift:44:69: warning: call to main actor-isolated static method 'scopedKey' in a synchronous actor-isolated context
        if let key = UserDefaults.standard.string(forKey: UserScope.scopedKey("openai_api_key")), !key.isEmpty {
                                                                    ^
/Users/andreeapapillon/Documents/GitHub/aicoven-local-opensource/swift/AICoven/AICoven/Infrastructure/UserScope.swift:32:17: note: calls to static method 'scopedKey' from outside of its actor context are implicitly asynchronous
    static func scopedKey(_ base: String) -> String {
                ^
/Users/andreeapapillon/Documents/GitHub/aicoven-local-opensource/swift/AICoven/AICoven/Services/LLMClients.swift:133:69: warning: call to main actor-isolated static method 'scopedKey' in a synchronous actor-isolated context
        if let key = UserDefaults.standard.string(forKey: UserScope.scopedKey("anthropic_api_key")), !key.isEmpty {
                                                                    ^
/Users/andreeapapillon/Documents/GitHub/aicoven-local-opensource/swift/AICoven/AICoven/Infrastructure/UserScope.swift:32:17: note: calls to static method 'scopedKey' from outside of its actor context are implicitly asynchronous
    static func scopedKey(_ base: String) -> String {
                ^
/Users/andreeapapillon/Documents/GitHub/aicoven-local-opensource/swift/AICoven/AICoven/Services/LLMClients.swift:237:69: warning: call to main actor-isolated static method 'scopedKey' in a synchronous actor-isolated context
        if let key = UserDefaults.standard.string(forKey: UserScope.scopedKey("gemini_api_key")), !key.isEmpty {
                                                                    ^
/Users/andreeapapillon/Documents/GitHub/aicoven-local-opensource/swift/AICoven/AICoven/Infrastructure/UserScope.swift:32:17: note: calls to static method 'scopedKey' from outside of its actor context are implicitly asynchronous
    static func scopedKey(_ base: String) -> String {
                ^

SwiftCompile normal arm64 /Users/andreeapapillon/Documents/GitHub/aicoven-local-opensource/swift/AICoven/AICoven/Services/MemoryService.swift (in target 'AICoven' from project 'AICoven Local')
    cd /Users/andreeapapillon/Documents/GitHub/aicoven-local-opensource/swift/AICoven
    

SwiftCompile normal arm64 /Users/andreeapapillon/Documents/GitHub/aicoven-local-opensource/swift/AICoven/AICoven/Services/MessageAdapter.swift (in target 'AICoven' from project 'AICoven Local')
    cd /Users/andreeapapillon/Documents/GitHub/aicoven-local-opensource/swift/AICoven
    

SwiftCompile normal arm64 /Users/andreeapapillon/Documents/GitHub/aicoven-local-opensource/swift/AICoven/AICoven/Services/ProviderAccountService.swift (in target 'AICoven' from project 'AICoven Local')
    cd /Users/andreeapapillon/Documents/GitHub/aicoven-local-opensource/swift/AICoven
    
/Users/andreeapapillon/Documents/GitHub/aicoven-local-opensource/swift/AICoven/AICoven/Services/ProviderAccountService.swift:111:19: warning: call to main actor-isolated static method 'scopedKey' in a synchronous actor-isolated context
        UserScope.scopedKey("provider_accounts.v1")
                  ^
/Users/andreeapapillon/Documents/GitHub/aicoven-local-opensource/swift/AICoven/AICoven/Infrastructure/UserScope.swift:32:17: note: calls to static method 'scopedKey' from outside of its actor context are implicitly asynchronous
    static func scopedKey(_ base: String) -> String {
                ^
/Users/andreeapapillon/Documents/GitHub/aicoven-local-opensource/swift/AICoven/AICoven/Services/ProviderAccountService.swift:121:27: warning: converting function value of type '@MainActor @Sendable (LocalProviderAccount) -> ProviderAccount' to '(LocalProviderAccount) -> ProviderAccount' loses global actor 'MainActor'; this is an error in the Swift 6 language mode
        return locals.map(ProviderAccount.init(from:))
                          ^
/Users/andreeapapillon/Documents/GitHub/aicoven-local-opensource/swift/AICoven/AICoven/Services/ProviderAccountService.swift:151:28: warning: main actor-isolated static method 'save(key:value:)' cannot be called from outside of the actor; this is an error in the Swift 6 language mode
        try KeychainHelper.save(key: keychainKey(for: id), value: apiKey)
        ~~~~~~~~~~~~~~~~~~~^~~~~~~~~~~~~~~~~~~~~~~~~~~~~~~~~~~~~~~~~~~~~~
            await 
/Users/andreeapapillon/Documents/GitHub/aicoven-local-opensource/swift/AICoven/AICoven/Services/ProviderAccountService.swift:156:16: warning: main actor-isolated initializer 'init(from:)' cannot be called from outside of the actor; this is an error in the Swift 6 language mode
        return ProviderAccount(from: local)
               ^~~~~~~~~~~~~~~~~~~~~~~~~~~~
               await 
/Users/andreeapapillon/Documents/GitHub/aicoven-local-opensource/swift/AICoven/AICoven/Services/ProviderAccountService.swift:188:16: warning: main actor-isolated initializer 'init(from:)' cannot be called from outside of the actor; this is an error in the Swift 6 language mode
        return ProviderAccount(from: local)
               ^~~~~~~~~~~~~~~~~~~~~~~~~~~~
               await 
/Users/andreeapapillon/Documents/GitHub/aicoven-local-opensource/swift/AICoven/AICoven/Services/ProviderAccountService.swift:221:16: warning: main actor-isolated initializer 'init(from:)' cannot be called from outside of the actor; this is an error in the Swift 6 language mode
        return ProviderAccount(from: local)
               ^~~~~~~~~~~~~~~~~~~~~~~~~~~~
               await 
/Users/andreeapapillon/Documents/GitHub/aicoven-local-opensource/swift/AICoven/AICoven/Services/ProviderAccountService.swift:252:32: warning: main actor-isolated static method 'save(key:value:)' cannot be called from outside of the actor; this is an error in the Swift 6 language mode
            try KeychainHelper.save(key: keychainKey(for: id), value: apiKey)
            ~~~~~~~~~~~~~~~~~~~^~~~~~~~~~~~~~~~~~~~~~~~~~~~~~~~~~~~~~~~~~~~~~
                await 
/Users/andreeapapillon/Documents/GitHub/aicoven-local-opensource/swift/AICoven/AICoven/Services/ProviderAccountService.swift:274:24: warning: main actor-isolated static method 'delete(key:)' cannot be called from outside of the actor; this is an error in the Swift 6 language mode
        KeychainHelper.delete(key: keychainKey(for: id))
        ~~~~~~~~~~~~~~~^~~~~~~~~~~~~~~~~~~~~~~~~~~~~~~~~
        await 
/Users/andreeapapillon/Documents/GitHub/aicoven-local-opensource/swift/AICoven/AICoven/Services/ProviderAccountService.swift:374:21: warning: main actor-isolated initializer 'init(providerID:modelID:maxContextTokens:supportsTools:supportsEmbeddings:costClass:)' cannot be called from outside of the actor; this is an error in the Swift 6 language mode
                    ModelDescriptor(
~~~~~~~~~~~~~~~~~~~~^~~~~~~~~~~~~~~~
/Users/andreeapapillon/Documents/GitHub/aicoven-local-opensource/swift/AICoven/AICoven/Services/ProviderAccountService.swift:394:17: warning: main actor-isolated initializer 'init(providerID:modelID:maxContextTokens:supportsTools:supportsEmbeddings:costClass:)' cannot be called from outside of the actor; this is an error in the Swift 6 language mode
                ModelDescriptor(
~~~~~~~~~~~~~~~~^~~~~~~~~~~~~~~~
/Users/andreeapapillon/Documents/GitHub/aicoven-local-opensource/swift/AICoven/AICoven/Services/ProviderAccountService.swift:468:52: warning: call to main actor-isolated static method 'scopedKey' in a synchronous actor-isolated context
            defaults.set(apiKey, forKey: UserScope.scopedKey("openai_api_key"))
                                                   ^
/Users/andreeapapillon/Documents/GitHub/aicoven-local-opensource/swift/AICoven/AICoven/Infrastructure/UserScope.swift:32:17: note: calls to static method 'scopedKey' from outside of its actor context are implicitly asynchronous
    static func scopedKey(_ base: String) -> String {
                ^
/Users/andreeapapillon/Documents/GitHub/aicoven-local-opensource/swift/AICoven/AICoven/Services/ProviderAccountService.swift:470:52: warning: call to main actor-isolated static method 'scopedKey' in a synchronous actor-isolated context
            defaults.set(apiKey, forKey: UserScope.scopedKey("anthropic_api_key"))
                                                   ^
/Users/andreeapapillon/Documents/GitHub/aicoven-local-opensource/swift/AICoven/AICoven/Infrastructure/UserScope.swift:32:17: note: calls to static method 'scopedKey' from outside of its actor context are implicitly asynchronous
    static func scopedKey(_ base: String) -> String {
                ^
/Users/andreeapapillon/Documents/GitHub/aicoven-local-opensource/swift/AICoven/AICoven/Services/ProviderAccountService.swift:472:52: warning: call to main actor-isolated static method 'scopedKey' in a synchronous actor-isolated context
            defaults.set(apiKey, forKey: UserScope.scopedKey("gemini_api_key"))
                                                   ^
/Users/andreeapapillon/Documents/GitHub/aicoven-local-opensource/swift/AICoven/AICoven/Infrastructure/UserScope.swift:32:17: note: calls to static method 'scopedKey' from outside of its actor context are implicitly asynchronous
    static func scopedKey(_ base: String) -> String {
                ^
/Users/andreeapapillon/Documents/GitHub/aicoven-local-opensource/swift/AICoven/AICoven/Services/ProviderAccountService.swift:475:52: warning: call to main actor-isolated static method 'scopedKey' in a synchronous actor-isolated context
            defaults.set(apiKey, forKey: UserScope.scopedKey("ollama_base_url"))
                                                   ^
/Users/andreeapapillon/Documents/GitHub/aicoven-local-opensource/swift/AICoven/AICoven/Infrastructure/UserScope.swift:32:17: note: calls to static method 'scopedKey' from outside of its actor context are implicitly asynchronous
    static func scopedKey(_ base: String) -> String {
                ^
/Users/andreeapapillon/Documents/GitHub/aicoven-local-opensource/swift/AICoven/AICoven/Services/ProviderAccountService.swift:485:53: warning: call to main actor-isolated static method 'scopedKey' in a synchronous actor-isolated context
            defaults.removeObject(forKey: UserScope.scopedKey("openai_api_key"))
                                                    ^
/Users/andreeapapillon/Documents/GitHub/aicoven-local-opensource/swift/AICoven/AICoven/Infrastructure/UserScope.swift:32:17: note: calls to static method 'scopedKey' from outside of its actor context are implicitly asynchronous
    static func scopedKey(_ base: String) -> String {
                ^
/Users/andreeapapillon/Documents/GitHub/aicoven-local-opensource/swift/AICoven/AICoven/Services/ProviderAccountService.swift:487:53: warning: call to main actor-isolated static method 'scopedKey' in a synchronous actor-isolated context
            defaults.removeObject(forKey: UserScope.scopedKey("anthropic_api_key"))
                                                    ^
/Users/andreeapapillon/Documents/GitHub/aicoven-local-opensource/swift/AICoven/AICoven/Infrastructure/UserScope.swift:32:17: note: calls to static method 'scopedKey' from outside of its actor context are implicitly asynchronous
    static func scopedKey(_ base: String) -> String {
                ^
/Users/andreeapapillon/Documents/GitHub/aicoven-local-opensource/swift/AICoven/AICoven/Services/ProviderAccountService.swift:489:53: warning: call to main actor-isolated static method 'scopedKey' in a synchronous actor-isolated context
            defaults.removeObject(forKey: UserScope.scopedKey("gemini_api_key"))
                                                    ^
/Users/andreeapapillon/Documents/GitHub/aicoven-local-opensource/swift/AICoven/AICoven/Infrastructure/UserScope.swift:32:17: note: calls to static method 'scopedKey' from outside of its actor context are implicitly asynchronous
    static func scopedKey(_ base: String) -> String {
                ^
/Users/andreeapapillon/Documents/GitHub/aicoven-local-opensource/swift/AICoven/AICoven/Services/ProviderAccountService.swift:491:53: warning: call to main actor-isolated static method 'scopedKey' in a synchronous actor-isolated context
            defaults.removeObject(forKey: UserScope.scopedKey("ollama_base_url"))
                                                    ^
/Users/andreeapapillon/Documents/GitHub/aicoven-local-opensource/swift/AICoven/AICoven/Infrastructure/UserScope.swift:32:17: note: calls to static method 'scopedKey' from outside of its actor context are implicitly asynchronous
    static func scopedKey(_ base: String) -> String {
                ^
/Users/andreeapapillon/Documents/GitHub/aicoven-local-opensource/swift/AICoven/AICoven/Services/ProviderAccountService.swift:605:90: warning: main actor-isolated static property 'defaultBaseURL' can not be referenced from a nonisolated autoclosure
            let client = OllamaLLMClient(baseURL: URL(string: urlStr) ?? OllamaLLMClient.defaultBaseURL)
                                                                                         ^
/Users/andreeapapillon/Documents/GitHub/aicoven-local-opensource/swift/AICoven/AICoven/Core/LLM/Providers/OllamaLLMClient.swift:18:16: note: static property declared here
    static let defaultBaseURL = URL(string: "http://localhost:11434")!
               ^
/Users/andreeapapillon/Documents/GitHub/aicoven-local-opensource/swift/AICoven/AICoven/Services/ProviderAccountService.swift:510:47: warning: main actor-isolated static method 'load(key:)' cannot be called from outside of the actor; this is an error in the Swift 6 language mode
            guard let apiKey = KeychainHelper.load(key: keychainKey(for: account.id)) else {
                               ~~~~~~~~~~~~~~~^~~~~~~~~~~~~~~~~~~~~~~~~~~~~~~~~~~~~~~
                               await 
/Users/andreeapapillon/Documents/GitHub/aicoven-local-opensource/swift/AICoven/AICoven/Services/ProviderAccountService.swift:544:47: warning: main actor-isolated static method 'load(key:)' cannot be called from outside of the actor; this is an error in the Swift 6 language mode
            guard let apiKey = KeychainHelper.load(key: keychainKey(for: account.id)) else {
                               ~~~~~~~~~~~~~~~^~~~~~~~~~~~~~~~~~~~~~~~~~~~~~~~~~~~~~~
                               await 
/Users/andreeapapillon/Documents/GitHub/aicoven-local-opensource/swift/AICoven/AICoven/Services/ProviderAccountService.swift:605:26: warning: main actor-isolated initializer 'init(baseURL:urlSession:)' cannot be called from outside of the actor; this is an error in the Swift 6 language mode
            let client = OllamaLLMClient(baseURL: URL(string: urlStr) ?? OllamaLLMClient.defaultBaseURL)
                         ^~~~~~~~~~~~~~~~~~~~~~~~~~~~~~~~~~~~~~~~~~~~~~~~~~~~~~~~~~~~~~~~~~~~~~~~~~~~~~~
                         await 
/Users/andreeapapillon/Documents/GitHub/aicoven-local-opensource/swift/AICoven/AICoven/Services/ProviderAccountService.swift:617:36: warning: main actor-isolated static property 'defaultCatalog' cannot be accessed from outside of the actor; this is an error in the Swift 6 language mode
            return MLXModelManager.defaultCatalog.map { info in
                   ~~~~~~~~~~~~~~~~^~~~~~~~~~~~~~~~~~~~~~~~~~~~
                   await 
/Users/andreeapapillon/Documents/GitHub/aicoven-local-opensource/swift/AICoven/AICoven/Services/ProviderAccountService.swift:626:47: warning: main actor-isolated static method 'load(key:)' cannot be called from outside of the actor; this is an error in the Swift 6 language mode
            guard let apiKey = KeychainHelper.load(key: keychainKey(for: account.id)) else {
                               ~~~~~~~~~~~~~~~^~~~~~~~~~~~~~~~~~~~~~~~~~~~~~~~~~~~~~~
                               await 

SwiftCompile normal arm64 /Users/andreeapapillon/Documents/GitHub/aicoven-local-opensource/swift/AICoven/AICoven/Services/RoleService.swift (in target 'AICoven' from project 'AICoven Local')
    cd /Users/andreeapapillon/Documents/GitHub/aicoven-local-opensource/swift/AICoven
    

SwiftCompile normal arm64 /Users/andreeapapillon/Documents/GitHub/aicoven-local-opensource/swift/AICoven/AICoven/Services/RoleTemplateService.swift (in target 'AICoven' from project 'AICoven Local')
    cd /Users/andreeapapillon/Documents/GitHub/aicoven-local-opensource/swift/AICoven
    

SwiftCompile normal arm64 /Users/andreeapapillon/Documents/GitHub/aicoven-local-opensource/swift/AICoven/AICoven/Services/StoreService.swift (in target 'AICoven' from project 'AICoven Local')
    cd /Users/andreeapapillon/Documents/GitHub/aicoven-local-opensource/swift/AICoven
    

SwiftCompile normal arm64 /Users/andreeapapillon/Documents/GitHub/aicoven-local-opensource/swift/AICoven/AICoven/Services/StrixSettingsService.swift (in target 'AICoven' from project 'AICoven Local')
    cd /Users/andreeapapillon/Documents/GitHub/aicoven-local-opensource/swift/AICoven
    
/Users/andreeapapillon/Documents/GitHub/aicoven-local-opensource/swift/AICoven/AICoven/Services/StrixSettingsService.swift:25:19: warning: call to main actor-isolated static method 'scopedKey' in a synchronous actor-isolated context
        UserScope.scopedKey("strix_settings.v1")
                  ^
/Users/andreeapapillon/Documents/GitHub/aicoven-local-opensource/swift/AICoven/AICoven/Infrastructure/UserScope.swift:32:17: note: calls to static method 'scopedKey' from outside of its actor context are implicitly asynchronous
    static func scopedKey(_ base: String) -> String {
                ^
/Users/andreeapapillon/Documents/GitHub/aicoven-local-opensource/swift/AICoven/AICoven/Services/StrixSettingsService.swift:116:38: warning: main actor-isolated conformance of 'LocalStrixSettings' to 'Decodable' cannot be used in actor-isolated context; this is an error in the Swift 6 language mode
            return try JSONDecoder().decode(LocalStrixSettings.self, from: data)
                                     ^
/Users/andreeapapillon/Documents/GitHub/aicoven-local-opensource/swift/AICoven/AICoven/Services/StrixSettingsService.swift:134:42: warning: main actor-isolated conformance of 'LocalStrixSettings' to 'Encodable' cannot be used in actor-isolated context; this is an error in the Swift 6 language mode
            let data = try JSONEncoder().encode(settings)
                                         ^
/Users/andreeapapillon/Documents/GitHub/aicoven-local-opensource/swift/AICoven/AICoven/Services/StrixSettingsService.swift:146:54: warning: call to main actor-isolated static method 'scopedKey' in a synchronous actor-isolated context
            defaults.set(provider, forKey: UserScope.scopedKey("llm_provider"))
                                                     ^
/Users/andreeapapillon/Documents/GitHub/aicoven-local-opensource/swift/AICoven/AICoven/Infrastructure/UserScope.swift:32:17: note: calls to static method 'scopedKey' from outside of its actor context are implicitly asynchronous
    static func scopedKey(_ base: String) -> String {
                ^
/Users/andreeapapillon/Documents/GitHub/aicoven-local-opensource/swift/AICoven/AICoven/Services/StrixSettingsService.swift:150:59: warning: call to main actor-isolated static method 'scopedKey' in a synchronous actor-isolated context
                    defaults.set(model, forKey: UserScope.scopedKey("anthropic_model"))
                                                          ^
/Users/andreeapapillon/Documents/GitHub/aicoven-local-opensource/swift/AICoven/AICoven/Infrastructure/UserScope.swift:32:17: note: calls to static method 'scopedKey' from outside of its actor context are implicitly asynchronous
    static func scopedKey(_ base: String) -> String {
                ^
/Users/andreeapapillon/Documents/GitHub/aicoven-local-opensource/swift/AICoven/AICoven/Services/StrixSettingsService.swift:152:59: warning: call to main actor-isolated static method 'scopedKey' in a synchronous actor-isolated context
                    defaults.set(model, forKey: UserScope.scopedKey("gemini_model"))
                                                          ^
/Users/andreeapapillon/Documents/GitHub/aicoven-local-opensource/swift/AICoven/AICoven/Infrastructure/UserScope.swift:32:17: note: calls to static method 'scopedKey' from outside of its actor context are implicitly asynchronous
    static func scopedKey(_ base: String) -> String {
                ^
/Users/andreeapapillon/Documents/GitHub/aicoven-local-opensource/swift/AICoven/AICoven/Services/StrixSettingsService.swift:154:59: warning: call to main actor-isolated static method 'scopedKey' in a synchronous actor-isolated context
                    defaults.set(model, forKey: UserScope.scopedKey("openai_model"))
                                                          ^
/Users/andreeapapillon/Documents/GitHub/aicoven-local-opensource/swift/AICoven/AICoven/Infrastructure/UserScope.swift:32:17: note: calls to static method 'scopedKey' from outside of its actor context are implicitly asynchronous
    static func scopedKey(_ base: String) -> String {
                ^

SwiftCompile normal arm64 /Users/andreeapapillon/Documents/GitHub/aicoven-local-opensource/swift/AICoven/AICoven/Services/ThreadService.swift (in target 'AICoven' from project 'AICoven Local')
    cd /Users/andreeapapillon/Documents/GitHub/aicoven-local-opensource/swift/AICoven
    
/Users/andreeapapillon/Documents/GitHub/aicoven-local-opensource/swift/AICoven/AICoven/Services/ThreadService.swift:32:36: warning: main actor-isolated static property 'currentUserID' can not be referenced on a nonisolated actor instance
        let currentUID = UserScope.currentUserID ?? "<none>"
                                   ^
/Users/andreeapapillon/Documents/GitHub/aicoven-local-opensource/swift/AICoven/AICoven/Infrastructure/UserScope.swift:17:16: note: static property declared here
    static var currentUserID: String? {
               ^
/Users/andreeapapillon/Documents/GitHub/aicoven-local-opensource/swift/AICoven/AICoven/Services/ThreadService.swift:75:39: warning: main actor-isolated static property 'currentUserID' can not be referenced on a nonisolated actor instance
        let currentUserID = UserScope.currentUserID
                                      ^
/Users/andreeapapillon/Documents/GitHub/aicoven-local-opensource/swift/AICoven/AICoven/Infrastructure/UserScope.swift:17:16: note: static property declared here
    static var currentUserID: String? {
               ^
/Users/andreeapapillon/Documents/GitHub/aicoven-local-opensource/swift/AICoven/AICoven/Services/ThreadService.swift:132:34: warning: call to main actor-isolated static method 'scopedFilename(_:extension:)' in a synchronous nonisolated context
        let filename = UserScope.scopedFilename("personal_threads", extension: "json")
                                 ^
/Users/andreeapapillon/Documents/GitHub/aicoven-local-opensource/swift/AICoven/AICoven/Infrastructure/UserScope.swift:47:17: note: calls to static method 'scopedFilename(_:extension:)' from outside of its actor context are implicitly asynchronous
    static func scopedFilename(_ base: String, extension ext: String) -> String {
                ^
/Users/andreeapapillon/Documents/GitHub/aicoven-local-opensource/swift/AICoven/AICoven/Services/ThreadService.swift:115:25: note: add '@MainActor' to make static method 'makePersistenceURL()' part of global actor 'MainActor'
    private static func makePersistenceURL() -> URL {
                        ^
    @MainActor 
/Users/andreeapapillon/Documents/GitHub/aicoven-local-opensource/swift/AICoven/AICoven/Services/ThreadService.swift:228:13: warning: expression is 'async' but is not marked with 'await'; this is an error in the Swift 6 language mode
            AnalyticsService.shared.trackThreadCreated(covenId: covenId, agentId: agentId)
            ^~~~~~~~~~~~~~~~~~~~~~~~~~~~~~~~~~~~~~~~~~~~~~~~~~~~~~~~~~~~~~~~~~~~~~~~~~~~~~
            await 
/Users/andreeapapillon/Documents/GitHub/aicoven-local-opensource/swift/AICoven/AICoven/Services/ThreadService.swift:228:13: note: calls to instance method 'trackThreadCreated(covenId:agentId:)' from outside of its actor context are implicitly asynchronous
            AnalyticsService.shared.trackThreadCreated(covenId: covenId, agentId: agentId)
            ^
/Users/andreeapapillon/Documents/GitHub/aicoven-local-opensource/swift/AICoven/AICoven/Services/ThreadService.swift:228:13: note: property access is 'async'
            AnalyticsService.shared.trackThreadCreated(covenId: covenId, agentId: agentId)
            ^
/Users/andreeapapillon/Documents/GitHub/aicoven-local-opensource/swift/AICoven/AICoven/Services/ThreadService.swift:255:13: warning: expression is 'async' but is not marked with 'await'; this is an error in the Swift 6 language mode
            AnalyticsService.shared.trackThreadCreated(covenId: nil, agentId: agentId)
            ^~~~~~~~~~~~~~~~~~~~~~~~~~~~~~~~~~~~~~~~~~~~~~~~~~~~~~~~~~~~~~~~~~~~~~~~~~
            await 
/Users/andreeapapillon/Documents/GitHub/aicoven-local-opensource/swift/AICoven/AICoven/Services/ThreadService.swift:255:13: note: calls to instance method 'trackThreadCreated(covenId:agentId:)' from outside of its actor context are implicitly asynchronous
            AnalyticsService.shared.trackThreadCreated(covenId: nil, agentId: agentId)
            ^
/Users/andreeapapillon/Documents/GitHub/aicoven-local-opensource/swift/AICoven/AICoven/Services/ThreadService.swift:255:13: note: property access is 'async'
            AnalyticsService.shared.trackThreadCreated(covenId: nil, agentId: agentId)
            ^
/Users/andreeapapillon/Documents/GitHub/aicoven-local-opensource/swift/AICoven/AICoven/Services/ThreadService.swift:319:27: warning: main actor-isolated initializer 'init(id:userId:covenId:title:agentId:agentName:agentModel:isPinned:isArchived:messageCount:createdAt:updatedAt:lastMessageAt:)' cannot be called from outside of the actor; this is an error in the Swift 6 language mode
            let updated = Thread(
                          ^~~~~~~
                          await 
/Users/andreeapapillon/Documents/GitHub/aicoven-local-opensource/swift/AICoven/AICoven/Services/ThreadService.swift:354:13: warning: expression is 'async' but is not marked with 'await'; this is an error in the Swift 6 language mode
            AnalyticsService.shared.trackThreadDeleted(threadId: threadId)
            ^~~~~~~~~~~~~~~~~~~~~~~~~~~~~~~~~~~~~~~~~~~~~~~~~~~~~~~~~~~~~~
            await 
/Users/andreeapapillon/Documents/GitHub/aicoven-local-opensource/swift/AICoven/AICoven/Services/ThreadService.swift:354:13: note: calls to instance method 'trackThreadDeleted(threadId:)' from outside of its actor context are implicitly asynchronous
            AnalyticsService.shared.trackThreadDeleted(threadId: threadId)
            ^
/Users/andreeapapillon/Documents/GitHub/aicoven-local-opensource/swift/AICoven/AICoven/Services/ThreadService.swift:354:13: note: property access is 'async'
            AnalyticsService.shared.trackThreadDeleted(threadId: threadId)
            ^

SwiftCompile normal arm64 /Users/andreeapapillon/Documents/GitHub/aicoven-local-opensource/swift/AICoven/AICoven/Services/ToolApprovalService.swift (in target 'AICoven' from project 'AICoven Local')
    cd /Users/andreeapapillon/Documents/GitHub/aicoven-local-opensource/swift/AICoven
    

SwiftCompile normal arm64 Compiling\ ErrorReporter.swift,\ AgentRunRecord.swift,\ CovenRecord.swift,\ DatabaseManager.swift,\ MemoryRecord.swift,\ ThreadRecord.swift,\ DataEncryptionService.swift,\ AnyJSONValue.swift,\ FileAccessManager.swift,\ FileToolService.swift,\ GitHubToolService.swift,\ GoogleDriveToolService.swift,\ ShellToolService.swift,\ ToolService.swift /Users/andreeapapillon/Documents/GitHub/aicoven-local-opensource/swift/AICoven/AICoven/Infrastructure/Logging/ErrorReporter.swift /Users/andreeapapillon/Documents/GitHub/aicoven-local-opensource/swift/AICoven/AICoven/Infrastructure/Persistence/AgentRunRecord.swift /Users/andreeapapillon/Documents/GitHub/aicoven-local-opensource/swift/AICoven/AICoven/Infrastructure/Persistence/CovenRecord.swift /Users/andreeapapillon/Documents/GitHub/aicoven-local-opensource/swift/AICoven/AICoven/Infrastructure/Persistence/DatabaseManager.swift /Users/andreeapapillon/Documents/GitHub/aicoven-local-opensource/swift/AICoven/AICoven/Infrastructure/Persistence/MemoryRecord.swift /Users/andreeapapillon/Documents/GitHub/aicoven-local-opensource/swift/AICoven/AICoven/Infrastructure/Persistence/ThreadRecord.swift /Users/andreeapapillon/Documents/GitHub/aicoven-local-opensource/swift/AICoven/AICoven/Infrastructure/Security/DataEncryptionService.swift /Users/andreeapapillon/Documents/GitHub/aicoven-local-opensource/swift/AICoven/AICoven/Infrastructure/Serialization/AnyJSONValue.swift /Users/andreeapapillon/Documents/GitHub/aicoven-local-opensource/swift/AICoven/AICoven/Infrastructure/Tools/FileAccessManager.swift /Users/andreeapapillon/Documents/GitHub/aicoven-local-opensource/swift/AICoven/AICoven/Infrastructure/Tools/FileToolService.swift /Users/andreeapapillon/Documents/GitHub/aicoven-local-opensource/swift/AICoven/AICoven/Infrastructure/Tools/GitHubToolService.swift /Users/andreeapapillon/Documents/GitHub/aicoven-local-opensource/swift/AICoven/AICoven/Infrastructure/Tools/GoogleDriveToolService.swift /Users/andreeapapillon/Documents/GitHub/aicoven-local-opensource/swift/AICoven/AICoven/Infrastructure/Tools/ShellToolService.swift /Users/andreeapapillon/Documents/GitHub/aicoven-local-opensource/swift/AICoven/AICoven/Infrastructure/Tools/ToolService.swift (in target 'AICoven' from project 'AICoven Local')

SwiftCompile normal arm64 /Users/andreeapapillon/Documents/GitHub/aicoven-local-opensource/swift/AICoven/AICoven/Infrastructure/Logging/ErrorReporter.swift (in target 'AICoven' from project 'AICoven Local')
    cd /Users/andreeapapillon/Documents/GitHub/aicoven-local-opensource/swift/AICoven
    

SwiftCompile normal arm64 /Users/andreeapapillon/Documents/GitHub/aicoven-local-opensource/swift/AICoven/AICoven/Infrastructure/Persistence/AgentRunRecord.swift (in target 'AICoven' from project 'AICoven Local')
    cd /Users/andreeapapillon/Documents/GitHub/aicoven-local-opensource/swift/AICoven
    
/Users/andreeapapillon/Documents/GitHub/aicoven-local-opensource/swift/AICoven/AICoven/Infrastructure/Persistence/AgentRunRecord.swift:142:13: warning: variable 'record' was never mutated; consider changing to 'let' constant
        var record = AgentRunRecord(
        ~~~ ^
        let
/Users/andreeapapillon/Documents/GitHub/aicoven-local-opensource/swift/AICoven/AICoven/Infrastructure/Persistence/AgentRunRecord.swift:153:17: warning: reference to captured var 'record' in concurrently-executing code; this is an error in the Swift 6 language mode
            try record.insert(db)
                ^
/Users/andreeapapillon/Documents/GitHub/aicoven-local-opensource/swift/AICoven/AICoven/Infrastructure/Persistence/AgentRunRecord.swift:204:13: warning: variable 'record' was never mutated; consider changing to 'let' constant
        var record = AgentStepRecord(
        ~~~ ^
        let
/Users/andreeapapillon/Documents/GitHub/aicoven-local-opensource/swift/AICoven/AICoven/Infrastructure/Persistence/AgentRunRecord.swift:215:17: warning: reference to captured var 'record' in concurrently-executing code; this is an error in the Swift 6 language mode
            try record.insert(db)
                ^

SwiftCompile normal arm64 /Users/andreeapapillon/Documents/GitHub/aicoven-local-opensource/swift/AICoven/AICoven/Infrastructure/Persistence/CovenRecord.swift (in target 'AICoven' from project 'AICoven Local')
    cd /Users/andreeapapillon/Documents/GitHub/aicoven-local-opensource/swift/AICoven
    
/Users/andreeapapillon/Documents/GitHub/aicoven-local-opensource/swift/AICoven/AICoven/Infrastructure/Persistence/CovenRecord.swift:220:16: warning: main actor-isolated initializer 'init(id:name:description:avatar:settings:createdAt:updatedAt:)' cannot be called from outside of the actor; this is an error in the Swift 6 language mode
        return Coven(
               ^~~~~~
               await 
/Users/andreeapapillon/Documents/GitHub/aicoven-local-opensource/swift/AICoven/AICoven/Infrastructure/Persistence/CovenRecord.swift:248:36: warning: main actor-isolated conformance of 'CovenSettings' to 'Decodable' cannot be used in nonisolated context; this is an error in the Swift 6 language mode
                try? JSONDecoder().decode(CovenSettings.self, from: data)
                                   ^
/Users/andreeapapillon/Documents/GitHub/aicoven-local-opensource/swift/AICoven/AICoven/Infrastructure/Persistence/CovenRecord.swift:252:20: warning: call to main actor-isolated initializer 'init(id:name:description:avatar:settings:createdAt:updatedAt:)' in a synchronous nonisolated context
            return Coven(
                   ^
/Users/andreeapapillon/Documents/GitHub/aicoven-local-opensource/swift/AICoven/AICoven/Models/Coven.swift:21:5: note: calls to initializer 'init(id:name:description:avatar:settings:createdAt:updatedAt:)' from outside of its actor context are implicitly asynchronous
    init(
    ^
/Users/andreeapapillon/Documents/GitHub/aicoven-local-opensource/swift/AICoven/AICoven/Infrastructure/Persistence/CovenRecord.swift:363:46: warning: main actor-isolated conformance of 'RoleSettings' to 'Encodable' cannot be used in actor-isolated context; this is an error in the Swift 6 language mode
            if let data = try? JSONEncoder().encode(roleSettings) {
                                             ^
/Users/andreeapapillon/Documents/GitHub/aicoven-local-opensource/swift/AICoven/AICoven/Infrastructure/Persistence/CovenRecord.swift:354:32: warning: main actor-isolated initializer 'init(toolConfig:allowedTools:collaboratorRoleIds:autonomousMode:autonomousMaxSteps:plannerMaxTasks:plannerMaxSeconds:)' cannot be called from outside of the actor; this is an error in the Swift 6 language mode
            let roleSettings = RoleSettings(
                               ^~~~~~~~~~~~~
                               await 
/Users/andreeapapillon/Documents/GitHub/aicoven-local-opensource/swift/AICoven/AICoven/Infrastructure/Persistence/CovenRecord.swift:430:36: warning: call to main actor-isolated initializer 'init(toolConfig:allowedTools:collaboratorRoleIds:autonomousMode:autonomousMaxSteps:plannerMaxTasks:plannerMaxSeconds:)' in a synchronous nonisolated context
                let roleSettings = RoleSettings(
                                   ^
/Users/andreeapapillon/Documents/GitHub/aicoven-local-opensource/swift/AICoven/AICoven/Models/Coven.swift:146:5: note: calls to initializer 'init(toolConfig:allowedTools:collaboratorRoleIds:autonomousMode:autonomousMaxSteps:plannerMaxTasks:plannerMaxSeconds:)' from outside of its actor context are implicitly asynchronous
    init(
    ^
/Users/andreeapapillon/Documents/GitHub/aicoven-local-opensource/swift/AICoven/AICoven/Infrastructure/Persistence/CovenRecord.swift:439:50: warning: main actor-isolated conformance of 'RoleSettings' to 'Encodable' cannot be used in nonisolated context; this is an error in the Swift 6 language mode
                if let data = try? JSONEncoder().encode(roleSettings) {
                                                 ^
/Users/andreeapapillon/Documents/GitHub/aicoven-local-opensource/swift/AICoven/AICoven/Infrastructure/Persistence/CovenRecord.swift:464:32: warning: main actor-isolated conformance of 'RoleSettings' to 'Decodable' cannot be used in actor-isolated context; this is an error in the Swift 6 language mode
            try? JSONDecoder().decode(RoleSettings.self, from: data)
                               ^

SwiftCompile normal arm64 /Users/andreeapapillon/Documents/GitHub/aicoven-local-opensource/swift/AICoven/AICoven/Infrastructure/Persistence/DatabaseManager.swift (in target 'AICoven' from project 'AICoven Local')
    cd /Users/andreeapapillon/Documents/GitHub/aicoven-local-opensource/swift/AICoven
    

SwiftCompile normal arm64 /Users/andreeapapillon/Documents/GitHub/aicoven-local-opensource/swift/AICoven/AICoven/Infrastructure/Persistence/MemoryRecord.swift (in target 'AICoven' from project 'AICoven Local')
    cd /Users/andreeapapillon/Documents/GitHub/aicoven-local-opensource/swift/AICoven
    
/Users/andreeapapillon/Documents/GitHub/aicoven-local-opensource/swift/AICoven/AICoven/Infrastructure/Persistence/MemoryRecord.swift:139:13: warning: variable 'record' was never mutated; consider changing to 'let' constant
        var record = MemoryChunkRecord(
        ~~~ ^
        let
/Users/andreeapapillon/Documents/GitHub/aicoven-local-opensource/swift/AICoven/AICoven/Infrastructure/Persistence/MemoryRecord.swift:153:17: warning: reference to captured var 'record' in concurrently-executing code; this is an error in the Swift 6 language mode
            try record.insert(db)
                ^
/Users/andreeapapillon/Documents/GitHub/aicoven-local-opensource/swift/AICoven/AICoven/Infrastructure/Persistence/MemoryRecord.swift:524:13: warning: variable 'record' was never mutated; consider changing to 'let' constant
        var record = MemoryProposalRecord(
        ~~~ ^
        let
/Users/andreeapapillon/Documents/GitHub/aicoven-local-opensource/swift/AICoven/AICoven/Infrastructure/Persistence/MemoryRecord.swift:544:17: warning: reference to captured var 'record' in concurrently-executing code; this is an error in the Swift 6 language mode
            try record.insert(db)
                ^

SwiftCompile normal arm64 /Users/andreeapapillon/Documents/GitHub/aicoven-local-opensource/swift/AICoven/AICoven/Infrastructure/Persistence/ThreadRecord.swift (in target 'AICoven' from project 'AICoven Local')
    cd /Users/andreeapapillon/Documents/GitHub/aicoven-local-opensource/swift/AICoven
    
/Users/andreeapapillon/Documents/GitHub/aicoven-local-opensource/swift/AICoven/AICoven/Infrastructure/Persistence/ThreadRecord.swift:170:13: warning: variable 'record' was never mutated; consider changing to 'let' constant
        var record = ThreadRecord(
        ~~~ ^
        let
/Users/andreeapapillon/Documents/GitHub/aicoven-local-opensource/swift/AICoven/AICoven/Infrastructure/Persistence/ThreadRecord.swift:181:17: warning: reference to captured var 'record' in concurrently-executing code; this is an error in the Swift 6 language mode
            try record.insert(db)
                ^
/Users/andreeapapillon/Documents/GitHub/aicoven-local-opensource/swift/AICoven/AICoven/Infrastructure/Persistence/ThreadRecord.swift:296:13: warning: variable 'record' was never mutated; consider changing to 'let' constant
        var record = MessageRecord(
        ~~~ ^
        let
/Users/andreeapapillon/Documents/GitHub/aicoven-local-opensource/swift/AICoven/AICoven/Infrastructure/Persistence/ThreadRecord.swift:307:17: warning: reference to captured var 'record' in concurrently-executing code; this is an error in the Swift 6 language mode
            try record.insert(db)
                ^

SwiftCompile normal arm64 /Users/andreeapapillon/Documents/GitHub/aicoven-local-opensource/swift/AICoven/AICoven/Infrastructure/Security/DataEncryptionService.swift (in target 'AICoven' from project 'AICoven Local')
    cd /Users/andreeapapillon/Documents/GitHub/aicoven-local-opensource/swift/AICoven
    
/Users/andreeapapillon/Documents/GitHub/aicoven-local-opensource/swift/AICoven/AICoven/Infrastructure/Security/DataEncryptionService.swift:28:19: warning: call to main actor-isolated static method 'scopedKey' in a synchronous actor-isolated context
        UserScope.scopedKey("com.aicoven.local.encryption.metadata")
                  ^
/Users/andreeapapillon/Documents/GitHub/aicoven-local-opensource/swift/AICoven/AICoven/Infrastructure/UserScope.swift:32:17: note: calls to static method 'scopedKey' from outside of its actor context are implicitly asynchronous
    static func scopedKey(_ base: String) -> String {
                ^
/Users/andreeapapillon/Documents/GitHub/aicoven-local-opensource/swift/AICoven/AICoven/Infrastructure/Security/DataEncryptionService.swift:34:35: warning: main actor-isolated static property 'currentUserID' can not be referenced on a nonisolated actor instance
        guard let uid = UserScope.currentUserID else { return "device_passphrase" }
                                  ^
/Users/andreeapapillon/Documents/GitHub/aicoven-local-opensource/swift/AICoven/AICoven/Infrastructure/UserScope.swift:17:16: note: static property declared here
    static var currentUserID: String? {
               ^

SwiftCompile normal arm64 /Users/andreeapapillon/Documents/GitHub/aicoven-local-opensource/swift/AICoven/AICoven/Infrastructure/Serialization/AnyJSONValue.swift (in target 'AICoven' from project 'AICoven Local')
    cd /Users/andreeapapillon/Documents/GitHub/aicoven-local-opensource/swift/AICoven
    

SwiftCompile normal arm64 /Users/andreeapapillon/Documents/GitHub/aicoven-local-opensource/swift/AICoven/AICoven/Infrastructure/Tools/FileAccessManager.swift (in target 'AICoven' from project 'AICoven Local')
    cd /Users/andreeapapillon/Documents/GitHub/aicoven-local-opensource/swift/AICoven
    

SwiftCompile normal arm64 /Users/andreeapapillon/Documents/GitHub/aicoven-local-opensource/swift/AICoven/AICoven/Infrastructure/Tools/FileToolService.swift (in target 'AICoven' from project 'AICoven Local')
    cd /Users/andreeapapillon/Documents/GitHub/aicoven-local-opensource/swift/AICoven
    
/Users/andreeapapillon/Documents/GitHub/aicoven-local-opensource/swift/AICoven/AICoven/Infrastructure/Tools/FileToolService.swift:83:20: warning: no 'async' operations occur within 'await' expression
            return await .permissionDenied(
                   ^
/Users/andreeapapillon/Documents/GitHub/aicoven-local-opensource/swift/AICoven/AICoven/Infrastructure/Tools/FileToolService.swift:94:20: warning: no 'async' operations occur within 'await' expression
            return await .error(
                   ^
/Users/andreeapapillon/Documents/GitHub/aicoven-local-opensource/swift/AICoven/AICoven/Infrastructure/Tools/FileToolService.swift:106:20: warning: no 'async' operations occur within 'await' expression
            return await .validationError(
                   ^
/Users/andreeapapillon/Documents/GitHub/aicoven-local-opensource/swift/AICoven/AICoven/Infrastructure/Tools/FileToolService.swift:118:24: warning: no 'async' operations occur within 'await' expression
                return await .error(
                       ^
/Users/andreeapapillon/Documents/GitHub/aicoven-local-opensource/swift/AICoven/AICoven/Infrastructure/Tools/FileToolService.swift:159:20: warning: no 'async' operations occur within 'await' expression
            return await .error(
                   ^
/Users/andreeapapillon/Documents/GitHub/aicoven-local-opensource/swift/AICoven/AICoven/Infrastructure/Tools/FileToolService.swift:191:20: warning: no 'async' operations occur within 'await' expression
            return await .permissionDenied(
                   ^
/Users/andreeapapillon/Documents/GitHub/aicoven-local-opensource/swift/AICoven/AICoven/Infrastructure/Tools/FileToolService.swift:201:20: warning: no 'async' operations occur within 'await' expression
            return await .error(
                   ^
/Users/andreeapapillon/Documents/GitHub/aicoven-local-opensource/swift/AICoven/AICoven/Infrastructure/Tools/FileToolService.swift:217:24: warning: no 'async' operations occur within 'await' expression
                return await .error(
                       ^
/Users/andreeapapillon/Documents/GitHub/aicoven-local-opensource/swift/AICoven/AICoven/Infrastructure/Tools/FileToolService.swift:238:20: warning: no 'async' operations occur within 'await' expression
            return await .error(
                   ^
/Users/andreeapapillon/Documents/GitHub/aicoven-local-opensource/swift/AICoven/AICoven/Infrastructure/Tools/FileToolService.swift:270:20: warning: no 'async' operations occur within 'await' expression
            return await .permissionDenied(
                   ^
/Users/andreeapapillon/Documents/GitHub/aicoven-local-opensource/swift/AICoven/AICoven/Infrastructure/Tools/FileToolService.swift:282:20: warning: no 'async' operations occur within 'await' expression
            return await .error(
                   ^
/Users/andreeapapillon/Documents/GitHub/aicoven-local-opensource/swift/AICoven/AICoven/Infrastructure/Tools/FileToolService.swift:290:20: warning: no 'async' operations occur within 'await' expression
            return await .validationError(
                   ^
/Users/andreeapapillon/Documents/GitHub/aicoven-local-opensource/swift/AICoven/AICoven/Infrastructure/Tools/FileToolService.swift:366:20: warning: no 'async' operations occur within 'await' expression
            return await .error(
                   ^
/Users/andreeapapillon/Documents/GitHub/aicoven-local-opensource/swift/AICoven/AICoven/Infrastructure/Tools/FileToolService.swift:465:13: warning: initialization of immutable value 'fileManager' was never used; consider replacing with assignment to '_' or removing it
        let fileManager = FileManager.default
        ~~~~^~~~~~~~~~~
        _
/Users/andreeapapillon/Documents/GitHub/aicoven-local-opensource/swift/AICoven/AICoven/Infrastructure/Tools/FileToolService.swift:473:25: warning: call to main actor-isolated initializer 'init(_:)' in a synchronous actor-isolated context
                "name": AnyJSONValue(url.lastPathComponent),
                        ^
/Users/andreeapapillon/Documents/GitHub/aicoven-local-opensource/swift/AICoven/AICoven/Infrastructure/Serialization/AnyJSONValue.swift:40:5: note: calls to initializer 'init(_:)' from outside of its actor context are implicitly asynchronous
    init(_ value: Any) {
    ^
/Users/andreeapapillon/Documents/GitHub/aicoven-local-opensource/swift/AICoven/AICoven/Infrastructure/Tools/FileToolService.swift:474:25: warning: call to main actor-isolated initializer 'init(_:)' in a synchronous actor-isolated context
                "path": AnyJSONValue(relativePath),
                        ^
/Users/andreeapapillon/Documents/GitHub/aicoven-local-opensource/swift/AICoven/AICoven/Infrastructure/Serialization/AnyJSONValue.swift:40:5: note: calls to initializer 'init(_:)' from outside of its actor context are implicitly asynchronous
    init(_ value: Any) {
    ^
/Users/andreeapapillon/Documents/GitHub/aicoven-local-opensource/swift/AICoven/AICoven/Infrastructure/Tools/FileToolService.swift:475:33: warning: call to main actor-isolated initializer 'init(_:)' in a synchronous actor-isolated context
                "is_directory": AnyJSONValue(resourceValues.isDirectory ?? false)
                                ^
/Users/andreeapapillon/Documents/GitHub/aicoven-local-opensource/swift/AICoven/AICoven/Infrastructure/Serialization/AnyJSONValue.swift:40:5: note: calls to initializer 'init(_:)' from outside of its actor context are implicitly asynchronous
    init(_ value: Any) {
    ^
/Users/andreeapapillon/Documents/GitHub/aicoven-local-opensource/swift/AICoven/AICoven/Infrastructure/Tools/FileToolService.swift:479:38: warning: call to main actor-isolated initializer 'init(_:)' in a synchronous actor-isolated context
                info["size_bytes"] = AnyJSONValue(size)
                                     ^
/Users/andreeapapillon/Documents/GitHub/aicoven-local-opensource/swift/AICoven/AICoven/Infrastructure/Serialization/AnyJSONValue.swift:40:5: note: calls to initializer 'init(_:)' from outside of its actor context are implicitly asynchronous
    init(_ value: Any) {
    ^
/Users/andreeapapillon/Documents/GitHub/aicoven-local-opensource/swift/AICoven/AICoven/Infrastructure/Tools/FileToolService.swift:484:39: warning: call to main actor-isolated initializer 'init(_:)' in a synchronous actor-isolated context
                info["modified_at"] = AnyJSONValue(formatter.string(from: modDate))
                                      ^
/Users/andreeapapillon/Documents/GitHub/aicoven-local-opensource/swift/AICoven/AICoven/Infrastructure/Serialization/AnyJSONValue.swift:40:5: note: calls to initializer 'init(_:)' from outside of its actor context are implicitly asynchronous
    init(_ value: Any) {
    ^
/Users/andreeapapillon/Documents/GitHub/aicoven-local-opensource/swift/AICoven/AICoven/Infrastructure/Tools/FileToolService.swift:525:20: warning: no 'async' operations occur within 'await' expression
            return await .error(
                   ^

SwiftCompile normal arm64 /Users/andreeapapillon/Documents/GitHub/aicoven-local-opensource/swift/AICoven/AICoven/Infrastructure/Tools/GitHubToolService.swift (in target 'AICoven' from project 'AICoven Local')
    cd /Users/andreeapapillon/Documents/GitHub/aicoven-local-opensource/swift/AICoven
    

SwiftCompile normal arm64 /Users/andreeapapillon/Documents/GitHub/aicoven-local-opensource/swift/AICoven/AICoven/Infrastructure/Tools/GoogleDriveToolService.swift (in target 'AICoven' from project 'AICoven Local')
    cd /Users/andreeapapillon/Documents/GitHub/aicoven-local-opensource/swift/AICoven
    
/Users/andreeapapillon/Documents/GitHub/aicoven-local-opensource/swift/AICoven/AICoven/Infrastructure/Tools/GoogleDriveToolService.swift:106:34: warning: main actor-isolated conformance of 'DriveListResponse' to 'Decodable' cannot be used in actor-isolated context; this is an error in the Swift 6 language mode
        return try JSONDecoder().decode(DriveListResponse.self, from: data)
                                 ^
/Users/andreeapapillon/Documents/GitHub/aicoven-local-opensource/swift/AICoven/AICoven/Infrastructure/Tools/GoogleDriveToolService.swift:186:34: warning: main actor-isolated conformance of 'DriveFile' to 'Decodable' cannot be used in actor-isolated context; this is an error in the Swift 6 language mode
        return try JSONDecoder().decode(DriveFile.self, from: data)
                                 ^
/Users/andreeapapillon/Documents/GitHub/aicoven-local-opensource/swift/AICoven/AICoven/Infrastructure/Tools/GoogleDriveToolService.swift:205:34: warning: main actor-isolated conformance of 'DriveFile' to 'Decodable' cannot be used in actor-isolated context; this is an error in the Swift 6 language mode
        return try JSONDecoder().decode(DriveFile.self, from: data)
                                 ^

SwiftCompile normal arm64 /Users/andreeapapillon/Documents/GitHub/aicoven-local-opensource/swift/AICoven/AICoven/Infrastructure/Tools/ShellToolService.swift (in target 'AICoven' from project 'AICoven Local')
    cd /Users/andreeapapillon/Documents/GitHub/aicoven-local-opensource/swift/AICoven
    
/Users/andreeapapillon/Documents/GitHub/aicoven-local-opensource/swift/AICoven/AICoven/Infrastructure/Tools/ShellToolService.swift:70:20: warning: no 'async' operations occur within 'await' expression
            return await .permissionDenied(
                   ^
/Users/andreeapapillon/Documents/GitHub/aicoven-local-opensource/swift/AICoven/AICoven/Infrastructure/Tools/ShellToolService.swift:94:20: warning: no 'async' operations occur within 'await' expression
            return await .denied(tool: "shell.execute", reason: reason)
                   ^
/Users/andreeapapillon/Documents/GitHub/aicoven-local-opensource/swift/AICoven/AICoven/Infrastructure/Tools/ShellToolService.swift:78:47: warning: main actor-isolated static method 'assess(command:)' cannot be called from outside of the actor; this is an error in the Swift 6 language mode
        let riskLevel = ShellCommandRiskLevel.assess(command: command)
                        ~~~~~~~~~~~~~~~~~~~~~~^~~~~~~~~~~~~~~~~~~~~~~~
                        await 
/Users/andreeapapillon/Documents/GitHub/aicoven-local-opensource/swift/AICoven/AICoven/Infrastructure/Tools/ShellToolService.swift:221:34: warning: instance method 'unlock' is unavailable from asynchronous contexts; Use async-safe scoped locking instead; this is an error in the Swift 6 language mode
                    defer { lock.unlock() }
                                 ^
Foundation.NSLock.unlock:2:11: note: 'unlock()' declared here
open func unlock()}
          ^
/Users/andreeapapillon/Documents/GitHub/aicoven-local-opensource/swift/AICoven/AICoven/Infrastructure/Tools/ShellToolService.swift:220:26: warning: instance method 'lock' is unavailable from asynchronous contexts; Use async-safe scoped locking instead; this is an error in the Swift 6 language mode
                    lock.lock()
                         ^
Foundation.NSLock.lock:2:11: note: 'lock()' declared here
open func lock()}
          ^
/Users/andreeapapillon/Documents/GitHub/aicoven-local-opensource/swift/AICoven/AICoven/Infrastructure/Tools/ShellToolService.swift:263:13: warning: variable 'stdout' was never mutated; consider changing to 'let' constant
        var stdout = if stdoutData.count > maxOutputSize {
        ~~~ ^
        let
/Users/andreeapapillon/Documents/GitHub/aicoven-local-opensource/swift/AICoven/AICoven/Infrastructure/Tools/ShellToolService.swift:269:13: warning: variable 'stderr' was never mutated; consider changing to 'let' constant
        var stderr = if stderrData.count > maxOutputSize {
        ~~~ ^
        let
/Users/andreeapapillon/Documents/GitHub/aicoven-local-opensource/swift/AICoven/AICoven/Infrastructure/Tools/ShellToolService.swift:181:21: warning: reference to captured var 'hasResumed' in concurrently-executing code; this is an error in the Swift 6 language mode
                if !hasResumed {
                    ^
/Users/andreeapapillon/Documents/GitHub/aicoven-local-opensource/swift/AICoven/AICoven/Infrastructure/Tools/ShellToolService.swift:182:21: warning: mutation of captured var 'hasResumed' in concurrently-executing code; this is an error in the Swift 6 language mode
                    hasResumed = true
                    ^
/Users/andreeapapillon/Documents/GitHub/aicoven-local-opensource/swift/AICoven/AICoven/Infrastructure/Tools/ShellToolService.swift:236:20: warning: no 'async' operations occur within 'await' expression
            return await .error(
                   ^
/Users/andreeapapillon/Documents/GitHub/aicoven-local-opensource/swift/AICoven/AICoven/Infrastructure/Tools/ShellToolService.swift:256:20: warning: no 'async' operations occur within 'await' expression
            return await .timeout(tool: "shell.execute", timeoutSeconds: timeoutSeconds)
                   ^
/Users/andreeapapillon/Documents/GitHub/aicoven-local-opensource/swift/AICoven/AICoven/Infrastructure/Tools/ShellToolService.swift:305:20: warning: expression is 'async' but is not marked with 'await'; this is an error in the Swift 6 language mode
            return ToolExecutionResult(
                   ^~~~~~~~~~~~~~~~~~~~
                   await 
/Users/andreeapapillon/Documents/GitHub/aicoven-local-opensource/swift/AICoven/AICoven/Infrastructure/Tools/ShellToolService.swift:305:20: note: calls to initializer 'init(tool:status:result:error:errorType:contextBlock:isRetryable:helpfulInstructions:field:suggestion:)' from outside of its actor context are implicitly asynchronous
            return ToolExecutionResult(
                   ^
/Users/andreeapapillon/Documents/GitHub/aicoven-local-opensource/swift/AICoven/AICoven/Infrastructure/Tools/ShellToolService.swift:309:34: note: calls to initializer 'init(_:)' from outside of its actor context are implicitly asynchronous
                    "exit_code": AnyJSONValue(Int(exitCode)),
                                 ^
/Users/andreeapapillon/Documents/GitHub/aicoven-local-opensource/swift/AICoven/AICoven/Infrastructure/Tools/ShellToolService.swift:310:31: note: calls to initializer 'init(_:)' from outside of its actor context are implicitly asynchronous
                    "stdout": AnyJSONValue(stdout),
                              ^
/Users/andreeapapillon/Documents/GitHub/aicoven-local-opensource/swift/AICoven/AICoven/Infrastructure/Tools/ShellToolService.swift:311:31: note: calls to initializer 'init(_:)' from outside of its actor context are implicitly asynchronous
                    "stderr": AnyJSONValue(stderr),
                              ^
/Users/andreeapapillon/Documents/GitHub/aicoven-local-opensource/swift/AICoven/AICoven/Infrastructure/Tools/ShellToolService.swift:312:42: note: calls to initializer 'init(_:)' from outside of its actor context are implicitly asynchronous
                    "execution_time_ms": AnyJSONValue(Int(executionTime * 1000))
                                         ^

SwiftCompile normal arm64 /Users/andreeapapillon/Documents/GitHub/aicoven-local-opensource/swift/AICoven/AICoven/Infrastructure/Tools/ToolService.swift (in target 'AICoven' from project 'AICoven Local')
    cd /Users/andreeapapillon/Documents/GitHub/aicoven-local-opensource/swift/AICoven
    
/Users/andreeapapillon/Documents/GitHub/aicoven-local-opensource/swift/AICoven/AICoven/Infrastructure/Tools/ToolService.swift:32:66: warning: call to main actor-isolated static method 'make()' in a synchronous nonisolated context
    static let shared = ToolService(environment: ToolEnvironment.make())
                                                                 ^
/Users/andreeapapillon/Documents/GitHub/aicoven-local-opensource/swift/AICoven/AICoven/Core/LLM/ToolEnvironment.swift:27:17: note: calls to static method 'make()' from outside of its actor context are implicitly asynchronous
    static func make() -> ToolEnvironment {
                ^
/Users/andreeapapillon/Documents/GitHub/aicoven-local-opensource/swift/AICoven/AICoven/Infrastructure/Tools/ToolService.swift:80:24: warning: expression is 'async' but is not marked with 'await'; this is an error in the Swift 6 language mode
        let messages = [
                       ^
                       await 
/Users/andreeapapillon/Documents/GitHub/aicoven-local-opensource/swift/AICoven/AICoven/Infrastructure/Tools/ToolService.swift:81:13: note: calls to initializer 'init(id:role:content:)' from outside of its actor context are implicitly asynchronous
            LLMMessage(role: .system, content: systemPrompt),
            ^
/Users/andreeapapillon/Documents/GitHub/aicoven-local-opensource/swift/AICoven/AICoven/Infrastructure/Tools/ToolService.swift:82:13: note: calls to initializer 'init(id:role:content:)' from outside of its actor context are implicitly asynchronous
            LLMMessage(role: .user, content: "Generate an image for: \(prompt)")
            ^
/Users/andreeapapillon/Documents/GitHub/aicoven-local-opensource/swift/AICoven/AICoven/Infrastructure/Tools/ToolService.swift:84:23: warning: main actor-isolated initializer 'init(temperature:maxTokens:stream:tools:)' cannot be called from outside of the actor; this is an error in the Swift 6 language mode
        let options = ChatOptions(temperature: 0.8, maxTokens: nil, stream: false)
                      ^~~~~~~~~~~~~~~~~~~~~~~~~~~~~~~~~~~~~~~~~~~~~~~~~~~~~~~~~~~~
                      await 
/Users/andreeapapillon/Documents/GitHub/aicoven-local-opensource/swift/AICoven/AICoven/Infrastructure/Tools/ToolService.swift:181:25: warning: main actor-isolated initializer 'init(id:role:content:)' cannot be called from outside of the actor; this is an error in the Swift 6 language mode
        let messages = [LLMMessage(role: .user, content: prompt)]
                       ~^~~~~~~~~~~~~~~~~~~~~~~~~~~~~~~~~~~~~~~~~
                       await 
/Users/andreeapapillon/Documents/GitHub/aicoven-local-opensource/swift/AICoven/AICoven/Infrastructure/Tools/ToolService.swift:182:23: warning: main actor-isolated initializer 'init(temperature:maxTokens:stream:tools:)' cannot be called from outside of the actor; this is an error in the Swift 6 language mode
        let options = ChatOptions(temperature: 0.2, maxTokens: nil, stream: false)
                      ^~~~~~~~~~~~~~~~~~~~~~~~~~~~~~~~~~~~~~~~~~~~~~~~~~~~~~~~~~~~
                      await 
/Users/andreeapapillon/Documents/GitHub/aicoven-local-opensource/swift/AICoven/AICoven/Infrastructure/Tools/ToolService.swift:224:24: warning: expression is 'async' but is not marked with 'await'; this is an error in the Swift 6 language mode
        let messages = [
                       ^
                       await 
/Users/andreeapapillon/Documents/GitHub/aicoven-local-opensource/swift/AICoven/AICoven/Infrastructure/Tools/ToolService.swift:225:13: note: calls to initializer 'init(id:role:content:)' from outside of its actor context are implicitly asynchronous
            LLMMessage(role: .system, content: "You analyze documents for the user."),
            ^
/Users/andreeapapillon/Documents/GitHub/aicoven-local-opensource/swift/AICoven/AICoven/Infrastructure/Tools/ToolService.swift:226:13: note: calls to initializer 'init(id:role:content:)' from outside of its actor context are implicitly asynchronous
            LLMMessage(role: .user, content: instruction + "\n\n---\n\n" + text)
            ^
/Users/andreeapapillon/Documents/GitHub/aicoven-local-opensource/swift/AICoven/AICoven/Infrastructure/Tools/ToolService.swift:228:23: warning: main actor-isolated initializer 'init(temperature:maxTokens:stream:tools:)' cannot be called from outside of the actor; this is an error in the Swift 6 language mode
        let options = ChatOptions(temperature: 0.2, maxTokens: nil, stream: false)
                      ^~~~~~~~~~~~~~~~~~~~~~~~~~~~~~~~~~~~~~~~~~~~~~~~~~~~~~~~~~~~
                      await 

SwiftCompile normal arm64 Compiling\ UserScope.swift,\ ChatMessageModels.swift,\ Constants.swift,\ Coven.swift,\ Memory.swift,\ Thread.swift,\ UsageModels.swift,\ User.swift,\ WorkspaceTab.swift,\ APIClient.swift,\ Environment.swift,\ AnalyticsService.swift,\ AppState.swift,\ AuthService.swift /Users/andreeapapillon/Documents/GitHub/aicoven-local-opensource/swift/AICoven/AICoven/Infrastructure/UserScope.swift /Users/andreeapapillon/Documents/GitHub/aicoven-local-opensource/swift/AICoven/AICoven/Models/ChatMessageModels.swift /Users/andreeapapillon/Documents/GitHub/aicoven-local-opensource/swift/AICoven/AICoven/Models/Constants.swift /Users/andreeapapillon/Documents/GitHub/aicoven-local-opensource/swift/AICoven/AICoven/Models/Coven.swift /Users/andreeapapillon/Documents/GitHub/aicoven-local-opensource/swift/AICoven/AICoven/Models/Memory.swift /Users/andreeapapillon/Documents/GitHub/aicoven-local-opensource/swift/AICoven/AICoven/Models/Thread.swift /Users/andreeapapillon/Documents/GitHub/aicoven-local-opensource/swift/AICoven/AICoven/Models/UsageModels.swift /Users/andreeapapillon/Documents/GitHub/aicoven-local-opensource/swift/AICoven/AICoven/Models/User.swift /Users/andreeapapillon/Documents/GitHub/aicoven-local-opensource/swift/AICoven/AICoven/Models/WorkspaceTab.swift /Users/andreeapapillon/Documents/GitHub/aicoven-local-opensource/swift/AICoven/AICoven/Networking/APIClient.swift /Users/andreeapapillon/Documents/GitHub/aicoven-local-opensource/swift/AICoven/AICoven/Networking/Environment.swift /Users/andreeapapillon/Documents/GitHub/aicoven-local-opensource/swift/AICoven/AICoven/Services/AnalyticsService.swift /Users/andreeapapillon/Documents/GitHub/aicoven-local-opensource/swift/AICoven/AICoven/Services/AppState.swift /Users/andreeapapillon/Documents/GitHub/aicoven-local-opensource/swift/AICoven/AICoven/Services/AuthService.swift (in target 'AICoven' from project 'AICoven Local')

SwiftCompile normal arm64 /Users/andreeapapillon/Documents/GitHub/aicoven-local-opensource/swift/AICoven/AICoven/Infrastructure/UserScope.swift (in target 'AICoven' from project 'AICoven Local')
    cd /Users/andreeapapillon/Documents/GitHub/aicoven-local-opensource/swift/AICoven
    

SwiftCompile normal arm64 /Users/andreeapapillon/Documents/GitHub/aicoven-local-opensource/swift/AICoven/AICoven/Models/ChatMessageModels.swift (in target 'AICoven' from project 'AICoven Local')
    cd /Users/andreeapapillon/Documents/GitHub/aicoven-local-opensource/swift/AICoven
    

SwiftCompile normal arm64 /Users/andreeapapillon/Documents/GitHub/aicoven-local-opensource/swift/AICoven/AICoven/Models/Constants.swift (in target 'AICoven' from project 'AICoven Local')
    cd /Users/andreeapapillon/Documents/GitHub/aicoven-local-opensource/swift/AICoven
    

SwiftCompile normal arm64 /Users/andreeapapillon/Documents/GitHub/aicoven-local-opensource/swift/AICoven/AICoven/Models/Coven.swift (in target 'AICoven' from project 'AICoven Local')
    cd /Users/andreeapapillon/Documents/GitHub/aicoven-local-opensource/swift/AICoven
    

SwiftCompile normal arm64 /Users/andreeapapillon/Documents/GitHub/aicoven-local-opensource/swift/AICoven/AICoven/Models/Memory.swift (in target 'AICoven' from project 'AICoven Local')
    cd /Users/andreeapapillon/Documents/GitHub/aicoven-local-opensource/swift/AICoven
    

SwiftCompile normal arm64 /Users/andreeapapillon/Documents/GitHub/aicoven-local-opensource/swift/AICoven/AICoven/Models/Thread.swift (in target 'AICoven' from project 'AICoven Local')
    cd /Users/andreeapapillon/Documents/GitHub/aicoven-local-opensource/swift/AICoven
    

SwiftCompile normal arm64 /Users/andreeapapillon/Documents/GitHub/aicoven-local-opensource/swift/AICoven/AICoven/Models/UsageModels.swift (in target 'AICoven' from project 'AICoven Local')
    cd /Users/andreeapapillon/Documents/GitHub/aicoven-local-opensource/swift/AICoven
    

SwiftCompile normal arm64 /Users/andreeapapillon/Documents/GitHub/aicoven-local-opensource/swift/AICoven/AICoven/Models/User.swift (in target 'AICoven' from project 'AICoven Local')
    cd /Users/andreeapapillon/Documents/GitHub/aicoven-local-opensource/swift/AICoven
    

SwiftCompile normal arm64 /Users/andreeapapillon/Documents/GitHub/aicoven-local-opensource/swift/AICoven/AICoven/Models/WorkspaceTab.swift (in target 'AICoven' from project 'AICoven Local')
    cd /Users/andreeapapillon/Documents/GitHub/aicoven-local-opensource/swift/AICoven
    

SwiftCompile normal arm64 /Users/andreeapapillon/Documents/GitHub/aicoven-local-opensource/swift/AICoven/AICoven/Networking/APIClient.swift (in target 'AICoven' from project 'AICoven Local')
    cd /Users/andreeapapillon/Documents/GitHub/aicoven-local-opensource/swift/AICoven
    
/Users/andreeapapillon/Documents/GitHub/aicoven-local-opensource/swift/AICoven/AICoven/Networking/APIClient.swift:78:27: warning: capture of 'isoFormatter' with non-Sendable type 'ISO8601DateFormatter' in a '@Sendable' closure
            if let date = isoFormatter.date(from: dateString) {
                          ^
/Applications/Xcode.app/Contents/Developer/Platforms/MacOSX.platform/Developer/SDKs/MacOSX26.4.sdk/System/Library/Frameworks/Foundation.framework/Headers/NSISO8601DateFormatter.h:46:12: note: class 'ISO8601DateFormatter' does not conform to the 'Sendable' protocol
@interface NSISO8601DateFormatter : NSFormatter <NSSecureCoding> {
           ^
/Users/andreeapapillon/Documents/GitHub/aicoven-local-opensource/swift/AICoven/AICoven/Networking/APIClient.swift:83:27: warning: capture of 'isoFormatterNoFraction' with non-Sendable type 'ISO8601DateFormatter' in a '@Sendable' closure
            if let date = isoFormatterNoFraction.date(from: dateString) {
                          ^
/Applications/Xcode.app/Contents/Developer/Platforms/MacOSX.platform/Developer/SDKs/MacOSX26.4.sdk/System/Library/Frameworks/Foundation.framework/Headers/NSISO8601DateFormatter.h:46:12: note: class 'ISO8601DateFormatter' does not conform to the 'Sendable' protocol
@interface NSISO8601DateFormatter : NSFormatter <NSSecureCoding> {
           ^

SwiftCompile normal arm64 /Users/andreeapapillon/Documents/GitHub/aicoven-local-opensource/swift/AICoven/AICoven/Networking/Environment.swift (in target 'AICoven' from project 'AICoven Local')
    cd /Users/andreeapapillon/Documents/GitHub/aicoven-local-opensource/swift/AICoven
    

SwiftCompile normal arm64 /Users/andreeapapillon/Documents/GitHub/aicoven-local-opensource/swift/AICoven/AICoven/Services/AnalyticsService.swift (in target 'AICoven' from project 'AICoven Local')
    cd /Users/andreeapapillon/Documents/GitHub/aicoven-local-opensource/swift/AICoven
    

SwiftCompile normal arm64 /Users/andreeapapillon/Documents/GitHub/aicoven-local-opensource/swift/AICoven/AICoven/Services/AppState.swift (in target 'AICoven' from project 'AICoven Local')
    cd /Users/andreeapapillon/Documents/GitHub/aicoven-local-opensource/swift/AICoven
    

SwiftCompile normal arm64 /Users/andreeapapillon/Documents/GitHub/aicoven-local-opensource/swift/AICoven/AICoven/Services/AuthService.swift (in target 'AICoven' from project 'AICoven Local')
    cd /Users/andreeapapillon/Documents/GitHub/aicoven-local-opensource/swift/AICoven
    
/Users/andreeapapillon/Documents/GitHub/aicoven-local-opensource/swift/AICoven/AICoven/Services/AuthService.swift:351:29: warning: no 'async' operations occur within 'await' expression
        guard let dbQueue = await DatabaseManager.shared.dbQueue else {
                            ^

SwiftCompile normal arm64 Compiling\ CauldronLoadingView.swift,\ ErrorBannerView.swift,\ LoadingView.swift,\ SelectableTextView.swift,\ ProfileMenuView.swift,\ WorkspaceSidebarView.swift,\ WorkspaceSwitcher.swift,\ WorkspaceTabBar.swift,\ CovensListView.swift,\ CreateCovenSheet.swift,\ HomeView.swift,\ MainTabView.swift,\ MobileHomeView.swift /Users/andreeapapillon/Documents/GitHub/aicoven-local-opensource/swift/AICoven/AICoven/Views/Common/CauldronLoadingView.swift /Users/andreeapapillon/Documents/GitHub/aicoven-local-opensource/swift/AICoven/AICoven/Views/Common/ErrorBannerView.swift /Users/andreeapapillon/Documents/GitHub/aicoven-local-opensource/swift/AICoven/AICoven/Views/Common/LoadingView.swift /Users/andreeapapillon/Documents/GitHub/aicoven-local-opensource/swift/AICoven/AICoven/Views/Common/SelectableTextView.swift /Users/andreeapapillon/Documents/GitHub/aicoven-local-opensource/swift/AICoven/AICoven/Views/Components/ProfileMenuView.swift /Users/andreeapapillon/Documents/GitHub/aicoven-local-opensource/swift/AICoven/AICoven/Views/Components/WorkspaceSidebarView.swift /Users/andreeapapillon/Documents/GitHub/aicoven-local-opensource/swift/AICoven/AICoven/Views/Components/WorkspaceSwitcher.swift /Users/andreeapapillon/Documents/GitHub/aicoven-local-opensource/swift/AICoven/AICoven/Views/Components/WorkspaceTabBar.swift /Users/andreeapapillon/Documents/GitHub/aicoven-local-opensource/swift/AICoven/AICoven/Views/Covens/CovensListView.swift /Users/andreeapapillon/Documents/GitHub/aicoven-local-opensource/swift/AICoven/AICoven/Views/Covens/CreateCovenSheet.swift /Users/andreeapapillon/Documents/GitHub/aicoven-local-opensource/swift/AICoven/AICoven/Views/Main/HomeView.swift /Users/andreeapapillon/Documents/GitHub/aicoven-local-opensource/swift/AICoven/AICoven/Views/Main/MainTabView.swift /Users/andreeapapillon/Documents/GitHub/aicoven-local-opensource/swift/AICoven/AICoven/Views/Main/MobileHomeView.swift (in target 'AICoven' from project 'AICoven Local')

SwiftCompile normal arm64 /Users/andreeapapillon/Documents/GitHub/aicoven-local-opensource/swift/AICoven/AICoven/Views/Common/CauldronLoadingView.swift (in target 'AICoven' from project 'AICoven Local')
    cd /Users/andreeapapillon/Documents/GitHub/aicoven-local-opensource/swift/AICoven
    

SwiftCompile normal arm64 /Users/andreeapapillon/Documents/GitHub/aicoven-local-opensource/swift/AICoven/AICoven/Views/Common/ErrorBannerView.swift (in target 'AICoven' from project 'AICoven Local')
    cd /Users/andreeapapillon/Documents/GitHub/aicoven-local-opensource/swift/AICoven
    

SwiftCompile normal arm64 /Users/andreeapapillon/Documents/GitHub/aicoven-local-opensource/swift/AICoven/AICoven/Views/Common/LoadingView.swift (in target 'AICoven' from project 'AICoven Local')
    cd /Users/andreeapapillon/Documents/GitHub/aicoven-local-opensource/swift/AICoven
    

SwiftCompile normal arm64 /Users/andreeapapillon/Documents/GitHub/aicoven-local-opensource/swift/AICoven/AICoven/Views/Common/SelectableTextView.swift (in target 'AICoven' from project 'AICoven Local')
    cd /Users/andreeapapillon/Documents/GitHub/aicoven-local-opensource/swift/AICoven
    

SwiftCompile normal arm64 /Users/andreeapapillon/Documents/GitHub/aicoven-local-opensource/swift/AICoven/AICoven/Views/Components/ProfileMenuView.swift (in target 'AICoven' from project 'AICoven Local')
    cd /Users/andreeapapillon/Documents/GitHub/aicoven-local-opensource/swift/AICoven
    

SwiftCompile normal arm64 /Users/andreeapapillon/Documents/GitHub/aicoven-local-opensource/swift/AICoven/AICoven/Views/Components/WorkspaceSidebarView.swift (in target 'AICoven' from project 'AICoven Local')
    cd /Users/andreeapapillon/Documents/GitHub/aicoven-local-opensource/swift/AICoven
    

SwiftCompile normal arm64 /Users/andreeapapillon/Documents/GitHub/aicoven-local-opensource/swift/AICoven/AICoven/Views/Components/WorkspaceSwitcher.swift (in target 'AICoven' from project 'AICoven Local')
    cd /Users/andreeapapillon/Documents/GitHub/aicoven-local-opensource/swift/AICoven
    

SwiftCompile normal arm64 /Users/andreeapapillon/Documents/GitHub/aicoven-local-opensource/swift/AICoven/AICoven/Views/Components/WorkspaceTabBar.swift (in target 'AICoven' from project 'AICoven Local')
    cd /Users/andreeapapillon/Documents/GitHub/aicoven-local-opensource/swift/AICoven
    

SwiftCompile normal arm64 /Users/andreeapapillon/Documents/GitHub/aicoven-local-opensource/swift/AICoven/AICoven/Views/Covens/CovensListView.swift (in target 'AICoven' from project 'AICoven Local')
    cd /Users/andreeapapillon/Documents/GitHub/aicoven-local-opensource/swift/AICoven
    

SwiftCompile normal arm64 /Users/andreeapapillon/Documents/GitHub/aicoven-local-opensource/swift/AICoven/AICoven/Views/Covens/CreateCovenSheet.swift (in target 'AICoven' from project 'AICoven Local')
    cd /Users/andreeapapillon/Documents/GitHub/aicoven-local-opensource/swift/AICoven
    

SwiftCompile normal arm64 /Users/andreeapapillon/Documents/GitHub/aicoven-local-opensource/swift/AICoven/AICoven/Views/Main/HomeView.swift (in target 'AICoven' from project 'AICoven Local')
    cd /Users/andreeapapillon/Documents/GitHub/aicoven-local-opensource/swift/AICoven
    

SwiftCompile normal arm64 /Users/andreeapapillon/Documents/GitHub/aicoven-local-opensource/swift/AICoven/AICoven/Views/Main/MainTabView.swift (in target 'AICoven' from project 'AICoven Local')
    cd /Users/andreeapapillon/Documents/GitHub/aicoven-local-opensource/swift/AICoven
    

SwiftCompile normal arm64 /Users/andreeapapillon/Documents/GitHub/aicoven-local-opensource/swift/AICoven/AICoven/Views/Main/MobileHomeView.swift (in target 'AICoven' from project 'AICoven Local')
    cd /Users/andreeapapillon/Documents/GitHub/aicoven-local-opensource/swift/AICoven
    

LinkAssetCatalog /Users/andreeapapillon/Documents/GitHub/aicoven-local-opensource/swift/AICoven/Resources/Assets.xcassets (in target 'AICoven' from project 'AICoven Local')
    cd /Users/andreeapapillon/Documents/GitHub/aicoven-local-opensource/swift/AICoven
    builtin-linkAssetCatalog --thinned /Users/andreeapapillon/Library/Developer/Xcode/DerivedData/AICoven_Local-gvtpajtveckudhherqngqlizoxtt/Build/Intermediates.noindex/AICoven\ Local.build/Debug/AICoven.build/assetcatalog_output/thinned --thinned-dependencies /Users/andreeapapillon/Library/Developer/Xcode/DerivedData/AICoven_Local-gvtpajtveckudhherqngqlizoxtt/Build/Intermediates.noindex/AICoven\ Local.build/Debug/AICoven.build/assetcatalog_dependencies_thinned --thinned-info-plist-content /Users/andreeapapillon/Library/Developer/Xcode/DerivedData/AICoven_Local-gvtpajtveckudhherqngqlizoxtt/Build/Intermediates.noindex/AICoven\ Local.build/Debug/AICoven.build/assetcatalog_generated_info.plist_thinned --unthinned /Users/andreeapapillon/Library/Developer/Xcode/DerivedData/AICoven_Local-gvtpajtveckudhherqngqlizoxtt/Build/Intermediates.noindex/AICoven\ Local.build/Debug/AICoven.build/assetcatalog_output/unthinned --unthinned-dependencies /Users/andreeapapillon/Library/Developer/Xcode/DerivedData/AICoven_Local-gvtpajtveckudhherqngqlizoxtt/Build/Intermediates.noindex/AICoven\ Local.build/Debug/AICoven.build/assetcatalog_dependencies_unthinned --unthinned-info-plist-content /Users/andreeapapillon/Library/Developer/Xcode/DerivedData/AICoven_Local-gvtpajtveckudhherqngqlizoxtt/Build/Intermediates.noindex/AICoven\ Local.build/Debug/AICoven.build/assetcatalog_generated_info.plist_unthinned --output /Users/andreeapapillon/Library/Developer/Xcode/DerivedData/AICoven_Local-gvtpajtveckudhherqngqlizoxtt/Build/Products/Debug/AICoven\ Dev.app/Contents/Resources --plist-output /Users/andreeapapillon/Library/Developer/Xcode/DerivedData/AICoven_Local-gvtpajtveckudhherqngqlizoxtt/Build/Intermediates.noindex/AICoven\ Local.build/Debug/AICoven.build/assetcatalog_generated_info.plist
note: Emplaced /Users/andreeapapillon/Library/Developer/Xcode/DerivedData/AICoven_Local-gvtpajtveckudhherqngqlizoxtt/Build/Products/Debug/AICoven Dev.app/Contents/Resources/AppIcon.icns (in target 'AICoven' from project 'AICoven Local')
note: Emplaced /Users/andreeapapillon/Library/Developer/Xcode/DerivedData/AICoven_Local-gvtpajtveckudhherqngqlizoxtt/Build/Products/Debug/AICoven Dev.app/Contents/Resources/Assets.car (in target 'AICoven' from project 'AICoven Local')

SwiftDriverJobDiscovery normal arm64 Compiling LLMConfiguration.swift, MCPToolCallingBenchmark.swift, ModelPricing.swift, PricingUpdateService.swift, ToolEmbeddingCache.swift, ToolEnvironment.swift, ModelRouter.swift, Stores.swift, ShellApprovalManager.swift, ToolCallParser.swift, ToolChainResolver.swift, ToolExecutionService.swift, ToolRelevanceService.swift, ToolResult.swift (in target 'AICoven' from project 'AICoven Local')

SwiftCompile normal arm64 Compiling\ ToolValidationService.swift,\ DesignSystem.swift,\ FontRegistration.swift,\ Theme.swift,\ Typography.swift,\ ConnectedAccount.swift,\ ConnectedAccountsService.swift,\ ConnectedAppsView.swift,\ GooglePickerView.swift,\ MCPServerAccount.swift,\ MCPServerManagementView.swift,\ OAuthFlows.swift,\ MCPClient.swift,\ ShellApprovalView.swift /Users/andreeapapillon/Documents/GitHub/aicoven-local-opensource/swift/AICoven/AICoven/Core/Tools/ToolValidationService.swift /Users/andreeapapillon/Documents/GitHub/aicoven-local-opensource/swift/AICoven/AICoven/Design/DesignSystem.swift /Users/andreeapapillon/Documents/GitHub/aicoven-local-opensource/swift/AICoven/AICoven/Design/FontRegistration.swift /Users/andreeapapillon/Documents/GitHub/aicoven-local-opensource/swift/AICoven/AICoven/Design/Theme.swift /Users/andreeapapillon/Documents/GitHub/aicoven-local-opensource/swift/AICoven/AICoven/Design/Typography.swift /Users/andreeapapillon/Documents/GitHub/aicoven-local-opensource/swift/AICoven/AICoven/Features/ConnectedApps/ConnectedAccount.swift /Users/andreeapapillon/Documents/GitHub/aicoven-local-opensource/swift/AICoven/AICoven/Features/ConnectedApps/ConnectedAccountsService.swift /Users/andreeapapillon/Documents/GitHub/aicoven-local-opensource/swift/AICoven/AICoven/Features/ConnectedApps/ConnectedAppsView.swift /Users/andreeapapillon/Documents/GitHub/aicoven-local-opensource/swift/AICoven/AICoven/Features/ConnectedApps/GooglePickerView.swift /Users/andreeapapillon/Documents/GitHub/aicoven-local-opensource/swift/AICoven/AICoven/Features/ConnectedApps/MCPServerAccount.swift /Users/andreeapapillon/Documents/GitHub/aicoven-local-opensource/swift/AICoven/AICoven/Features/ConnectedApps/MCPServerManagementView.swift /Users/andreeapapillon/Documents/GitHub/aicoven-local-opensource/swift/AICoven/AICoven/Features/ConnectedApps/OAuthFlows.swift /Users/andreeapapillon/Documents/GitHub/aicoven-local-opensource/swift/AICoven/AICoven/Features/MCP/MCPClient.swift /Users/andreeapapillon/Documents/GitHub/aicoven-local-opensource/swift/AICoven/AICoven/Features/Tools/ShellApprovalView.swift (in target 'AICoven' from project 'AICoven Local')

SwiftCompile normal arm64 /Users/andreeapapillon/Documents/GitHub/aicoven-local-opensource/swift/AICoven/AICoven/Core/Tools/ToolValidationService.swift (in target 'AICoven' from project 'AICoven Local')
    cd /Users/andreeapapillon/Documents/GitHub/aicoven-local-opensource/swift/AICoven
    

SwiftCompile normal arm64 /Users/andreeapapillon/Documents/GitHub/aicoven-local-opensource/swift/AICoven/AICoven/Design/DesignSystem.swift (in target 'AICoven' from project 'AICoven Local')
    cd /Users/andreeapapillon/Documents/GitHub/aicoven-local-opensource/swift/AICoven
    

SwiftCompile normal arm64 /Users/andreeapapillon/Documents/GitHub/aicoven-local-opensource/swift/AICoven/AICoven/Design/FontRegistration.swift (in target 'AICoven' from project 'AICoven Local')
    cd /Users/andreeapapillon/Documents/GitHub/aicoven-local-opensource/swift/AICoven
    

SwiftCompile normal arm64 /Users/andreeapapillon/Documents/GitHub/aicoven-local-opensource/swift/AICoven/AICoven/Design/Theme.swift (in target 'AICoven' from project 'AICoven Local')
    cd /Users/andreeapapillon/Documents/GitHub/aicoven-local-opensource/swift/AICoven
    

SwiftCompile normal arm64 /Users/andreeapapillon/Documents/GitHub/aicoven-local-opensource/swift/AICoven/AICoven/Design/Typography.swift (in target 'AICoven' from project 'AICoven Local')
    cd /Users/andreeapapillon/Documents/GitHub/aicoven-local-opensource/swift/AICoven
    

SwiftCompile normal arm64 /Users/andreeapapillon/Documents/GitHub/aicoven-local-opensource/swift/AICoven/AICoven/Features/ConnectedApps/ConnectedAccount.swift (in target 'AICoven' from project 'AICoven Local')
    cd /Users/andreeapapillon/Documents/GitHub/aicoven-local-opensource/swift/AICoven
    

SwiftCompile normal arm64 /Users/andreeapapillon/Documents/GitHub/aicoven-local-opensource/swift/AICoven/AICoven/Features/ConnectedApps/ConnectedAccountsService.swift (in target 'AICoven' from project 'AICoven Local')
    cd /Users/andreeapapillon/Documents/GitHub/aicoven-local-opensource/swift/AICoven
    
/Users/andreeapapillon/Documents/GitHub/aicoven-local-opensource/swift/AICoven/AICoven/Features/ConnectedApps/ConnectedAccountsService.swift:240:32: warning: main actor-isolated static method 'save(key:value:)' cannot be called from outside of the actor; this is an error in the Swift 6 language mode
            try KeychainHelper.save(key: key, value: token)
            ~~~~~~~~~~~~~~~~~~~^~~~~~~~~~~~~~~~~~~~~~~~~~~~
                await 
/Users/andreeapapillon/Documents/GitHub/aicoven-local-opensource/swift/AICoven/AICoven/Features/ConnectedApps/ConnectedAccountsService.swift:249:24: warning: main actor-isolated static method 'delete(key:)' cannot be called from outside of the actor; this is an error in the Swift 6 language mode
        KeychainHelper.delete(key: key)
        ~~~~~~~~~~~~~~~^~~~~~~~~~~~~~~~
        await 
/Users/andreeapapillon/Documents/GitHub/aicoven-local-opensource/swift/AICoven/AICoven/Features/ConnectedApps/ConnectedAccountsService.swift:284:32: warning: main actor-isolated conformance of 'OAuthTokenBundle' to 'Decodable' cannot be used in actor-isolated context; this is an error in the Swift 6 language mode
            return try decoder.decode(OAuthTokenBundle.self, from: data)
                               ^
/Users/andreeapapillon/Documents/GitHub/aicoven-local-opensource/swift/AICoven/AICoven/Features/ConnectedApps/ConnectedAccountsService.swift:298:32: warning: main actor-isolated conformance of 'OAuthTokenBundle' to 'Encodable' cannot be used in actor-isolated context; this is an error in the Swift 6 language mode
        let data = try encoder.encode(bundle)
                               ^
/Users/andreeapapillon/Documents/GitHub/aicoven-local-opensource/swift/AICoven/AICoven/Features/ConnectedApps/ConnectedAccountsService.swift:307:32: warning: main actor-isolated static method 'save(key:value:)' cannot be called from outside of the actor; this is an error in the Swift 6 language mode
            try KeychainHelper.save(key: key, value: jsonString)
            ~~~~~~~~~~~~~~~~~~~^~~~~~~~~~~~~~~~~~~~~~~~~~~~~~~~~
                await 
/Users/andreeapapillon/Documents/GitHub/aicoven-local-opensource/swift/AICoven/AICoven/Features/ConnectedApps/ConnectedAccountsService.swift:317:24: warning: main actor-isolated static method 'delete(key:)' cannot be called from outside of the actor; this is an error in the Swift 6 language mode
        KeychainHelper.delete(key: key)
        ~~~~~~~~~~~~~~~^~~~~~~~~~~~~~~~
        await 
/Users/andreeapapillon/Documents/GitHub/aicoven-local-opensource/swift/AICoven/AICoven/Features/ConnectedApps/ConnectedAccountsService.swift:325:19: warning: main actor-isolated property 'isExpired' cannot be accessed from outside of the actor; this is an error in the Swift 6 language mode
        if bundle.isExpired {
           ~~~~~~~^~~~~~~~~
           await 

SwiftCompile normal arm64 /Users/andreeapapillon/Documents/GitHub/aicoven-local-opensource/swift/AICoven/AICoven/Features/ConnectedApps/ConnectedAppsView.swift (in target 'AICoven' from project 'AICoven Local')
    cd /Users/andreeapapillon/Documents/GitHub/aicoven-local-opensource/swift/AICoven
    
/Users/andreeapapillon/Documents/GitHub/aicoven-local-opensource/swift/AICoven/AICoven/Features/ConnectedApps/ConnectedAppsView.swift:289:28: warning: no 'async' operations occur within 'await' expression
                let flow = await GoogleOAuthFlow(clientId: googleClientId)
                           ^

SwiftCompile normal arm64 /Users/andreeapapillon/Documents/GitHub/aicoven-local-opensource/swift/AICoven/AICoven/Features/ConnectedApps/GooglePickerView.swift (in target 'AICoven' from project 'AICoven Local')
    cd /Users/andreeapapillon/Documents/GitHub/aicoven-local-opensource/swift/AICoven
    

SwiftCompile normal arm64 /Users/andreeapapillon/Documents/GitHub/aicoven-local-opensource/swift/AICoven/AICoven/Features/ConnectedApps/MCPServerAccount.swift (in target 'AICoven' from project 'AICoven Local')
    cd /Users/andreeapapillon/Documents/GitHub/aicoven-local-opensource/swift/AICoven
    

SwiftCompile normal arm64 /Users/andreeapapillon/Documents/GitHub/aicoven-local-opensource/swift/AICoven/AICoven/Features/ConnectedApps/MCPServerManagementView.swift (in target 'AICoven' from project 'AICoven Local')
    cd /Users/andreeapapillon/Documents/GitHub/aicoven-local-opensource/swift/AICoven
    

SwiftCompile normal arm64 /Users/andreeapapillon/Documents/GitHub/aicoven-local-opensource/swift/AICoven/AICoven/Features/ConnectedApps/OAuthFlows.swift (in target 'AICoven' from project 'AICoven Local')
    cd /Users/andreeapapillon/Documents/GitHub/aicoven-local-opensource/swift/AICoven
    

SwiftCompile normal arm64 /Users/andreeapapillon/Documents/GitHub/aicoven-local-opensource/swift/AICoven/AICoven/Features/MCP/MCPClient.swift (in target 'AICoven' from project 'AICoven Local')
    cd /Users/andreeapapillon/Documents/GitHub/aicoven-local-opensource/swift/AICoven
    

SwiftCompile normal arm64 /Users/andreeapapillon/Documents/GitHub/aicoven-local-opensource/swift/AICoven/AICoven/Features/Tools/ShellApprovalView.swift (in target 'AICoven' from project 'AICoven Local')
    cd /Users/andreeapapillon/Documents/GitHub/aicoven-local-opensource/swift/AICoven
    

ProcessInfoPlistFile /Users/andreeapapillon/Library/Developer/Xcode/DerivedData/AICoven_Local-gvtpajtveckudhherqngqlizoxtt/Build/Products/Debug/AICoven\ Dev.app/Contents/Info.plist /Users/andreeapapillon/Documents/GitHub/aicoven-local-opensource/swift/AICoven/Resources/Info-macOS.plist (in target 'AICoven' from project 'AICoven Local')
    cd /Users/andreeapapillon/Documents/GitHub/aicoven-local-opensource/swift/AICoven
    builtin-infoPlistUtility /Users/andreeapapillon/Documents/GitHub/aicoven-local-opensource/swift/AICoven/Resources/Info-macOS.plist -producttype com.apple.product-type.application -genpkginfo /Users/andreeapapillon/Library/Developer/Xcode/DerivedData/AICoven_Local-gvtpajtveckudhherqngqlizoxtt/Build/Products/Debug/AICoven\ Dev.app/Contents/PkgInfo -expandbuildsettings -platform macosx -additionalcontentfile /Users/andreeapapillon/Library/Developer/Xcode/DerivedData/AICoven_Local-gvtpajtveckudhherqngqlizoxtt/Build/Intermediates.noindex/AICoven\ Local.build/Debug/AICoven.build/assetcatalog_generated_info.plist -scanforprivacyfile /Users/andreeapapillon/Library/Developer/Xcode/DerivedData/AICoven_Local-gvtpajtveckudhherqngqlizoxtt/Build/Products/Debug/AICoven\ Dev.app/Contents/Frameworks/FirebaseAnalytics.framework -scanforprivacyfile /Users/andreeapapillon/Library/Developer/Xcode/DerivedData/AICoven_Local-gvtpajtveckudhherqngqlizoxtt/Build/Products/Debug/AICoven\ Dev.app/Contents/Frameworks/GoogleAppMeasurement.framework -scanforprivacyfile /Users/andreeapapillon/Library/Developer/Xcode/DerivedData/AICoven_Local-gvtpajtveckudhherqngqlizoxtt/Build/Products/Debug/AICoven\ Dev.app/Contents/Frameworks/GoogleAppMeasurementIdentitySupport.framework -scanforprivacyfile /Users/andreeapapillon/Library/Developer/Xcode/DerivedData/AICoven_Local-gvtpajtveckudhherqngqlizoxtt/Build/Products/Debug/AICoven\ Dev.app/Contents/Resources/Firebase_FirebaseABTesting.bundle -scanforprivacyfile /Users/andreeapapillon/Library/Developer/Xcode/DerivedData/AICoven_Local-gvtpajtveckudhherqngqlizoxtt/Build/Products/Debug/AICoven\ Dev.app/Contents/Resources/Firebase_FirebaseAuth.bundle -scanforprivacyfile /Users/andreeapapillon/Library/Developer/Xcode/DerivedData/AICoven_Local-gvtpajtveckudhherqngqlizoxtt/Build/Products/Debug/AICoven\ Dev.app/Contents/Resources/Firebase_FirebaseCore.bundle -scanforprivacyfile /Users/andreeapapillon/Library/Developer/Xcode/DerivedData/AICoven_Local-gvtpajtveckudhherqngqlizoxtt/Build/Products/Debug/AICoven\ Dev.app/Contents/Resources/Firebase_FirebaseCoreExtension.bundle -scanforprivacyfile /Users/andreeapapillon/Library/Developer/Xcode/DerivedData/AICoven_Local-gvtpajtveckudhherqngqlizoxtt/Build/Products/Debug/AICoven\ Dev.app/Contents/Resources/Firebase_FirebaseCoreInternal.bundle -scanforprivacyfile /Users/andreeapapillon/Library/Developer/Xcode/DerivedData/AICoven_Local-gvtpajtveckudhherqngqlizoxtt/Build/Products/Debug/AICoven\ Dev.app/Contents/Resources/Firebase_FirebaseCrashlytics.bundle -scanforprivacyfile /Users/andreeapapillon/Library/Developer/Xcode/DerivedData/AICoven_Local-gvtpajtveckudhherqngqlizoxtt/Build/Products/Debug/AICoven\ Dev.app/Contents/Resources/Firebase_FirebaseCrashlyticsSwift.bundle -scanforprivacyfile /Users/andreeapapillon/Library/Developer/Xcode/DerivedData/AICoven_Local-gvtpajtveckudhherqngqlizoxtt/Build/Products/Debug/AICoven\ Dev.app/Contents/Resources/Firebase_FirebaseInstallations.bundle -scanforprivacyfile /Users/andreeapapillon/Library/Developer/Xcode/DerivedData/AICoven_Local-gvtpajtveckudhherqngqlizoxtt/Build/Products/Debug/AICoven\ Dev.app/Contents/Resources/Firebase_FirebaseMessaging.bundle -scanforprivacyfile /Users/andreeapapillon/Library/Developer/Xcode/DerivedData/AICoven_Local-gvtpajtveckudhherqngqlizoxtt/Build/Products/Debug/AICoven\ Dev.app/Contents/Resources/Firebase_FirebaseRemoteConfig.bundle -scanforprivacyfile /Users/andreeapapillon/Library/Developer/Xcode/DerivedData/AICoven_Local-gvtpajtveckudhherqngqlizoxtt/Build/Products/Debug/AICoven\ Dev.app/Contents/Resources/GRDB_GRDB.bundle -scanforprivacyfile /Users/andreeapapillon/Library/Developer/Xcode/DerivedData/AICoven_Local-gvtpajtveckudhherqngqlizoxtt/Build/Products/Debug/AICoven\ Dev.app/Contents/Resources/GTMSessionFetcher_GTMSessionFetcherCore.bundle -scanforprivacyfile /Users/andreeapapillon/Library/Developer/Xcode/DerivedData/AICoven_Local-gvtpajtveckudhherqngqlizoxtt/Build/Products/Debug/AICoven\ Dev.app/Contents/Resources/GoogleDataTransport_GoogleDataTransport.bundle -scanforprivacyfile /Users/andreeapapillon/Library/Developer/Xcode/DerivedData/AICoven_Local-gvtpajtveckudhherqngqlizoxtt/Build/Products/Debug/AICoven\ Dev.app/Contents/Resources/GoogleUtilities_GoogleUtilities-AppDelegateSwizzler.bundle -scanforprivacyfile /Users/andreeapapillon/Library/Developer/Xcode/DerivedData/AICoven_Local-gvtpajtveckudhherqngqlizoxtt/Build/Products/Debug/AICoven\ Dev.app/Contents/Resources/GoogleUtilities_GoogleUtilities-Environment.bundle -scanforprivacyfile /Users/andreeapapillon/Library/Developer/Xcode/DerivedData/AICoven_Local-gvtpajtveckudhherqngqlizoxtt/Build/Products/Debug/AICoven\ Dev.app/Contents/Resources/GoogleUtilities_GoogleUtilities-Logger.bundle -scanforprivacyfile /Users/andreeapapillon/Library/Developer/Xcode/DerivedData/AICoven_Local-gvtpajtveckudhherqngqlizoxtt/Build/Products/Debug/AICoven\ Dev.app/Contents/Resources/GoogleUtilities_GoogleUtilities-MethodSwizzler.bundle -scanforprivacyfile /Users/andreeapapillon/Library/Developer/Xcode/DerivedData/AICoven_Local-gvtpajtveckudhherqngqlizoxtt/Build/Products/Debug/AICoven\ Dev.app/Contents/Resources/GoogleUtilities_GoogleUtilities-NSData.bundle -scanforprivacyfile /Users/andreeapapillon/Library/Developer/Xcode/DerivedData/AICoven_Local-gvtpajtveckudhherqngqlizoxtt/Build/Products/Debug/AICoven\ Dev.app/Contents/Resources/GoogleUtilities_GoogleUtilities-Network.bundle -scanforprivacyfile /Users/andreeapapillon/Library/Developer/Xcode/DerivedData/AICoven_Local-gvtpajtveckudhherqngqlizoxtt/Build/Products/Debug/AICoven\ Dev.app/Contents/Resources/GoogleUtilities_GoogleUtilities-Reachability.bundle -scanforprivacyfile /Users/andreeapapillon/Library/Developer/Xcode/DerivedData/AICoven_Local-gvtpajtveckudhherqngqlizoxtt/Build/Products/Debug/AICoven\ Dev.app/Contents/Resources/GoogleUtilities_GoogleUtilities-UserDefaults.bundle -scanforprivacyfile /Users/andreeapapillon/Library/Developer/Xcode/DerivedData/AICoven_Local-gvtpajtveckudhherqngqlizoxtt/Build/Products/Debug/AICoven\ Dev.app/Contents/Resources/Promises_FBLPromises.bundle -scanforprivacyfile /Users/andreeapapillon/Library/Developer/Xcode/DerivedData/AICoven_Local-gvtpajtveckudhherqngqlizoxtt/Build/Products/Debug/AICoven\ Dev.app/Contents/Resources/Promises_Promises.bundle -scanforprivacyfile /Users/andreeapapillon/Library/Developer/Xcode/DerivedData/AICoven_Local-gvtpajtveckudhherqngqlizoxtt/Build/Products/Debug/AICoven\ Dev.app/Contents/Resources/mlx-swift_Cmlx.bundle -scanforprivacyfile /Users/andreeapapillon/Library/Developer/Xcode/DerivedData/AICoven_Local-gvtpajtveckudhherqngqlizoxtt/Build/Products/Debug/AICoven\ Dev.app/Contents/Resources/nanopb_nanopb.bundle -scanforprivacyfile /Users/andreeapapillon/Library/Developer/Xcode/DerivedData/AICoven_Local-gvtpajtveckudhherqngqlizoxtt/Build/Products/Debug/AICoven\ Dev.app/Contents/Resources/swift-transformers_Hub.bundle -o /Users/andreeapapillon/Library/Developer/Xcode/DerivedData/AICoven_Local-gvtpajtveckudhherqngqlizoxtt/Build/Products/Debug/AICoven\ Dev.app/Contents/Info.plist

SwiftDriverJobDiscovery normal arm64 Compiling UserScope.swift, ChatMessageModels.swift, Constants.swift, Coven.swift, Memory.swift, Thread.swift, UsageModels.swift, User.swift, WorkspaceTab.swift, APIClient.swift, Environment.swift, AnalyticsService.swift, AppState.swift, AuthService.swift (in target 'AICoven' from project 'AICoven Local')

SwiftDriverJobDiscovery normal arm64 Emitting module for AICoven (in target 'AICoven' from project 'AICoven Local')

SwiftDriver\ Compilation\ Requirements AICoven normal arm64 com.apple.xcode.tools.swift.compiler (in target 'AICoven' from project 'AICoven Local')
    cd /Users/andreeapapillon/Documents/GitHub/aicoven-local-opensource/swift/AICoven
    builtin-Swift-Compilation-Requirements -- /Applications/Xcode.app/Contents/Developer/Toolchains/XcodeDefault.xctoolchain/usr/bin/swiftc -module-name AICoven -Onone @/Users/andreeapapillon/Library/Developer/Xcode/DerivedData/AICoven_Local-gvtpajtveckudhherqngqlizoxtt/Build/Intermediates.noindex/AICoven\ Local.build/Debug/AICoven.build/Objects-normal/arm64/AICoven\ Dev.SwiftFileList -DDEBUG -Xcc -fmodule-map-file\=/Users/andreeapapillon/Library/Developer/Xcode/DerivedData/AICoven_Local-gvtpajtveckudhherqngqlizoxtt/Build/Intermediates.noindex/GeneratedModuleMaps/GoogleAdsOnDeviceConversionTarget.modulemap -Xcc -fmodule-map-file\=/Users/andreeapapillon/Library/Developer/Xcode/DerivedData/AICoven_Local-gvtpajtveckudhherqngqlizoxtt/Build/Intermediates.noindex/GeneratedModuleMaps/GoogleAppMeasurementTarget.modulemap -Xcc -fmodule-map-file\=/Users/andreeapapillon/Library/Developer/Xcode/DerivedData/AICoven_Local-gvtpajtveckudhherqngqlizoxtt/Build/Intermediates.noindex/GeneratedModuleMaps/FirebaseAnalyticsWrapper.modulemap -Xcc -fmodule-map-file\=/Users/andreeapapillon/Library/Developer/Xcode/DerivedData/AICoven_Local-gvtpajtveckudhherqngqlizoxtt/Build/Intermediates.noindex/GeneratedModuleMaps/FirebaseAnalyticsTarget.modulemap -Xcc -fmodule-map-file\=/Users/andreeapapillon/Library/Developer/Xcode/DerivedData/AICoven_Local-gvtpajtveckudhherqngqlizoxtt/Build/Intermediates.noindex/GeneratedModuleMaps/GoogleAppMeasurementIdentitySupportTarget.modulemap -Xcc -fmodule-map-file\=/Users/andreeapapillon/Library/Developer/Xcode/DerivedData/AICoven_Local-gvtpajtveckudhherqngqlizoxtt/Build/Intermediates.noindex/GeneratedModuleMaps/FirebaseAnalyticsIdentitySupportTarget.modulemap -Xcc -fmodule-map-file\=/Users/andreeapapillon/Library/Developer/Xcode/DerivedData/AICoven_Local-gvtpajtveckudhherqngqlizoxtt/Build/Intermediates.noindex/GeneratedModuleMaps/FirebaseMessaging.modulemap -Xcc -fmodule-map-file\=/Users/andreeapapillon/Library/Developer/Xcode/DerivedData/AICoven_Local-gvtpajtveckudhherqngqlizoxtt/Build/Intermediates.noindex/GeneratedModuleMaps/GoogleDataTransport.modulemap -Xcc -fmodule-map-file\=/Users/andreeapapillon/Library/Developer/Xcode/DerivedData/AICoven_Local-gvtpajtveckudhherqngqlizoxtt/Build/Intermediates.noindex/GeneratedModuleMaps/FirebaseSessionsObjC.modulemap -Xcc -fmodule-map-file\=/Users/andreeapapillon/Library/Developer/Xcode/DerivedData/AICoven_Local-gvtpajtveckudhherqngqlizoxtt/Build/Intermediates.noindex/GeneratedModuleMaps/FirebaseCrashlytics.modulemap -Xcc -fmodule-map-file\=/Users/andreeapapillon/Library/Developer/Xcode/DerivedData/AICoven_Local-gvtpajtveckudhherqngqlizoxtt/Build/Intermediates.noindex/GeneratedModuleMaps/FirebaseRemoteConfigInternal.modulemap -Xcc -fmodule-map-file\=/Users/andreeapapillon/Library/Developer/Xcode/DerivedData/AICoven_Local-gvtpajtveckudhherqngqlizoxtt/Build/Intermediates.noindex/GeneratedModuleMaps/FirebaseABTesting.modulemap -Xcc -fmodule-map-file\=/Users/andreeapapillon/Library/Developer/Xcode/DerivedData/AICoven_Local-gvtpajtveckudhherqngqlizoxtt/Build/Intermediates.noindex/GeneratedModuleMaps/GoogleUtilities-UserDefaults.modulemap -Xcc -fmodule-map-file\=/Users/andreeapapillon/Library/Developer/Xcode/DerivedData/AICoven_Local-gvtpajtveckudhherqngqlizoxtt/Build/Intermediates.noindex/GeneratedModuleMaps/GoogleAppMeasurementCoreTarget.modulemap -Xcc -fmodule-map-file\=/Users/andreeapapillon/Library/Developer/Xcode/DerivedData/AICoven_Local-gvtpajtveckudhherqngqlizoxtt/Build/Intermediates.noindex/GeneratedModuleMaps/GoogleUtilities-MethodSwizzler.modulemap -Xcc -fmodule-map-file\=/Users/andreeapapillon/Library/Developer/Xcode/DerivedData/AICoven_Local-gvtpajtveckudhherqngqlizoxtt/Build/Intermediates.noindex/GeneratedModuleMaps/nanopb.modulemap -Xcc -fmodule-map-file\=/Users/andreeapapillon/Library/Developer/Xcode/DerivedData/AICoven_Local-gvtpajtveckudhherqngqlizoxtt/Build/Intermediates.noindex/GeneratedModuleMaps/FirebaseAnalyticsCoreWrapper.modulemap -Xcc -fmodule-map-file\=/Users/andreeapapillon/Library/Developer/Xcode/DerivedData/AICoven_Local-gvtpajtveckudhherqngqlizoxtt/Build/Intermediates.noindex/GeneratedModuleMaps/FirebaseInstallations.modulemap -Xcc -fmodule-map-file\=/Users/andreeapapillon/Library/Developer/Xcode/DerivedData/AICoven_Local-gvtpajtveckudhherqngqlizoxtt/Build/Intermediates.noindex/GeneratedModuleMaps/FirebaseAnalyticsCoreTarget.modulemap -Xcc -fmodule-map-file\=/Users/andreeapapillon/Library/Developer/Xcode/DerivedData/AICoven_Local-gvtpajtveckudhherqngqlizoxtt/Build/Intermediates.noindex/GeneratedModuleMaps/RecaptchaInterop.modulemap -Xcc -fmodule-map-file\=/Users/andreeapapillon/Library/Developer/Xcode/DerivedData/AICoven_Local-gvtpajtveckudhherqngqlizoxtt/Build/Intermediates.noindex/GeneratedModuleMaps/GoogleUtilities-Network.modulemap -Xcc -fmodule-map-file\=/Users/andreeapapillon/Library/Developer/Xcode/DerivedData/AICoven_Local-gvtpajtveckudhherqngqlizoxtt/Build/Intermediates.noindex/GeneratedModuleMaps/GoogleUtilities-Reachability.modulemap -Xcc -fmodule-map-file\=/Users/andreeapapillon/Library/Developer/Xcode/DerivedData/AICoven_Local-gvtpajtveckudhherqngqlizoxtt/Build/Intermediates.noindex/GeneratedModuleMaps/GoogleUtilities-NSData.modulemap -Xcc -fmodule-map-file\=/Users/andreeapapillon/Library/Developer/Xcode/DerivedData/AICoven_Local-gvtpajtveckudhherqngqlizoxtt/Build/Intermediates.noindex/GeneratedModuleMaps/GoogleUtilities-Logger.modulemap -Xcc -fmodule-map-file\=/Users/andreeapapillon/Library/Developer/Xcode/DerivedData/AICoven_Local-gvtpajtveckudhherqngqlizoxtt/Build/Intermediates.noindex/GeneratedModuleMaps/GoogleUtilities-Environment.modulemap -Xcc -fmodule-map-file\=/Users/andreeapapillon/Library/Developer/Xcode/DerivedData/AICoven_Local-gvtpajtveckudhherqngqlizoxtt/Build/Intermediates.noindex/GeneratedModuleMaps/third-party-IsAppEncrypted.modulemap -Xcc -fmodule-map-file\=/Users/andreeapapillon/Library/Developer/Xcode/DerivedData/AICoven_Local-gvtpajtveckudhherqngqlizoxtt/Build/Intermediates.noindex/GeneratedModuleMaps/GoogleUtilities-AppDelegateSwizzler.modulemap -Xcc -fmodule-map-file\=/Users/andreeapapillon/Library/Developer/Xcode/DerivedData/AICoven_Local-gvtpajtveckudhherqngqlizoxtt/Build/Intermediates.noindex/GeneratedModuleMaps/GTMSessionFetcherCore.modulemap -Xcc -fmodule-map-file\=/Users/andreeapapillon/Library/Developer/Xcode/DerivedData/AICoven_Local-gvtpajtveckudhherqngqlizoxtt/Build/Intermediates.noindex/GeneratedModuleMaps/FirebaseCoreExtension.modulemap -Xcc -fmodule-map-file\=/Users/andreeapapillon/Library/Developer/Xcode/DerivedData/AICoven_Local-gvtpajtveckudhherqngqlizoxtt/Build/Intermediates.noindex/GeneratedModuleMaps/FirebaseCore.modulemap -Xcc -fmodule-map-file\=/Users/andreeapapillon/Library/Developer/Xcode/DerivedData/AICoven_Local-gvtpajtveckudhherqngqlizoxtt/Build/Intermediates.noindex/GeneratedModuleMaps/FirebaseAuthInternal.modulemap -Xcc -fmodule-map-file\=/Users/andreeapapillon/Library/Developer/Xcode/DerivedData/AICoven_Local-gvtpajtveckudhherqngqlizoxtt/Build/Intermediates.noindex/GeneratedModuleMaps/FirebaseAuthInterop.modulemap -Xcc -fmodule-map-file\=/Users/andreeapapillon/Library/Developer/Xcode/DerivedData/AICoven_Local-gvtpajtveckudhherqngqlizoxtt/Build/Intermediates.noindex/GeneratedModuleMaps/FirebaseAppCheckInterop.modulemap -Xcc -fmodule-map-file\=/Users/andreeapapillon/Library/Developer/Xcode/DerivedData/AICoven_Local-gvtpajtveckudhherqngqlizoxtt/SourcePackages/checkouts/GRDB.swift/Sources/GRDBSQLite/module.modulemap -default-isolation\=MainActor -enable-bare-slash-regex -enable-upcoming-feature DisableOutwardActorInference -enable-upcoming-feature InferSendableFromCaptures -enable-upcoming-feature GlobalActorIsolatedTypesUsability -enable-upcoming-feature MemberImportVisibility -enable-upcoming-feature InferIsolatedConformances -enable-upcoming-feature NonisolatedNonsendingByDefault -enable-experimental-feature DebugDescriptionMacro -sdk /Applications/Xcode.app/Contents/Developer/Platforms/MacOSX.platform/Developer/SDKs/MacOSX26.4.sdk -target arm64-apple-macos14.0 -g -module-cache-path /Users/andreeapapillon/Library/Developer/Xcode/DerivedData/ModuleCache.noindex -Xfrontend -serialize-debugging-options -profile-coverage-mapping -profile-generate -enable-testing -index-store-path /Users/andreeapapillon/Library/Developer/Xcode/DerivedData/AICoven_Local-gvtpajtveckudhherqngqlizoxtt/Index.noindex/DataStore -Xcc -D_LIBCPP_HARDENING_MODE\=_LIBCPP_HARDENING_MODE_DEBUG -swift-version 5 -I /Users/andreeapapillon/Library/Developer/Xcode/DerivedData/AICoven_Local-gvtpajtveckudhherqngqlizoxtt/Build/Products/Debug -F /Users/andreeapapillon/Library/Developer/Xcode/DerivedData/AICoven_Local-gvtpajtveckudhherqngqlizoxtt/Build/Products/Debug/PackageFrameworks -F /Users/andreeapapillon/Library/Developer/Xcode/DerivedData/AICoven_Local-gvtpajtveckudhherqngqlizoxtt/Build/Products/Debug/PackageFrameworks -F /Users/andreeapapillon/Library/Developer/Xcode/DerivedData/AICoven_Local-gvtpajtveckudhherqngqlizoxtt/Build/Products/Debug/PackageFrameworks -F /Users/andreeapapillon/Library/Developer/Xcode/DerivedData/AICoven_Local-gvtpajtveckudhherqngqlizoxtt/Build/Products/Debug/PackageFrameworks -F /Users/andreeapapillon/Library/Developer/Xcode/DerivedData/AICoven_Local-gvtpajtveckudhherqngqlizoxtt/Build/Products/Debug/PackageFrameworks -F /Users/andreeapapillon/Library/Developer/Xcode/DerivedData/AICoven_Local-gvtpajtveckudhherqngqlizoxtt/Build/Products/Debug/PackageFrameworks -F /Users/andreeapapillon/Library/Developer/Xcode/DerivedData/AICoven_Local-gvtpajtveckudhherqngqlizoxtt/Build/Products/Debug/PackageFrameworks -F /Users/andreeapapillon/Library/Developer/Xcode/DerivedData/AICoven_Local-gvtpajtveckudhherqngqlizoxtt/Build/Products/Debug/PackageFrameworks -F /Users/andreeapapillon/Library/Developer/Xcode/DerivedData/AICoven_Local-gvtpajtveckudhherqngqlizoxtt/Build/Products/Debug/PackageFrameworks -F /Users/andreeapapillon/Library/Developer/Xcode/DerivedData/AICoven_Local-gvtpajtveckudhherqngqlizoxtt/Build/Products/Debug/PackageFrameworks -F /Users/andreeapapillon/Library/Developer/Xcode/DerivedData/AICoven_Local-gvtpajtveckudhherqngqlizoxtt/Build/Products/Debug/PackageFrameworks -F /Users/andreeapapillon/Library/Developer/Xcode/DerivedData/AICoven_Local-gvtpajtveckudhherqngqlizoxtt/Build/Products/Debug/PackageFrameworks -F /Users/andreeapapillon/Library/Developer/Xcode/DerivedData/AICoven_Local-gvtpajtveckudhherqngqlizoxtt/Build/Products/Debug/PackageFrameworks -F /Users/andreeapapillon/Library/Developer/Xcode/DerivedData/AICoven_Local-gvtpajtveckudhherqngqlizoxtt/Build/Products/Debug/PackageFrameworks -F /Users/andreeapapillon/Library/Developer/Xcode/DerivedData/AICoven_Local-gvtpajtveckudhherqngqlizoxtt/Build/Products/Debug/PackageFrameworks -F /Users/andreeapapillon/Library/Developer/Xcode/DerivedData/AICoven_Local-gvtpajtveckudhherqngqlizoxtt/Build/Products/Debug/PackageFrameworks -F /Users/andreeapapillon/Library/Developer/Xcode/DerivedData/AICoven_Local-gvtpajtveckudhherqngqlizoxtt/Build/Products/Debug/PackageFrameworks -F /Users/andreeapapillon/Library/Developer/Xcode/DerivedData/AICoven_Local-gvtpajtveckudhherqngqlizoxtt/Build/Products/Debug/PackageFrameworks -F /Users/andreeapapillon/Library/Developer/Xcode/DerivedData/AICoven_Local-gvtpajtveckudhherqngqlizoxtt/Build/Products/Debug/PackageFrameworks -F /Users/andreeapapillon/Library/Developer/Xcode/DerivedData/AICoven_Local-gvtpajtveckudhherqngqlizoxtt/Build/Products/Debug/PackageFrameworks -F /Users/andreeapapillon/Library/Developer/Xcode/DerivedData/AICoven_Local-gvtpajtveckudhherqngqlizoxtt/Build/Products/Debug/PackageFrameworks -F /Users/andreeapapillon/Library/Developer/Xcode/DerivedData/AICoven_Local-gvtpajtveckudhherqngqlizoxtt/Build/Products/Debug/PackageFrameworks -F /Users/andreeapapillon/Library/Developer/Xcode/DerivedData/AICoven_Local-gvtpajtveckudhherqngqlizoxtt/Build/Products/Debug/PackageFrameworks -F /Users/andreeapapillon/Library/Developer/Xcode/DerivedData/AICoven_Local-gvtpajtveckudhherqngqlizoxtt/Build/Products/Debug/PackageFrameworks -F /Users/andreeapapillon/Library/Developer/Xcode/DerivedData/AICoven_Local-gvtpajtveckudhherqngqlizoxtt/Build/Products/Debug/PackageFrameworks -F /Users/andreeapapillon/Library/Developer/Xcode/DerivedData/AICoven_Local-gvtpajtveckudhherqngqlizoxtt/Build/Products/Debug/PackageFrameworks -F /Users/andreeapapillon/Library/Developer/Xcode/DerivedData/AICoven_Local-gvtpajtveckudhherqngqlizoxtt/Build/Products/Debug/PackageFrameworks -F /Users/andreeapapillon/Library/Developer/Xcode/DerivedData/AICoven_Local-gvtpajtveckudhherqngqlizoxtt/Build/Products/Debug/PackageFrameworks -F /Users/andreeapapillon/Library/Developer/Xcode/DerivedData/AICoven_Local-gvtpajtveckudhherqngqlizoxtt/Build/Products/Debug/PackageFrameworks -F /Users/andreeapapillon/Library/Developer/Xcode/DerivedData/AICoven_Local-gvtpajtveckudhherqngqlizoxtt/Build/Products/Debug/PackageFrameworks -F /Users/andreeapapillon/Library/Developer/Xcode/DerivedData/AICoven_Local-gvtpajtveckudhherqngqlizoxtt/Build/Products/Debug/PackageFrameworks -F /Users/andreeapapillon/Library/Developer/Xcode/DerivedData/AICoven_Local-gvtpajtveckudhherqngqlizoxtt/Build/Products/Debug/PackageFrameworks -F /Users/andreeapapillon/Library/Developer/Xcode/DerivedData/AICoven_Local-gvtpajtveckudhherqngqlizoxtt/Build/Products/Debug/PackageFrameworks -F /Users/andreeapapillon/Library/Developer/Xcode/DerivedData/AICoven_Local-gvtpajtveckudhherqngqlizoxtt/Build/Products/Debug/PackageFrameworks -F /Users/andreeapapillon/Library/Developer/Xcode/DerivedData/AICoven_Local-gvtpajtveckudhherqngqlizoxtt/Build/Products/Debug/PackageFrameworks -F /Users/andreeapapillon/Library/Developer/Xcode/DerivedData/AICoven_Local-gvtpajtveckudhherqngqlizoxtt/Build/Products/Debug/PackageFrameworks -F /Users/andreeapapillon/Library/Developer/Xcode/DerivedData/AICoven_Local-gvtpajtveckudhherqngqlizoxtt/Build/Products/Debug/PackageFrameworks -F /Users/andreeapapillon/Library/Developer/Xcode/DerivedData/AICoven_Local-gvtpajtveckudhherqngqlizoxtt/Build/Products/Debug/PackageFrameworks -F /Users/andreeapapillon/Library/Developer/Xcode/DerivedData/AICoven_Local-gvtpajtveckudhherqngqlizoxtt/Build/Products/Debug/PackageFrameworks -F /Users/andreeapapillon/Library/Developer/Xcode/DerivedData/AICoven_Local-gvtpajtveckudhherqngqlizoxtt/Build/Products/Debug/PackageFrameworks -F /Users/andreeapapillon/Library/Developer/Xcode/DerivedData/AICoven_Local-gvtpajtveckudhherqngqlizoxtt/Build/Products/Debug/PackageFrameworks -F /Users/andreeapapillon/Library/Developer/Xcode/DerivedData/AICoven_Local-gvtpajtveckudhherqngqlizoxtt/Build/Products/Debug/PackageFrameworks -F /Users/andreeapapillon/Library/Developer/Xcode/DerivedData/AICoven_Local-gvtpajtveckudhherqngqlizoxtt/Build/Products/Debug/PackageFrameworks -F /Users/andreeapapillon/Library/Developer/Xcode/DerivedData/AICoven_Local-gvtpajtveckudhherqngqlizoxtt/Build/Products/Debug/PackageFrameworks -F /Users/andreeapapillon/Library/Developer/Xcode/DerivedData/AICoven_Local-gvtpajtveckudhherqngqlizoxtt/Build/Products/Debug/PackageFrameworks -F /Users/andreeapapillon/Library/Developer/Xcode/DerivedData/AICoven_Local-gvtpajtveckudhherqngqlizoxtt/Build/Products/Debug/PackageFrameworks -F /Users/andreeapapillon/Library/Developer/Xcode/DerivedData/AICoven_Local-gvtpajtveckudhherqngqlizoxtt/Build/Products/Debug/PackageFrameworks -F /Users/andreeapapillon/Library/Developer/Xcode/DerivedData/AICoven_Local-gvtpajtveckudhherqngqlizoxtt/Build/Products/Debug/PackageFrameworks -F /Users/andreeapapillon/Library/Developer/Xcode/DerivedData/AICoven_Local-gvtpajtveckudhherqngqlizoxtt/Build/Products/Debug/PackageFrameworks -F /Users/andreeapapillon/Library/Developer/Xcode/DerivedData/AICoven_Local-gvtpajtveckudhherqngqlizoxtt/Build/Products/Debug/PackageFrameworks -F /Users/andreeapapillon/Library/Developer/Xcode/DerivedData/AICoven_Local-gvtpajtveckudhherqngqlizoxtt/Build/Products/Debug/PackageFrameworks -F /Users/andreeapapillon/Library/Developer/Xcode/DerivedData/AICoven_Local-gvtpajtveckudhherqngqlizoxtt/Build/Products/Debug/PackageFrameworks -F /Users/andreeapapillon/Library/Developer/Xcode/DerivedData/AICoven_Local-gvtpajtveckudhherqngqlizoxtt/Build/Products/Debug/PackageFrameworks -F /Users/andreeapapillon/Library/Developer/Xcode/DerivedData/AICoven_Local-gvtpajtveckudhherqngqlizoxtt/Build/Products/Debug/PackageFrameworks -F /Users/andreeapapillon/Library/Developer/Xcode/DerivedData/AICoven_Local-gvtpajtveckudhherqngqlizoxtt/Build/Products/Debug/PackageFrameworks -F /Users/andreeapapillon/Library/Developer/Xcode/DerivedData/AICoven_Local-gvtpajtveckudhherqngqlizoxtt/Build/Products/Debug/PackageFrameworks -F /Users/andreeapapillon/Library/Developer/Xcode/DerivedData/AICoven_Local-gvtpajtveckudhherqngqlizoxtt/Build/Products/Debug/PackageFrameworks -F /Users/andreeapapillon/Library/Developer/Xcode/DerivedData/AICoven_Local-gvtpajtveckudhherqngqlizoxtt/Build/Products/Debug/PackageFrameworks -F /Users/andreeapapillon/Library/Developer/Xcode/DerivedData/AICoven_Local-gvtpajtveckudhherqngqlizoxtt/Build/Products/Debug/PackageFrameworks -F /Users/andreeapapillon/Library/Developer/Xcode/DerivedData/AICoven_Local-gvtpajtveckudhherqngqlizoxtt/Build/Products/Debug/PackageFrameworks -F /Users/andreeapapillon/Library/Developer/Xcode/DerivedData/AICoven_Local-gvtpajtveckudhherqngqlizoxtt/Build/Products/Debug/PackageFrameworks -F /Users/andreeapapillon/Library/Developer/Xcode/DerivedData/AICoven_Local-gvtpajtveckudhherqngqlizoxtt/Build/Products/Debug/PackageFrameworks -F /Users/andreeapapillon/Library/Developer/Xcode/DerivedData/AICoven_Local-gvtpajtveckudhherqngqlizoxtt/Build/Products/Debug/PackageFrameworks -F /Users/andreeapapillon/Library/Developer/Xcode/DerivedData/AICoven_Local-gvtpajtveckudhherqngqlizoxtt/Build/Products/Debug/PackageFrameworks -F /Users/andreeapapillon/Library/Developer/Xcode/DerivedData/AICoven_Local-gvtpajtveckudhherqngqlizoxtt/Build/Products/Debug -emit-localized-strings -emit-localized-strings-path /Users/andreeapapillon/Library/Developer/Xcode/DerivedData/AICoven_Local-gvtpajtveckudhherqngqlizoxtt/Build/Intermediates.noindex/AICoven\ Local.build/Debug/AICoven.build/Objects-normal/arm64 -c -j10 -enable-batch-mode -incremental -Xcc -ivfsstatcache -Xcc /Users/andreeapapillon/Library/Developer/Xcode/DerivedData/SDKStatCaches.noindex/macosx26.4-25E236-688ef53f1462e2c8f657fdc38a81448f30f9ca8789b706f8bd3fc906a70d770f.sdkstatcache -output-file-map /Users/andreeapapillon/Library/Developer/Xcode/DerivedData/AICoven_Local-gvtpajtveckudhherqngqlizoxtt/Build/Intermediates.noindex/AICoven\ Local.build/Debug/AICoven.build/Objects-normal/arm64/AICoven-OutputFileMap.json -use-frontend-parseable-output -save-temps -no-color-diagnostics -explicit-module-build -module-cache-path /Users/andreeapapillon/Library/Developer/Xcode/DerivedData/AICoven_Local-gvtpajtveckudhherqngqlizoxtt/Build/Intermediates.noindex/SwiftExplicitPrecompiledModules -clang-scanner-module-cache-path /Users/andreeapapillon/Library/Developer/Xcode/DerivedData/ModuleCache.noindex -sdk-module-cache-path /Users/andreeapapillon/Library/Developer/Xcode/DerivedData/ModuleCache.noindex -serialize-diagnostics -emit-dependencies -emit-module -emit-module-path /Users/andreeapapillon/Library/Developer/Xcode/DerivedData/AICoven_Local-gvtpajtveckudhherqngqlizoxtt/Build/Intermediates.noindex/AICoven\ Local.build/Debug/AICoven.build/Objects-normal/arm64/AICoven.swiftmodule -validate-clang-modules-once -clang-build-session-file /Users/andreeapapillon/Library/Developer/Xcode/DerivedData/ModuleCache.noindex/Session.modulevalidation -Xcc -I/Users/andreeapapillon/Library/Developer/Xcode/DerivedData/AICoven_Local-gvtpajtveckudhherqngqlizoxtt/Build/Intermediates.noindex/AICoven\ Local.build/Debug/AICoven.build/swift-overrides.hmap -emit-const-values -Xfrontend -const-gather-protocols-file -Xfrontend /Users/andreeapapillon/Library/Developer/Xcode/DerivedData/AICoven_Local-gvtpajtveckudhherqngqlizoxtt/Build/Intermediates.noindex/AICoven\ Local.build/Debug/AICoven.build/Objects-normal/arm64/AICoven_const_extract_protocols.json -Xcc -iquote -Xcc /Users/andreeapapillon/Library/Developer/Xcode/DerivedData/AICoven_Local-gvtpajtveckudhherqngqlizoxtt/Build/Intermediates.noindex/AICoven\ Local.build/Debug/AICoven.build/AICoven\ Dev-generated-files.hmap -Xcc -I/Users/andreeapapillon/Library/Developer/Xcode/DerivedData/AICoven_Local-gvtpajtveckudhherqngqlizoxtt/Build/Intermediates.noindex/AICoven\ Local.build/Debug/AICoven.build/AICoven\ Dev-own-target-headers.hmap -Xcc -I/Users/andreeapapillon/Library/Developer/Xcode/DerivedData/AICoven_Local-gvtpajtveckudhherqngqlizoxtt/Build/Intermediates.noindex/AICoven\ Local.build/Debug/AICoven.build/AICoven\ Dev-all-non-framework-target-headers.hmap -Xcc -ivfsoverlay -Xcc /Users/andreeapapillon/Library/Developer/Xcode/DerivedData/AICoven_Local-gvtpajtveckudhherqngqlizoxtt/Build/Intermediates.noindex/AICoven\ Local.build/Debug/AICoven\ Local-59fa713dd094a5d8a9705f05f0c82ed1-VFS/all-product-headers.yaml -Xcc -iquote -Xcc /Users/andreeapapillon/Library/Developer/Xcode/DerivedData/AICoven_Local-gvtpajtveckudhherqngqlizoxtt/Build/Intermediates.noindex/AICoven\ Local.build/Debug/AICoven.build/AICoven\ Dev-project-headers.hmap -Xcc -I/Users/andreeapapillon/Library/Developer/Xcode/DerivedData/AICoven_Local-gvtpajtveckudhherqngqlizoxtt/SourcePackages/checkouts/google-ads-on-device-conversion-ios-sdk/GoogleAdsOnDeviceConversionWrapper/include -Xcc -I/Users/andreeapapillon/Library/Developer/Xcode/DerivedData/AICoven_Local-gvtpajtveckudhherqngqlizoxtt/SourcePackages/checkouts/GoogleAppMeasurement/GoogleAppMeasurementWrapper/include -Xcc -I/Users/andreeapapillon/Library/Developer/Xcode/DerivedData/AICoven_Local-gvtpajtveckudhherqngqlizoxtt/SourcePackages/checkouts/firebase-ios-sdk/FirebaseAnalyticsWrapper/include -Xcc -I/Users/andreeapapillon/Library/Developer/Xcode/DerivedData/AICoven_Local-gvtpajtveckudhherqngqlizoxtt/SourcePackages/checkouts/firebase-ios-sdk/SwiftPM-PlatformExclude/FirebaseAnalyticsWrap/include -Xcc -I/Users/andreeapapillon/Library/Developer/Xcode/DerivedData/AICoven_Local-gvtpajtveckudhherqngqlizoxtt/SourcePackages/checkouts/GoogleAppMeasurement/GoogleAppMeasurementIdentitySupportWrapper/include -Xcc -I/Users/andreeapapillon/Library/Developer/Xcode/DerivedData/AICoven_Local-gvtpajtveckudhherqngqlizoxtt/SourcePackages/checkouts/firebase-ios-sdk/FirebaseAnalyticsIdentitySupportWrapper/include -Xcc -I/Users/andreeapapillon/Library/Developer/Xcode/DerivedData/AICoven_Local-gvtpajtveckudhherqngqlizoxtt/SourcePackages/checkouts/firebase-ios-sdk/FirebaseMessaging/Sources/Public -Xcc -I/Users/andreeapapillon/Library/Developer/Xcode/DerivedData/AICoven_Local-gvtpajtveckudhherqngqlizoxtt/SourcePackages/checkouts/GoogleDataTransport/GoogleDataTransport/GDTCORLibrary/Public -Xcc -I/Users/andreeapapillon/Library/Developer/Xcode/DerivedData/AICoven_Local-gvtpajtveckudhherqngqlizoxtt/SourcePackages/checkouts/firebase-ios-sdk/FirebaseSessions/SourcesObjC -Xcc -I/Users/andreeapapillon/Library/Developer/Xcode/DerivedData/AICoven_Local-gvtpajtveckudhherqngqlizoxtt/SourcePackages/checkouts/firebase-ios-sdk/Crashlytics/Crashlytics/Public -Xcc -I/Users/andreeapapillon/Library/Developer/Xcode/DerivedData/AICoven_Local-gvtpajtveckudhherqngqlizoxtt/SourcePackages/checkouts/firebase-ios-sdk/FirebaseRemoteConfig/Sources/Public -Xcc -I/Users/andreeapapillon/Library/Developer/Xcode/DerivedData/AICoven_Local-gvtpajtveckudhherqngqlizoxtt/SourcePackages/checkouts/firebase-ios-sdk/FirebaseABTesting/Sources/Public -Xcc -I/Users/andreeapapillon/Library/Developer/Xcode/DerivedData/AICoven_Local-gvtpajtveckudhherqngqlizoxtt/SourcePackages/checkouts/promises/Sources/FBLPromises/include -Xcc -I/Users/andreeapapillon/Library/Developer/Xcode/DerivedData/AICoven_Local-gvtpajtveckudhherqngqlizoxtt/SourcePackages/checkouts/GoogleUtilities/GoogleUtilities/UserDefaults/Public -Xcc -I/Users/andreeapapillon/Library/Developer/Xcode/DerivedData/AICoven_Local-gvtpajtveckudhherqngqlizoxtt/SourcePackages/checkouts/GoogleAppMeasurement/GoogleAppMeasurementCoreWrapper/include -Xcc -I/Users/andreeapapillon/Library/Developer/Xcode/DerivedData/AICoven_Local-gvtpajtveckudhherqngqlizoxtt/SourcePackages/checkouts/GoogleUtilities/GoogleUtilities/MethodSwizzler/Public -Xcc -I/Users/andreeapapillon/Library/Developer/Xcode/DerivedData/AICoven_Local-gvtpajtveckudhherqngqlizoxtt/SourcePackages/checkouts/nanopb/spm_headers -Xcc -I/Users/andreeapapillon/Library/Developer/Xcode/DerivedData/AICoven_Local-gvtpajtveckudhherqngqlizoxtt/SourcePackages/checkouts/firebase-ios-sdk/FirebaseAnalyticsCoreWrapper/include -Xcc -I/Users/andreeapapillon/Library/Developer/Xcode/DerivedData/AICoven_Local-gvtpajtveckudhherqngqlizoxtt/SourcePackages/checkouts/firebase-ios-sdk/FirebaseInstallations/Source/Library/Public -Xcc -I/Users/andreeapapillon/Library/Developer/Xcode/DerivedData/AICoven_Local-gvtpajtveckudhherqngqlizoxtt/SourcePackages/checkouts/firebase-ios-sdk/SwiftPM-PlatformExclude/FirebaseAnalyticsCoreWrap/include -Xcc -I/Users/andreeapapillon/Library/Developer/Xcode/DerivedData/AICoven_Local-gvtpajtveckudhherqngqlizoxtt/SourcePackages/checkouts/swift-numerics/Sources/_NumericsShims/include -Xcc -I/Users/andreeapapillon/Library/Developer/Xcode/DerivedData/AICoven_Local-gvtpajtveckudhherqngqlizoxtt/SourcePackages/checkouts/mlx-swift/Source/Cmlx/include -Xcc -I/Users/andreeapapillon/Library/Developer/Xcode/DerivedData/AICoven_Local-gvtpajtveckudhherqngqlizoxtt/SourcePackages/checkouts/interop-ios-for-google-sdks/RecaptchaEnterprise/RecaptchaInterop/Public -Xcc -I/Users/andreeapapillon/Library/Developer/Xcode/DerivedData/AICoven_Local-gvtpajtveckudhherqngqlizoxtt/SourcePackages/checkouts/GoogleUtilities/GoogleUtilities/Network/Public -Xcc -I/Users/andreeapapillon/Library/Developer/Xcode/DerivedData/AICoven_Local-gvtpajtveckudhherqngqlizoxtt/SourcePackages/checkouts/GoogleUtilities/GoogleUtilities/Reachability/Public -Xcc -I/Users/andreeapapillon/Library/Developer/Xcode/DerivedData/AICoven_Local-gvtpajtveckudhherqngqlizoxtt/SourcePackages/checkouts/GoogleUtilities/GoogleUtilities/NSData+zlib/Public -Xcc -I/Users/andreeapapillon/Library/Developer/Xcode/DerivedData/AICoven_Local-gvtpajtveckudhherqngqlizoxtt/SourcePackages/checkouts/GoogleUtilities/GoogleUtilities/Logger/Public -Xcc -I/Users/andreeapapillon/Library/Developer/Xcode/DerivedData/AICoven_Local-gvtpajtveckudhherqngqlizoxtt/SourcePackages/checkouts/GoogleUtilities/GoogleUtilities/Environment/Public -Xcc -I/Users/andreeapapillon/Library/Developer/Xcode/DerivedData/AICoven_Local-gvtpajtveckudhherqngqlizoxtt/SourcePackages/checkouts/GoogleUtilities/third_party/IsAppEncrypted/Public -Xcc -I/Users/andreeapapillon/Library/Developer/Xcode/DerivedData/AICoven_Local-gvtpajtveckudhherqngqlizoxtt/SourcePackages/checkouts/GoogleUtilities/GoogleUtilities/AppDelegateSwizzler/Public -Xcc -I/Users/andreeapapillon/Library/Developer/Xcode/DerivedData/AICoven_Local-gvtpajtveckudhherqngqlizoxtt/SourcePackages/checkouts/gtm-session-fetcher/Sources/Core/Public -Xcc -I/Users/andreeapapillon/Library/Developer/Xcode/DerivedData/AICoven_Local-gvtpajtveckudhherqngqlizoxtt/SourcePackages/checkouts/firebase-ios-sdk/FirebaseCore/Extension -Xcc -I/Users/andreeapapillon/Library/Developer/Xcode/DerivedData/AICoven_Local-gvtpajtveckudhherqngqlizoxtt/SourcePackages/checkouts/firebase-ios-sdk/FirebaseCore/Sources/Public -Xcc -I/Users/andreeapapillon/Library/Developer/Xcode/DerivedData/AICoven_Local-gvtpajtveckudhherqngqlizoxtt/SourcePackages/checkouts/firebase-ios-sdk/CoreOnly/Sources -Xcc -I/Users/andreeapapillon/Library/Developer/Xcode/DerivedData/AICoven_Local-gvtpajtveckudhherqngqlizoxtt/SourcePackages/checkouts/firebase-ios-sdk/FirebaseAuth/Sources/Public -Xcc -I/Users/andreeapapillon/Library/Developer/Xcode/DerivedData/AICoven_Local-gvtpajtveckudhherqngqlizoxtt/SourcePackages/checkouts/firebase-ios-sdk/FirebaseAuth/Interop/Public -Xcc -I/Users/andreeapapillon/Library/Developer/Xcode/DerivedData/AICoven_Local-gvtpajtveckudhherqngqlizoxtt/SourcePackages/checkouts/firebase-ios-sdk/FirebaseAppCheck/Interop/Public -Xcc -I/Users/andreeapapillon/Library/Developer/Xcode/DerivedData/AICoven_Local-gvtpajtveckudhherqngqlizoxtt/Build/Products/Debug/include -Xcc -I/Users/andreeapapillon/Library/Developer/Xcode/DerivedData/AICoven_Local-gvtpajtveckudhherqngqlizoxtt/Build/Intermediates.noindex/AICoven\ Local.build/Debug/AICoven.build/DerivedSources-normal/arm64 -Xcc -I/Users/andreeapapillon/Library/Developer/Xcode/DerivedData/AICoven_Local-gvtpajtveckudhherqngqlizoxtt/Build/Intermediates.noindex/AICoven\ Local.build/Debug/AICoven.build/DerivedSources/arm64 -Xcc -I/Users/andreeapapillon/Library/Developer/Xcode/DerivedData/AICoven_Local-gvtpajtveckudhherqngqlizoxtt/Build/Intermediates.noindex/AICoven\ Local.build/Debug/AICoven.build/DerivedSources -Xcc -DDEBUG\=1 -emit-objc-header -emit-objc-header-path /Users/andreeapapillon/Library/Developer/Xcode/DerivedData/AICoven_Local-gvtpajtveckudhherqngqlizoxtt/Build/Intermediates.noindex/AICoven\ Local.build/Debug/AICoven.build/Objects-normal/arm64/AICoven-Swift.h -working-directory /Users/andreeapapillon/Documents/GitHub/aicoven-local-opensource/swift/AICoven -experimental-emit-module-separately -disable-cmo

Copy /Users/andreeapapillon/Library/Developer/Xcode/DerivedData/AICoven_Local-gvtpajtveckudhherqngqlizoxtt/Build/Products/Debug/AICoven.swiftmodule/arm64-apple-macos.swiftmodule /Users/andreeapapillon/Library/Developer/Xcode/DerivedData/AICoven_Local-gvtpajtveckudhherqngqlizoxtt/Build/Intermediates.noindex/AICoven\ Local.build/Debug/AICoven.build/Objects-normal/arm64/AICoven.swiftmodule (in target 'AICoven' from project 'AICoven Local')
    cd /Users/andreeapapillon/Documents/GitHub/aicoven-local-opensource/swift/AICoven
    builtin-copy -exclude .DS_Store -exclude CVS -exclude .svn -exclude .git -exclude .hg -resolve-src-symlinks -rename /Users/andreeapapillon/Library/Developer/Xcode/DerivedData/AICoven_Local-gvtpajtveckudhherqngqlizoxtt/Build/Intermediates.noindex/AICoven\ Local.build/Debug/AICoven.build/Objects-normal/arm64/AICoven.swiftmodule /Users/andreeapapillon/Library/Developer/Xcode/DerivedData/AICoven_Local-gvtpajtveckudhherqngqlizoxtt/Build/Products/Debug/AICoven.swiftmodule/arm64-apple-macos.swiftmodule

Copy /Users/andreeapapillon/Library/Developer/Xcode/DerivedData/AICoven_Local-gvtpajtveckudhherqngqlizoxtt/Build/Products/Debug/AICoven.swiftmodule/arm64-apple-macos.swiftdoc /Users/andreeapapillon/Library/Developer/Xcode/DerivedData/AICoven_Local-gvtpajtveckudhherqngqlizoxtt/Build/Intermediates.noindex/AICoven\ Local.build/Debug/AICoven.build/Objects-normal/arm64/AICoven.swiftdoc (in target 'AICoven' from project 'AICoven Local')
    cd /Users/andreeapapillon/Documents/GitHub/aicoven-local-opensource/swift/AICoven
    builtin-copy -exclude .DS_Store -exclude CVS -exclude .svn -exclude .git -exclude .hg -resolve-src-symlinks -rename /Users/andreeapapillon/Library/Developer/Xcode/DerivedData/AICoven_Local-gvtpajtveckudhherqngqlizoxtt/Build/Intermediates.noindex/AICoven\ Local.build/Debug/AICoven.build/Objects-normal/arm64/AICoven.swiftdoc /Users/andreeapapillon/Library/Developer/Xcode/DerivedData/AICoven_Local-gvtpajtveckudhherqngqlizoxtt/Build/Products/Debug/AICoven.swiftmodule/arm64-apple-macos.swiftdoc

Copy /Users/andreeapapillon/Library/Developer/Xcode/DerivedData/AICoven_Local-gvtpajtveckudhherqngqlizoxtt/Build/Products/Debug/AICoven.swiftmodule/arm64-apple-macos.abi.json /Users/andreeapapillon/Library/Developer/Xcode/DerivedData/AICoven_Local-gvtpajtveckudhherqngqlizoxtt/Build/Intermediates.noindex/AICoven\ Local.build/Debug/AICoven.build/Objects-normal/arm64/AICoven.abi.json (in target 'AICoven' from project 'AICoven Local')
    cd /Users/andreeapapillon/Documents/GitHub/aicoven-local-opensource/swift/AICoven
    builtin-copy -exclude .DS_Store -exclude CVS -exclude .svn -exclude .git -exclude .hg -resolve-src-symlinks -rename /Users/andreeapapillon/Library/Developer/Xcode/DerivedData/AICoven_Local-gvtpajtveckudhherqngqlizoxtt/Build/Intermediates.noindex/AICoven\ Local.build/Debug/AICoven.build/Objects-normal/arm64/AICoven.abi.json /Users/andreeapapillon/Library/Developer/Xcode/DerivedData/AICoven_Local-gvtpajtveckudhherqngqlizoxtt/Build/Products/Debug/AICoven.swiftmodule/arm64-apple-macos.abi.json

Copy /Users/andreeapapillon/Library/Developer/Xcode/DerivedData/AICoven_Local-gvtpajtveckudhherqngqlizoxtt/Build/Products/Debug/AICoven.swiftmodule/Project/arm64-apple-macos.swiftsourceinfo /Users/andreeapapillon/Library/Developer/Xcode/DerivedData/AICoven_Local-gvtpajtveckudhherqngqlizoxtt/Build/Intermediates.noindex/AICoven\ Local.build/Debug/AICoven.build/Objects-normal/arm64/AICoven.swiftsourceinfo (in target 'AICoven' from project 'AICoven Local')
    cd /Users/andreeapapillon/Documents/GitHub/aicoven-local-opensource/swift/AICoven
    builtin-copy -exclude .DS_Store -exclude CVS -exclude .svn -exclude .git -exclude .hg -resolve-src-symlinks -rename /Users/andreeapapillon/Library/Developer/Xcode/DerivedData/AICoven_Local-gvtpajtveckudhherqngqlizoxtt/Build/Intermediates.noindex/AICoven\ Local.build/Debug/AICoven.build/Objects-normal/arm64/AICoven.swiftsourceinfo /Users/andreeapapillon/Library/Developer/Xcode/DerivedData/AICoven_Local-gvtpajtveckudhherqngqlizoxtt/Build/Products/Debug/AICoven.swiftmodule/Project/arm64-apple-macos.swiftsourceinfo

SwiftDriver AICovenTests normal arm64 com.apple.xcode.tools.swift.compiler (in target 'AICovenTests' from project 'AICoven Local')
    cd /Users/andreeapapillon/Documents/GitHub/aicoven-local-opensource/swift/AICoven
    builtin-SwiftDriver -- /Applications/Xcode.app/Contents/Developer/Toolchains/XcodeDefault.xctoolchain/usr/bin/swiftc -module-name AICovenTests -Onone @/Users/andreeapapillon/Library/Developer/Xcode/DerivedData/AICoven_Local-gvtpajtveckudhherqngqlizoxtt/Build/Intermediates.noindex/AICoven\ Local.build/Debug/AICovenTests.build/Objects-normal/arm64/AICovenTests.SwiftFileList -DDEBUG -Xcc -fmodule-map-file\=/Users/andreeapapillon/Library/Developer/Xcode/DerivedData/AICoven_Local-gvtpajtveckudhherqngqlizoxtt/Build/Intermediates.noindex/GeneratedModuleMaps/GoogleAdsOnDeviceConversionTarget.modulemap -Xcc -fmodule-map-file\=/Users/andreeapapillon/Library/Developer/Xcode/DerivedData/AICoven_Local-gvtpajtveckudhherqngqlizoxtt/Build/Intermediates.noindex/GeneratedModuleMaps/GoogleAppMeasurementTarget.modulemap -Xcc -fmodule-map-file\=/Users/andreeapapillon/Library/Developer/Xcode/DerivedData/AICoven_Local-gvtpajtveckudhherqngqlizoxtt/Build/Intermediates.noindex/GeneratedModuleMaps/FirebaseAnalyticsWrapper.modulemap -Xcc -fmodule-map-file\=/Users/andreeapapillon/Library/Developer/Xcode/DerivedData/AICoven_Local-gvtpajtveckudhherqngqlizoxtt/Build/Intermediates.noindex/GeneratedModuleMaps/FirebaseAnalyticsTarget.modulemap -Xcc -fmodule-map-file\=/Users/andreeapapillon/Library/Developer/Xcode/DerivedData/AICoven_Local-gvtpajtveckudhherqngqlizoxtt/Build/Intermediates.noindex/GeneratedModuleMaps/GoogleAppMeasurementIdentitySupportTarget.modulemap -Xcc -fmodule-map-file\=/Users/andreeapapillon/Library/Developer/Xcode/DerivedData/AICoven_Local-gvtpajtveckudhherqngqlizoxtt/Build/Intermediates.noindex/GeneratedModuleMaps/FirebaseAnalyticsIdentitySupportTarget.modulemap -Xcc -fmodule-map-file\=/Users/andreeapapillon/Library/Developer/Xcode/DerivedData/AICoven_Local-gvtpajtveckudhherqngqlizoxtt/Build/Intermediates.noindex/GeneratedModuleMaps/FirebaseMessaging.modulemap -Xcc -fmodule-map-file\=/Users/andreeapapillon/Library/Developer/Xcode/DerivedData/AICoven_Local-gvtpajtveckudhherqngqlizoxtt/Build/Intermediates.noindex/GeneratedModuleMaps/GoogleDataTransport.modulemap -Xcc -fmodule-map-file\=/Users/andreeapapillon/Library/Developer/Xcode/DerivedData/AICoven_Local-gvtpajtveckudhherqngqlizoxtt/Build/Intermediates.noindex/GeneratedModuleMaps/FirebaseSessionsObjC.modulemap -Xcc -fmodule-map-file\=/Users/andreeapapillon/Library/Developer/Xcode/DerivedData/AICoven_Local-gvtpajtveckudhherqngqlizoxtt/Build/Intermediates.noindex/GeneratedModuleMaps/FirebaseCrashlytics.modulemap -Xcc -fmodule-map-file\=/Users/andreeapapillon/Library/Developer/Xcode/DerivedData/AICoven_Local-gvtpajtveckudhherqngqlizoxtt/Build/Intermediates.noindex/GeneratedModuleMaps/FirebaseRemoteConfigInternal.modulemap -Xcc -fmodule-map-file\=/Users/andreeapapillon/Library/Developer/Xcode/DerivedData/AICoven_Local-gvtpajtveckudhherqngqlizoxtt/Build/Intermediates.noindex/GeneratedModuleMaps/FirebaseABTesting.modulemap -Xcc -fmodule-map-file\=/Users/andreeapapillon/Library/Developer/Xcode/DerivedData/AICoven_Local-gvtpajtveckudhherqngqlizoxtt/Build/Intermediates.noindex/GeneratedModuleMaps/GoogleUtilities-UserDefaults.modulemap -Xcc -fmodule-map-file\=/Users/andreeapapillon/Library/Developer/Xcode/DerivedData/AICoven_Local-gvtpajtveckudhherqngqlizoxtt/Build/Intermediates.noindex/GeneratedModuleMaps/GoogleAppMeasurementCoreTarget.modulemap -Xcc -fmodule-map-file\=/Users/andreeapapillon/Library/Developer/Xcode/DerivedData/AICoven_Local-gvtpajtveckudhherqngqlizoxtt/Build/Intermediates.noindex/GeneratedModuleMaps/GoogleUtilities-MethodSwizzler.modulemap -Xcc -fmodule-map-file\=/Users/andreeapapillon/Library/Developer/Xcode/DerivedData/AICoven_Local-gvtpajtveckudhherqngqlizoxtt/Build/Intermediates.noindex/GeneratedModuleMaps/nanopb.modulemap -Xcc -fmodule-map-file\=/Users/andreeapapillon/Library/Developer/Xcode/DerivedData/AICoven_Local-gvtpajtveckudhherqngqlizoxtt/Build/Intermediates.noindex/GeneratedModuleMaps/FirebaseAnalyticsCoreWrapper.modulemap -Xcc -fmodule-map-file\=/Users/andreeapapillon/Library/Developer/Xcode/DerivedData/AICoven_Local-gvtpajtveckudhherqngqlizoxtt/Build/Intermediates.noindex/GeneratedModuleMaps/FirebaseInstallations.modulemap -Xcc -fmodule-map-file\=/Users/andreeapapillon/Library/Developer/Xcode/DerivedData/AICoven_Local-gvtpajtveckudhherqngqlizoxtt/Build/Intermediates.noindex/GeneratedModuleMaps/FirebaseAnalyticsCoreTarget.modulemap -Xcc -fmodule-map-file\=/Users/andreeapapillon/Library/Developer/Xcode/DerivedData/AICoven_Local-gvtpajtveckudhherqngqlizoxtt/Build/Intermediates.noindex/GeneratedModuleMaps/RecaptchaInterop.modulemap -Xcc -fmodule-map-file\=/Users/andreeapapillon/Library/Developer/Xcode/DerivedData/AICoven_Local-gvtpajtveckudhherqngqlizoxtt/Build/Intermediates.noindex/GeneratedModuleMaps/GoogleUtilities-Network.modulemap -Xcc -fmodule-map-file\=/Users/andreeapapillon/Library/Developer/Xcode/DerivedData/AICoven_Local-gvtpajtveckudhherqngqlizoxtt/Build/Intermediates.noindex/GeneratedModuleMaps/GoogleUtilities-Reachability.modulemap -Xcc -fmodule-map-file\=/Users/andreeapapillon/Library/Developer/Xcode/DerivedData/AICoven_Local-gvtpajtveckudhherqngqlizoxtt/Build/Intermediates.noindex/GeneratedModuleMaps/GoogleUtilities-NSData.modulemap -Xcc -fmodule-map-file\=/Users/andreeapapillon/Library/Developer/Xcode/DerivedData/AICoven_Local-gvtpajtveckudhherqngqlizoxtt/Build/Intermediates.noindex/GeneratedModuleMaps/GoogleUtilities-Logger.modulemap -Xcc -fmodule-map-file\=/Users/andreeapapillon/Library/Developer/Xcode/DerivedData/AICoven_Local-gvtpajtveckudhherqngqlizoxtt/Build/Intermediates.noindex/GeneratedModuleMaps/GoogleUtilities-Environment.modulemap -Xcc -fmodule-map-file\=/Users/andreeapapillon/Library/Developer/Xcode/DerivedData/AICoven_Local-gvtpajtveckudhherqngqlizoxtt/Build/Intermediates.noindex/GeneratedModuleMaps/third-party-IsAppEncrypted.modulemap -Xcc -fmodule-map-file\=/Users/andreeapapillon/Library/Developer/Xcode/DerivedData/AICoven_Local-gvtpajtveckudhherqngqlizoxtt/Build/Intermediates.noindex/GeneratedModuleMaps/GoogleUtilities-AppDelegateSwizzler.modulemap -Xcc -fmodule-map-file\=/Users/andreeapapillon/Library/Developer/Xcode/DerivedData/AICoven_Local-gvtpajtveckudhherqngqlizoxtt/Build/Intermediates.noindex/GeneratedModuleMaps/GTMSessionFetcherCore.modulemap -Xcc -fmodule-map-file\=/Users/andreeapapillon/Library/Developer/Xcode/DerivedData/AICoven_Local-gvtpajtveckudhherqngqlizoxtt/Build/Intermediates.noindex/GeneratedModuleMaps/FirebaseCoreExtension.modulemap -Xcc -fmodule-map-file\=/Users/andreeapapillon/Library/Developer/Xcode/DerivedData/AICoven_Local-gvtpajtveckudhherqngqlizoxtt/Build/Intermediates.noindex/GeneratedModuleMaps/FirebaseCore.modulemap -Xcc -fmodule-map-file\=/Users/andreeapapillon/Library/Developer/Xcode/DerivedData/AICoven_Local-gvtpajtveckudhherqngqlizoxtt/Build/Intermediates.noindex/GeneratedModuleMaps/FirebaseAuthInternal.modulemap -Xcc -fmodule-map-file\=/Users/andreeapapillon/Library/Developer/Xcode/DerivedData/AICoven_Local-gvtpajtveckudhherqngqlizoxtt/Build/Intermediates.noindex/GeneratedModuleMaps/FirebaseAuthInterop.modulemap -Xcc -fmodule-map-file\=/Users/andreeapapillon/Library/Developer/Xcode/DerivedData/AICoven_Local-gvtpajtveckudhherqngqlizoxtt/Build/Intermediates.noindex/GeneratedModuleMaps/FirebaseAppCheckInterop.modulemap -Xcc -fmodule-map-file\=/Users/andreeapapillon/Library/Developer/Xcode/DerivedData/AICoven_Local-gvtpajtveckudhherqngqlizoxtt/SourcePackages/checkouts/GRDB.swift/Sources/GRDBSQLite/module.modulemap -plugin-path /Applications/Xcode.app/Contents/Developer/Toolchains/XcodeDefault.xctoolchain/usr/lib/swift/host/plugins/testing -enable-bare-slash-regex -enable-upcoming-feature DisableOutwardActorInference -enable-upcoming-feature InferSendableFromCaptures -enable-upcoming-feature GlobalActorIsolatedTypesUsability -enable-upcoming-feature MemberImportVisibility -enable-upcoming-feature InferIsolatedConformances -enable-upcoming-feature NonisolatedNonsendingByDefault -enable-experimental-feature DebugDescriptionMacro -sdk /Applications/Xcode.app/Contents/Developer/Platforms/MacOSX.platform/Developer/SDKs/MacOSX26.4.sdk -target arm64-apple-macos15.7 -g -module-cache-path /Users/andreeapapillon/Library/Developer/Xcode/DerivedData/ModuleCache.noindex -Xfrontend -serialize-debugging-options -profile-coverage-mapping -profile-generate -enable-testing -index-store-path /Users/andreeapapillon/Library/Developer/Xcode/DerivedData/AICoven_Local-gvtpajtveckudhherqngqlizoxtt/Index.noindex/DataStore -Xcc -D_LIBCPP_HARDENING_MODE\=_LIBCPP_HARDENING_MODE_DEBUG -swift-version 5 -I /Users/andreeapapillon/Library/Developer/Xcode/DerivedData/AICoven_Local-gvtpajtveckudhherqngqlizoxtt/Build/Products/Debug -Isystem /Applications/Xcode.app/Contents/Developer/Platforms/MacOSX.platform/Developer/usr/lib -F /Users/andreeapapillon/Library/Developer/Xcode/DerivedData/AICoven_Local-gvtpajtveckudhherqngqlizoxtt/Build/Products/Debug/PackageFrameworks -F /Users/andreeapapillon/Library/Developer/Xcode/DerivedData/AICoven_Local-gvtpajtveckudhherqngqlizoxtt/Build/Products/Debug/PackageFrameworks -F /Users/andreeapapillon/Library/Developer/Xcode/DerivedData/AICoven_Local-gvtpajtveckudhherqngqlizoxtt/Build/Products/Debug/PackageFrameworks -F /Users/andreeapapillon/Library/Developer/Xcode/DerivedData/AICoven_Local-gvtpajtveckudhherqngqlizoxtt/Build/Products/Debug/PackageFrameworks -F /Users/andreeapapillon/Library/Developer/Xcode/DerivedData/AICoven_Local-gvtpajtveckudhherqngqlizoxtt/Build/Products/Debug/PackageFrameworks -F /Users/andreeapapillon/Library/Developer/Xcode/DerivedData/AICoven_Local-gvtpajtveckudhherqngqlizoxtt/Build/Products/Debug/PackageFrameworks -F /Users/andreeapapillon/Library/Developer/Xcode/DerivedData/AICoven_Local-gvtpajtveckudhherqngqlizoxtt/Build/Products/Debug/PackageFrameworks -F /Users/andreeapapillon/Library/Developer/Xcode/DerivedData/AICoven_Local-gvtpajtveckudhherqngqlizoxtt/Build/Products/Debug/PackageFrameworks -F /Users/andreeapapillon/Library/Developer/Xcode/DerivedData/AICoven_Local-gvtpajtveckudhherqngqlizoxtt/Build/Products/Debug/PackageFrameworks -F /Users/andreeapapillon/Library/Developer/Xcode/DerivedData/AICoven_Local-gvtpajtveckudhherqngqlizoxtt/Build/Products/Debug/PackageFrameworks -F /Users/andreeapapillon/Library/Developer/Xcode/DerivedData/AICoven_Local-gvtpajtveckudhherqngqlizoxtt/Build/Products/Debug/PackageFrameworks -F /Users/andreeapapillon/Library/Developer/Xcode/DerivedData/AICoven_Local-gvtpajtveckudhherqngqlizoxtt/Build/Products/Debug/PackageFrameworks -F /Users/andreeapapillon/Library/Developer/Xcode/DerivedData/AICoven_Local-gvtpajtveckudhherqngqlizoxtt/Build/Products/Debug/PackageFrameworks -F /Users/andreeapapillon/Library/Developer/Xcode/DerivedData/AICoven_Local-gvtpajtveckudhherqngqlizoxtt/Build/Products/Debug/PackageFrameworks -F /Users/andreeapapillon/Library/Developer/Xcode/DerivedData/AICoven_Local-gvtpajtveckudhherqngqlizoxtt/Build/Products/Debug/PackageFrameworks -F /Users/andreeapapillon/Library/Developer/Xcode/DerivedData/AICoven_Local-gvtpajtveckudhherqngqlizoxtt/Build/Products/Debug/PackageFrameworks -F /Users/andreeapapillon/Library/Developer/Xcode/DerivedData/AICoven_Local-gvtpajtveckudhherqngqlizoxtt/Build/Products/Debug/PackageFrameworks -F /Users/andreeapapillon/Library/Developer/Xcode/DerivedData/AICoven_Local-gvtpajtveckudhherqngqlizoxtt/Build/Products/Debug/PackageFrameworks -F /Users/andreeapapillon/Library/Developer/Xcode/DerivedData/AICoven_Local-gvtpajtveckudhherqngqlizoxtt/Build/Products/Debug/PackageFrameworks -F /Users/andreeapapillon/Library/Developer/Xcode/DerivedData/AICoven_Local-gvtpajtveckudhherqngqlizoxtt/Build/Products/Debug/PackageFrameworks -F /Users/andreeapapillon/Library/Developer/Xcode/DerivedData/AICoven_Local-gvtpajtveckudhherqngqlizoxtt/Build/Products/Debug/PackageFrameworks -F /Users/andreeapapillon/Library/Developer/Xcode/DerivedData/AICoven_Local-gvtpajtveckudhherqngqlizoxtt/Build/Products/Debug/PackageFrameworks -F /Users/andreeapapillon/Library/Developer/Xcode/DerivedData/AICoven_Local-gvtpajtveckudhherqngqlizoxtt/Build/Products/Debug/PackageFrameworks -F /Users/andreeapapillon/Library/Developer/Xcode/DerivedData/AICoven_Local-gvtpajtveckudhherqngqlizoxtt/Build/Products/Debug/PackageFrameworks -F /Users/andreeapapillon/Library/Developer/Xcode/DerivedData/AICoven_Local-gvtpajtveckudhherqngqlizoxtt/Build/Products/Debug/PackageFrameworks -F /Users/andreeapapillon/Library/Developer/Xcode/DerivedData/AICoven_Local-gvtpajtveckudhherqngqlizoxtt/Build/Products/Debug/PackageFrameworks -F /Users/andreeapapillon/Library/Developer/Xcode/DerivedData/AICoven_Local-gvtpajtveckudhherqngqlizoxtt/Build/Products/Debug/PackageFrameworks -F /Users/andreeapapillon/Library/Developer/Xcode/DerivedData/AICoven_Local-gvtpajtveckudhherqngqlizoxtt/Build/Products/Debug/PackageFrameworks -F /Users/andreeapapillon/Library/Developer/Xcode/DerivedData/AICoven_Local-gvtpajtveckudhherqngqlizoxtt/Build/Products/Debug/PackageFrameworks -F /Users/andreeapapillon/Library/Developer/Xcode/DerivedData/AICoven_Local-gvtpajtveckudhherqngqlizoxtt/Build/Products/Debug/PackageFrameworks -F /Users/andreeapapillon/Library/Developer/Xcode/DerivedData/AICoven_Local-gvtpajtveckudhherqngqlizoxtt/Build/Products/Debug/PackageFrameworks -F /Users/andreeapapillon/Library/Developer/Xcode/DerivedData/AICoven_Local-gvtpajtveckudhherqngqlizoxtt/Build/Products/Debug/PackageFrameworks -F /Users/andreeapapillon/Library/Developer/Xcode/DerivedData/AICoven_Local-gvtpajtveckudhherqngqlizoxtt/Build/Products/Debug/PackageFrameworks -F /Users/andreeapapillon/Library/Developer/Xcode/DerivedData/AICoven_Local-gvtpajtveckudhherqngqlizoxtt/Build/Products/Debug/PackageFrameworks -F /Users/andreeapapillon/Library/Developer/Xcode/DerivedData/AICoven_Local-gvtpajtveckudhherqngqlizoxtt/Build/Products/Debug/PackageFrameworks -F /Users/andreeapapillon/Library/Developer/Xcode/DerivedData/AICoven_Local-gvtpajtveckudhherqngqlizoxtt/Build/Products/Debug/PackageFrameworks -F /Users/andreeapapillon/Library/Developer/Xcode/DerivedData/AICoven_Local-gvtpajtveckudhherqngqlizoxtt/Build/Products/Debug/PackageFrameworks -F /Users/andreeapapillon/Library/Developer/Xcode/DerivedData/AICoven_Local-gvtpajtveckudhherqngqlizoxtt/Build/Products/Debug/PackageFrameworks -F /Users/andreeapapillon/Library/Developer/Xcode/DerivedData/AICoven_Local-gvtpajtveckudhherqngqlizoxtt/Build/Products/Debug/PackageFrameworks -F /Users/andreeapapillon/Library/Developer/Xcode/DerivedData/AICoven_Local-gvtpajtveckudhherqngqlizoxtt/Build/Products/Debug/PackageFrameworks -F /Users/andreeapapillon/Library/Developer/Xcode/DerivedData/AICoven_Local-gvtpajtveckudhherqngqlizoxtt/Build/Products/Debug/PackageFrameworks -F /Users/andreeapapillon/Library/Developer/Xcode/DerivedData/AICoven_Local-gvtpajtveckudhherqngqlizoxtt/Build/Products/Debug/PackageFrameworks -F /Users/andreeapapillon/Library/Developer/Xcode/DerivedData/AICoven_Local-gvtpajtveckudhherqngqlizoxtt/Build/Products/Debug/PackageFrameworks -F /Users/andreeapapillon/Library/Developer/Xcode/DerivedData/AICoven_Local-gvtpajtveckudhherqngqlizoxtt/Build/Products/Debug/PackageFrameworks -F /Users/andreeapapillon/Library/Developer/Xcode/DerivedData/AICoven_Local-gvtpajtveckudhherqngqlizoxtt/Build/Products/Debug/PackageFrameworks -F /Users/andreeapapillon/Library/Developer/Xcode/DerivedData/AICoven_Local-gvtpajtveckudhherqngqlizoxtt/Build/Products/Debug/PackageFrameworks -F /Users/andreeapapillon/Library/Developer/Xcode/DerivedData/AICoven_Local-gvtpajtveckudhherqngqlizoxtt/Build/Products/Debug/PackageFrameworks -F /Users/andreeapapillon/Library/Developer/Xcode/DerivedData/AICoven_Local-gvtpajtveckudhherqngqlizoxtt/Build/Products/Debug/PackageFrameworks -F /Users/andreeapapillon/Library/Developer/Xcode/DerivedData/AICoven_Local-gvtpajtveckudhherqngqlizoxtt/Build/Products/Debug/PackageFrameworks -F /Users/andreeapapillon/Library/Developer/Xcode/DerivedData/AICoven_Local-gvtpajtveckudhherqngqlizoxtt/Build/Products/Debug/PackageFrameworks -F /Users/andreeapapillon/Library/Developer/Xcode/DerivedData/AICoven_Local-gvtpajtveckudhherqngqlizoxtt/Build/Products/Debug/PackageFrameworks -F /Users/andreeapapillon/Library/Developer/Xcode/DerivedData/AICoven_Local-gvtpajtveckudhherqngqlizoxtt/Build/Products/Debug/PackageFrameworks -F /Users/andreeapapillon/Library/Developer/Xcode/DerivedData/AICoven_Local-gvtpajtveckudhherqngqlizoxtt/Build/Products/Debug/PackageFrameworks -F /Users/andreeapapillon/Library/Developer/Xcode/DerivedData/AICoven_Local-gvtpajtveckudhherqngqlizoxtt/Build/Products/Debug/PackageFrameworks -F /Users/andreeapapillon/Library/Developer/Xcode/DerivedData/AICoven_Local-gvtpajtveckudhherqngqlizoxtt/Build/Products/Debug/PackageFrameworks -F /Users/andreeapapillon/Library/Developer/Xcode/DerivedData/AICoven_Local-gvtpajtveckudhherqngqlizoxtt/Build/Products/Debug/PackageFrameworks -F /Users/andreeapapillon/Library/Developer/Xcode/DerivedData/AICoven_Local-gvtpajtveckudhherqngqlizoxtt/Build/Products/Debug/PackageFrameworks -F /Users/andreeapapillon/Library/Developer/Xcode/DerivedData/AICoven_Local-gvtpajtveckudhherqngqlizoxtt/Build/Products/Debug/PackageFrameworks -F /Users/andreeapapillon/Library/Developer/Xcode/DerivedData/AICoven_Local-gvtpajtveckudhherqngqlizoxtt/Build/Products/Debug/PackageFrameworks -F /Users/andreeapapillon/Library/Developer/Xcode/DerivedData/AICoven_Local-gvtpajtveckudhherqngqlizoxtt/Build/Products/Debug/PackageFrameworks -F /Users/andreeapapillon/Library/Developer/Xcode/DerivedData/AICoven_Local-gvtpajtveckudhherqngqlizoxtt/Build/Products/Debug/PackageFrameworks -F /Users/andreeapapillon/Library/Developer/Xcode/DerivedData/AICoven_Local-gvtpajtveckudhherqngqlizoxtt/Build/Products/Debug/PackageFrameworks -F /Users/andreeapapillon/Library/Developer/Xcode/DerivedData/AICoven_Local-gvtpajtveckudhherqngqlizoxtt/Build/Products/Debug/PackageFrameworks -F /Users/andreeapapillon/Library/Developer/Xcode/DerivedData/AICoven_Local-gvtpajtveckudhherqngqlizoxtt/Build/Products/Debug/PackageFrameworks -F /Users/andreeapapillon/Library/Developer/Xcode/DerivedData/AICoven_Local-gvtpajtveckudhherqngqlizoxtt/Build/Products/Debug -F /Applications/Xcode.app/Contents/Developer/Platforms/MacOSX.platform/Developer/Library/Frameworks -c -j10 -enable-batch-mode -incremental -Xcc -ivfsstatcache -Xcc /Users/andreeapapillon/Library/Developer/Xcode/DerivedData/SDKStatCaches.noindex/macosx26.4-25E236-688ef53f1462e2c8f657fdc38a81448f30f9ca8789b706f8bd3fc906a70d770f.sdkstatcache -output-file-map /Users/andreeapapillon/Library/Developer/Xcode/DerivedData/AICoven_Local-gvtpajtveckudhherqngqlizoxtt/Build/Intermediates.noindex/AICoven\ Local.build/Debug/AICovenTests.build/Objects-normal/arm64/AICovenTests-OutputFileMap.json -use-frontend-parseable-output -save-temps -no-color-diagnostics -explicit-module-build -module-cache-path /Users/andreeapapillon/Library/Developer/Xcode/DerivedData/AICoven_Local-gvtpajtveckudhherqngqlizoxtt/Build/Intermediates.noindex/SwiftExplicitPrecompiledModules -clang-scanner-module-cache-path /Users/andreeapapillon/Library/Developer/Xcode/DerivedData/ModuleCache.noindex -sdk-module-cache-path /Users/andreeapapillon/Library/Developer/Xcode/DerivedData/ModuleCache.noindex -serialize-diagnostics -emit-dependencies -emit-module -emit-module-path /Users/andreeapapillon/Library/Developer/Xcode/DerivedData/AICoven_Local-gvtpajtveckudhherqngqlizoxtt/Build/Intermediates.noindex/AICoven\ Local.build/Debug/AICovenTests.build/Objects-normal/arm64/AICovenTests.swiftmodule -validate-clang-modules-once -clang-build-session-file /Users/andreeapapillon/Library/Developer/Xcode/DerivedData/ModuleCache.noindex/Session.modulevalidation -Xcc -I/Users/andreeapapillon/Library/Developer/Xcode/DerivedData/AICoven_Local-gvtpajtveckudhherqngqlizoxtt/Build/Intermediates.noindex/AICoven\ Local.build/Debug/AICovenTests.build/swift-overrides.hmap -emit-const-values -Xfrontend -const-gather-protocols-file -Xfrontend /Users/andreeapapillon/Library/Developer/Xcode/DerivedData/AICoven_Local-gvtpajtveckudhherqngqlizoxtt/Build/Intermediates.noindex/AICoven\ Local.build/Debug/AICovenTests.build/Objects-normal/arm64/AICovenTests_const_extract_protocols.json -Xcc -iquote -Xcc /Users/andreeapapillon/Library/Developer/Xcode/DerivedData/AICoven_Local-gvtpajtveckudhherqngqlizoxtt/Build/Intermediates.noindex/AICoven\ Local.build/Debug/AICovenTests.build/AICovenTests-generated-files.hmap -Xcc -I/Users/andreeapapillon/Library/Developer/Xcode/DerivedData/AICoven_Local-gvtpajtveckudhherqngqlizoxtt/Build/Intermediates.noindex/AICoven\ Local.build/Debug/AICovenTests.build/AICovenTests-own-target-headers.hmap -Xcc -I/Users/andreeapapillon/Library/Developer/Xcode/DerivedData/AICoven_Local-gvtpajtveckudhherqngqlizoxtt/Build/Intermediates.noindex/AICoven\ Local.build/Debug/AICovenTests.build/AICovenTests-all-non-framework-target-headers.hmap -Xcc -ivfsoverlay -Xcc /Users/andreeapapillon/Library/Developer/Xcode/DerivedData/AICoven_Local-gvtpajtveckudhherqngqlizoxtt/Build/Intermediates.noindex/AICoven\ Local.build/Debug/AICoven\ Local-59fa713dd094a5d8a9705f05f0c82ed1-VFS/all-product-headers.yaml -Xcc -iquote -Xcc /Users/andreeapapillon/Library/Developer/Xcode/DerivedData/AICoven_Local-gvtpajtveckudhherqngqlizoxtt/Build/Intermediates.noindex/AICoven\ Local.build/Debug/AICovenTests.build/AICovenTests-project-headers.hmap -Xcc -I/Users/andreeapapillon/Library/Developer/Xcode/DerivedData/AICoven_Local-gvtpajtveckudhherqngqlizoxtt/SourcePackages/checkouts/google-ads-on-device-conversion-ios-sdk/GoogleAdsOnDeviceConversionWrapper/include -Xcc -I/Users/andreeapapillon/Library/Developer/Xcode/DerivedData/AICoven_Local-gvtpajtveckudhherqngqlizoxtt/SourcePackages/checkouts/GoogleAppMeasurement/GoogleAppMeasurementWrapper/include -Xcc -I/Users/andreeapapillon/Library/Developer/Xcode/DerivedData/AICoven_Local-gvtpajtveckudhherqngqlizoxtt/SourcePackages/checkouts/firebase-ios-sdk/FirebaseAnalyticsWrapper/include -Xcc -I/Users/andreeapapillon/Library/Developer/Xcode/DerivedData/AICoven_Local-gvtpajtveckudhherqngqlizoxtt/SourcePackages/checkouts/firebase-ios-sdk/SwiftPM-PlatformExclude/FirebaseAnalyticsWrap/include -Xcc -I/Users/andreeapapillon/Library/Developer/Xcode/DerivedData/AICoven_Local-gvtpajtveckudhherqngqlizoxtt/SourcePackages/checkouts/GoogleAppMeasurement/GoogleAppMeasurementIdentitySupportWrapper/include -Xcc -I/Users/andreeapapillon/Library/Developer/Xcode/DerivedData/AICoven_Local-gvtpajtveckudhherqngqlizoxtt/SourcePackages/checkouts/firebase-ios-sdk/FirebaseAnalyticsIdentitySupportWrapper/include -Xcc -I/Users/andreeapapillon/Library/Developer/Xcode/DerivedData/AICoven_Local-gvtpajtveckudhherqngqlizoxtt/SourcePackages/checkouts/firebase-ios-sdk/FirebaseMessaging/Sources/Public -Xcc -I/Users/andreeapapillon/Library/Developer/Xcode/DerivedData/AICoven_Local-gvtpajtveckudhherqngqlizoxtt/SourcePackages/checkouts/GoogleDataTransport/GoogleDataTransport/GDTCORLibrary/Public -Xcc -I/Users/andreeapapillon/Library/Developer/Xcode/DerivedData/AICoven_Local-gvtpajtveckudhherqngqlizoxtt/SourcePackages/checkouts/firebase-ios-sdk/FirebaseSessions/SourcesObjC -Xcc -I/Users/andreeapapillon/Library/Developer/Xcode/DerivedData/AICoven_Local-gvtpajtveckudhherqngqlizoxtt/SourcePackages/checkouts/firebase-ios-sdk/Crashlytics/Crashlytics/Public -Xcc -I/Users/andreeapapillon/Library/Developer/Xcode/DerivedData/AICoven_Local-gvtpajtveckudhherqngqlizoxtt/SourcePackages/checkouts/firebase-ios-sdk/FirebaseRemoteConfig/Sources/Public -Xcc -I/Users/andreeapapillon/Library/Developer/Xcode/DerivedData/AICoven_Local-gvtpajtveckudhherqngqlizoxtt/SourcePackages/checkouts/firebase-ios-sdk/FirebaseABTesting/Sources/Public -Xcc -I/Users/andreeapapillon/Library/Developer/Xcode/DerivedData/AICoven_Local-gvtpajtveckudhherqngqlizoxtt/SourcePackages/checkouts/promises/Sources/FBLPromises/include -Xcc -I/Users/andreeapapillon/Library/Developer/Xcode/DerivedData/AICoven_Local-gvtpajtveckudhherqngqlizoxtt/SourcePackages/checkouts/GoogleUtilities/GoogleUtilities/UserDefaults/Public -Xcc -I/Users/andreeapapillon/Library/Developer/Xcode/DerivedData/AICoven_Local-gvtpajtveckudhherqngqlizoxtt/SourcePackages/checkouts/GoogleAppMeasurement/GoogleAppMeasurementCoreWrapper/include -Xcc -I/Users/andreeapapillon/Library/Developer/Xcode/DerivedData/AICoven_Local-gvtpajtveckudhherqngqlizoxtt/SourcePackages/checkouts/GoogleUtilities/GoogleUtilities/MethodSwizzler/Public -Xcc -I/Users/andreeapapillon/Library/Developer/Xcode/DerivedData/AICoven_Local-gvtpajtveckudhherqngqlizoxtt/SourcePackages/checkouts/nanopb/spm_headers -Xcc -I/Users/andreeapapillon/Library/Developer/Xcode/DerivedData/AICoven_Local-gvtpajtveckudhherqngqlizoxtt/SourcePackages/checkouts/firebase-ios-sdk/FirebaseAnalyticsCoreWrapper/include -Xcc -I/Users/andreeapapillon/Library/Developer/Xcode/DerivedData/AICoven_Local-gvtpajtveckudhherqngqlizoxtt/SourcePackages/checkouts/firebase-ios-sdk/FirebaseInstallations/Source/Library/Public -Xcc -I/Users/andreeapapillon/Library/Developer/Xcode/DerivedData/AICoven_Local-gvtpajtveckudhherqngqlizoxtt/SourcePackages/checkouts/firebase-ios-sdk/SwiftPM-PlatformExclude/FirebaseAnalyticsCoreWrap/include -Xcc -I/Users/andreeapapillon/Library/Developer/Xcode/DerivedData/AICoven_Local-gvtpajtveckudhherqngqlizoxtt/SourcePackages/checkouts/swift-numerics/Sources/_NumericsShims/include -Xcc -I/Users/andreeapapillon/Library/Developer/Xcode/DerivedData/AICoven_Local-gvtpajtveckudhherqngqlizoxtt/SourcePackages/checkouts/mlx-swift/Source/Cmlx/include -Xcc -I/Users/andreeapapillon/Library/Developer/Xcode/DerivedData/AICoven_Local-gvtpajtveckudhherqngqlizoxtt/SourcePackages/checkouts/interop-ios-for-google-sdks/RecaptchaEnterprise/RecaptchaInterop/Public -Xcc -I/Users/andreeapapillon/Library/Developer/Xcode/DerivedData/AICoven_Local-gvtpajtveckudhherqngqlizoxtt/SourcePackages/checkouts/GoogleUtilities/GoogleUtilities/Network/Public -Xcc -I/Users/andreeapapillon/Library/Developer/Xcode/DerivedData/AICoven_Local-gvtpajtveckudhherqngqlizoxtt/SourcePackages/checkouts/GoogleUtilities/GoogleUtilities/Reachability/Public -Xcc -I/Users/andreeapapillon/Library/Developer/Xcode/DerivedData/AICoven_Local-gvtpajtveckudhherqngqlizoxtt/SourcePackages/checkouts/GoogleUtilities/GoogleUtilities/NSData+zlib/Public -Xcc -I/Users/andreeapapillon/Library/Developer/Xcode/DerivedData/AICoven_Local-gvtpajtveckudhherqngqlizoxtt/SourcePackages/checkouts/GoogleUtilities/GoogleUtilities/Logger/Public -Xcc -I/Users/andreeapapillon/Library/Developer/Xcode/DerivedData/AICoven_Local-gvtpajtveckudhherqngqlizoxtt/SourcePackages/checkouts/GoogleUtilities/GoogleUtilities/Environment/Public -Xcc -I/Users/andreeapapillon/Library/Developer/Xcode/DerivedData/AICoven_Local-gvtpajtveckudhherqngqlizoxtt/SourcePackages/checkouts/GoogleUtilities/third_party/IsAppEncrypted/Public -Xcc -I/Users/andreeapapillon/Library/Developer/Xcode/DerivedData/AICoven_Local-gvtpajtveckudhherqngqlizoxtt/SourcePackages/checkouts/GoogleUtilities/GoogleUtilities/AppDelegateSwizzler/Public -Xcc -I/Users/andreeapapillon/Library/Developer/Xcode/DerivedData/AICoven_Local-gvtpajtveckudhherqngqlizoxtt/SourcePackages/checkouts/gtm-session-fetcher/Sources/Core/Public -Xcc -I/Users/andreeapapillon/Library/Developer/Xcode/DerivedData/AICoven_Local-gvtpajtveckudhherqngqlizoxtt/SourcePackages/checkouts/firebase-ios-sdk/FirebaseCore/Extension -Xcc -I/Users/andreeapapillon/Library/Developer/Xcode/DerivedData/AICoven_Local-gvtpajtveckudhherqngqlizoxtt/SourcePackages/checkouts/firebase-ios-sdk/FirebaseCore/Sources/Public -Xcc -I/Users/andreeapapillon/Library/Developer/Xcode/DerivedData/AICoven_Local-gvtpajtveckudhherqngqlizoxtt/SourcePackages/checkouts/firebase-ios-sdk/CoreOnly/Sources -Xcc -I/Users/andreeapapillon/Library/Developer/Xcode/DerivedData/AICoven_Local-gvtpajtveckudhherqngqlizoxtt/SourcePackages/checkouts/firebase-ios-sdk/FirebaseAuth/Sources/Public -Xcc -I/Users/andreeapapillon/Library/Developer/Xcode/DerivedData/AICoven_Local-gvtpajtveckudhherqngqlizoxtt/SourcePackages/checkouts/firebase-ios-sdk/FirebaseAuth/Interop/Public -Xcc -I/Users/andreeapapillon/Library/Developer/Xcode/DerivedData/AICoven_Local-gvtpajtveckudhherqngqlizoxtt/SourcePackages/checkouts/firebase-ios-sdk/FirebaseAppCheck/Interop/Public -Xcc -I/Users/andreeapapillon/Library/Developer/Xcode/DerivedData/AICoven_Local-gvtpajtveckudhherqngqlizoxtt/Build/Products/Debug/include -Xcc -I/Users/andreeapapillon/Library/Developer/Xcode/DerivedData/AICoven_Local-gvtpajtveckudhherqngqlizoxtt/Build/Intermediates.noindex/AICoven\ Local.build/Debug/AICovenTests.build/DerivedSources-normal/arm64 -Xcc -I/Users/andreeapapillon/Library/Developer/Xcode/DerivedData/AICoven_Local-gvtpajtveckudhherqngqlizoxtt/Build/Intermediates.noindex/AICoven\ Local.build/Debug/AICovenTests.build/DerivedSources/arm64 -Xcc -I/Users/andreeapapillon/Library/Developer/Xcode/DerivedData/AICoven_Local-gvtpajtveckudhherqngqlizoxtt/Build/Intermediates.noindex/AICoven\ Local.build/Debug/AICovenTests.build/DerivedSources -Xcc -DDEBUG\=1 -emit-objc-header -emit-objc-header-path /Users/andreeapapillon/Library/Developer/Xcode/DerivedData/AICoven_Local-gvtpajtveckudhherqngqlizoxtt/Build/Intermediates.noindex/AICoven\ Local.build/Debug/AICovenTests.build/Objects-normal/arm64/AICovenTests-Swift.h -working-directory /Users/andreeapapillon/Documents/GitHub/aicoven-local-opensource/swift/AICoven -experimental-emit-module-separately -disable-cmo

SwiftDriverJobDiscovery normal arm64 Compiling AICovenApp.swift, ContentView.swift, UnlockEncryptionView.swift, AgentRunner.swift, ContextBuilder.swift, PromptTemplates.swift, AnthropicLLMClient.swift, GeminiLLMClient.swift, MLXLLMClient.swift, MLXModelManager.swift, OllamaLLMClient.swift, OpenAILLMClient.swift, EmbeddingService.swift, LLMClient.swift (in target 'AICoven' from project 'AICoven Local')

SwiftCompile normal arm64 Compiling\ AgentRunnerToolingTests.swift,\ AnthropicLLMClientTests.swift,\ AnyJSONValueTests.swift /Users/andreeapapillon/Documents/GitHub/aicoven-local-opensource/swift/AICoven/AICovenTests/AgentRunnerToolingTests.swift /Users/andreeapapillon/Documents/GitHub/aicoven-local-opensource/swift/AICoven/AICovenTests/AnthropicLLMClientTests.swift /Users/andreeapapillon/Documents/GitHub/aicoven-local-opensource/swift/AICoven/AICovenTests/AnyJSONValueTests.swift (in target 'AICovenTests' from project 'AICoven Local')

SwiftCompile normal arm64 /Users/andreeapapillon/Documents/GitHub/aicoven-local-opensource/swift/AICoven/AICovenTests/AgentRunnerToolingTests.swift (in target 'AICovenTests' from project 'AICoven Local')
    cd /Users/andreeapapillon/Documents/GitHub/aicoven-local-opensource/swift/AICoven
    
/Users/andreeapapillon/Documents/GitHub/aicoven-local-opensource/swift/AICoven/AICovenTests/AgentRunnerToolingTests.swift:53:31: warning: main actor-isolated property 'status' can not be referenced from a nonisolated autoclosure
        XCTAssertEqual(result.status, "ok", "Expected tool to succeed")
                              ^
AICoven.ToolExecutionResult.status:2:25: note: property declared here
@MainActor internal let status: String}
                        ^
/Users/andreeapapillon/Documents/GitHub/aicoven-local-opensource/swift/AICoven/AICovenTests/AgentRunnerToolingTests.swift:54:32: warning: main actor-isolated property 'contextBlock' can not be referenced from a nonisolated autoclosure
        XCTAssertNotNil(result.contextBlock, "Expected contextBlock to be present")
                               ^
AICoven.ToolExecutionResult.contextBlock:2:25: note: property declared here
@MainActor internal let contextBlock: String?}
                        ^
/Users/andreeapapillon/Documents/GitHub/aicoven-local-opensource/swift/AICoven/AICovenTests/AgentRunnerToolingTests.swift:55:30: warning: main actor-isolated property 'contextBlock' can not be referenced from a nonisolated autoclosure
        XCTAssertTrue(result.contextBlock?.contains("[Current Time]") == true, "Expected context to contain time info")
                             ^
AICoven.ToolExecutionResult.contextBlock:2:25: note: property declared here
@MainActor internal let contextBlock: String?}
                        ^
/Users/andreeapapillon/Documents/GitHub/aicoven-local-opensource/swift/AICoven/AICovenTests/AgentRunnerToolingTests.swift:50:20: warning: main actor-isolated initializer 'init(name:args:reason:)' cannot be called from outside of the actor; this is an error in the Swift 6 language mode
        let call = ParsedToolCall(name: "current_time", args: [:])
                   ^~~~~~~~~~~~~~~~~~~~~~~~~~~~~~~~~~~~~~~~~~~~~~~
                   await 
/Users/andreeapapillon/Documents/GitHub/aicoven-local-opensource/swift/AICoven/AICovenTests/AgentRunnerToolingTests.swift:78:31: warning: main actor-isolated property 'status' can not be referenced from a nonisolated autoclosure
        XCTAssertEqual(result.status, "ok", "Expected success status")
                              ^
AICoven.ToolExecutionResult.status:2:25: note: property declared here
@MainActor internal let status: String}
                        ^
/Users/andreeapapillon/Documents/GitHub/aicoven-local-opensource/swift/AICoven/AICovenTests/AgentRunnerToolingTests.swift:79:32: warning: main actor-isolated property 'contextBlock' can not be referenced from a nonisolated autoclosure
        XCTAssertNotNil(result.contextBlock, "Expected contextBlock with search results")
                               ^
AICoven.ToolExecutionResult.contextBlock:2:25: note: property declared here
@MainActor internal let contextBlock: String?}
                        ^
/Users/andreeapapillon/Documents/GitHub/aicoven-local-opensource/swift/AICoven/AICovenTests/AgentRunnerToolingTests.swift:80:30: warning: main actor-isolated property 'contextBlock' can not be referenced from a nonisolated autoclosure
        XCTAssertTrue(result.contextBlock?.contains("Swift Programming Language") == true)
                             ^
AICoven.ToolExecutionResult.contextBlock:2:25: note: property declared here
@MainActor internal let contextBlock: String?}
                        ^
/Users/andreeapapillon/Documents/GitHub/aicoven-local-opensource/swift/AICoven/AICovenTests/AgentRunnerToolingTests.swift:81:30: warning: main actor-isolated property 'contextBlock' can not be referenced from a nonisolated autoclosure
        XCTAssertTrue(result.contextBlock?.contains("swift.org") == true)
                             ^
AICoven.ToolExecutionResult.contextBlock:2:25: note: property declared here
@MainActor internal let contextBlock: String?}
                        ^
/Users/andreeapapillon/Documents/GitHub/aicoven-local-opensource/swift/AICoven/AICovenTests/AgentRunnerToolingTests.swift:75:20: warning: main actor-isolated initializer 'init(name:args:reason:)' cannot be called from outside of the actor; this is an error in the Swift 6 language mode
        let call = ParsedToolCall(name: "web_search", args: ["query": AnyJSONValue("swift programming")])
                   ^~~~~~~~~~~~~~~~~~~~~~~~~~~~~~~~~~~~~~~~~~~~~~~~~~~~~~~~~~~~~~~~~~~~~~~~~~~~~~~~~~~~~~
                   await 
/Users/andreeapapillon/Documents/GitHub/aicoven-local-opensource/swift/AICoven/AICovenTests/AgentRunnerToolingTests.swift:93:31: warning: main actor-isolated property 'status' can not be referenced from a nonisolated autoclosure
        XCTAssertEqual(result.status, "ok", "Expected ok status even for no results")
                              ^
AICoven.ToolExecutionResult.status:2:25: note: property declared here
@MainActor internal let status: String}
                        ^
/Users/andreeapapillon/Documents/GitHub/aicoven-local-opensource/swift/AICoven/AICovenTests/AgentRunnerToolingTests.swift:94:32: warning: main actor-isolated property 'contextBlock' can not be referenced from a nonisolated autoclosure
        XCTAssertNotNil(result.contextBlock, "Expected contextBlock for no results case")
                               ^
AICoven.ToolExecutionResult.contextBlock:2:25: note: property declared here
@MainActor internal let contextBlock: String?}
                        ^
/Users/andreeapapillon/Documents/GitHub/aicoven-local-opensource/swift/AICoven/AICovenTests/AgentRunnerToolingTests.swift:95:30: warning: main actor-isolated property 'contextBlock' can not be referenced from a nonisolated autoclosure
        XCTAssertTrue(result.contextBlock?.contains("No results found") == true)
                             ^
AICoven.ToolExecutionResult.contextBlock:2:25: note: property declared here
@MainActor internal let contextBlock: String?}
                        ^
/Users/andreeapapillon/Documents/GitHub/aicoven-local-opensource/swift/AICoven/AICovenTests/AgentRunnerToolingTests.swift:90:20: warning: main actor-isolated initializer 'init(name:args:reason:)' cannot be called from outside of the actor; this is an error in the Swift 6 language mode
        let call = ParsedToolCall(name: "web_search", args: ["query": AnyJSONValue("xyznonexistentquery12345")])
                   ^~~~~~~~~~~~~~~~~~~~~~~~~~~~~~~~~~~~~~~~~~~~~~~~~~~~~~~~~~~~~~~~~~~~~~~~~~~~~~~~~~~~~~~~~~~~~
                   await 
/Users/andreeapapillon/Documents/GitHub/aicoven-local-opensource/swift/AICoven/AICovenTests/AgentRunnerToolingTests.swift:111:31: warning: main actor-isolated property 'status' can not be referenced from a nonisolated autoclosure
        XCTAssertEqual(result.status, "error", "Expected error status")
                              ^
AICoven.ToolExecutionResult.status:2:25: note: property declared here
@MainActor internal let status: String}
                        ^
/Users/andreeapapillon/Documents/GitHub/aicoven-local-opensource/swift/AICoven/AICovenTests/AgentRunnerToolingTests.swift:112:32: warning: main actor-isolated property 'error' can not be referenced from a nonisolated autoclosure
        XCTAssertNotNil(result.error, "Expected error message")
                               ^
AICoven.ToolExecutionResult.error:2:25: note: property declared here
@MainActor internal let error: String?}
                        ^
/Users/andreeapapillon/Documents/GitHub/aicoven-local-opensource/swift/AICoven/AICovenTests/AgentRunnerToolingTests.swift:113:30: warning: main actor-isolated property 'error' can not be referenced from a nonisolated autoclosure
        XCTAssertTrue(result.error?.contains("Network offline") == true)
                             ^
AICoven.ToolExecutionResult.error:2:25: note: property declared here
@MainActor internal let error: String?}
                        ^
/Users/andreeapapillon/Documents/GitHub/aicoven-local-opensource/swift/AICoven/AICovenTests/AgentRunnerToolingTests.swift:108:20: warning: main actor-isolated initializer 'init(name:args:reason:)' cannot be called from outside of the actor; this is an error in the Swift 6 language mode
        let call = ParsedToolCall(name: "web_search", args: ["query": AnyJSONValue("swift programming")])
                   ^~~~~~~~~~~~~~~~~~~~~~~~~~~~~~~~~~~~~~~~~~~~~~~~~~~~~~~~~~~~~~~~~~~~~~~~~~~~~~~~~~~~~~
                   await 
/Users/andreeapapillon/Documents/GitHub/aicoven-local-opensource/swift/AICoven/AICovenTests/AgentRunnerToolingTests.swift:124:31: warning: main actor-isolated property 'status' can not be referenced from a nonisolated autoclosure
        XCTAssertEqual(result.status, "error", "Expected error for missing query")
                              ^
AICoven.ToolExecutionResult.status:2:25: note: property declared here
@MainActor internal let status: String}
                        ^
/Users/andreeapapillon/Documents/GitHub/aicoven-local-opensource/swift/AICoven/AICovenTests/AgentRunnerToolingTests.swift:121:20: warning: main actor-isolated initializer 'init(name:args:reason:)' cannot be called from outside of the actor; this is an error in the Swift 6 language mode
        let call = ParsedToolCall(name: "web_search", args: [:])
                   ^~~~~~~~~~~~~~~~~~~~~~~~~~~~~~~~~~~~~~~~~~~~~
                   await 
/Users/andreeapapillon/Documents/GitHub/aicoven-local-opensource/swift/AICoven/AICovenTests/AgentRunnerToolingTests.swift:135:31: warning: main actor-isolated property 'status' can not be referenced from a nonisolated autoclosure
        XCTAssertEqual(result.status, "error", "Expected error status for unknown tool")
                              ^
AICoven.ToolExecutionResult.status:2:25: note: property declared here
@MainActor internal let status: String}
                        ^
/Users/andreeapapillon/Documents/GitHub/aicoven-local-opensource/swift/AICoven/AICovenTests/AgentRunnerToolingTests.swift:136:30: warning: main actor-isolated property 'error' can not be referenced from a nonisolated autoclosure
        XCTAssertTrue(result.error?.contains("Unknown tool") == true)
                             ^
AICoven.ToolExecutionResult.error:2:25: note: property declared here
@MainActor internal let error: String?}
                        ^
/Users/andreeapapillon/Documents/GitHub/aicoven-local-opensource/swift/AICoven/AICovenTests/AgentRunnerToolingTests.swift:132:20: warning: main actor-isolated initializer 'init(name:args:reason:)' cannot be called from outside of the actor; this is an error in the Swift 6 language mode
        let call = ParsedToolCall(name: "nonexistent_tool", args: [:])
                   ^~~~~~~~~~~~~~~~~~~~~~~~~~~~~~~~~~~~~~~~~~~~~~~~~~~
                   await 

SwiftCompile normal arm64 /Users/andreeapapillon/Documents/GitHub/aicoven-local-opensource/swift/AICoven/AICovenTests/AnthropicLLMClientTests.swift (in target 'AICovenTests' from project 'AICoven Local')
    cd /Users/andreeapapillon/Documents/GitHub/aicoven-local-opensource/swift/AICoven
    
/Users/andreeapapillon/Documents/GitHub/aicoven-local-opensource/swift/AICoven/AICovenTests/AnthropicLLMClientTests.swift:54:41: warning: main actor-isolated property 'content' can not be referenced from a nonisolated autoclosure
        XCTAssertEqual(response.message.content, "Hello from Claude")
                                        ^
AICoven.LLMMessage.content:2:23: note: property declared here
@MainActor public let content: String}
                      ^
/Users/andreeapapillon/Documents/GitHub/aicoven-local-opensource/swift/AICoven/AICovenTests/AnthropicLLMClientTests.swift:54:33: warning: main actor-isolated property 'message' can not be referenced from a nonisolated autoclosure
        XCTAssertEqual(response.message.content, "Hello from Claude")
                                ^
AICoven.LLMChatResponse.message:2:23: note: property declared here
@MainActor public let message: AICoven.LLMMessage}
                      ^
/Users/andreeapapillon/Documents/GitHub/aicoven-local-opensource/swift/AICoven/AICovenTests/AnthropicLLMClientTests.swift:55:33: warning: main actor-isolated property 'providerID' can not be referenced from a nonisolated autoclosure
        XCTAssertEqual(response.providerID, "anthropic")
                                ^
AICoven.LLMChatResponse.providerID:2:23: note: property declared here
@MainActor public let providerID: String}
                      ^
/Users/andreeapapillon/Documents/GitHub/aicoven-local-opensource/swift/AICoven/AICovenTests/AnthropicLLMClientTests.swift:56:33: warning: main actor-isolated property 'modelID' can not be referenced from a nonisolated autoclosure
        XCTAssertEqual(response.modelID, "claude-3-haiku-20240307")
                                ^
AICoven.LLMChatResponse.modelID:2:23: note: property declared here
@MainActor public let modelID: String}
                      ^
/Users/andreeapapillon/Documents/GitHub/aicoven-local-opensource/swift/AICoven/AICovenTests/AnthropicLLMClientTests.swift:57:31: warning: main actor-isolated property 'usage' can not be referenced from a nonisolated autoclosure
        XCTAssertNil(response.usage)
                              ^
AICoven.LLMChatResponse.usage:2:23: note: property declared here
@MainActor public let usage: AICoven.LLMTokenUsage?}
                      ^
/Users/andreeapapillon/Documents/GitHub/aicoven-local-opensource/swift/AICoven/AICovenTests/AnthropicLLMClientTests.swift:45:25: warning: main actor-isolated initializer 'init(id:role:content:)' cannot be called from outside of the actor; this is an error in the Swift 6 language mode
        let messages = [LLMMessage(role: .user, content: "Hi")]
                       ~^~~~~~~~~~~~~~~~~~~~~~~~~~~~~~~~~~~~~~~
                       await 
/Users/andreeapapillon/Documents/GitHub/aicoven-local-opensource/swift/AICoven/AICovenTests/AnthropicLLMClientTests.swift:46:23: warning: main actor-isolated initializer 'init(temperature:maxTokens:stream:tools:)' cannot be called from outside of the actor; this is an error in the Swift 6 language mode
        let options = ChatOptions(temperature: 0.2, maxTokens: 128, stream: false)
                      ^~~~~~~~~~~~~~~~~~~~~~~~~~~~~~~~~~~~~~~~~~~~~~~~~~~~~~~~~~~~
                      await 
/Users/andreeapapillon/Documents/GitHub/aicoven-local-opensource/swift/AICoven/AICovenTests/AnthropicLLMClientTests.swift:61:26: warning: main actor-isolated initializer 'init(apiKey:baseURL:urlSession:)' cannot be called from outside of the actor; this is an error in the Swift 6 language mode
        let client = try AnthropicLLMClient(
                     ~~~~^~~~~~~~~~~~~~~~~~~
                         await 

SwiftCompile normal arm64 /Users/andreeapapillon/Documents/GitHub/aicoven-local-opensource/swift/AICoven/AICovenTests/AnyJSONValueTests.swift (in target 'AICovenTests' from project 'AICoven Local')
    cd /Users/andreeapapillon/Documents/GitHub/aicoven-local-opensource/swift/AICoven
    

SwiftCompile normal arm64 Compiling\ OpenAILLMClientTests.swift,\ PersistenceIntegrationTests.swift /Users/andreeapapillon/Documents/GitHub/aicoven-local-opensource/swift/AICoven/AICovenTests/OpenAILLMClientTests.swift /Users/andreeapapillon/Documents/GitHub/aicoven-local-opensource/swift/AICoven/AICovenTests/PersistenceIntegrationTests.swift (in target 'AICovenTests' from project 'AICoven Local')

SwiftCompile normal arm64 /Users/andreeapapillon/Documents/GitHub/aicoven-local-opensource/swift/AICoven/AICovenTests/OpenAILLMClientTests.swift (in target 'AICovenTests' from project 'AICoven Local')
    cd /Users/andreeapapillon/Documents/GitHub/aicoven-local-opensource/swift/AICoven
    

SwiftCompile normal arm64 /Users/andreeapapillon/Documents/GitHub/aicoven-local-opensource/swift/AICoven/AICovenTests/PersistenceIntegrationTests.swift (in target 'AICovenTests' from project 'AICoven Local')
    cd /Users/andreeapapillon/Documents/GitHub/aicoven-local-opensource/swift/AICoven
    

SwiftEmitModule normal arm64 Emitting\ module\ for\ AICovenTests (in target 'AICovenTests' from project 'AICoven Local')

EmitSwiftModule normal arm64 (in target 'AICovenTests' from project 'AICoven Local')
    cd /Users/andreeapapillon/Documents/GitHub/aicoven-local-opensource/swift/AICoven
    

SwiftCompile normal arm64 Compiling\ ToolChainResolverTests.swift,\ ToolRelevanceServiceTests.swift /Users/andreeapapillon/Documents/GitHub/aicoven-local-opensource/swift/AICoven/AICovenTests/ToolChainResolverTests.swift /Users/andreeapapillon/Documents/GitHub/aicoven-local-opensource/swift/AICoven/AICovenTests/ToolRelevanceServiceTests.swift (in target 'AICovenTests' from project 'AICoven Local')

SwiftCompile normal arm64 /Users/andreeapapillon/Documents/GitHub/aicoven-local-opensource/swift/AICoven/AICovenTests/ToolChainResolverTests.swift (in target 'AICovenTests' from project 'AICoven Local')
    cd /Users/andreeapapillon/Documents/GitHub/aicoven-local-opensource/swift/AICoven
    

SwiftCompile normal arm64 /Users/andreeapapillon/Documents/GitHub/aicoven-local-opensource/swift/AICoven/AICovenTests/ToolRelevanceServiceTests.swift (in target 'AICovenTests' from project 'AICoven Local')
    cd /Users/andreeapapillon/Documents/GitHub/aicoven-local-opensource/swift/AICoven
    

SwiftDriverJobDiscovery normal arm64 Emitting module for AICovenTests (in target 'AICovenTests' from project 'AICoven Local')

SwiftDriver\ Compilation\ Requirements AICovenTests normal arm64 com.apple.xcode.tools.swift.compiler (in target 'AICovenTests' from project 'AICoven Local')
    cd /Users/andreeapapillon/Documents/GitHub/aicoven-local-opensource/swift/AICoven
    builtin-Swift-Compilation-Requirements -- /Applications/Xcode.app/Contents/Developer/Toolchains/XcodeDefault.xctoolchain/usr/bin/swiftc -module-name AICovenTests -Onone @/Users/andreeapapillon/Library/Developer/Xcode/DerivedData/AICoven_Local-gvtpajtveckudhherqngqlizoxtt/Build/Intermediates.noindex/AICoven\ Local.build/Debug/AICovenTests.build/Objects-normal/arm64/AICovenTests.SwiftFileList -DDEBUG -Xcc -fmodule-map-file\=/Users/andreeapapillon/Library/Developer/Xcode/DerivedData/AICoven_Local-gvtpajtveckudhherqngqlizoxtt/Build/Intermediates.noindex/GeneratedModuleMaps/GoogleAdsOnDeviceConversionTarget.modulemap -Xcc -fmodule-map-file\=/Users/andreeapapillon/Library/Developer/Xcode/DerivedData/AICoven_Local-gvtpajtveckudhherqngqlizoxtt/Build/Intermediates.noindex/GeneratedModuleMaps/GoogleAppMeasurementTarget.modulemap -Xcc -fmodule-map-file\=/Users/andreeapapillon/Library/Developer/Xcode/DerivedData/AICoven_Local-gvtpajtveckudhherqngqlizoxtt/Build/Intermediates.noindex/GeneratedModuleMaps/FirebaseAnalyticsWrapper.modulemap -Xcc -fmodule-map-file\=/Users/andreeapapillon/Library/Developer/Xcode/DerivedData/AICoven_Local-gvtpajtveckudhherqngqlizoxtt/Build/Intermediates.noindex/GeneratedModuleMaps/FirebaseAnalyticsTarget.modulemap -Xcc -fmodule-map-file\=/Users/andreeapapillon/Library/Developer/Xcode/DerivedData/AICoven_Local-gvtpajtveckudhherqngqlizoxtt/Build/Intermediates.noindex/GeneratedModuleMaps/GoogleAppMeasurementIdentitySupportTarget.modulemap -Xcc -fmodule-map-file\=/Users/andreeapapillon/Library/Developer/Xcode/DerivedData/AICoven_Local-gvtpajtveckudhherqngqlizoxtt/Build/Intermediates.noindex/GeneratedModuleMaps/FirebaseAnalyticsIdentitySupportTarget.modulemap -Xcc -fmodule-map-file\=/Users/andreeapapillon/Library/Developer/Xcode/DerivedData/AICoven_Local-gvtpajtveckudhherqngqlizoxtt/Build/Intermediates.noindex/GeneratedModuleMaps/FirebaseMessaging.modulemap -Xcc -fmodule-map-file\=/Users/andreeapapillon/Library/Developer/Xcode/DerivedData/AICoven_Local-gvtpajtveckudhherqngqlizoxtt/Build/Intermediates.noindex/GeneratedModuleMaps/GoogleDataTransport.modulemap -Xcc -fmodule-map-file\=/Users/andreeapapillon/Library/Developer/Xcode/DerivedData/AICoven_Local-gvtpajtveckudhherqngqlizoxtt/Build/Intermediates.noindex/GeneratedModuleMaps/FirebaseSessionsObjC.modulemap -Xcc -fmodule-map-file\=/Users/andreeapapillon/Library/Developer/Xcode/DerivedData/AICoven_Local-gvtpajtveckudhherqngqlizoxtt/Build/Intermediates.noindex/GeneratedModuleMaps/FirebaseCrashlytics.modulemap -Xcc -fmodule-map-file\=/Users/andreeapapillon/Library/Developer/Xcode/DerivedData/AICoven_Local-gvtpajtveckudhherqngqlizoxtt/Build/Intermediates.noindex/GeneratedModuleMaps/FirebaseRemoteConfigInternal.modulemap -Xcc -fmodule-map-file\=/Users/andreeapapillon/Library/Developer/Xcode/DerivedData/AICoven_Local-gvtpajtveckudhherqngqlizoxtt/Build/Intermediates.noindex/GeneratedModuleMaps/FirebaseABTesting.modulemap -Xcc -fmodule-map-file\=/Users/andreeapapillon/Library/Developer/Xcode/DerivedData/AICoven_Local-gvtpajtveckudhherqngqlizoxtt/Build/Intermediates.noindex/GeneratedModuleMaps/GoogleUtilities-UserDefaults.modulemap -Xcc -fmodule-map-file\=/Users/andreeapapillon/Library/Developer/Xcode/DerivedData/AICoven_Local-gvtpajtveckudhherqngqlizoxtt/Build/Intermediates.noindex/GeneratedModuleMaps/GoogleAppMeasurementCoreTarget.modulemap -Xcc -fmodule-map-file\=/Users/andreeapapillon/Library/Developer/Xcode/DerivedData/AICoven_Local-gvtpajtveckudhherqngqlizoxtt/Build/Intermediates.noindex/GeneratedModuleMaps/GoogleUtilities-MethodSwizzler.modulemap -Xcc -fmodule-map-file\=/Users/andreeapapillon/Library/Developer/Xcode/DerivedData/AICoven_Local-gvtpajtveckudhherqngqlizoxtt/Build/Intermediates.noindex/GeneratedModuleMaps/nanopb.modulemap -Xcc -fmodule-map-file\=/Users/andreeapapillon/Library/Developer/Xcode/DerivedData/AICoven_Local-gvtpajtveckudhherqngqlizoxtt/Build/Intermediates.noindex/GeneratedModuleMaps/FirebaseAnalyticsCoreWrapper.modulemap -Xcc -fmodule-map-file\=/Users/andreeapapillon/Library/Developer/Xcode/DerivedData/AICoven_Local-gvtpajtveckudhherqngqlizoxtt/Build/Intermediates.noindex/GeneratedModuleMaps/FirebaseInstallations.modulemap -Xcc -fmodule-map-file\=/Users/andreeapapillon/Library/Developer/Xcode/DerivedData/AICoven_Local-gvtpajtveckudhherqngqlizoxtt/Build/Intermediates.noindex/GeneratedModuleMaps/FirebaseAnalyticsCoreTarget.modulemap -Xcc -fmodule-map-file\=/Users/andreeapapillon/Library/Developer/Xcode/DerivedData/AICoven_Local-gvtpajtveckudhherqngqlizoxtt/Build/Intermediates.noindex/GeneratedModuleMaps/RecaptchaInterop.modulemap -Xcc -fmodule-map-file\=/Users/andreeapapillon/Library/Developer/Xcode/DerivedData/AICoven_Local-gvtpajtveckudhherqngqlizoxtt/Build/Intermediates.noindex/GeneratedModuleMaps/GoogleUtilities-Network.modulemap -Xcc -fmodule-map-file\=/Users/andreeapapillon/Library/Developer/Xcode/DerivedData/AICoven_Local-gvtpajtveckudhherqngqlizoxtt/Build/Intermediates.noindex/GeneratedModuleMaps/GoogleUtilities-Reachability.modulemap -Xcc -fmodule-map-file\=/Users/andreeapapillon/Library/Developer/Xcode/DerivedData/AICoven_Local-gvtpajtveckudhherqngqlizoxtt/Build/Intermediates.noindex/GeneratedModuleMaps/GoogleUtilities-NSData.modulemap -Xcc -fmodule-map-file\=/Users/andreeapapillon/Library/Developer/Xcode/DerivedData/AICoven_Local-gvtpajtveckudhherqngqlizoxtt/Build/Intermediates.noindex/GeneratedModuleMaps/GoogleUtilities-Logger.modulemap -Xcc -fmodule-map-file\=/Users/andreeapapillon/Library/Developer/Xcode/DerivedData/AICoven_Local-gvtpajtveckudhherqngqlizoxtt/Build/Intermediates.noindex/GeneratedModuleMaps/GoogleUtilities-Environment.modulemap -Xcc -fmodule-map-file\=/Users/andreeapapillon/Library/Developer/Xcode/DerivedData/AICoven_Local-gvtpajtveckudhherqngqlizoxtt/Build/Intermediates.noindex/GeneratedModuleMaps/third-party-IsAppEncrypted.modulemap -Xcc -fmodule-map-file\=/Users/andreeapapillon/Library/Developer/Xcode/DerivedData/AICoven_Local-gvtpajtveckudhherqngqlizoxtt/Build/Intermediates.noindex/GeneratedModuleMaps/GoogleUtilities-AppDelegateSwizzler.modulemap -Xcc -fmodule-map-file\=/Users/andreeapapillon/Library/Developer/Xcode/DerivedData/AICoven_Local-gvtpajtveckudhherqngqlizoxtt/Build/Intermediates.noindex/GeneratedModuleMaps/GTMSessionFetcherCore.modulemap -Xcc -fmodule-map-file\=/Users/andreeapapillon/Library/Developer/Xcode/DerivedData/AICoven_Local-gvtpajtveckudhherqngqlizoxtt/Build/Intermediates.noindex/GeneratedModuleMaps/FirebaseCoreExtension.modulemap -Xcc -fmodule-map-file\=/Users/andreeapapillon/Library/Developer/Xcode/DerivedData/AICoven_Local-gvtpajtveckudhherqngqlizoxtt/Build/Intermediates.noindex/GeneratedModuleMaps/FirebaseCore.modulemap -Xcc -fmodule-map-file\=/Users/andreeapapillon/Library/Developer/Xcode/DerivedData/AICoven_Local-gvtpajtveckudhherqngqlizoxtt/Build/Intermediates.noindex/GeneratedModuleMaps/FirebaseAuthInternal.modulemap -Xcc -fmodule-map-file\=/Users/andreeapapillon/Library/Developer/Xcode/DerivedData/AICoven_Local-gvtpajtveckudhherqngqlizoxtt/Build/Intermediates.noindex/GeneratedModuleMaps/FirebaseAuthInterop.modulemap -Xcc -fmodule-map-file\=/Users/andreeapapillon/Library/Developer/Xcode/DerivedData/AICoven_Local-gvtpajtveckudhherqngqlizoxtt/Build/Intermediates.noindex/GeneratedModuleMaps/FirebaseAppCheckInterop.modulemap -Xcc -fmodule-map-file\=/Users/andreeapapillon/Library/Developer/Xcode/DerivedData/AICoven_Local-gvtpajtveckudhherqngqlizoxtt/SourcePackages/checkouts/GRDB.swift/Sources/GRDBSQLite/module.modulemap -plugin-path /Applications/Xcode.app/Contents/Developer/Toolchains/XcodeDefault.xctoolchain/usr/lib/swift/host/plugins/testing -enable-bare-slash-regex -enable-upcoming-feature DisableOutwardActorInference -enable-upcoming-feature InferSendableFromCaptures -enable-upcoming-feature GlobalActorIsolatedTypesUsability -enable-upcoming-feature MemberImportVisibility -enable-upcoming-feature InferIsolatedConformances -enable-upcoming-feature NonisolatedNonsendingByDefault -enable-experimental-feature DebugDescriptionMacro -sdk /Applications/Xcode.app/Contents/Developer/Platforms/MacOSX.platform/Developer/SDKs/MacOSX26.4.sdk -target arm64-apple-macos15.7 -g -module-cache-path /Users/andreeapapillon/Library/Developer/Xcode/DerivedData/ModuleCache.noindex -Xfrontend -serialize-debugging-options -profile-coverage-mapping -profile-generate -enable-testing -index-store-path /Users/andreeapapillon/Library/Developer/Xcode/DerivedData/AICoven_Local-gvtpajtveckudhherqngqlizoxtt/Index.noindex/DataStore -Xcc -D_LIBCPP_HARDENING_MODE\=_LIBCPP_HARDENING_MODE_DEBUG -swift-version 5 -I /Users/andreeapapillon/Library/Developer/Xcode/DerivedData/AICoven_Local-gvtpajtveckudhherqngqlizoxtt/Build/Products/Debug -Isystem /Applications/Xcode.app/Contents/Developer/Platforms/MacOSX.platform/Developer/usr/lib -F /Users/andreeapapillon/Library/Developer/Xcode/DerivedData/AICoven_Local-gvtpajtveckudhherqngqlizoxtt/Build/Products/Debug/PackageFrameworks -F /Users/andreeapapillon/Library/Developer/Xcode/DerivedData/AICoven_Local-gvtpajtveckudhherqngqlizoxtt/Build/Products/Debug/PackageFrameworks -F /Users/andreeapapillon/Library/Developer/Xcode/DerivedData/AICoven_Local-gvtpajtveckudhherqngqlizoxtt/Build/Products/Debug/PackageFrameworks -F /Users/andreeapapillon/Library/Developer/Xcode/DerivedData/AICoven_Local-gvtpajtveckudhherqngqlizoxtt/Build/Products/Debug/PackageFrameworks -F /Users/andreeapapillon/Library/Developer/Xcode/DerivedData/AICoven_Local-gvtpajtveckudhherqngqlizoxtt/Build/Products/Debug/PackageFrameworks -F /Users/andreeapapillon/Library/Developer/Xcode/DerivedData/AICoven_Local-gvtpajtveckudhherqngqlizoxtt/Build/Products/Debug/PackageFrameworks -F /Users/andreeapapillon/Library/Developer/Xcode/DerivedData/AICoven_Local-gvtpajtveckudhherqngqlizoxtt/Build/Products/Debug/PackageFrameworks -F /Users/andreeapapillon/Library/Developer/Xcode/DerivedData/AICoven_Local-gvtpajtveckudhherqngqlizoxtt/Build/Products/Debug/PackageFrameworks -F /Users/andreeapapillon/Library/Developer/Xcode/DerivedData/AICoven_Local-gvtpajtveckudhherqngqlizoxtt/Build/Products/Debug/PackageFrameworks -F /Users/andreeapapillon/Library/Developer/Xcode/DerivedData/AICoven_Local-gvtpajtveckudhherqngqlizoxtt/Build/Products/Debug/PackageFrameworks -F /Users/andreeapapillon/Library/Developer/Xcode/DerivedData/AICoven_Local-gvtpajtveckudhherqngqlizoxtt/Build/Products/Debug/PackageFrameworks -F /Users/andreeapapillon/Library/Developer/Xcode/DerivedData/AICoven_Local-gvtpajtveckudhherqngqlizoxtt/Build/Products/Debug/PackageFrameworks -F /Users/andreeapapillon/Library/Developer/Xcode/DerivedData/AICoven_Local-gvtpajtveckudhherqngqlizoxtt/Build/Products/Debug/PackageFrameworks -F /Users/andreeapapillon/Library/Developer/Xcode/DerivedData/AICoven_Local-gvtpajtveckudhherqngqlizoxtt/Build/Products/Debug/PackageFrameworks -F /Users/andreeapapillon/Library/Developer/Xcode/DerivedData/AICoven_Local-gvtpajtveckudhherqngqlizoxtt/Build/Products/Debug/PackageFrameworks -F /Users/andreeapapillon/Library/Developer/Xcode/DerivedData/AICoven_Local-gvtpajtveckudhherqngqlizoxtt/Build/Products/Debug/PackageFrameworks -F /Users/andreeapapillon/Library/Developer/Xcode/DerivedData/AICoven_Local-gvtpajtveckudhherqngqlizoxtt/Build/Products/Debug/PackageFrameworks -F /Users/andreeapapillon/Library/Developer/Xcode/DerivedData/AICoven_Local-gvtpajtveckudhherqngqlizoxtt/Build/Products/Debug/PackageFrameworks -F /Users/andreeapapillon/Library/Developer/Xcode/DerivedData/AICoven_Local-gvtpajtveckudhherqngqlizoxtt/Build/Products/Debug/PackageFrameworks -F /Users/andreeapapillon/Library/Developer/Xcode/DerivedData/AICoven_Local-gvtpajtveckudhherqngqlizoxtt/Build/Products/Debug/PackageFrameworks -F /Users/andreeapapillon/Library/Developer/Xcode/DerivedData/AICoven_Local-gvtpajtveckudhherqngqlizoxtt/Build/Products/Debug/PackageFrameworks -F /Users/andreeapapillon/Library/Developer/Xcode/DerivedData/AICoven_Local-gvtpajtveckudhherqngqlizoxtt/Build/Products/Debug/PackageFrameworks -F /Users/andreeapapillon/Library/Developer/Xcode/DerivedData/AICoven_Local-gvtpajtveckudhherqngqlizoxtt/Build/Products/Debug/PackageFrameworks -F /Users/andreeapapillon/Library/Developer/Xcode/DerivedData/AICoven_Local-gvtpajtveckudhherqngqlizoxtt/Build/Products/Debug/PackageFrameworks -F /Users/andreeapapillon/Library/Developer/Xcode/DerivedData/AICoven_Local-gvtpajtveckudhherqngqlizoxtt/Build/Products/Debug/PackageFrameworks -F /Users/andreeapapillon/Library/Developer/Xcode/DerivedData/AICoven_Local-gvtpajtveckudhherqngqlizoxtt/Build/Products/Debug/PackageFrameworks -F /Users/andreeapapillon/Library/Developer/Xcode/DerivedData/AICoven_Local-gvtpajtveckudhherqngqlizoxtt/Build/Products/Debug/PackageFrameworks -F /Users/andreeapapillon/Library/Developer/Xcode/DerivedData/AICoven_Local-gvtpajtveckudhherqngqlizoxtt/Build/Products/Debug/PackageFrameworks -F /Users/andreeapapillon/Library/Developer/Xcode/DerivedData/AICoven_Local-gvtpajtveckudhherqngqlizoxtt/Build/Products/Debug/PackageFrameworks -F /Users/andreeapapillon/Library/Developer/Xcode/DerivedData/AICoven_Local-gvtpajtveckudhherqngqlizoxtt/Build/Products/Debug/PackageFrameworks -F /Users/andreeapapillon/Library/Developer/Xcode/DerivedData/AICoven_Local-gvtpajtveckudhherqngqlizoxtt/Build/Products/Debug/PackageFrameworks -F /Users/andreeapapillon/Library/Developer/Xcode/DerivedData/AICoven_Local-gvtpajtveckudhherqngqlizoxtt/Build/Products/Debug/PackageFrameworks -F /Users/andreeapapillon/Library/Developer/Xcode/DerivedData/AICoven_Local-gvtpajtveckudhherqngqlizoxtt/Build/Products/Debug/PackageFrameworks -F /Users/andreeapapillon/Library/Developer/Xcode/DerivedData/AICoven_Local-gvtpajtveckudhherqngqlizoxtt/Build/Products/Debug/PackageFrameworks -F /Users/andreeapapillon/Library/Developer/Xcode/DerivedData/AICoven_Local-gvtpajtveckudhherqngqlizoxtt/Build/Products/Debug/PackageFrameworks -F /Users/andreeapapillon/Library/Developer/Xcode/DerivedData/AICoven_Local-gvtpajtveckudhherqngqlizoxtt/Build/Products/Debug/PackageFrameworks -F /Users/andreeapapillon/Library/Developer/Xcode/DerivedData/AICoven_Local-gvtpajtveckudhherqngqlizoxtt/Build/Products/Debug/PackageFrameworks -F /Users/andreeapapillon/Library/Developer/Xcode/DerivedData/AICoven_Local-gvtpajtveckudhherqngqlizoxtt/Build/Products/Debug/PackageFrameworks -F /Users/andreeapapillon/Library/Developer/Xcode/DerivedData/AICoven_Local-gvtpajtveckudhherqngqlizoxtt/Build/Products/Debug/PackageFrameworks -F /Users/andreeapapillon/Library/Developer/Xcode/DerivedData/AICoven_Local-gvtpajtveckudhherqngqlizoxtt/Build/Products/Debug/PackageFrameworks -F /Users/andreeapapillon/Library/Developer/Xcode/DerivedData/AICoven_Local-gvtpajtveckudhherqngqlizoxtt/Build/Products/Debug/PackageFrameworks -F /Users/andreeapapillon/Library/Developer/Xcode/DerivedData/AICoven_Local-gvtpajtveckudhherqngqlizoxtt/Build/Products/Debug/PackageFrameworks -F /Users/andreeapapillon/Library/Developer/Xcode/DerivedData/AICoven_Local-gvtpajtveckudhherqngqlizoxtt/Build/Products/Debug/PackageFrameworks -F /Users/andreeapapillon/Library/Developer/Xcode/DerivedData/AICoven_Local-gvtpajtveckudhherqngqlizoxtt/Build/Products/Debug/PackageFrameworks -F /Users/andreeapapillon/Library/Developer/Xcode/DerivedData/AICoven_Local-gvtpajtveckudhherqngqlizoxtt/Build/Products/Debug/PackageFrameworks -F /Users/andreeapapillon/Library/Developer/Xcode/DerivedData/AICoven_Local-gvtpajtveckudhherqngqlizoxtt/Build/Products/Debug/PackageFrameworks -F /Users/andreeapapillon/Library/Developer/Xcode/DerivedData/AICoven_Local-gvtpajtveckudhherqngqlizoxtt/Build/Products/Debug/PackageFrameworks -F /Users/andreeapapillon/Library/Developer/Xcode/DerivedData/AICoven_Local-gvtpajtveckudhherqngqlizoxtt/Build/Products/Debug/PackageFrameworks -F /Users/andreeapapillon/Library/Developer/Xcode/DerivedData/AICoven_Local-gvtpajtveckudhherqngqlizoxtt/Build/Products/Debug/PackageFrameworks -F /Users/andreeapapillon/Library/Developer/Xcode/DerivedData/AICoven_Local-gvtpajtveckudhherqngqlizoxtt/Build/Products/Debug/PackageFrameworks -F /Users/andreeapapillon/Library/Developer/Xcode/DerivedData/AICoven_Local-gvtpajtveckudhherqngqlizoxtt/Build/Products/Debug/PackageFrameworks -F /Users/andreeapapillon/Library/Developer/Xcode/DerivedData/AICoven_Local-gvtpajtveckudhherqngqlizoxtt/Build/Products/Debug/PackageFrameworks -F /Users/andreeapapillon/Library/Developer/Xcode/DerivedData/AICoven_Local-gvtpajtveckudhherqngqlizoxtt/Build/Products/Debug/PackageFrameworks -F /Users/andreeapapillon/Library/Developer/Xcode/DerivedData/AICoven_Local-gvtpajtveckudhherqngqlizoxtt/Build/Products/Debug/PackageFrameworks -F /Users/andreeapapillon/Library/Developer/Xcode/DerivedData/AICoven_Local-gvtpajtveckudhherqngqlizoxtt/Build/Products/Debug/PackageFrameworks -F /Users/andreeapapillon/Library/Developer/Xcode/DerivedData/AICoven_Local-gvtpajtveckudhherqngqlizoxtt/Build/Products/Debug/PackageFrameworks -F /Users/andreeapapillon/Library/Developer/Xcode/DerivedData/AICoven_Local-gvtpajtveckudhherqngqlizoxtt/Build/Products/Debug/PackageFrameworks -F /Users/andreeapapillon/Library/Developer/Xcode/DerivedData/AICoven_Local-gvtpajtveckudhherqngqlizoxtt/Build/Products/Debug/PackageFrameworks -F /Users/andreeapapillon/Library/Developer/Xcode/DerivedData/AICoven_Local-gvtpajtveckudhherqngqlizoxtt/Build/Products/Debug/PackageFrameworks -F /Users/andreeapapillon/Library/Developer/Xcode/DerivedData/AICoven_Local-gvtpajtveckudhherqngqlizoxtt/Build/Products/Debug/PackageFrameworks -F /Users/andreeapapillon/Library/Developer/Xcode/DerivedData/AICoven_Local-gvtpajtveckudhherqngqlizoxtt/Build/Products/Debug/PackageFrameworks -F /Users/andreeapapillon/Library/Developer/Xcode/DerivedData/AICoven_Local-gvtpajtveckudhherqngqlizoxtt/Build/Products/Debug/PackageFrameworks -F /Users/andreeapapillon/Library/Developer/Xcode/DerivedData/AICoven_Local-gvtpajtveckudhherqngqlizoxtt/Build/Products/Debug/PackageFrameworks -F /Users/andreeapapillon/Library/Developer/Xcode/DerivedData/AICoven_Local-gvtpajtveckudhherqngqlizoxtt/Build/Products/Debug/PackageFrameworks -F /Users/andreeapapillon/Library/Developer/Xcode/DerivedData/AICoven_Local-gvtpajtveckudhherqngqlizoxtt/Build/Products/Debug -F /Applications/Xcode.app/Contents/Developer/Platforms/MacOSX.platform/Developer/Library/Frameworks -c -j10 -enable-batch-mode -incremental -Xcc -ivfsstatcache -Xcc /Users/andreeapapillon/Library/Developer/Xcode/DerivedData/SDKStatCaches.noindex/macosx26.4-25E236-688ef53f1462e2c8f657fdc38a81448f30f9ca8789b706f8bd3fc906a70d770f.sdkstatcache -output-file-map /Users/andreeapapillon/Library/Developer/Xcode/DerivedData/AICoven_Local-gvtpajtveckudhherqngqlizoxtt/Build/Intermediates.noindex/AICoven\ Local.build/Debug/AICovenTests.build/Objects-normal/arm64/AICovenTests-OutputFileMap.json -use-frontend-parseable-output -save-temps -no-color-diagnostics -explicit-module-build -module-cache-path /Users/andreeapapillon/Library/Developer/Xcode/DerivedData/AICoven_Local-gvtpajtveckudhherqngqlizoxtt/Build/Intermediates.noindex/SwiftExplicitPrecompiledModules -clang-scanner-module-cache-path /Users/andreeapapillon/Library/Developer/Xcode/DerivedData/ModuleCache.noindex -sdk-module-cache-path /Users/andreeapapillon/Library/Developer/Xcode/DerivedData/ModuleCache.noindex -serialize-diagnostics -emit-dependencies -emit-module -emit-module-path /Users/andreeapapillon/Library/Developer/Xcode/DerivedData/AICoven_Local-gvtpajtveckudhherqngqlizoxtt/Build/Intermediates.noindex/AICoven\ Local.build/Debug/AICovenTests.build/Objects-normal/arm64/AICovenTests.swiftmodule -validate-clang-modules-once -clang-build-session-file /Users/andreeapapillon/Library/Developer/Xcode/DerivedData/ModuleCache.noindex/Session.modulevalidation -Xcc -I/Users/andreeapapillon/Library/Developer/Xcode/DerivedData/AICoven_Local-gvtpajtveckudhherqngqlizoxtt/Build/Intermediates.noindex/AICoven\ Local.build/Debug/AICovenTests.build/swift-overrides.hmap -emit-const-values -Xfrontend -const-gather-protocols-file -Xfrontend /Users/andreeapapillon/Library/Developer/Xcode/DerivedData/AICoven_Local-gvtpajtveckudhherqngqlizoxtt/Build/Intermediates.noindex/AICoven\ Local.build/Debug/AICovenTests.build/Objects-normal/arm64/AICovenTests_const_extract_protocols.json -Xcc -iquote -Xcc /Users/andreeapapillon/Library/Developer/Xcode/DerivedData/AICoven_Local-gvtpajtveckudhherqngqlizoxtt/Build/Intermediates.noindex/AICoven\ Local.build/Debug/AICovenTests.build/AICovenTests-generated-files.hmap -Xcc -I/Users/andreeapapillon/Library/Developer/Xcode/DerivedData/AICoven_Local-gvtpajtveckudhherqngqlizoxtt/Build/Intermediates.noindex/AICoven\ Local.build/Debug/AICovenTests.build/AICovenTests-own-target-headers.hmap -Xcc -I/Users/andreeapapillon/Library/Developer/Xcode/DerivedData/AICoven_Local-gvtpajtveckudhherqngqlizoxtt/Build/Intermediates.noindex/AICoven\ Local.build/Debug/AICovenTests.build/AICovenTests-all-non-framework-target-headers.hmap -Xcc -ivfsoverlay -Xcc /Users/andreeapapillon/Library/Developer/Xcode/DerivedData/AICoven_Local-gvtpajtveckudhherqngqlizoxtt/Build/Intermediates.noindex/AICoven\ Local.build/Debug/AICoven\ Local-59fa713dd094a5d8a9705f05f0c82ed1-VFS/all-product-headers.yaml -Xcc -iquote -Xcc /Users/andreeapapillon/Library/Developer/Xcode/DerivedData/AICoven_Local-gvtpajtveckudhherqngqlizoxtt/Build/Intermediates.noindex/AICoven\ Local.build/Debug/AICovenTests.build/AICovenTests-project-headers.hmap -Xcc -I/Users/andreeapapillon/Library/Developer/Xcode/DerivedData/AICoven_Local-gvtpajtveckudhherqngqlizoxtt/SourcePackages/checkouts/google-ads-on-device-conversion-ios-sdk/GoogleAdsOnDeviceConversionWrapper/include -Xcc -I/Users/andreeapapillon/Library/Developer/Xcode/DerivedData/AICoven_Local-gvtpajtveckudhherqngqlizoxtt/SourcePackages/checkouts/GoogleAppMeasurement/GoogleAppMeasurementWrapper/include -Xcc -I/Users/andreeapapillon/Library/Developer/Xcode/DerivedData/AICoven_Local-gvtpajtveckudhherqngqlizoxtt/SourcePackages/checkouts/firebase-ios-sdk/FirebaseAnalyticsWrapper/include -Xcc -I/Users/andreeapapillon/Library/Developer/Xcode/DerivedData/AICoven_Local-gvtpajtveckudhherqngqlizoxtt/SourcePackages/checkouts/firebase-ios-sdk/SwiftPM-PlatformExclude/FirebaseAnalyticsWrap/include -Xcc -I/Users/andreeapapillon/Library/Developer/Xcode/DerivedData/AICoven_Local-gvtpajtveckudhherqngqlizoxtt/SourcePackages/checkouts/GoogleAppMeasurement/GoogleAppMeasurementIdentitySupportWrapper/include -Xcc -I/Users/andreeapapillon/Library/Developer/Xcode/DerivedData/AICoven_Local-gvtpajtveckudhherqngqlizoxtt/SourcePackages/checkouts/firebase-ios-sdk/FirebaseAnalyticsIdentitySupportWrapper/include -Xcc -I/Users/andreeapapillon/Library/Developer/Xcode/DerivedData/AICoven_Local-gvtpajtveckudhherqngqlizoxtt/SourcePackages/checkouts/firebase-ios-sdk/FirebaseMessaging/Sources/Public -Xcc -I/Users/andreeapapillon/Library/Developer/Xcode/DerivedData/AICoven_Local-gvtpajtveckudhherqngqlizoxtt/SourcePackages/checkouts/GoogleDataTransport/GoogleDataTransport/GDTCORLibrary/Public -Xcc -I/Users/andreeapapillon/Library/Developer/Xcode/DerivedData/AICoven_Local-gvtpajtveckudhherqngqlizoxtt/SourcePackages/checkouts/firebase-ios-sdk/FirebaseSessions/SourcesObjC -Xcc -I/Users/andreeapapillon/Library/Developer/Xcode/DerivedData/AICoven_Local-gvtpajtveckudhherqngqlizoxtt/SourcePackages/checkouts/firebase-ios-sdk/Crashlytics/Crashlytics/Public -Xcc -I/Users/andreeapapillon/Library/Developer/Xcode/DerivedData/AICoven_Local-gvtpajtveckudhherqngqlizoxtt/SourcePackages/checkouts/firebase-ios-sdk/FirebaseRemoteConfig/Sources/Public -Xcc -I/Users/andreeapapillon/Library/Developer/Xcode/DerivedData/AICoven_Local-gvtpajtveckudhherqngqlizoxtt/SourcePackages/checkouts/firebase-ios-sdk/FirebaseABTesting/Sources/Public -Xcc -I/Users/andreeapapillon/Library/Developer/Xcode/DerivedData/AICoven_Local-gvtpajtveckudhherqngqlizoxtt/SourcePackages/checkouts/promises/Sources/FBLPromises/include -Xcc -I/Users/andreeapapillon/Library/Developer/Xcode/DerivedData/AICoven_Local-gvtpajtveckudhherqngqlizoxtt/SourcePackages/checkouts/GoogleUtilities/GoogleUtilities/UserDefaults/Public -Xcc -I/Users/andreeapapillon/Library/Developer/Xcode/DerivedData/AICoven_Local-gvtpajtveckudhherqngqlizoxtt/SourcePackages/checkouts/GoogleAppMeasurement/GoogleAppMeasurementCoreWrapper/include -Xcc -I/Users/andreeapapillon/Library/Developer/Xcode/DerivedData/AICoven_Local-gvtpajtveckudhherqngqlizoxtt/SourcePackages/checkouts/GoogleUtilities/GoogleUtilities/MethodSwizzler/Public -Xcc -I/Users/andreeapapillon/Library/Developer/Xcode/DerivedData/AICoven_Local-gvtpajtveckudhherqngqlizoxtt/SourcePackages/checkouts/nanopb/spm_headers -Xcc -I/Users/andreeapapillon/Library/Developer/Xcode/DerivedData/AICoven_Local-gvtpajtveckudhherqngqlizoxtt/SourcePackages/checkouts/firebase-ios-sdk/FirebaseAnalyticsCoreWrapper/include -Xcc -I/Users/andreeapapillon/Library/Developer/Xcode/DerivedData/AICoven_Local-gvtpajtveckudhherqngqlizoxtt/SourcePackages/checkouts/firebase-ios-sdk/FirebaseInstallations/Source/Library/Public -Xcc -I/Users/andreeapapillon/Library/Developer/Xcode/DerivedData/AICoven_Local-gvtpajtveckudhherqngqlizoxtt/SourcePackages/checkouts/firebase-ios-sdk/SwiftPM-PlatformExclude/FirebaseAnalyticsCoreWrap/include -Xcc -I/Users/andreeapapillon/Library/Developer/Xcode/DerivedData/AICoven_Local-gvtpajtveckudhherqngqlizoxtt/SourcePackages/checkouts/swift-numerics/Sources/_NumericsShims/include -Xcc -I/Users/andreeapapillon/Library/Developer/Xcode/DerivedData/AICoven_Local-gvtpajtveckudhherqngqlizoxtt/SourcePackages/checkouts/mlx-swift/Source/Cmlx/include -Xcc -I/Users/andreeapapillon/Library/Developer/Xcode/DerivedData/AICoven_Local-gvtpajtveckudhherqngqlizoxtt/SourcePackages/checkouts/interop-ios-for-google-sdks/RecaptchaEnterprise/RecaptchaInterop/Public -Xcc -I/Users/andreeapapillon/Library/Developer/Xcode/DerivedData/AICoven_Local-gvtpajtveckudhherqngqlizoxtt/SourcePackages/checkouts/GoogleUtilities/GoogleUtilities/Network/Public -Xcc -I/Users/andreeapapillon/Library/Developer/Xcode/DerivedData/AICoven_Local-gvtpajtveckudhherqngqlizoxtt/SourcePackages/checkouts/GoogleUtilities/GoogleUtilities/Reachability/Public -Xcc -I/Users/andreeapapillon/Library/Developer/Xcode/DerivedData/AICoven_Local-gvtpajtveckudhherqngqlizoxtt/SourcePackages/checkouts/GoogleUtilities/GoogleUtilities/NSData+zlib/Public -Xcc -I/Users/andreeapapillon/Library/Developer/Xcode/DerivedData/AICoven_Local-gvtpajtveckudhherqngqlizoxtt/SourcePackages/checkouts/GoogleUtilities/GoogleUtilities/Logger/Public -Xcc -I/Users/andreeapapillon/Library/Developer/Xcode/DerivedData/AICoven_Local-gvtpajtveckudhherqngqlizoxtt/SourcePackages/checkouts/GoogleUtilities/GoogleUtilities/Environment/Public -Xcc -I/Users/andreeapapillon/Library/Developer/Xcode/DerivedData/AICoven_Local-gvtpajtveckudhherqngqlizoxtt/SourcePackages/checkouts/GoogleUtilities/third_party/IsAppEncrypted/Public -Xcc -I/Users/andreeapapillon/Library/Developer/Xcode/DerivedData/AICoven_Local-gvtpajtveckudhherqngqlizoxtt/SourcePackages/checkouts/GoogleUtilities/GoogleUtilities/AppDelegateSwizzler/Public -Xcc -I/Users/andreeapapillon/Library/Developer/Xcode/DerivedData/AICoven_Local-gvtpajtveckudhherqngqlizoxtt/SourcePackages/checkouts/gtm-session-fetcher/Sources/Core/Public -Xcc -I/Users/andreeapapillon/Library/Developer/Xcode/DerivedData/AICoven_Local-gvtpajtveckudhherqngqlizoxtt/SourcePackages/checkouts/firebase-ios-sdk/FirebaseCore/Extension -Xcc -I/Users/andreeapapillon/Library/Developer/Xcode/DerivedData/AICoven_Local-gvtpajtveckudhherqngqlizoxtt/SourcePackages/checkouts/firebase-ios-sdk/FirebaseCore/Sources/Public -Xcc -I/Users/andreeapapillon/Library/Developer/Xcode/DerivedData/AICoven_Local-gvtpajtveckudhherqngqlizoxtt/SourcePackages/checkouts/firebase-ios-sdk/CoreOnly/Sources -Xcc -I/Users/andreeapapillon/Library/Developer/Xcode/DerivedData/AICoven_Local-gvtpajtveckudhherqngqlizoxtt/SourcePackages/checkouts/firebase-ios-sdk/FirebaseAuth/Sources/Public -Xcc -I/Users/andreeapapillon/Library/Developer/Xcode/DerivedData/AICoven_Local-gvtpajtveckudhherqngqlizoxtt/SourcePackages/checkouts/firebase-ios-sdk/FirebaseAuth/Interop/Public -Xcc -I/Users/andreeapapillon/Library/Developer/Xcode/DerivedData/AICoven_Local-gvtpajtveckudhherqngqlizoxtt/SourcePackages/checkouts/firebase-ios-sdk/FirebaseAppCheck/Interop/Public -Xcc -I/Users/andreeapapillon/Library/Developer/Xcode/DerivedData/AICoven_Local-gvtpajtveckudhherqngqlizoxtt/Build/Products/Debug/include -Xcc -I/Users/andreeapapillon/Library/Developer/Xcode/DerivedData/AICoven_Local-gvtpajtveckudhherqngqlizoxtt/Build/Intermediates.noindex/AICoven\ Local.build/Debug/AICovenTests.build/DerivedSources-normal/arm64 -Xcc -I/Users/andreeapapillon/Library/Developer/Xcode/DerivedData/AICoven_Local-gvtpajtveckudhherqngqlizoxtt/Build/Intermediates.noindex/AICoven\ Local.build/Debug/AICovenTests.build/DerivedSources/arm64 -Xcc -I/Users/andreeapapillon/Library/Developer/Xcode/DerivedData/AICoven_Local-gvtpajtveckudhherqngqlizoxtt/Build/Intermediates.noindex/AICoven\ Local.build/Debug/AICovenTests.build/DerivedSources -Xcc -DDEBUG\=1 -emit-objc-header -emit-objc-header-path /Users/andreeapapillon/Library/Developer/Xcode/DerivedData/AICoven_Local-gvtpajtveckudhherqngqlizoxtt/Build/Intermediates.noindex/AICoven\ Local.build/Debug/AICovenTests.build/Objects-normal/arm64/AICovenTests-Swift.h -working-directory /Users/andreeapapillon/Documents/GitHub/aicoven-local-opensource/swift/AICoven -experimental-emit-module-separately -disable-cmo

SwiftDriverJobDiscovery normal arm64 Compiling ErrorReporter.swift, AgentRunRecord.swift, CovenRecord.swift, DatabaseManager.swift, MemoryRecord.swift, ThreadRecord.swift, DataEncryptionService.swift, AnyJSONValue.swift, FileAccessManager.swift, FileToolService.swift, GitHubToolService.swift, GoogleDriveToolService.swift, ShellToolService.swift, ToolService.swift (in target 'AICoven' from project 'AICoven Local')

SwiftCompile normal arm64 Compiling\ ErrorReportingTests.swift,\ ForceNativeToolCallTests.swift /Users/andreeapapillon/Documents/GitHub/aicoven-local-opensource/swift/AICoven/AICovenTests/ErrorReportingTests.swift /Users/andreeapapillon/Documents/GitHub/aicoven-local-opensource/swift/AICoven/AICovenTests/ForceNativeToolCallTests.swift (in target 'AICovenTests' from project 'AICoven Local')

SwiftCompile normal arm64 /Users/andreeapapillon/Documents/GitHub/aicoven-local-opensource/swift/AICoven/AICovenTests/ErrorReportingTests.swift (in target 'AICovenTests' from project 'AICoven Local')
    cd /Users/andreeapapillon/Documents/GitHub/aicoven-local-opensource/swift/AICoven
    

SwiftCompile normal arm64 /Users/andreeapapillon/Documents/GitHub/aicoven-local-opensource/swift/AICoven/AICovenTests/ForceNativeToolCallTests.swift (in target 'AICovenTests' from project 'AICoven Local')
    cd /Users/andreeapapillon/Documents/GitHub/aicoven-local-opensource/swift/AICoven
    

Copy /Users/andreeapapillon/Library/Developer/Xcode/DerivedData/AICoven_Local-gvtpajtveckudhherqngqlizoxtt/Build/Products/Debug/AICovenTests.swiftmodule/Project/arm64-apple-macos.swiftsourceinfo /Users/andreeapapillon/Library/Developer/Xcode/DerivedData/AICoven_Local-gvtpajtveckudhherqngqlizoxtt/Build/Intermediates.noindex/AICoven\ Local.build/Debug/AICovenTests.build/Objects-normal/arm64/AICovenTests.swiftsourceinfo (in target 'AICovenTests' from project 'AICoven Local')
    cd /Users/andreeapapillon/Documents/GitHub/aicoven-local-opensource/swift/AICoven
    builtin-copy -exclude .DS_Store -exclude CVS -exclude .svn -exclude .git -exclude .hg -resolve-src-symlinks -rename /Users/andreeapapillon/Library/Developer/Xcode/DerivedData/AICoven_Local-gvtpajtveckudhherqngqlizoxtt/Build/Intermediates.noindex/AICoven\ Local.build/Debug/AICovenTests.build/Objects-normal/arm64/AICovenTests.swiftsourceinfo /Users/andreeapapillon/Library/Developer/Xcode/DerivedData/AICoven_Local-gvtpajtveckudhherqngqlizoxtt/Build/Products/Debug/AICovenTests.swiftmodule/Project/arm64-apple-macos.swiftsourceinfo

SwiftDriverJobDiscovery normal arm64 Compiling OpenAILLMClientTests.swift, PersistenceIntegrationTests.swift (in target 'AICovenTests' from project 'AICoven Local')

SwiftCompile normal arm64 Compiling\ PricingUpdateServiceErrorTests.swift,\ SwiftUIViewTests.swift /Users/andreeapapillon/Documents/GitHub/aicoven-local-opensource/swift/AICoven/AICovenTests/PricingUpdateServiceErrorTests.swift /Users/andreeapapillon/Documents/GitHub/aicoven-local-opensource/swift/AICoven/AICovenTests/SwiftUIViewTests.swift (in target 'AICovenTests' from project 'AICoven Local')

SwiftCompile normal arm64 /Users/andreeapapillon/Documents/GitHub/aicoven-local-opensource/swift/AICoven/AICovenTests/PricingUpdateServiceErrorTests.swift (in target 'AICovenTests' from project 'AICoven Local')
    cd /Users/andreeapapillon/Documents/GitHub/aicoven-local-opensource/swift/AICoven
    

SwiftCompile normal arm64 /Users/andreeapapillon/Documents/GitHub/aicoven-local-opensource/swift/AICoven/AICovenTests/SwiftUIViewTests.swift (in target 'AICovenTests' from project 'AICoven Local')
    cd /Users/andreeapapillon/Documents/GitHub/aicoven-local-opensource/swift/AICoven
    

Copy /Users/andreeapapillon/Library/Developer/Xcode/DerivedData/AICoven_Local-gvtpajtveckudhherqngqlizoxtt/Build/Products/Debug/AICovenTests.swiftmodule/arm64-apple-macos.abi.json /Users/andreeapapillon/Library/Developer/Xcode/DerivedData/AICoven_Local-gvtpajtveckudhherqngqlizoxtt/Build/Intermediates.noindex/AICoven\ Local.build/Debug/AICovenTests.build/Objects-normal/arm64/AICovenTests.abi.json (in target 'AICovenTests' from project 'AICoven Local')
    cd /Users/andreeapapillon/Documents/GitHub/aicoven-local-opensource/swift/AICoven
    builtin-copy -exclude .DS_Store -exclude CVS -exclude .svn -exclude .git -exclude .hg -resolve-src-symlinks -rename /Users/andreeapapillon/Library/Developer/Xcode/DerivedData/AICoven_Local-gvtpajtveckudhherqngqlizoxtt/Build/Intermediates.noindex/AICoven\ Local.build/Debug/AICovenTests.build/Objects-normal/arm64/AICovenTests.abi.json /Users/andreeapapillon/Library/Developer/Xcode/DerivedData/AICoven_Local-gvtpajtveckudhherqngqlizoxtt/Build/Products/Debug/AICovenTests.swiftmodule/arm64-apple-macos.abi.json

SwiftDriverJobDiscovery normal arm64 Compiling AgentRunnerToolingTests.swift, AnthropicLLMClientTests.swift, AnyJSONValueTests.swift (in target 'AICovenTests' from project 'AICoven Local')

SwiftCompile normal arm64 Compiling\ ThreadServiceTests.swift,\ ToolCallParserTests.swift /Users/andreeapapillon/Documents/GitHub/aicoven-local-opensource/swift/AICoven/AICovenTests/ThreadServiceTests.swift /Users/andreeapapillon/Documents/GitHub/aicoven-local-opensource/swift/AICoven/AICovenTests/ToolCallParserTests.swift (in target 'AICovenTests' from project 'AICoven Local')

SwiftCompile normal arm64 /Users/andreeapapillon/Documents/GitHub/aicoven-local-opensource/swift/AICoven/AICovenTests/ThreadServiceTests.swift (in target 'AICovenTests' from project 'AICoven Local')
    cd /Users/andreeapapillon/Documents/GitHub/aicoven-local-opensource/swift/AICoven
    

SwiftCompile normal arm64 /Users/andreeapapillon/Documents/GitHub/aicoven-local-opensource/swift/AICoven/AICovenTests/ToolCallParserTests.swift (in target 'AICovenTests' from project 'AICoven Local')
    cd /Users/andreeapapillon/Documents/GitHub/aicoven-local-opensource/swift/AICoven
    

SwiftCompile normal arm64 Compiling\ GeminiLLMClientTests.swift,\ MemoryServiceIntegrationTests.swift /Users/andreeapapillon/Documents/GitHub/aicoven-local-opensource/swift/AICoven/AICovenTests/GeminiLLMClientTests.swift /Users/andreeapapillon/Documents/GitHub/aicoven-local-opensource/swift/AICoven/AICovenTests/MemoryServiceIntegrationTests.swift (in target 'AICovenTests' from project 'AICoven Local')

SwiftCompile normal arm64 /Users/andreeapapillon/Documents/GitHub/aicoven-local-opensource/swift/AICoven/AICovenTests/GeminiLLMClientTests.swift (in target 'AICovenTests' from project 'AICoven Local')
    cd /Users/andreeapapillon/Documents/GitHub/aicoven-local-opensource/swift/AICoven
    
/Users/andreeapapillon/Documents/GitHub/aicoven-local-opensource/swift/AICoven/AICovenTests/GeminiLLMClientTests.swift:72:41: warning: main actor-isolated property 'content' can not be referenced from a nonisolated autoclosure
        XCTAssertEqual(response.message.content, "Hello from Gemini")
                                        ^
AICoven.LLMMessage.content:2:23: note: property declared here
@MainActor public let content: String}
                      ^
/Users/andreeapapillon/Documents/GitHub/aicoven-local-opensource/swift/AICoven/AICovenTests/GeminiLLMClientTests.swift:72:33: warning: main actor-isolated property 'message' can not be referenced from a nonisolated autoclosure
        XCTAssertEqual(response.message.content, "Hello from Gemini")
                                ^
AICoven.LLMChatResponse.message:2:23: note: property declared here
@MainActor public let message: AICoven.LLMMessage}
                      ^
/Users/andreeapapillon/Documents/GitHub/aicoven-local-opensource/swift/AICoven/AICovenTests/GeminiLLMClientTests.swift:73:33: warning: main actor-isolated property 'providerID' can not be referenced from a nonisolated autoclosure
        XCTAssertEqual(response.providerID, "google")
                                ^
AICoven.LLMChatResponse.providerID:2:23: note: property declared here
@MainActor public let providerID: String}
                      ^
/Users/andreeapapillon/Documents/GitHub/aicoven-local-opensource/swift/AICoven/AICovenTests/GeminiLLMClientTests.swift:74:33: warning: main actor-isolated property 'modelID' can not be referenced from a nonisolated autoclosure
        XCTAssertEqual(response.modelID, "models/gemini-pro")
                                ^
AICoven.LLMChatResponse.modelID:2:23: note: property declared here
@MainActor public let modelID: String}
                      ^
/Users/andreeapapillon/Documents/GitHub/aicoven-local-opensource/swift/AICoven/AICovenTests/GeminiLLMClientTests.swift:75:31: warning: main actor-isolated property 'usage' can not be referenced from a nonisolated autoclosure
        XCTAssertNil(response.usage)
                              ^
AICoven.LLMChatResponse.usage:2:23: note: property declared here
@MainActor public let usage: AICoven.LLMTokenUsage?}
                      ^
/Users/andreeapapillon/Documents/GitHub/aicoven-local-opensource/swift/AICoven/AICovenTests/GeminiLLMClientTests.swift:63:25: warning: main actor-isolated initializer 'init(id:role:content:)' cannot be called from outside of the actor; this is an error in the Swift 6 language mode
        let messages = [LLMMessage(role: .user, content: "Hi")]
                       ~^~~~~~~~~~~~~~~~~~~~~~~~~~~~~~~~~~~~~~~
                       await 
/Users/andreeapapillon/Documents/GitHub/aicoven-local-opensource/swift/AICoven/AICovenTests/GeminiLLMClientTests.swift:64:23: warning: main actor-isolated initializer 'init(temperature:maxTokens:stream:tools:)' cannot be called from outside of the actor; this is an error in the Swift 6 language mode
        let options = ChatOptions(temperature: 0.5, maxTokens: nil, stream: false)
                      ^~~~~~~~~~~~~~~~~~~~~~~~~~~~~~~~~~~~~~~~~~~~~~~~~~~~~~~~~~~~
                      await 
/Users/andreeapapillon/Documents/GitHub/aicoven-local-opensource/swift/AICoven/AICovenTests/GeminiLLMClientTests.swift:79:26: warning: main actor-isolated initializer 'init(apiKey:baseURL:urlSession:)' cannot be called from outside of the actor; this is an error in the Swift 6 language mode
        let client = try GeminiLLMClient(
                     ~~~~^~~~~~~~~~~~~~~~
                         await 

SwiftCompile normal arm64 /Users/andreeapapillon/Documents/GitHub/aicoven-local-opensource/swift/AICoven/AICovenTests/MemoryServiceIntegrationTests.swift (in target 'AICovenTests' from project 'AICoven Local')
    cd /Users/andreeapapillon/Documents/GitHub/aicoven-local-opensource/swift/AICoven
    

SwiftDriverJobDiscovery normal arm64 Compiling ToolChainResolverTests.swift, ToolRelevanceServiceTests.swift (in target 'AICovenTests' from project 'AICoven Local')

SwiftCompile normal arm64 Compiling\ AppStateTests.swift,\ ChatAndAgentIntegrationTests.swift,\ ChatServiceSummaryTests.swift /Users/andreeapapillon/Documents/GitHub/aicoven-local-opensource/swift/AICoven/AICovenTests/AppStateTests.swift /Users/andreeapapillon/Documents/GitHub/aicoven-local-opensource/swift/AICoven/AICovenTests/ChatAndAgentIntegrationTests.swift /Users/andreeapapillon/Documents/GitHub/aicoven-local-opensource/swift/AICoven/AICovenTests/ChatServiceSummaryTests.swift (in target 'AICovenTests' from project 'AICoven Local')

SwiftCompile normal arm64 /Users/andreeapapillon/Documents/GitHub/aicoven-local-opensource/swift/AICoven/AICovenTests/AppStateTests.swift (in target 'AICovenTests' from project 'AICoven Local')
    cd /Users/andreeapapillon/Documents/GitHub/aicoven-local-opensource/swift/AICoven
    

SwiftCompile normal arm64 /Users/andreeapapillon/Documents/GitHub/aicoven-local-opensource/swift/AICoven/AICovenTests/ChatAndAgentIntegrationTests.swift (in target 'AICovenTests' from project 'AICoven Local')
    cd /Users/andreeapapillon/Documents/GitHub/aicoven-local-opensource/swift/AICoven
    

SwiftCompile normal arm64 /Users/andreeapapillon/Documents/GitHub/aicoven-local-opensource/swift/AICoven/AICovenTests/ChatServiceSummaryTests.swift (in target 'AICovenTests' from project 'AICoven Local')
    cd /Users/andreeapapillon/Documents/GitHub/aicoven-local-opensource/swift/AICoven
    
/Users/andreeapapillon/Documents/GitHub/aicoven-local-opensource/swift/AICoven/AICovenTests/ChatServiceSummaryTests.swift:150:22: warning: expression implicitly coerced from 'String??' to 'Any?'
        XCTAssertNil(mockThreadStore.updatedSummaries[threadID])
                     ^~~~~~~~~~~~~~~~~~~~~~~~~~~~~~~~~~~~~~~~~~
/Users/andreeapapillon/Documents/GitHub/aicoven-local-opensource/swift/AICoven/AICovenTests/ChatServiceSummaryTests.swift:150:54: note: provide a default value to avoid this warning
        XCTAssertNil(mockThreadStore.updatedSummaries[threadID])
                     ~~~~~~~~~~~~~~~~~~~~~~~~~~~~~~~~^~~~~~~~~~
                                                                ?? <#default value#>
/Users/andreeapapillon/Documents/GitHub/aicoven-local-opensource/swift/AICoven/AICovenTests/ChatServiceSummaryTests.swift:150:54: note: force-unwrap the value to avoid this warning
        XCTAssertNil(mockThreadStore.updatedSummaries[threadID])
                     ~~~~~~~~~~~~~~~~~~~~~~~~~~~~~~~~^~~~~~~~~~
                                                               !
/Users/andreeapapillon/Documents/GitHub/aicoven-local-opensource/swift/AICoven/AICovenTests/ChatServiceSummaryTests.swift:150:54: note: explicitly cast to 'Any?' with 'as Any?' to silence this warning
        XCTAssertNil(mockThreadStore.updatedSummaries[threadID])
                     ~~~~~~~~~~~~~~~~~~~~~~~~~~~~~~~~^~~~~~~~~~
                                                                as Any?

SwiftDriverJobDiscovery normal arm64 Compiling PricingUpdateServiceErrorTests.swift, SwiftUIViewTests.swift (in target 'AICovenTests' from project 'AICoven Local')

SwiftCompile normal arm64 Compiling\ MemoryServiceTests.swift,\ MessageAdapterTests.swift /Users/andreeapapillon/Documents/GitHub/aicoven-local-opensource/swift/AICoven/AICovenTests/MemoryServiceTests.swift /Users/andreeapapillon/Documents/GitHub/aicoven-local-opensource/swift/AICoven/AICovenTests/MessageAdapterTests.swift (in target 'AICovenTests' from project 'AICoven Local')

SwiftCompile normal arm64 /Users/andreeapapillon/Documents/GitHub/aicoven-local-opensource/swift/AICoven/AICovenTests/MemoryServiceTests.swift (in target 'AICovenTests' from project 'AICoven Local')
    cd /Users/andreeapapillon/Documents/GitHub/aicoven-local-opensource/swift/AICoven
    
/Users/andreeapapillon/Documents/GitHub/aicoven-local-opensource/swift/AICoven/AICovenTests/MemoryServiceTests.swift:97:38: warning: main actor-isolated property 'content' can not be referenced from a nonisolated autoclosure
        XCTAssertEqual(result.first?.content, "Note")
                                     ^
AICoven.Memory.content:2:25: note: property declared here
@MainActor internal let content: String}
                        ^

SwiftCompile normal arm64 /Users/andreeapapillon/Documents/GitHub/aicoven-local-opensource/swift/AICoven/AICovenTests/MessageAdapterTests.swift (in target 'AICovenTests' from project 'AICoven Local')
    cd /Users/andreeapapillon/Documents/GitHub/aicoven-local-opensource/swift/AICoven
    

SwiftDriverJobDiscovery normal arm64 Compiling ErrorReportingTests.swift, ForceNativeToolCallTests.swift (in target 'AICovenTests' from project 'AICoven Local')

SwiftCompile normal arm64 Compiling\ ChatToolingTests.swift,\ DataEncryptionServiceTests.swift /Users/andreeapapillon/Documents/GitHub/aicoven-local-opensource/swift/AICoven/AICovenTests/ChatToolingTests.swift /Users/andreeapapillon/Documents/GitHub/aicoven-local-opensource/swift/AICoven/AICovenTests/DataEncryptionServiceTests.swift (in target 'AICovenTests' from project 'AICoven Local')

SwiftCompile normal arm64 /Users/andreeapapillon/Documents/GitHub/aicoven-local-opensource/swift/AICoven/AICovenTests/ChatToolingTests.swift (in target 'AICovenTests' from project 'AICoven Local')
    cd /Users/andreeapapillon/Documents/GitHub/aicoven-local-opensource/swift/AICoven
    
/Users/andreeapapillon/Documents/GitHub/aicoven-local-opensource/swift/AICoven/AICovenTests/ChatToolingTests.swift:55:22: warning: no 'async' operations occur within 'await' expression
        let forced = await service.maybeForceSearchQuery(userMessage: user, modelReply: reply)
                     ^

SwiftCompile normal arm64 /Users/andreeapapillon/Documents/GitHub/aicoven-local-opensource/swift/AICoven/AICovenTests/DataEncryptionServiceTests.swift (in target 'AICovenTests' from project 'AICoven Local')
    cd /Users/andreeapapillon/Documents/GitHub/aicoven-local-opensource/swift/AICoven
    

SwiftDriverJobDiscovery normal arm64 Compiling ThreadServiceTests.swift, ToolCallParserTests.swift (in target 'AICovenTests' from project 'AICoven Local')

SwiftDriverJobDiscovery normal arm64 Compiling GeminiLLMClientTests.swift, MemoryServiceIntegrationTests.swift (in target 'AICovenTests' from project 'AICoven Local')

SwiftDriverJobDiscovery normal arm64 Compiling MemoryServiceTests.swift, MessageAdapterTests.swift (in target 'AICovenTests' from project 'AICoven Local')

SwiftDriverJobDiscovery normal arm64 Compiling AppStateTests.swift, ChatAndAgentIntegrationTests.swift, ChatServiceSummaryTests.swift (in target 'AICovenTests' from project 'AICoven Local')

SwiftDriverJobDiscovery normal arm64 Compiling ChatToolingTests.swift, DataEncryptionServiceTests.swift (in target 'AICovenTests' from project 'AICoven Local')

SwiftDriver\ Compilation AICovenTests normal arm64 com.apple.xcode.tools.swift.compiler (in target 'AICovenTests' from project 'AICoven Local')
    cd /Users/andreeapapillon/Documents/GitHub/aicoven-local-opensource/swift/AICoven
    builtin-Swift-Compilation -- /Applications/Xcode.app/Contents/Developer/Toolchains/XcodeDefault.xctoolchain/usr/bin/swiftc -module-name AICovenTests -Onone @/Users/andreeapapillon/Library/Developer/Xcode/DerivedData/AICoven_Local-gvtpajtveckudhherqngqlizoxtt/Build/Intermediates.noindex/AICoven\ Local.build/Debug/AICovenTests.build/Objects-normal/arm64/AICovenTests.SwiftFileList -DDEBUG -Xcc -fmodule-map-file\=/Users/andreeapapillon/Library/Developer/Xcode/DerivedData/AICoven_Local-gvtpajtveckudhherqngqlizoxtt/Build/Intermediates.noindex/GeneratedModuleMaps/GoogleAdsOnDeviceConversionTarget.modulemap -Xcc -fmodule-map-file\=/Users/andreeapapillon/Library/Developer/Xcode/DerivedData/AICoven_Local-gvtpajtveckudhherqngqlizoxtt/Build/Intermediates.noindex/GeneratedModuleMaps/GoogleAppMeasurementTarget.modulemap -Xcc -fmodule-map-file\=/Users/andreeapapillon/Library/Developer/Xcode/DerivedData/AICoven_Local-gvtpajtveckudhherqngqlizoxtt/Build/Intermediates.noindex/GeneratedModuleMaps/FirebaseAnalyticsWrapper.modulemap -Xcc -fmodule-map-file\=/Users/andreeapapillon/Library/Developer/Xcode/DerivedData/AICoven_Local-gvtpajtveckudhherqngqlizoxtt/Build/Intermediates.noindex/GeneratedModuleMaps/FirebaseAnalyticsTarget.modulemap -Xcc -fmodule-map-file\=/Users/andreeapapillon/Library/Developer/Xcode/DerivedData/AICoven_Local-gvtpajtveckudhherqngqlizoxtt/Build/Intermediates.noindex/GeneratedModuleMaps/GoogleAppMeasurementIdentitySupportTarget.modulemap -Xcc -fmodule-map-file\=/Users/andreeapapillon/Library/Developer/Xcode/DerivedData/AICoven_Local-gvtpajtveckudhherqngqlizoxtt/Build/Intermediates.noindex/GeneratedModuleMaps/FirebaseAnalyticsIdentitySupportTarget.modulemap -Xcc -fmodule-map-file\=/Users/andreeapapillon/Library/Developer/Xcode/DerivedData/AICoven_Local-gvtpajtveckudhherqngqlizoxtt/Build/Intermediates.noindex/GeneratedModuleMaps/FirebaseMessaging.modulemap -Xcc -fmodule-map-file\=/Users/andreeapapillon/Library/Developer/Xcode/DerivedData/AICoven_Local-gvtpajtveckudhherqngqlizoxtt/Build/Intermediates.noindex/GeneratedModuleMaps/GoogleDataTransport.modulemap -Xcc -fmodule-map-file\=/Users/andreeapapillon/Library/Developer/Xcode/DerivedData/AICoven_Local-gvtpajtveckudhherqngqlizoxtt/Build/Intermediates.noindex/GeneratedModuleMaps/FirebaseSessionsObjC.modulemap -Xcc -fmodule-map-file\=/Users/andreeapapillon/Library/Developer/Xcode/DerivedData/AICoven_Local-gvtpajtveckudhherqngqlizoxtt/Build/Intermediates.noindex/GeneratedModuleMaps/FirebaseCrashlytics.modulemap -Xcc -fmodule-map-file\=/Users/andreeapapillon/Library/Developer/Xcode/DerivedData/AICoven_Local-gvtpajtveckudhherqngqlizoxtt/Build/Intermediates.noindex/GeneratedModuleMaps/FirebaseRemoteConfigInternal.modulemap -Xcc -fmodule-map-file\=/Users/andreeapapillon/Library/Developer/Xcode/DerivedData/AICoven_Local-gvtpajtveckudhherqngqlizoxtt/Build/Intermediates.noindex/GeneratedModuleMaps/FirebaseABTesting.modulemap -Xcc -fmodule-map-file\=/Users/andreeapapillon/Library/Developer/Xcode/DerivedData/AICoven_Local-gvtpajtveckudhherqngqlizoxtt/Build/Intermediates.noindex/GeneratedModuleMaps/GoogleUtilities-UserDefaults.modulemap -Xcc -fmodule-map-file\=/Users/andreeapapillon/Library/Developer/Xcode/DerivedData/AICoven_Local-gvtpajtveckudhherqngqlizoxtt/Build/Intermediates.noindex/GeneratedModuleMaps/GoogleAppMeasurementCoreTarget.modulemap -Xcc -fmodule-map-file\=/Users/andreeapapillon/Library/Developer/Xcode/DerivedData/AICoven_Local-gvtpajtveckudhherqngqlizoxtt/Build/Intermediates.noindex/GeneratedModuleMaps/GoogleUtilities-MethodSwizzler.modulemap -Xcc -fmodule-map-file\=/Users/andreeapapillon/Library/Developer/Xcode/DerivedData/AICoven_Local-gvtpajtveckudhherqngqlizoxtt/Build/Intermediates.noindex/GeneratedModuleMaps/nanopb.modulemap -Xcc -fmodule-map-file\=/Users/andreeapapillon/Library/Developer/Xcode/DerivedData/AICoven_Local-gvtpajtveckudhherqngqlizoxtt/Build/Intermediates.noindex/GeneratedModuleMaps/FirebaseAnalyticsCoreWrapper.modulemap -Xcc -fmodule-map-file\=/Users/andreeapapillon/Library/Developer/Xcode/DerivedData/AICoven_Local-gvtpajtveckudhherqngqlizoxtt/Build/Intermediates.noindex/GeneratedModuleMaps/FirebaseInstallations.modulemap -Xcc -fmodule-map-file\=/Users/andreeapapillon/Library/Developer/Xcode/DerivedData/AICoven_Local-gvtpajtveckudhherqngqlizoxtt/Build/Intermediates.noindex/GeneratedModuleMaps/FirebaseAnalyticsCoreTarget.modulemap -Xcc -fmodule-map-file\=/Users/andreeapapillon/Library/Developer/Xcode/DerivedData/AICoven_Local-gvtpajtveckudhherqngqlizoxtt/Build/Intermediates.noindex/GeneratedModuleMaps/RecaptchaInterop.modulemap -Xcc -fmodule-map-file\=/Users/andreeapapillon/Library/Developer/Xcode/DerivedData/AICoven_Local-gvtpajtveckudhherqngqlizoxtt/Build/Intermediates.noindex/GeneratedModuleMaps/GoogleUtilities-Network.modulemap -Xcc -fmodule-map-file\=/Users/andreeapapillon/Library/Developer/Xcode/DerivedData/AICoven_Local-gvtpajtveckudhherqngqlizoxtt/Build/Intermediates.noindex/GeneratedModuleMaps/GoogleUtilities-Reachability.modulemap -Xcc -fmodule-map-file\=/Users/andreeapapillon/Library/Developer/Xcode/DerivedData/AICoven_Local-gvtpajtveckudhherqngqlizoxtt/Build/Intermediates.noindex/GeneratedModuleMaps/GoogleUtilities-NSData.modulemap -Xcc -fmodule-map-file\=/Users/andreeapapillon/Library/Developer/Xcode/DerivedData/AICoven_Local-gvtpajtveckudhherqngqlizoxtt/Build/Intermediates.noindex/GeneratedModuleMaps/GoogleUtilities-Logger.modulemap -Xcc -fmodule-map-file\=/Users/andreeapapillon/Library/Developer/Xcode/DerivedData/AICoven_Local-gvtpajtveckudhherqngqlizoxtt/Build/Intermediates.noindex/GeneratedModuleMaps/GoogleUtilities-Environment.modulemap -Xcc -fmodule-map-file\=/Users/andreeapapillon/Library/Developer/Xcode/DerivedData/AICoven_Local-gvtpajtveckudhherqngqlizoxtt/Build/Intermediates.noindex/GeneratedModuleMaps/third-party-IsAppEncrypted.modulemap -Xcc -fmodule-map-file\=/Users/andreeapapillon/Library/Developer/Xcode/DerivedData/AICoven_Local-gvtpajtveckudhherqngqlizoxtt/Build/Intermediates.noindex/GeneratedModuleMaps/GoogleUtilities-AppDelegateSwizzler.modulemap -Xcc -fmodule-map-file\=/Users/andreeapapillon/Library/Developer/Xcode/DerivedData/AICoven_Local-gvtpajtveckudhherqngqlizoxtt/Build/Intermediates.noindex/GeneratedModuleMaps/GTMSessionFetcherCore.modulemap -Xcc -fmodule-map-file\=/Users/andreeapapillon/Library/Developer/Xcode/DerivedData/AICoven_Local-gvtpajtveckudhherqngqlizoxtt/Build/Intermediates.noindex/GeneratedModuleMaps/FirebaseCoreExtension.modulemap -Xcc -fmodule-map-file\=/Users/andreeapapillon/Library/Developer/Xcode/DerivedData/AICoven_Local-gvtpajtveckudhherqngqlizoxtt/Build/Intermediates.noindex/GeneratedModuleMaps/FirebaseCore.modulemap -Xcc -fmodule-map-file\=/Users/andreeapapillon/Library/Developer/Xcode/DerivedData/AICoven_Local-gvtpajtveckudhherqngqlizoxtt/Build/Intermediates.noindex/GeneratedModuleMaps/FirebaseAuthInternal.modulemap -Xcc -fmodule-map-file\=/Users/andreeapapillon/Library/Developer/Xcode/DerivedData/AICoven_Local-gvtpajtveckudhherqngqlizoxtt/Build/Intermediates.noindex/GeneratedModuleMaps/FirebaseAuthInterop.modulemap -Xcc -fmodule-map-file\=/Users/andreeapapillon/Library/Developer/Xcode/DerivedData/AICoven_Local-gvtpajtveckudhherqngqlizoxtt/Build/Intermediates.noindex/GeneratedModuleMaps/FirebaseAppCheckInterop.modulemap -Xcc -fmodule-map-file\=/Users/andreeapapillon/Library/Developer/Xcode/DerivedData/AICoven_Local-gvtpajtveckudhherqngqlizoxtt/SourcePackages/checkouts/GRDB.swift/Sources/GRDBSQLite/module.modulemap -plugin-path /Applications/Xcode.app/Contents/Developer/Toolchains/XcodeDefault.xctoolchain/usr/lib/swift/host/plugins/testing -enable-bare-slash-regex -enable-upcoming-feature DisableOutwardActorInference -enable-upcoming-feature InferSendableFromCaptures -enable-upcoming-feature GlobalActorIsolatedTypesUsability -enable-upcoming-feature MemberImportVisibility -enable-upcoming-feature InferIsolatedConformances -enable-upcoming-feature NonisolatedNonsendingByDefault -enable-experimental-feature DebugDescriptionMacro -sdk /Applications/Xcode.app/Contents/Developer/Platforms/MacOSX.platform/Developer/SDKs/MacOSX26.4.sdk -target arm64-apple-macos15.7 -g -module-cache-path /Users/andreeapapillon/Library/Developer/Xcode/DerivedData/ModuleCache.noindex -Xfrontend -serialize-debugging-options -profile-coverage-mapping -profile-generate -enable-testing -index-store-path /Users/andreeapapillon/Library/Developer/Xcode/DerivedData/AICoven_Local-gvtpajtveckudhherqngqlizoxtt/Index.noindex/DataStore -Xcc -D_LIBCPP_HARDENING_MODE\=_LIBCPP_HARDENING_MODE_DEBUG -swift-version 5 -I /Users/andreeapapillon/Library/Developer/Xcode/DerivedData/AICoven_Local-gvtpajtveckudhherqngqlizoxtt/Build/Products/Debug -Isystem /Applications/Xcode.app/Contents/Developer/Platforms/MacOSX.platform/Developer/usr/lib -F /Users/andreeapapillon/Library/Developer/Xcode/DerivedData/AICoven_Local-gvtpajtveckudhherqngqlizoxtt/Build/Products/Debug/PackageFrameworks -F /Users/andreeapapillon/Library/Developer/Xcode/DerivedData/AICoven_Local-gvtpajtveckudhherqngqlizoxtt/Build/Products/Debug/PackageFrameworks -F /Users/andreeapapillon/Library/Developer/Xcode/DerivedData/AICoven_Local-gvtpajtveckudhherqngqlizoxtt/Build/Products/Debug/PackageFrameworks -F /Users/andreeapapillon/Library/Developer/Xcode/DerivedData/AICoven_Local-gvtpajtveckudhherqngqlizoxtt/Build/Products/Debug/PackageFrameworks -F /Users/andreeapapillon/Library/Developer/Xcode/DerivedData/AICoven_Local-gvtpajtveckudhherqngqlizoxtt/Build/Products/Debug/PackageFrameworks -F /Users/andreeapapillon/Library/Developer/Xcode/DerivedData/AICoven_Local-gvtpajtveckudhherqngqlizoxtt/Build/Products/Debug/PackageFrameworks -F /Users/andreeapapillon/Library/Developer/Xcode/DerivedData/AICoven_Local-gvtpajtveckudhherqngqlizoxtt/Build/Products/Debug/PackageFrameworks -F /Users/andreeapapillon/Library/Developer/Xcode/DerivedData/AICoven_Local-gvtpajtveckudhherqngqlizoxtt/Build/Products/Debug/PackageFrameworks -F /Users/andreeapapillon/Library/Developer/Xcode/DerivedData/AICoven_Local-gvtpajtveckudhherqngqlizoxtt/Build/Products/Debug/PackageFrameworks -F /Users/andreeapapillon/Library/Developer/Xcode/DerivedData/AICoven_Local-gvtpajtveckudhherqngqlizoxtt/Build/Products/Debug/PackageFrameworks -F /Users/andreeapapillon/Library/Developer/Xcode/DerivedData/AICoven_Local-gvtpajtveckudhherqngqlizoxtt/Build/Products/Debug/PackageFrameworks -F /Users/andreeapapillon/Library/Developer/Xcode/DerivedData/AICoven_Local-gvtpajtveckudhherqngqlizoxtt/Build/Products/Debug/PackageFrameworks -F /Users/andreeapapillon/Library/Developer/Xcode/DerivedData/AICoven_Local-gvtpajtveckudhherqngqlizoxtt/Build/Products/Debug/PackageFrameworks -F /Users/andreeapapillon/Library/Developer/Xcode/DerivedData/AICoven_Local-gvtpajtveckudhherqngqlizoxtt/Build/Products/Debug/PackageFrameworks -F /Users/andreeapapillon/Library/Developer/Xcode/DerivedData/AICoven_Local-gvtpajtveckudhherqngqlizoxtt/Build/Products/Debug/PackageFrameworks -F /Users/andreeapapillon/Library/Developer/Xcode/DerivedData/AICoven_Local-gvtpajtveckudhherqngqlizoxtt/Build/Products/Debug/PackageFrameworks -F /Users/andreeapapillon/Library/Developer/Xcode/DerivedData/AICoven_Local-gvtpajtveckudhherqngqlizoxtt/Build/Products/Debug/PackageFrameworks -F /Users/andreeapapillon/Library/Developer/Xcode/DerivedData/AICoven_Local-gvtpajtveckudhherqngqlizoxtt/Build/Products/Debug/PackageFrameworks -F /Users/andreeapapillon/Library/Developer/Xcode/DerivedData/AICoven_Local-gvtpajtveckudhherqngqlizoxtt/Build/Products/Debug/PackageFrameworks -F /Users/andreeapapillon/Library/Developer/Xcode/DerivedData/AICoven_Local-gvtpajtveckudhherqngqlizoxtt/Build/Products/Debug/PackageFrameworks -F /Users/andreeapapillon/Library/Developer/Xcode/DerivedData/AICoven_Local-gvtpajtveckudhherqngqlizoxtt/Build/Products/Debug/PackageFrameworks -F /Users/andreeapapillon/Library/Developer/Xcode/DerivedData/AICoven_Local-gvtpajtveckudhherqngqlizoxtt/Build/Products/Debug/PackageFrameworks -F /Users/andreeapapillon/Library/Developer/Xcode/DerivedData/AICoven_Local-gvtpajtveckudhherqngqlizoxtt/Build/Products/Debug/PackageFrameworks -F /Users/andreeapapillon/Library/Developer/Xcode/DerivedData/AICoven_Local-gvtpajtveckudhherqngqlizoxtt/Build/Products/Debug/PackageFrameworks -F /Users/andreeapapillon/Library/Developer/Xcode/DerivedData/AICoven_Local-gvtpajtveckudhherqngqlizoxtt/Build/Products/Debug/PackageFrameworks -F /Users/andreeapapillon/Library/Developer/Xcode/DerivedData/AICoven_Local-gvtpajtveckudhherqngqlizoxtt/Build/Products/Debug/PackageFrameworks -F /Users/andreeapapillon/Library/Developer/Xcode/DerivedData/AICoven_Local-gvtpajtveckudhherqngqlizoxtt/Build/Products/Debug/PackageFrameworks -F /Users/andreeapapillon/Library/Developer/Xcode/DerivedData/AICoven_Local-gvtpajtveckudhherqngqlizoxtt/Build/Products/Debug/PackageFrameworks -F /Users/andreeapapillon/Library/Developer/Xcode/DerivedData/AICoven_Local-gvtpajtveckudhherqngqlizoxtt/Build/Products/Debug/PackageFrameworks -F /Users/andreeapapillon/Library/Developer/Xcode/DerivedData/AICoven_Local-gvtpajtveckudhherqngqlizoxtt/Build/Products/Debug/PackageFrameworks -F /Users/andreeapapillon/Library/Developer/Xcode/DerivedData/AICoven_Local-gvtpajtveckudhherqngqlizoxtt/Build/Products/Debug/PackageFrameworks -F /Users/andreeapapillon/Library/Developer/Xcode/DerivedData/AICoven_Local-gvtpajtveckudhherqngqlizoxtt/Build/Products/Debug/PackageFrameworks -F /Users/andreeapapillon/Library/Developer/Xcode/DerivedData/AICoven_Local-gvtpajtveckudhherqngqlizoxtt/Build/Products/Debug/PackageFrameworks -F /Users/andreeapapillon/Library/Developer/Xcode/DerivedData/AICoven_Local-gvtpajtveckudhherqngqlizoxtt/Build/Products/Debug/PackageFrameworks -F /Users/andreeapapillon/Library/Developer/Xcode/DerivedData/AICoven_Local-gvtpajtveckudhherqngqlizoxtt/Build/Products/Debug/PackageFrameworks -F /Users/andreeapapillon/Library/Developer/Xcode/DerivedData/AICoven_Local-gvtpajtveckudhherqngqlizoxtt/Build/Products/Debug/PackageFrameworks -F /Users/andreeapapillon/Library/Developer/Xcode/DerivedData/AICoven_Local-gvtpajtveckudhherqngqlizoxtt/Build/Products/Debug/PackageFrameworks -F /Users/andreeapapillon/Library/Developer/Xcode/DerivedData/AICoven_Local-gvtpajtveckudhherqngqlizoxtt/Build/Products/Debug/PackageFrameworks -F /Users/andreeapapillon/Library/Developer/Xcode/DerivedData/AICoven_Local-gvtpajtveckudhherqngqlizoxtt/Build/Products/Debug/PackageFrameworks -F /Users/andreeapapillon/Library/Developer/Xcode/DerivedData/AICoven_Local-gvtpajtveckudhherqngqlizoxtt/Build/Products/Debug/PackageFrameworks -F /Users/andreeapapillon/Library/Developer/Xcode/DerivedData/AICoven_Local-gvtpajtveckudhherqngqlizoxtt/Build/Products/Debug/PackageFrameworks -F /Users/andreeapapillon/Library/Developer/Xcode/DerivedData/AICoven_Local-gvtpajtveckudhherqngqlizoxtt/Build/Products/Debug/PackageFrameworks -F /Users/andreeapapillon/Library/Developer/Xcode/DerivedData/AICoven_Local-gvtpajtveckudhherqngqlizoxtt/Build/Products/Debug/PackageFrameworks -F /Users/andreeapapillon/Library/Developer/Xcode/DerivedData/AICoven_Local-gvtpajtveckudhherqngqlizoxtt/Build/Products/Debug/PackageFrameworks -F /Users/andreeapapillon/Library/Developer/Xcode/DerivedData/AICoven_Local-gvtpajtveckudhherqngqlizoxtt/Build/Products/Debug/PackageFrameworks -F /Users/andreeapapillon/Library/Developer/Xcode/DerivedData/AICoven_Local-gvtpajtveckudhherqngqlizoxtt/Build/Products/Debug/PackageFrameworks -F /Users/andreeapapillon/Library/Developer/Xcode/DerivedData/AICoven_Local-gvtpajtveckudhherqngqlizoxtt/Build/Products/Debug/PackageFrameworks -F /Users/andreeapapillon/Library/Developer/Xcode/DerivedData/AICoven_Local-gvtpajtveckudhherqngqlizoxtt/Build/Products/Debug/PackageFrameworks -F /Users/andreeapapillon/Library/Developer/Xcode/DerivedData/AICoven_Local-gvtpajtveckudhherqngqlizoxtt/Build/Products/Debug/PackageFrameworks -F /Users/andreeapapillon/Library/Developer/Xcode/DerivedData/AICoven_Local-gvtpajtveckudhherqngqlizoxtt/Build/Products/Debug/PackageFrameworks -F /Users/andreeapapillon/Library/Developer/Xcode/DerivedData/AICoven_Local-gvtpajtveckudhherqngqlizoxtt/Build/Products/Debug/PackageFrameworks -F /Users/andreeapapillon/Library/Developer/Xcode/DerivedData/AICoven_Local-gvtpajtveckudhherqngqlizoxtt/Build/Products/Debug/PackageFrameworks -F /Users/andreeapapillon/Library/Developer/Xcode/DerivedData/AICoven_Local-gvtpajtveckudhherqngqlizoxtt/Build/Products/Debug/PackageFrameworks -F /Users/andreeapapillon/Library/Developer/Xcode/DerivedData/AICoven_Local-gvtpajtveckudhherqngqlizoxtt/Build/Products/Debug/PackageFrameworks -F /Users/andreeapapillon/Library/Developer/Xcode/DerivedData/AICoven_Local-gvtpajtveckudhherqngqlizoxtt/Build/Products/Debug/PackageFrameworks -F /Users/andreeapapillon/Library/Developer/Xcode/DerivedData/AICoven_Local-gvtpajtveckudhherqngqlizoxtt/Build/Products/Debug/PackageFrameworks -F /Users/andreeapapillon/Library/Developer/Xcode/DerivedData/AICoven_Local-gvtpajtveckudhherqngqlizoxtt/Build/Products/Debug/PackageFrameworks -F /Users/andreeapapillon/Library/Developer/Xcode/DerivedData/AICoven_Local-gvtpajtveckudhherqngqlizoxtt/Build/Products/Debug/PackageFrameworks -F /Users/andreeapapillon/Library/Developer/Xcode/DerivedData/AICoven_Local-gvtpajtveckudhherqngqlizoxtt/Build/Products/Debug/PackageFrameworks -F /Users/andreeapapillon/Library/Developer/Xcode/DerivedData/AICoven_Local-gvtpajtveckudhherqngqlizoxtt/Build/Products/Debug/PackageFrameworks -F /Users/andreeapapillon/Library/Developer/Xcode/DerivedData/AICoven_Local-gvtpajtveckudhherqngqlizoxtt/Build/Products/Debug/PackageFrameworks -F /Users/andreeapapillon/Library/Developer/Xcode/DerivedData/AICoven_Local-gvtpajtveckudhherqngqlizoxtt/Build/Products/Debug/PackageFrameworks -F /Users/andreeapapillon/Library/Developer/Xcode/DerivedData/AICoven_Local-gvtpajtveckudhherqngqlizoxtt/Build/Products/Debug/PackageFrameworks -F /Users/andreeapapillon/Library/Developer/Xcode/DerivedData/AICoven_Local-gvtpajtveckudhherqngqlizoxtt/Build/Products/Debug/PackageFrameworks -F /Users/andreeapapillon/Library/Developer/Xcode/DerivedData/AICoven_Local-gvtpajtveckudhherqngqlizoxtt/Build/Products/Debug -F /Applications/Xcode.app/Contents/Developer/Platforms/MacOSX.platform/Developer/Library/Frameworks -c -j10 -enable-batch-mode -incremental -Xcc -ivfsstatcache -Xcc /Users/andreeapapillon/Library/Developer/Xcode/DerivedData/SDKStatCaches.noindex/macosx26.4-25E236-688ef53f1462e2c8f657fdc38a81448f30f9ca8789b706f8bd3fc906a70d770f.sdkstatcache -output-file-map /Users/andreeapapillon/Library/Developer/Xcode/DerivedData/AICoven_Local-gvtpajtveckudhherqngqlizoxtt/Build/Intermediates.noindex/AICoven\ Local.build/Debug/AICovenTests.build/Objects-normal/arm64/AICovenTests-OutputFileMap.json -use-frontend-parseable-output -save-temps -no-color-diagnostics -explicit-module-build -module-cache-path /Users/andreeapapillon/Library/Developer/Xcode/DerivedData/AICoven_Local-gvtpajtveckudhherqngqlizoxtt/Build/Intermediates.noindex/SwiftExplicitPrecompiledModules -clang-scanner-module-cache-path /Users/andreeapapillon/Library/Developer/Xcode/DerivedData/ModuleCache.noindex -sdk-module-cache-path /Users/andreeapapillon/Library/Developer/Xcode/DerivedData/ModuleCache.noindex -serialize-diagnostics -emit-dependencies -emit-module -emit-module-path /Users/andreeapapillon/Library/Developer/Xcode/DerivedData/AICoven_Local-gvtpajtveckudhherqngqlizoxtt/Build/Intermediates.noindex/AICoven\ Local.build/Debug/AICovenTests.build/Objects-normal/arm64/AICovenTests.swiftmodule -validate-clang-modules-once -clang-build-session-file /Users/andreeapapillon/Library/Developer/Xcode/DerivedData/ModuleCache.noindex/Session.modulevalidation -Xcc -I/Users/andreeapapillon/Library/Developer/Xcode/DerivedData/AICoven_Local-gvtpajtveckudhherqngqlizoxtt/Build/Intermediates.noindex/AICoven\ Local.build/Debug/AICovenTests.build/swift-overrides.hmap -emit-const-values -Xfrontend -const-gather-protocols-file -Xfrontend /Users/andreeapapillon/Library/Developer/Xcode/DerivedData/AICoven_Local-gvtpajtveckudhherqngqlizoxtt/Build/Intermediates.noindex/AICoven\ Local.build/Debug/AICovenTests.build/Objects-normal/arm64/AICovenTests_const_extract_protocols.json -Xcc -iquote -Xcc /Users/andreeapapillon/Library/Developer/Xcode/DerivedData/AICoven_Local-gvtpajtveckudhherqngqlizoxtt/Build/Intermediates.noindex/AICoven\ Local.build/Debug/AICovenTests.build/AICovenTests-generated-files.hmap -Xcc -I/Users/andreeapapillon/Library/Developer/Xcode/DerivedData/AICoven_Local-gvtpajtveckudhherqngqlizoxtt/Build/Intermediates.noindex/AICoven\ Local.build/Debug/AICovenTests.build/AICovenTests-own-target-headers.hmap -Xcc -I/Users/andreeapapillon/Library/Developer/Xcode/DerivedData/AICoven_Local-gvtpajtveckudhherqngqlizoxtt/Build/Intermediates.noindex/AICoven\ Local.build/Debug/AICovenTests.build/AICovenTests-all-non-framework-target-headers.hmap -Xcc -ivfsoverlay -Xcc /Users/andreeapapillon/Library/Developer/Xcode/DerivedData/AICoven_Local-gvtpajtveckudhherqngqlizoxtt/Build/Intermediates.noindex/AICoven\ Local.build/Debug/AICoven\ Local-59fa713dd094a5d8a9705f05f0c82ed1-VFS/all-product-headers.yaml -Xcc -iquote -Xcc /Users/andreeapapillon/Library/Developer/Xcode/DerivedData/AICoven_Local-gvtpajtveckudhherqngqlizoxtt/Build/Intermediates.noindex/AICoven\ Local.build/Debug/AICovenTests.build/AICovenTests-project-headers.hmap -Xcc -I/Users/andreeapapillon/Library/Developer/Xcode/DerivedData/AICoven_Local-gvtpajtveckudhherqngqlizoxtt/SourcePackages/checkouts/google-ads-on-device-conversion-ios-sdk/GoogleAdsOnDeviceConversionWrapper/include -Xcc -I/Users/andreeapapillon/Library/Developer/Xcode/DerivedData/AICoven_Local-gvtpajtveckudhherqngqlizoxtt/SourcePackages/checkouts/GoogleAppMeasurement/GoogleAppMeasurementWrapper/include -Xcc -I/Users/andreeapapillon/Library/Developer/Xcode/DerivedData/AICoven_Local-gvtpajtveckudhherqngqlizoxtt/SourcePackages/checkouts/firebase-ios-sdk/FirebaseAnalyticsWrapper/include -Xcc -I/Users/andreeapapillon/Library/Developer/Xcode/DerivedData/AICoven_Local-gvtpajtveckudhherqngqlizoxtt/SourcePackages/checkouts/firebase-ios-sdk/SwiftPM-PlatformExclude/FirebaseAnalyticsWrap/include -Xcc -I/Users/andreeapapillon/Library/Developer/Xcode/DerivedData/AICoven_Local-gvtpajtveckudhherqngqlizoxtt/SourcePackages/checkouts/GoogleAppMeasurement/GoogleAppMeasurementIdentitySupportWrapper/include -Xcc -I/Users/andreeapapillon/Library/Developer/Xcode/DerivedData/AICoven_Local-gvtpajtveckudhherqngqlizoxtt/SourcePackages/checkouts/firebase-ios-sdk/FirebaseAnalyticsIdentitySupportWrapper/include -Xcc -I/Users/andreeapapillon/Library/Developer/Xcode/DerivedData/AICoven_Local-gvtpajtveckudhherqngqlizoxtt/SourcePackages/checkouts/firebase-ios-sdk/FirebaseMessaging/Sources/Public -Xcc -I/Users/andreeapapillon/Library/Developer/Xcode/DerivedData/AICoven_Local-gvtpajtveckudhherqngqlizoxtt/SourcePackages/checkouts/GoogleDataTransport/GoogleDataTransport/GDTCORLibrary/Public -Xcc -I/Users/andreeapapillon/Library/Developer/Xcode/DerivedData/AICoven_Local-gvtpajtveckudhherqngqlizoxtt/SourcePackages/checkouts/firebase-ios-sdk/FirebaseSessions/SourcesObjC -Xcc -I/Users/andreeapapillon/Library/Developer/Xcode/DerivedData/AICoven_Local-gvtpajtveckudhherqngqlizoxtt/SourcePackages/checkouts/firebase-ios-sdk/Crashlytics/Crashlytics/Public -Xcc -I/Users/andreeapapillon/Library/Developer/Xcode/DerivedData/AICoven_Local-gvtpajtveckudhherqngqlizoxtt/SourcePackages/checkouts/firebase-ios-sdk/FirebaseRemoteConfig/Sources/Public -Xcc -I/Users/andreeapapillon/Library/Developer/Xcode/DerivedData/AICoven_Local-gvtpajtveckudhherqngqlizoxtt/SourcePackages/checkouts/firebase-ios-sdk/FirebaseABTesting/Sources/Public -Xcc -I/Users/andreeapapillon/Library/Developer/Xcode/DerivedData/AICoven_Local-gvtpajtveckudhherqngqlizoxtt/SourcePackages/checkouts/promises/Sources/FBLPromises/include -Xcc -I/Users/andreeapapillon/Library/Developer/Xcode/DerivedData/AICoven_Local-gvtpajtveckudhherqngqlizoxtt/SourcePackages/checkouts/GoogleUtilities/GoogleUtilities/UserDefaults/Public -Xcc -I/Users/andreeapapillon/Library/Developer/Xcode/DerivedData/AICoven_Local-gvtpajtveckudhherqngqlizoxtt/SourcePackages/checkouts/GoogleAppMeasurement/GoogleAppMeasurementCoreWrapper/include -Xcc -I/Users/andreeapapillon/Library/Developer/Xcode/DerivedData/AICoven_Local-gvtpajtveckudhherqngqlizoxtt/SourcePackages/checkouts/GoogleUtilities/GoogleUtilities/MethodSwizzler/Public -Xcc -I/Users/andreeapapillon/Library/Developer/Xcode/DerivedData/AICoven_Local-gvtpajtveckudhherqngqlizoxtt/SourcePackages/checkouts/nanopb/spm_headers -Xcc -I/Users/andreeapapillon/Library/Developer/Xcode/DerivedData/AICoven_Local-gvtpajtveckudhherqngqlizoxtt/SourcePackages/checkouts/firebase-ios-sdk/FirebaseAnalyticsCoreWrapper/include -Xcc -I/Users/andreeapapillon/Library/Developer/Xcode/DerivedData/AICoven_Local-gvtpajtveckudhherqngqlizoxtt/SourcePackages/checkouts/firebase-ios-sdk/FirebaseInstallations/Source/Library/Public -Xcc -I/Users/andreeapapillon/Library/Developer/Xcode/DerivedData/AICoven_Local-gvtpajtveckudhherqngqlizoxtt/SourcePackages/checkouts/firebase-ios-sdk/SwiftPM-PlatformExclude/FirebaseAnalyticsCoreWrap/include -Xcc -I/Users/andreeapapillon/Library/Developer/Xcode/DerivedData/AICoven_Local-gvtpajtveckudhherqngqlizoxtt/SourcePackages/checkouts/swift-numerics/Sources/_NumericsShims/include -Xcc -I/Users/andreeapapillon/Library/Developer/Xcode/DerivedData/AICoven_Local-gvtpajtveckudhherqngqlizoxtt/SourcePackages/checkouts/mlx-swift/Source/Cmlx/include -Xcc -I/Users/andreeapapillon/Library/Developer/Xcode/DerivedData/AICoven_Local-gvtpajtveckudhherqngqlizoxtt/SourcePackages/checkouts/interop-ios-for-google-sdks/RecaptchaEnterprise/RecaptchaInterop/Public -Xcc -I/Users/andreeapapillon/Library/Developer/Xcode/DerivedData/AICoven_Local-gvtpajtveckudhherqngqlizoxtt/SourcePackages/checkouts/GoogleUtilities/GoogleUtilities/Network/Public -Xcc -I/Users/andreeapapillon/Library/Developer/Xcode/DerivedData/AICoven_Local-gvtpajtveckudhherqngqlizoxtt/SourcePackages/checkouts/GoogleUtilities/GoogleUtilities/Reachability/Public -Xcc -I/Users/andreeapapillon/Library/Developer/Xcode/DerivedData/AICoven_Local-gvtpajtveckudhherqngqlizoxtt/SourcePackages/checkouts/GoogleUtilities/GoogleUtilities/NSData+zlib/Public -Xcc -I/Users/andreeapapillon/Library/Developer/Xcode/DerivedData/AICoven_Local-gvtpajtveckudhherqngqlizoxtt/SourcePackages/checkouts/GoogleUtilities/GoogleUtilities/Logger/Public -Xcc -I/Users/andreeapapillon/Library/Developer/Xcode/DerivedData/AICoven_Local-gvtpajtveckudhherqngqlizoxtt/SourcePackages/checkouts/GoogleUtilities/GoogleUtilities/Environment/Public -Xcc -I/Users/andreeapapillon/Library/Developer/Xcode/DerivedData/AICoven_Local-gvtpajtveckudhherqngqlizoxtt/SourcePackages/checkouts/GoogleUtilities/third_party/IsAppEncrypted/Public -Xcc -I/Users/andreeapapillon/Library/Developer/Xcode/DerivedData/AICoven_Local-gvtpajtveckudhherqngqlizoxtt/SourcePackages/checkouts/GoogleUtilities/GoogleUtilities/AppDelegateSwizzler/Public -Xcc -I/Users/andreeapapillon/Library/Developer/Xcode/DerivedData/AICoven_Local-gvtpajtveckudhherqngqlizoxtt/SourcePackages/checkouts/gtm-session-fetcher/Sources/Core/Public -Xcc -I/Users/andreeapapillon/Library/Developer/Xcode/DerivedData/AICoven_Local-gvtpajtveckudhherqngqlizoxtt/SourcePackages/checkouts/firebase-ios-sdk/FirebaseCore/Extension -Xcc -I/Users/andreeapapillon/Library/Developer/Xcode/DerivedData/AICoven_Local-gvtpajtveckudhherqngqlizoxtt/SourcePackages/checkouts/firebase-ios-sdk/FirebaseCore/Sources/Public -Xcc -I/Users/andreeapapillon/Library/Developer/Xcode/DerivedData/AICoven_Local-gvtpajtveckudhherqngqlizoxtt/SourcePackages/checkouts/firebase-ios-sdk/CoreOnly/Sources -Xcc -I/Users/andreeapapillon/Library/Developer/Xcode/DerivedData/AICoven_Local-gvtpajtveckudhherqngqlizoxtt/SourcePackages/checkouts/firebase-ios-sdk/FirebaseAuth/Sources/Public -Xcc -I/Users/andreeapapillon/Library/Developer/Xcode/DerivedData/AICoven_Local-gvtpajtveckudhherqngqlizoxtt/SourcePackages/checkouts/firebase-ios-sdk/FirebaseAuth/Interop/Public -Xcc -I/Users/andreeapapillon/Library/Developer/Xcode/DerivedData/AICoven_Local-gvtpajtveckudhherqngqlizoxtt/SourcePackages/checkouts/firebase-ios-sdk/FirebaseAppCheck/Interop/Public -Xcc -I/Users/andreeapapillon/Library/Developer/Xcode/DerivedData/AICoven_Local-gvtpajtveckudhherqngqlizoxtt/Build/Products/Debug/include -Xcc -I/Users/andreeapapillon/Library/Developer/Xcode/DerivedData/AICoven_Local-gvtpajtveckudhherqngqlizoxtt/Build/Intermediates.noindex/AICoven\ Local.build/Debug/AICovenTests.build/DerivedSources-normal/arm64 -Xcc -I/Users/andreeapapillon/Library/Developer/Xcode/DerivedData/AICoven_Local-gvtpajtveckudhherqngqlizoxtt/Build/Intermediates.noindex/AICoven\ Local.build/Debug/AICovenTests.build/DerivedSources/arm64 -Xcc -I/Users/andreeapapillon/Library/Developer/Xcode/DerivedData/AICoven_Local-gvtpajtveckudhherqngqlizoxtt/Build/Intermediates.noindex/AICoven\ Local.build/Debug/AICovenTests.build/DerivedSources -Xcc -DDEBUG\=1 -emit-objc-header -emit-objc-header-path /Users/andreeapapillon/Library/Developer/Xcode/DerivedData/AICoven_Local-gvtpajtveckudhherqngqlizoxtt/Build/Intermediates.noindex/AICoven\ Local.build/Debug/AICovenTests.build/Objects-normal/arm64/AICovenTests-Swift.h -working-directory /Users/andreeapapillon/Documents/GitHub/aicoven-local-opensource/swift/AICoven -experimental-emit-module-separately -disable-cmo

SwiftDriverJobDiscovery normal arm64 Compiling UploadService.swift, UsageService.swift, UsageViewModel.swift, ForgotPasswordView.swift, LoginView.swift, OnboardingFlowView.swift, PreAuthOnboardingView.swift, SignupView.swift, AgentFeaturesView.swift, FileAttachmentView.swift, MarkdownView.swift, MemoryExplorerView.swift, RichMessageBubble.swift, TasksProgressView.swift (in target 'AICoven' from project 'AICoven Local')

SwiftDriverJobDiscovery normal arm64 Compiling ToolValidationService.swift, DesignSystem.swift, FontRegistration.swift, Theme.swift, Typography.swift, ConnectedAccount.swift, ConnectedAccountsService.swift, ConnectedAppsView.swift, GooglePickerView.swift, MCPServerAccount.swift, MCPServerManagementView.swift, OAuthFlows.swift, MCPClient.swift, ShellApprovalView.swift (in target 'AICoven' from project 'AICoven Local')

SwiftDriverJobDiscovery normal arm64 Compiling CauldronLoadingView.swift, ErrorBannerView.swift, LoadingView.swift, SelectableTextView.swift, ProfileMenuView.swift, WorkspaceSidebarView.swift, WorkspaceSwitcher.swift, WorkspaceTabBar.swift, CovensListView.swift, CreateCovenSheet.swift, HomeView.swift, MainTabView.swift, MobileHomeView.swift (in target 'AICoven' from project 'AICoven Local')

SwiftDriverJobDiscovery normal arm64 Compiling EnhancedProfileView.swift, EnhancedSettingsView.swift, FileAccessSettingsSection.swift, MLXModelSettingsView.swift, PrivacyPolicyView.swift, ProviderKeysView.swift, SettingsView.swift, StrixSettingsView.swift, TermsOfServiceView.swift, UsageSettingsView.swift, StoreView.swift, ThreadsListView.swift, GeneratedAssetSymbols.swift (in target 'AICoven' from project 'AICoven Local')

SwiftDriverJobDiscovery normal arm64 Compiling ChatService.swift, CovenService.swift, EncryptionService.swift, FileUploadService.swift, LLMClients.swift, MemoryService.swift, MessageAdapter.swift, ProviderAccountService.swift, RoleService.swift, RoleTemplateService.swift, StoreService.swift, StrixSettingsService.swift, ThreadService.swift, ToolApprovalService.swift (in target 'AICoven' from project 'AICoven Local')

SwiftDriverJobDiscovery normal arm64 Compiling PersonalContentView.swift, PersonalThreadsSidebar.swift, SplashScreenView.swift, WorkspaceView.swift, MemoryComponents.swift, MemoryEditorViews.swift, MemoryListViews.swift, MemoryProposalsView.swift, ProfileView.swift, AddRoleView.swift, EditRoleView.swift, BudgetView.swift, CovenTutorialView.swift (in target 'AICoven' from project 'AICoven Local')

SwiftDriver\ Compilation AICoven normal arm64 com.apple.xcode.tools.swift.compiler (in target 'AICoven' from project 'AICoven Local')
    cd /Users/andreeapapillon/Documents/GitHub/aicoven-local-opensource/swift/AICoven
    builtin-Swift-Compilation -- /Applications/Xcode.app/Contents/Developer/Toolchains/XcodeDefault.xctoolchain/usr/bin/swiftc -module-name AICoven -Onone @/Users/andreeapapillon/Library/Developer/Xcode/DerivedData/AICoven_Local-gvtpajtveckudhherqngqlizoxtt/Build/Intermediates.noindex/AICoven\ Local.build/Debug/AICoven.build/Objects-normal/arm64/AICoven\ Dev.SwiftFileList -DDEBUG -Xcc -fmodule-map-file\=/Users/andreeapapillon/Library/Developer/Xcode/DerivedData/AICoven_Local-gvtpajtveckudhherqngqlizoxtt/Build/Intermediates.noindex/GeneratedModuleMaps/GoogleAdsOnDeviceConversionTarget.modulemap -Xcc -fmodule-map-file\=/Users/andreeapapillon/Library/Developer/Xcode/DerivedData/AICoven_Local-gvtpajtveckudhherqngqlizoxtt/Build/Intermediates.noindex/GeneratedModuleMaps/GoogleAppMeasurementTarget.modulemap -Xcc -fmodule-map-file\=/Users/andreeapapillon/Library/Developer/Xcode/DerivedData/AICoven_Local-gvtpajtveckudhherqngqlizoxtt/Build/Intermediates.noindex/GeneratedModuleMaps/FirebaseAnalyticsWrapper.modulemap -Xcc -fmodule-map-file\=/Users/andreeapapillon/Library/Developer/Xcode/DerivedData/AICoven_Local-gvtpajtveckudhherqngqlizoxtt/Build/Intermediates.noindex/GeneratedModuleMaps/FirebaseAnalyticsTarget.modulemap -Xcc -fmodule-map-file\=/Users/andreeapapillon/Library/Developer/Xcode/DerivedData/AICoven_Local-gvtpajtveckudhherqngqlizoxtt/Build/Intermediates.noindex/GeneratedModuleMaps/GoogleAppMeasurementIdentitySupportTarget.modulemap -Xcc -fmodule-map-file\=/Users/andreeapapillon/Library/Developer/Xcode/DerivedData/AICoven_Local-gvtpajtveckudhherqngqlizoxtt/Build/Intermediates.noindex/GeneratedModuleMaps/FirebaseAnalyticsIdentitySupportTarget.modulemap -Xcc -fmodule-map-file\=/Users/andreeapapillon/Library/Developer/Xcode/DerivedData/AICoven_Local-gvtpajtveckudhherqngqlizoxtt/Build/Intermediates.noindex/GeneratedModuleMaps/FirebaseMessaging.modulemap -Xcc -fmodule-map-file\=/Users/andreeapapillon/Library/Developer/Xcode/DerivedData/AICoven_Local-gvtpajtveckudhherqngqlizoxtt/Build/Intermediates.noindex/GeneratedModuleMaps/GoogleDataTransport.modulemap -Xcc -fmodule-map-file\=/Users/andreeapapillon/Library/Developer/Xcode/DerivedData/AICoven_Local-gvtpajtveckudhherqngqlizoxtt/Build/Intermediates.noindex/GeneratedModuleMaps/FirebaseSessionsObjC.modulemap -Xcc -fmodule-map-file\=/Users/andreeapapillon/Library/Developer/Xcode/DerivedData/AICoven_Local-gvtpajtveckudhherqngqlizoxtt/Build/Intermediates.noindex/GeneratedModuleMaps/FirebaseCrashlytics.modulemap -Xcc -fmodule-map-file\=/Users/andreeapapillon/Library/Developer/Xcode/DerivedData/AICoven_Local-gvtpajtveckudhherqngqlizoxtt/Build/Intermediates.noindex/GeneratedModuleMaps/FirebaseRemoteConfigInternal.modulemap -Xcc -fmodule-map-file\=/Users/andreeapapillon/Library/Developer/Xcode/DerivedData/AICoven_Local-gvtpajtveckudhherqngqlizoxtt/Build/Intermediates.noindex/GeneratedModuleMaps/FirebaseABTesting.modulemap -Xcc -fmodule-map-file\=/Users/andreeapapillon/Library/Developer/Xcode/DerivedData/AICoven_Local-gvtpajtveckudhherqngqlizoxtt/Build/Intermediates.noindex/GeneratedModuleMaps/GoogleUtilities-UserDefaults.modulemap -Xcc -fmodule-map-file\=/Users/andreeapapillon/Library/Developer/Xcode/DerivedData/AICoven_Local-gvtpajtveckudhherqngqlizoxtt/Build/Intermediates.noindex/GeneratedModuleMaps/GoogleAppMeasurementCoreTarget.modulemap -Xcc -fmodule-map-file\=/Users/andreeapapillon/Library/Developer/Xcode/DerivedData/AICoven_Local-gvtpajtveckudhherqngqlizoxtt/Build/Intermediates.noindex/GeneratedModuleMaps/GoogleUtilities-MethodSwizzler.modulemap -Xcc -fmodule-map-file\=/Users/andreeapapillon/Library/Developer/Xcode/DerivedData/AICoven_Local-gvtpajtveckudhherqngqlizoxtt/Build/Intermediates.noindex/GeneratedModuleMaps/nanopb.modulemap -Xcc -fmodule-map-file\=/Users/andreeapapillon/Library/Developer/Xcode/DerivedData/AICoven_Local-gvtpajtveckudhherqngqlizoxtt/Build/Intermediates.noindex/GeneratedModuleMaps/FirebaseAnalyticsCoreWrapper.modulemap -Xcc -fmodule-map-file\=/Users/andreeapapillon/Library/Developer/Xcode/DerivedData/AICoven_Local-gvtpajtveckudhherqngqlizoxtt/Build/Intermediates.noindex/GeneratedModuleMaps/FirebaseInstallations.modulemap -Xcc -fmodule-map-file\=/Users/andreeapapillon/Library/Developer/Xcode/DerivedData/AICoven_Local-gvtpajtveckudhherqngqlizoxtt/Build/Intermediates.noindex/GeneratedModuleMaps/FirebaseAnalyticsCoreTarget.modulemap -Xcc -fmodule-map-file\=/Users/andreeapapillon/Library/Developer/Xcode/DerivedData/AICoven_Local-gvtpajtveckudhherqngqlizoxtt/Build/Intermediates.noindex/GeneratedModuleMaps/RecaptchaInterop.modulemap -Xcc -fmodule-map-file\=/Users/andreeapapillon/Library/Developer/Xcode/DerivedData/AICoven_Local-gvtpajtveckudhherqngqlizoxtt/Build/Intermediates.noindex/GeneratedModuleMaps/GoogleUtilities-Network.modulemap -Xcc -fmodule-map-file\=/Users/andreeapapillon/Library/Developer/Xcode/DerivedData/AICoven_Local-gvtpajtveckudhherqngqlizoxtt/Build/Intermediates.noindex/GeneratedModuleMaps/GoogleUtilities-Reachability.modulemap -Xcc -fmodule-map-file\=/Users/andreeapapillon/Library/Developer/Xcode/DerivedData/AICoven_Local-gvtpajtveckudhherqngqlizoxtt/Build/Intermediates.noindex/GeneratedModuleMaps/GoogleUtilities-NSData.modulemap -Xcc -fmodule-map-file\=/Users/andreeapapillon/Library/Developer/Xcode/DerivedData/AICoven_Local-gvtpajtveckudhherqngqlizoxtt/Build/Intermediates.noindex/GeneratedModuleMaps/GoogleUtilities-Logger.modulemap -Xcc -fmodule-map-file\=/Users/andreeapapillon/Library/Developer/Xcode/DerivedData/AICoven_Local-gvtpajtveckudhherqngqlizoxtt/Build/Intermediates.noindex/GeneratedModuleMaps/GoogleUtilities-Environment.modulemap -Xcc -fmodule-map-file\=/Users/andreeapapillon/Library/Developer/Xcode/DerivedData/AICoven_Local-gvtpajtveckudhherqngqlizoxtt/Build/Intermediates.noindex/GeneratedModuleMaps/third-party-IsAppEncrypted.modulemap -Xcc -fmodule-map-file\=/Users/andreeapapillon/Library/Developer/Xcode/DerivedData/AICoven_Local-gvtpajtveckudhherqngqlizoxtt/Build/Intermediates.noindex/GeneratedModuleMaps/GoogleUtilities-AppDelegateSwizzler.modulemap -Xcc -fmodule-map-file\=/Users/andreeapapillon/Library/Developer/Xcode/DerivedData/AICoven_Local-gvtpajtveckudhherqngqlizoxtt/Build/Intermediates.noindex/GeneratedModuleMaps/GTMSessionFetcherCore.modulemap -Xcc -fmodule-map-file\=/Users/andreeapapillon/Library/Developer/Xcode/DerivedData/AICoven_Local-gvtpajtveckudhherqngqlizoxtt/Build/Intermediates.noindex/GeneratedModuleMaps/FirebaseCoreExtension.modulemap -Xcc -fmodule-map-file\=/Users/andreeapapillon/Library/Developer/Xcode/DerivedData/AICoven_Local-gvtpajtveckudhherqngqlizoxtt/Build/Intermediates.noindex/GeneratedModuleMaps/FirebaseCore.modulemap -Xcc -fmodule-map-file\=/Users/andreeapapillon/Library/Developer/Xcode/DerivedData/AICoven_Local-gvtpajtveckudhherqngqlizoxtt/Build/Intermediates.noindex/GeneratedModuleMaps/FirebaseAuthInternal.modulemap -Xcc -fmodule-map-file\=/Users/andreeapapillon/Library/Developer/Xcode/DerivedData/AICoven_Local-gvtpajtveckudhherqngqlizoxtt/Build/Intermediates.noindex/GeneratedModuleMaps/FirebaseAuthInterop.modulemap -Xcc -fmodule-map-file\=/Users/andreeapapillon/Library/Developer/Xcode/DerivedData/AICoven_Local-gvtpajtveckudhherqngqlizoxtt/Build/Intermediates.noindex/GeneratedModuleMaps/FirebaseAppCheckInterop.modulemap -Xcc -fmodule-map-file\=/Users/andreeapapillon/Library/Developer/Xcode/DerivedData/AICoven_Local-gvtpajtveckudhherqngqlizoxtt/SourcePackages/checkouts/GRDB.swift/Sources/GRDBSQLite/module.modulemap -default-isolation\=MainActor -enable-bare-slash-regex -enable-upcoming-feature DisableOutwardActorInference -enable-upcoming-feature InferSendableFromCaptures -enable-upcoming-feature GlobalActorIsolatedTypesUsability -enable-upcoming-feature MemberImportVisibility -enable-upcoming-feature InferIsolatedConformances -enable-upcoming-feature NonisolatedNonsendingByDefault -enable-experimental-feature DebugDescriptionMacro -sdk /Applications/Xcode.app/Contents/Developer/Platforms/MacOSX.platform/Developer/SDKs/MacOSX26.4.sdk -target arm64-apple-macos14.0 -g -module-cache-path /Users/andreeapapillon/Library/Developer/Xcode/DerivedData/ModuleCache.noindex -Xfrontend -serialize-debugging-options -profile-coverage-mapping -profile-generate -enable-testing -index-store-path /Users/andreeapapillon/Library/Developer/Xcode/DerivedData/AICoven_Local-gvtpajtveckudhherqngqlizoxtt/Index.noindex/DataStore -Xcc -D_LIBCPP_HARDENING_MODE\=_LIBCPP_HARDENING_MODE_DEBUG -swift-version 5 -I /Users/andreeapapillon/Library/Developer/Xcode/DerivedData/AICoven_Local-gvtpajtveckudhherqngqlizoxtt/Build/Products/Debug -F /Users/andreeapapillon/Library/Developer/Xcode/DerivedData/AICoven_Local-gvtpajtveckudhherqngqlizoxtt/Build/Products/Debug/PackageFrameworks -F /Users/andreeapapillon/Library/Developer/Xcode/DerivedData/AICoven_Local-gvtpajtveckudhherqngqlizoxtt/Build/Products/Debug/PackageFrameworks -F /Users/andreeapapillon/Library/Developer/Xcode/DerivedData/AICoven_Local-gvtpajtveckudhherqngqlizoxtt/Build/Products/Debug/PackageFrameworks -F /Users/andreeapapillon/Library/Developer/Xcode/DerivedData/AICoven_Local-gvtpajtveckudhherqngqlizoxtt/Build/Products/Debug/PackageFrameworks -F /Users/andreeapapillon/Library/Developer/Xcode/DerivedData/AICoven_Local-gvtpajtveckudhherqngqlizoxtt/Build/Products/Debug/PackageFrameworks -F /Users/andreeapapillon/Library/Developer/Xcode/DerivedData/AICoven_Local-gvtpajtveckudhherqngqlizoxtt/Build/Products/Debug/PackageFrameworks -F /Users/andreeapapillon/Library/Developer/Xcode/DerivedData/AICoven_Local-gvtpajtveckudhherqngqlizoxtt/Build/Products/Debug/PackageFrameworks -F /Users/andreeapapillon/Library/Developer/Xcode/DerivedData/AICoven_Local-gvtpajtveckudhherqngqlizoxtt/Build/Products/Debug/PackageFrameworks -F /Users/andreeapapillon/Library/Developer/Xcode/DerivedData/AICoven_Local-gvtpajtveckudhherqngqlizoxtt/Build/Products/Debug/PackageFrameworks -F /Users/andreeapapillon/Library/Developer/Xcode/DerivedData/AICoven_Local-gvtpajtveckudhherqngqlizoxtt/Build/Products/Debug/PackageFrameworks -F /Users/andreeapapillon/Library/Developer/Xcode/DerivedData/AICoven_Local-gvtpajtveckudhherqngqlizoxtt/Build/Products/Debug/PackageFrameworks -F /Users/andreeapapillon/Library/Developer/Xcode/DerivedData/AICoven_Local-gvtpajtveckudhherqngqlizoxtt/Build/Products/Debug/PackageFrameworks -F /Users/andreeapapillon/Library/Developer/Xcode/DerivedData/AICoven_Local-gvtpajtveckudhherqngqlizoxtt/Build/Products/Debug/PackageFrameworks -F /Users/andreeapapillon/Library/Developer/Xcode/DerivedData/AICoven_Local-gvtpajtveckudhherqngqlizoxtt/Build/Products/Debug/PackageFrameworks -F /Users/andreeapapillon/Library/Developer/Xcode/DerivedData/AICoven_Local-gvtpajtveckudhherqngqlizoxtt/Build/Products/Debug/PackageFrameworks -F /Users/andreeapapillon/Library/Developer/Xcode/DerivedData/AICoven_Local-gvtpajtveckudhherqngqlizoxtt/Build/Products/Debug/PackageFrameworks -F /Users/andreeapapillon/Library/Developer/Xcode/DerivedData/AICoven_Local-gvtpajtveckudhherqngqlizoxtt/Build/Products/Debug/PackageFrameworks -F /Users/andreeapapillon/Library/Developer/Xcode/DerivedData/AICoven_Local-gvtpajtveckudhherqngqlizoxtt/Build/Products/Debug/PackageFrameworks -F /Users/andreeapapillon/Library/Developer/Xcode/DerivedData/AICoven_Local-gvtpajtveckudhherqngqlizoxtt/Build/Products/Debug/PackageFrameworks -F /Users/andreeapapillon/Library/Developer/Xcode/DerivedData/AICoven_Local-gvtpajtveckudhherqngqlizoxtt/Build/Products/Debug/PackageFrameworks -F /Users/andreeapapillon/Library/Developer/Xcode/DerivedData/AICoven_Local-gvtpajtveckudhherqngqlizoxtt/Build/Products/Debug/PackageFrameworks -F /Users/andreeapapillon/Library/Developer/Xcode/DerivedData/AICoven_Local-gvtpajtveckudhherqngqlizoxtt/Build/Products/Debug/PackageFrameworks -F /Users/andreeapapillon/Library/Developer/Xcode/DerivedData/AICoven_Local-gvtpajtveckudhherqngqlizoxtt/Build/Products/Debug/PackageFrameworks -F /Users/andreeapapillon/Library/Developer/Xcode/DerivedData/AICoven_Local-gvtpajtveckudhherqngqlizoxtt/Build/Products/Debug/PackageFrameworks -F /Users/andreeapapillon/Library/Developer/Xcode/DerivedData/AICoven_Local-gvtpajtveckudhherqngqlizoxtt/Build/Products/Debug/PackageFrameworks -F /Users/andreeapapillon/Library/Developer/Xcode/DerivedData/AICoven_Local-gvtpajtveckudhherqngqlizoxtt/Build/Products/Debug/PackageFrameworks -F /Users/andreeapapillon/Library/Developer/Xcode/DerivedData/AICoven_Local-gvtpajtveckudhherqngqlizoxtt/Build/Products/Debug/PackageFrameworks -F /Users/andreeapapillon/Library/Developer/Xcode/DerivedData/AICoven_Local-gvtpajtveckudhherqngqlizoxtt/Build/Products/Debug/PackageFrameworks -F /Users/andreeapapillon/Library/Developer/Xcode/DerivedData/AICoven_Local-gvtpajtveckudhherqngqlizoxtt/Build/Products/Debug/PackageFrameworks -F /Users/andreeapapillon/Library/Developer/Xcode/DerivedData/AICoven_Local-gvtpajtveckudhherqngqlizoxtt/Build/Products/Debug/PackageFrameworks -F /Users/andreeapapillon/Library/Developer/Xcode/DerivedData/AICoven_Local-gvtpajtveckudhherqngqlizoxtt/Build/Products/Debug/PackageFrameworks -F /Users/andreeapapillon/Library/Developer/Xcode/DerivedData/AICoven_Local-gvtpajtveckudhherqngqlizoxtt/Build/Products/Debug/PackageFrameworks -F /Users/andreeapapillon/Library/Developer/Xcode/DerivedData/AICoven_Local-gvtpajtveckudhherqngqlizoxtt/Build/Products/Debug/PackageFrameworks -F /Users/andreeapapillon/Library/Developer/Xcode/DerivedData/AICoven_Local-gvtpajtveckudhherqngqlizoxtt/Build/Products/Debug/PackageFrameworks -F /Users/andreeapapillon/Library/Developer/Xcode/DerivedData/AICoven_Local-gvtpajtveckudhherqngqlizoxtt/Build/Products/Debug/PackageFrameworks -F /Users/andreeapapillon/Library/Developer/Xcode/DerivedData/AICoven_Local-gvtpajtveckudhherqngqlizoxtt/Build/Products/Debug/PackageFrameworks -F /Users/andreeapapillon/Library/Developer/Xcode/DerivedData/AICoven_Local-gvtpajtveckudhherqngqlizoxtt/Build/Products/Debug/PackageFrameworks -F /Users/andreeapapillon/Library/Developer/Xcode/DerivedData/AICoven_Local-gvtpajtveckudhherqngqlizoxtt/Build/Products/Debug/PackageFrameworks -F /Users/andreeapapillon/Library/Developer/Xcode/DerivedData/AICoven_Local-gvtpajtveckudhherqngqlizoxtt/Build/Products/Debug/PackageFrameworks -F /Users/andreeapapillon/Library/Developer/Xcode/DerivedData/AICoven_Local-gvtpajtveckudhherqngqlizoxtt/Build/Products/Debug/PackageFrameworks -F /Users/andreeapapillon/Library/Developer/Xcode/DerivedData/AICoven_Local-gvtpajtveckudhherqngqlizoxtt/Build/Products/Debug/PackageFrameworks -F /Users/andreeapapillon/Library/Developer/Xcode/DerivedData/AICoven_Local-gvtpajtveckudhherqngqlizoxtt/Build/Products/Debug/PackageFrameworks -F /Users/andreeapapillon/Library/Developer/Xcode/DerivedData/AICoven_Local-gvtpajtveckudhherqngqlizoxtt/Build/Products/Debug/PackageFrameworks -F /Users/andreeapapillon/Library/Developer/Xcode/DerivedData/AICoven_Local-gvtpajtveckudhherqngqlizoxtt/Build/Products/Debug/PackageFrameworks -F /Users/andreeapapillon/Library/Developer/Xcode/DerivedData/AICoven_Local-gvtpajtveckudhherqngqlizoxtt/Build/Products/Debug/PackageFrameworks -F /Users/andreeapapillon/Library/Developer/Xcode/DerivedData/AICoven_Local-gvtpajtveckudhherqngqlizoxtt/Build/Products/Debug/PackageFrameworks -F /Users/andreeapapillon/Library/Developer/Xcode/DerivedData/AICoven_Local-gvtpajtveckudhherqngqlizoxtt/Build/Products/Debug/PackageFrameworks -F /Users/andreeapapillon/Library/Developer/Xcode/DerivedData/AICoven_Local-gvtpajtveckudhherqngqlizoxtt/Build/Products/Debug/PackageFrameworks -F /Users/andreeapapillon/Library/Developer/Xcode/DerivedData/AICoven_Local-gvtpajtveckudhherqngqlizoxtt/Build/Products/Debug/PackageFrameworks -F /Users/andreeapapillon/Library/Developer/Xcode/DerivedData/AICoven_Local-gvtpajtveckudhherqngqlizoxtt/Build/Products/Debug/PackageFrameworks -F /Users/andreeapapillon/Library/Developer/Xcode/DerivedData/AICoven_Local-gvtpajtveckudhherqngqlizoxtt/Build/Products/Debug/PackageFrameworks -F /Users/andreeapapillon/Library/Developer/Xcode/DerivedData/AICoven_Local-gvtpajtveckudhherqngqlizoxtt/Build/Products/Debug/PackageFrameworks -F /Users/andreeapapillon/Library/Developer/Xcode/DerivedData/AICoven_Local-gvtpajtveckudhherqngqlizoxtt/Build/Products/Debug/PackageFrameworks -F /Users/andreeapapillon/Library/Developer/Xcode/DerivedData/AICoven_Local-gvtpajtveckudhherqngqlizoxtt/Build/Products/Debug/PackageFrameworks -F /Users/andreeapapillon/Library/Developer/Xcode/DerivedData/AICoven_Local-gvtpajtveckudhherqngqlizoxtt/Build/Products/Debug/PackageFrameworks -F /Users/andreeapapillon/Library/Developer/Xcode/DerivedData/AICoven_Local-gvtpajtveckudhherqngqlizoxtt/Build/Products/Debug/PackageFrameworks -F /Users/andreeapapillon/Library/Developer/Xcode/DerivedData/AICoven_Local-gvtpajtveckudhherqngqlizoxtt/Build/Products/Debug/PackageFrameworks -F /Users/andreeapapillon/Library/Developer/Xcode/DerivedData/AICoven_Local-gvtpajtveckudhherqngqlizoxtt/Build/Products/Debug/PackageFrameworks -F /Users/andreeapapillon/Library/Developer/Xcode/DerivedData/AICoven_Local-gvtpajtveckudhherqngqlizoxtt/Build/Products/Debug/PackageFrameworks -F /Users/andreeapapillon/Library/Developer/Xcode/DerivedData/AICoven_Local-gvtpajtveckudhherqngqlizoxtt/Build/Products/Debug/PackageFrameworks -F /Users/andreeapapillon/Library/Developer/Xcode/DerivedData/AICoven_Local-gvtpajtveckudhherqngqlizoxtt/Build/Products/Debug/PackageFrameworks -F /Users/andreeapapillon/Library/Developer/Xcode/DerivedData/AICoven_Local-gvtpajtveckudhherqngqlizoxtt/Build/Products/Debug/PackageFrameworks -F /Users/andreeapapillon/Library/Developer/Xcode/DerivedData/AICoven_Local-gvtpajtveckudhherqngqlizoxtt/Build/Products/Debug/PackageFrameworks -F /Users/andreeapapillon/Library/Developer/Xcode/DerivedData/AICoven_Local-gvtpajtveckudhherqngqlizoxtt/Build/Products/Debug/PackageFrameworks -F /Users/andreeapapillon/Library/Developer/Xcode/DerivedData/AICoven_Local-gvtpajtveckudhherqngqlizoxtt/Build/Products/Debug -emit-localized-strings -emit-localized-strings-path /Users/andreeapapillon/Library/Developer/Xcode/DerivedData/AICoven_Local-gvtpajtveckudhherqngqlizoxtt/Build/Intermediates.noindex/AICoven\ Local.build/Debug/AICoven.build/Objects-normal/arm64 -c -j10 -enable-batch-mode -incremental -Xcc -ivfsstatcache -Xcc /Users/andreeapapillon/Library/Developer/Xcode/DerivedData/SDKStatCaches.noindex/macosx26.4-25E236-688ef53f1462e2c8f657fdc38a81448f30f9ca8789b706f8bd3fc906a70d770f.sdkstatcache -output-file-map /Users/andreeapapillon/Library/Developer/Xcode/DerivedData/AICoven_Local-gvtpajtveckudhherqngqlizoxtt/Build/Intermediates.noindex/AICoven\ Local.build/Debug/AICoven.build/Objects-normal/arm64/AICoven-OutputFileMap.json -use-frontend-parseable-output -save-temps -no-color-diagnostics -explicit-module-build -module-cache-path /Users/andreeapapillon/Library/Developer/Xcode/DerivedData/AICoven_Local-gvtpajtveckudhherqngqlizoxtt/Build/Intermediates.noindex/SwiftExplicitPrecompiledModules -clang-scanner-module-cache-path /Users/andreeapapillon/Library/Developer/Xcode/DerivedData/ModuleCache.noindex -sdk-module-cache-path /Users/andreeapapillon/Library/Developer/Xcode/DerivedData/ModuleCache.noindex -serialize-diagnostics -emit-dependencies -emit-module -emit-module-path /Users/andreeapapillon/Library/Developer/Xcode/DerivedData/AICoven_Local-gvtpajtveckudhherqngqlizoxtt/Build/Intermediates.noindex/AICoven\ Local.build/Debug/AICoven.build/Objects-normal/arm64/AICoven.swiftmodule -validate-clang-modules-once -clang-build-session-file /Users/andreeapapillon/Library/Developer/Xcode/DerivedData/ModuleCache.noindex/Session.modulevalidation -Xcc -I/Users/andreeapapillon/Library/Developer/Xcode/DerivedData/AICoven_Local-gvtpajtveckudhherqngqlizoxtt/Build/Intermediates.noindex/AICoven\ Local.build/Debug/AICoven.build/swift-overrides.hmap -emit-const-values -Xfrontend -const-gather-protocols-file -Xfrontend /Users/andreeapapillon/Library/Developer/Xcode/DerivedData/AICoven_Local-gvtpajtveckudhherqngqlizoxtt/Build/Intermediates.noindex/AICoven\ Local.build/Debug/AICoven.build/Objects-normal/arm64/AICoven_const_extract_protocols.json -Xcc -iquote -Xcc /Users/andreeapapillon/Library/Developer/Xcode/DerivedData/AICoven_Local-gvtpajtveckudhherqngqlizoxtt/Build/Intermediates.noindex/AICoven\ Local.build/Debug/AICoven.build/AICoven\ Dev-generated-files.hmap -Xcc -I/Users/andreeapapillon/Library/Developer/Xcode/DerivedData/AICoven_Local-gvtpajtveckudhherqngqlizoxtt/Build/Intermediates.noindex/AICoven\ Local.build/Debug/AICoven.build/AICoven\ Dev-own-target-headers.hmap -Xcc -I/Users/andreeapapillon/Library/Developer/Xcode/DerivedData/AICoven_Local-gvtpajtveckudhherqngqlizoxtt/Build/Intermediates.noindex/AICoven\ Local.build/Debug/AICoven.build/AICoven\ Dev-all-non-framework-target-headers.hmap -Xcc -ivfsoverlay -Xcc /Users/andreeapapillon/Library/Developer/Xcode/DerivedData/AICoven_Local-gvtpajtveckudhherqngqlizoxtt/Build/Intermediates.noindex/AICoven\ Local.build/Debug/AICoven\ Local-59fa713dd094a5d8a9705f05f0c82ed1-VFS/all-product-headers.yaml -Xcc -iquote -Xcc /Users/andreeapapillon/Library/Developer/Xcode/DerivedData/AICoven_Local-gvtpajtveckudhherqngqlizoxtt/Build/Intermediates.noindex/AICoven\ Local.build/Debug/AICoven.build/AICoven\ Dev-project-headers.hmap -Xcc -I/Users/andreeapapillon/Library/Developer/Xcode/DerivedData/AICoven_Local-gvtpajtveckudhherqngqlizoxtt/SourcePackages/checkouts/google-ads-on-device-conversion-ios-sdk/GoogleAdsOnDeviceConversionWrapper/include -Xcc -I/Users/andreeapapillon/Library/Developer/Xcode/DerivedData/AICoven_Local-gvtpajtveckudhherqngqlizoxtt/SourcePackages/checkouts/GoogleAppMeasurement/GoogleAppMeasurementWrapper/include -Xcc -I/Users/andreeapapillon/Library/Developer/Xcode/DerivedData/AICoven_Local-gvtpajtveckudhherqngqlizoxtt/SourcePackages/checkouts/firebase-ios-sdk/FirebaseAnalyticsWrapper/include -Xcc -I/Users/andreeapapillon/Library/Developer/Xcode/DerivedData/AICoven_Local-gvtpajtveckudhherqngqlizoxtt/SourcePackages/checkouts/firebase-ios-sdk/SwiftPM-PlatformExclude/FirebaseAnalyticsWrap/include -Xcc -I/Users/andreeapapillon/Library/Developer/Xcode/DerivedData/AICoven_Local-gvtpajtveckudhherqngqlizoxtt/SourcePackages/checkouts/GoogleAppMeasurement/GoogleAppMeasurementIdentitySupportWrapper/include -Xcc -I/Users/andreeapapillon/Library/Developer/Xcode/DerivedData/AICoven_Local-gvtpajtveckudhherqngqlizoxtt/SourcePackages/checkouts/firebase-ios-sdk/FirebaseAnalyticsIdentitySupportWrapper/include -Xcc -I/Users/andreeapapillon/Library/Developer/Xcode/DerivedData/AICoven_Local-gvtpajtveckudhherqngqlizoxtt/SourcePackages/checkouts/firebase-ios-sdk/FirebaseMessaging/Sources/Public -Xcc -I/Users/andreeapapillon/Library/Developer/Xcode/DerivedData/AICoven_Local-gvtpajtveckudhherqngqlizoxtt/SourcePackages/checkouts/GoogleDataTransport/GoogleDataTransport/GDTCORLibrary/Public -Xcc -I/Users/andreeapapillon/Library/Developer/Xcode/DerivedData/AICoven_Local-gvtpajtveckudhherqngqlizoxtt/SourcePackages/checkouts/firebase-ios-sdk/FirebaseSessions/SourcesObjC -Xcc -I/Users/andreeapapillon/Library/Developer/Xcode/DerivedData/AICoven_Local-gvtpajtveckudhherqngqlizoxtt/SourcePackages/checkouts/firebase-ios-sdk/Crashlytics/Crashlytics/Public -Xcc -I/Users/andreeapapillon/Library/Developer/Xcode/DerivedData/AICoven_Local-gvtpajtveckudhherqngqlizoxtt/SourcePackages/checkouts/firebase-ios-sdk/FirebaseRemoteConfig/Sources/Public -Xcc -I/Users/andreeapapillon/Library/Developer/Xcode/DerivedData/AICoven_Local-gvtpajtveckudhherqngqlizoxtt/SourcePackages/checkouts/firebase-ios-sdk/FirebaseABTesting/Sources/Public -Xcc -I/Users/andreeapapillon/Library/Developer/Xcode/DerivedData/AICoven_Local-gvtpajtveckudhherqngqlizoxtt/SourcePackages/checkouts/promises/Sources/FBLPromises/include -Xcc -I/Users/andreeapapillon/Library/Developer/Xcode/DerivedData/AICoven_Local-gvtpajtveckudhherqngqlizoxtt/SourcePackages/checkouts/GoogleUtilities/GoogleUtilities/UserDefaults/Public -Xcc -I/Users/andreeapapillon/Library/Developer/Xcode/DerivedData/AICoven_Local-gvtpajtveckudhherqngqlizoxtt/SourcePackages/checkouts/GoogleAppMeasurement/GoogleAppMeasurementCoreWrapper/include -Xcc -I/Users/andreeapapillon/Library/Developer/Xcode/DerivedData/AICoven_Local-gvtpajtveckudhherqngqlizoxtt/SourcePackages/checkouts/GoogleUtilities/GoogleUtilities/MethodSwizzler/Public -Xcc -I/Users/andreeapapillon/Library/Developer/Xcode/DerivedData/AICoven_Local-gvtpajtveckudhherqngqlizoxtt/SourcePackages/checkouts/nanopb/spm_headers -Xcc -I/Users/andreeapapillon/Library/Developer/Xcode/DerivedData/AICoven_Local-gvtpajtveckudhherqngqlizoxtt/SourcePackages/checkouts/firebase-ios-sdk/FirebaseAnalyticsCoreWrapper/include -Xcc -I/Users/andreeapapillon/Library/Developer/Xcode/DerivedData/AICoven_Local-gvtpajtveckudhherqngqlizoxtt/SourcePackages/checkouts/firebase-ios-sdk/FirebaseInstallations/Source/Library/Public -Xcc -I/Users/andreeapapillon/Library/Developer/Xcode/DerivedData/AICoven_Local-gvtpajtveckudhherqngqlizoxtt/SourcePackages/checkouts/firebase-ios-sdk/SwiftPM-PlatformExclude/FirebaseAnalyticsCoreWrap/include -Xcc -I/Users/andreeapapillon/Library/Developer/Xcode/DerivedData/AICoven_Local-gvtpajtveckudhherqngqlizoxtt/SourcePackages/checkouts/swift-numerics/Sources/_NumericsShims/include -Xcc -I/Users/andreeapapillon/Library/Developer/Xcode/DerivedData/AICoven_Local-gvtpajtveckudhherqngqlizoxtt/SourcePackages/checkouts/mlx-swift/Source/Cmlx/include -Xcc -I/Users/andreeapapillon/Library/Developer/Xcode/DerivedData/AICoven_Local-gvtpajtveckudhherqngqlizoxtt/SourcePackages/checkouts/interop-ios-for-google-sdks/RecaptchaEnterprise/RecaptchaInterop/Public -Xcc -I/Users/andreeapapillon/Library/Developer/Xcode/DerivedData/AICoven_Local-gvtpajtveckudhherqngqlizoxtt/SourcePackages/checkouts/GoogleUtilities/GoogleUtilities/Network/Public -Xcc -I/Users/andreeapapillon/Library/Developer/Xcode/DerivedData/AICoven_Local-gvtpajtveckudhherqngqlizoxtt/SourcePackages/checkouts/GoogleUtilities/GoogleUtilities/Reachability/Public -Xcc -I/Users/andreeapapillon/Library/Developer/Xcode/DerivedData/AICoven_Local-gvtpajtveckudhherqngqlizoxtt/SourcePackages/checkouts/GoogleUtilities/GoogleUtilities/NSData+zlib/Public -Xcc -I/Users/andreeapapillon/Library/Developer/Xcode/DerivedData/AICoven_Local-gvtpajtveckudhherqngqlizoxtt/SourcePackages/checkouts/GoogleUtilities/GoogleUtilities/Logger/Public -Xcc -I/Users/andreeapapillon/Library/Developer/Xcode/DerivedData/AICoven_Local-gvtpajtveckudhherqngqlizoxtt/SourcePackages/checkouts/GoogleUtilities/GoogleUtilities/Environment/Public -Xcc -I/Users/andreeapapillon/Library/Developer/Xcode/DerivedData/AICoven_Local-gvtpajtveckudhherqngqlizoxtt/SourcePackages/checkouts/GoogleUtilities/third_party/IsAppEncrypted/Public -Xcc -I/Users/andreeapapillon/Library/Developer/Xcode/DerivedData/AICoven_Local-gvtpajtveckudhherqngqlizoxtt/SourcePackages/checkouts/GoogleUtilities/GoogleUtilities/AppDelegateSwizzler/Public -Xcc -I/Users/andreeapapillon/Library/Developer/Xcode/DerivedData/AICoven_Local-gvtpajtveckudhherqngqlizoxtt/SourcePackages/checkouts/gtm-session-fetcher/Sources/Core/Public -Xcc -I/Users/andreeapapillon/Library/Developer/Xcode/DerivedData/AICoven_Local-gvtpajtveckudhherqngqlizoxtt/SourcePackages/checkouts/firebase-ios-sdk/FirebaseCore/Extension -Xcc -I/Users/andreeapapillon/Library/Developer/Xcode/DerivedData/AICoven_Local-gvtpajtveckudhherqngqlizoxtt/SourcePackages/checkouts/firebase-ios-sdk/FirebaseCore/Sources/Public -Xcc -I/Users/andreeapapillon/Library/Developer/Xcode/DerivedData/AICoven_Local-gvtpajtveckudhherqngqlizoxtt/SourcePackages/checkouts/firebase-ios-sdk/CoreOnly/Sources -Xcc -I/Users/andreeapapillon/Library/Developer/Xcode/DerivedData/AICoven_Local-gvtpajtveckudhherqngqlizoxtt/SourcePackages/checkouts/firebase-ios-sdk/FirebaseAuth/Sources/Public -Xcc -I/Users/andreeapapillon/Library/Developer/Xcode/DerivedData/AICoven_Local-gvtpajtveckudhherqngqlizoxtt/SourcePackages/checkouts/firebase-ios-sdk/FirebaseAuth/Interop/Public -Xcc -I/Users/andreeapapillon/Library/Developer/Xcode/DerivedData/AICoven_Local-gvtpajtveckudhherqngqlizoxtt/SourcePackages/checkouts/firebase-ios-sdk/FirebaseAppCheck/Interop/Public -Xcc -I/Users/andreeapapillon/Library/Developer/Xcode/DerivedData/AICoven_Local-gvtpajtveckudhherqngqlizoxtt/Build/Products/Debug/include -Xcc -I/Users/andreeapapillon/Library/Developer/Xcode/DerivedData/AICoven_Local-gvtpajtveckudhherqngqlizoxtt/Build/Intermediates.noindex/AICoven\ Local.build/Debug/AICoven.build/DerivedSources-normal/arm64 -Xcc -I/Users/andreeapapillon/Library/Developer/Xcode/DerivedData/AICoven_Local-gvtpajtveckudhherqngqlizoxtt/Build/Intermediates.noindex/AICoven\ Local.build/Debug/AICoven.build/DerivedSources/arm64 -Xcc -I/Users/andreeapapillon/Library/Developer/Xcode/DerivedData/AICoven_Local-gvtpajtveckudhherqngqlizoxtt/Build/Intermediates.noindex/AICoven\ Local.build/Debug/AICoven.build/DerivedSources -Xcc -DDEBUG\=1 -emit-objc-header -emit-objc-header-path /Users/andreeapapillon/Library/Developer/Xcode/DerivedData/AICoven_Local-gvtpajtveckudhherqngqlizoxtt/Build/Intermediates.noindex/AICoven\ Local.build/Debug/AICoven.build/Objects-normal/arm64/AICoven-Swift.h -working-directory /Users/andreeapapillon/Documents/GitHub/aicoven-local-opensource/swift/AICoven -experimental-emit-module-separately -disable-cmo

Ld /Users/andreeapapillon/Library/Developer/Xcode/DerivedData/AICoven_Local-gvtpajtveckudhherqngqlizoxtt/Build/Products/Debug/AICoven\ Dev.app/Contents/MacOS/AICoven\ Dev.debug.dylib normal (in target 'AICoven' from project 'AICoven Local')
    cd /Users/andreeapapillon/Documents/GitHub/aicoven-local-opensource/swift/AICoven
    /Applications/Xcode.app/Contents/Developer/Toolchains/XcodeDefault.xctoolchain/usr/bin/clang -Xlinker -reproducible -target arm64-apple-macos14.0 -dynamiclib -isysroot /Applications/Xcode.app/Contents/Developer/Platforms/MacOSX.platform/Developer/SDKs/MacOSX26.4.sdk -O0 -L/Users/andreeapapillon/Library/Developer/Xcode/DerivedData/AICoven_Local-gvtpajtveckudhherqngqlizoxtt/Build/Intermediates.noindex/EagerLinkingTBDs/Debug -L/Users/andreeapapillon/Library/Developer/Xcode/DerivedData/AICoven_Local-gvtpajtveckudhherqngqlizoxtt/Build/Products/Debug -F/Users/andreeapapillon/Library/Developer/Xcode/DerivedData/AICoven_Local-gvtpajtveckudhherqngqlizoxtt/Build/Intermediates.noindex/EagerLinkingTBDs/Debug -F/Users/andreeapapillon/Library/Developer/Xcode/DerivedData/AICoven_Local-gvtpajtveckudhherqngqlizoxtt/Build/Products/Debug/PackageFrameworks -F/Users/andreeapapillon/Library/Developer/Xcode/DerivedData/AICoven_Local-gvtpajtveckudhherqngqlizoxtt/Build/Products/Debug/PackageFrameworks -F/Users/andreeapapillon/Library/Developer/Xcode/DerivedData/AICoven_Local-gvtpajtveckudhherqngqlizoxtt/Build/Products/Debug/PackageFrameworks -F/Users/andreeapapillon/Library/Developer/Xcode/DerivedData/AICoven_Local-gvtpajtveckudhherqngqlizoxtt/Build/Products/Debug/PackageFrameworks -F/Users/andreeapapillon/Library/Developer/Xcode/DerivedData/AICoven_Local-gvtpajtveckudhherqngqlizoxtt/Build/Products/Debug/PackageFrameworks -F/Users/andreeapapillon/Library/Developer/Xcode/DerivedData/AICoven_Local-gvtpajtveckudhherqngqlizoxtt/Build/Products/Debug/PackageFrameworks -F/Users/andreeapapillon/Library/Developer/Xcode/DerivedData/AICoven_Local-gvtpajtveckudhherqngqlizoxtt/Build/Products/Debug/PackageFrameworks -F/Users/andreeapapillon/Library/Developer/Xcode/DerivedData/AICoven_Local-gvtpajtveckudhherqngqlizoxtt/Build/Products/Debug/PackageFrameworks -F/Users/andreeapapillon/Library/Developer/Xcode/DerivedData/AICoven_Local-gvtpajtveckudhherqngqlizoxtt/Build/Products/Debug/PackageFrameworks -F/Users/andreeapapillon/Library/Developer/Xcode/DerivedData/AICoven_Local-gvtpajtveckudhherqngqlizoxtt/Build/Products/Debug/PackageFrameworks -F/Users/andreeapapillon/Library/Developer/Xcode/DerivedData/AICoven_Local-gvtpajtveckudhherqngqlizoxtt/Build/Products/Debug/PackageFrameworks -F/Users/andreeapapillon/Library/Developer/Xcode/DerivedData/AICoven_Local-gvtpajtveckudhherqngqlizoxtt/Build/Products/Debug/PackageFrameworks -F/Users/andreeapapillon/Library/Developer/Xcode/DerivedData/AICoven_Local-gvtpajtveckudhherqngqlizoxtt/Build/Products/Debug/PackageFrameworks -F/Users/andreeapapillon/Library/Developer/Xcode/DerivedData/AICoven_Local-gvtpajtveckudhherqngqlizoxtt/Build/Products/Debug/PackageFrameworks -F/Users/andreeapapillon/Library/Developer/Xcode/DerivedData/AICoven_Local-gvtpajtveckudhherqngqlizoxtt/Build/Products/Debug/PackageFrameworks -F/Users/andreeapapillon/Library/Developer/Xcode/DerivedData/AICoven_Local-gvtpajtveckudhherqngqlizoxtt/Build/Products/Debug/PackageFrameworks -F/Users/andreeapapillon/Library/Developer/Xcode/DerivedData/AICoven_Local-gvtpajtveckudhherqngqlizoxtt/Build/Products/Debug/PackageFrameworks -F/Users/andreeapapillon/Library/Developer/Xcode/DerivedData/AICoven_Local-gvtpajtveckudhherqngqlizoxtt/Build/Products/Debug/PackageFrameworks -F/Users/andreeapapillon/Library/Developer/Xcode/DerivedData/AICoven_Local-gvtpajtveckudhherqngqlizoxtt/Build/Products/Debug/PackageFrameworks -F/Users/andreeapapillon/Library/Developer/Xcode/DerivedData/AICoven_Local-gvtpajtveckudhherqngqlizoxtt/Build/Products/Debug/PackageFrameworks -F/Users/andreeapapillon/Library/Developer/Xcode/DerivedData/AICoven_Local-gvtpajtveckudhherqngqlizoxtt/Build/Products/Debug/PackageFrameworks -F/Users/andreeapapillon/Library/Developer/Xcode/DerivedData/AICoven_Local-gvtpajtveckudhherqngqlizoxtt/Build/Products/Debug/PackageFrameworks -F/Users/andreeapapillon/Library/Developer/Xcode/DerivedData/AICoven_Local-gvtpajtveckudhherqngqlizoxtt/Build/Products/Debug/PackageFrameworks -F/Users/andreeapapillon/Library/Developer/Xcode/DerivedData/AICoven_Local-gvtpajtveckudhherqngqlizoxtt/Build/Products/Debug/PackageFrameworks -F/Users/andreeapapillon/Library/Developer/Xcode/DerivedData/AICoven_Local-gvtpajtveckudhherqngqlizoxtt/Build/Products/Debug/PackageFrameworks -F/Users/andreeapapillon/Library/Developer/Xcode/DerivedData/AICoven_Local-gvtpajtveckudhherqngqlizoxtt/Build/Products/Debug/PackageFrameworks -F/Users/andreeapapillon/Library/Developer/Xcode/DerivedData/AICoven_Local-gvtpajtveckudhherqngqlizoxtt/Build/Products/Debug/PackageFrameworks -F/Users/andreeapapillon/Library/Developer/Xcode/DerivedData/AICoven_Local-gvtpajtveckudhherqngqlizoxtt/Build/Products/Debug/PackageFrameworks -F/Users/andreeapapillon/Library/Developer/Xcode/DerivedData/AICoven_Local-gvtpajtveckudhherqngqlizoxtt/Build/Products/Debug/PackageFrameworks -F/Users/andreeapapillon/Library/Developer/Xcode/DerivedData/AICoven_Local-gvtpajtveckudhherqngqlizoxtt/Build/Products/Debug/PackageFrameworks -F/Users/andreeapapillon/Library/Developer/Xcode/DerivedData/AICoven_Local-gvtpajtveckudhherqngqlizoxtt/Build/Products/Debug/PackageFrameworks -F/Users/andreeapapillon/Library/Developer/Xcode/DerivedData/AICoven_Local-gvtpajtveckudhherqngqlizoxtt/Build/Products/Debug/PackageFrameworks -F/Users/andreeapapillon/Library/Developer/Xcode/DerivedData/AICoven_Local-gvtpajtveckudhherqngqlizoxtt/Build/Products/Debug/PackageFrameworks -F/Users/andreeapapillon/Library/Developer/Xcode/DerivedData/AICoven_Local-gvtpajtveckudhherqngqlizoxtt/Build/Products/Debug/PackageFrameworks -F/Users/andreeapapillon/Library/Developer/Xcode/DerivedData/AICoven_Local-gvtpajtveckudhherqngqlizoxtt/Build/Products/Debug/PackageFrameworks -F/Users/andreeapapillon/Library/Developer/Xcode/DerivedData/AICoven_Local-gvtpajtveckudhherqngqlizoxtt/Build/Products/Debug/PackageFrameworks -F/Users/andreeapapillon/Library/Developer/Xcode/DerivedData/AICoven_Local-gvtpajtveckudhherqngqlizoxtt/Build/Products/Debug/PackageFrameworks -F/Users/andreeapapillon/Library/Developer/Xcode/DerivedData/AICoven_Local-gvtpajtveckudhherqngqlizoxtt/Build/Products/Debug/PackageFrameworks -F/Users/andreeapapillon/Library/Developer/Xcode/DerivedData/AICoven_Local-gvtpajtveckudhherqngqlizoxtt/Build/Products/Debug/PackageFrameworks -F/Users/andreeapapillon/Library/Developer/Xcode/DerivedData/AICoven_Local-gvtpajtveckudhherqngqlizoxtt/Build/Products/Debug/PackageFrameworks -F/Users/andreeapapillon/Library/Developer/Xcode/DerivedData/AICoven_Local-gvtpajtveckudhherqngqlizoxtt/Build/Products/Debug/PackageFrameworks -F/Users/andreeapapillon/Library/Developer/Xcode/DerivedData/AICoven_Local-gvtpajtveckudhherqngqlizoxtt/Build/Products/Debug/PackageFrameworks -F/Users/andreeapapillon/Library/Developer/Xcode/DerivedData/AICoven_Local-gvtpajtveckudhherqngqlizoxtt/Build/Products/Debug/PackageFrameworks -F/Users/andreeapapillon/Library/Developer/Xcode/DerivedData/AICoven_Local-gvtpajtveckudhherqngqlizoxtt/Build/Products/Debug/PackageFrameworks -F/Users/andreeapapillon/Library/Developer/Xcode/DerivedData/AICoven_Local-gvtpajtveckudhherqngqlizoxtt/Build/Products/Debug/PackageFrameworks -F/Users/andreeapapillon/Library/Developer/Xcode/DerivedData/AICoven_Local-gvtpajtveckudhherqngqlizoxtt/Build/Products/Debug/PackageFrameworks -F/Users/andreeapapillon/Library/Developer/Xcode/DerivedData/AICoven_Local-gvtpajtveckudhherqngqlizoxtt/Build/Products/Debug/PackageFrameworks -F/Users/andreeapapillon/Library/Developer/Xcode/DerivedData/AICoven_Local-gvtpajtveckudhherqngqlizoxtt/Build/Products/Debug/PackageFrameworks -F/Users/andreeapapillon/Library/Developer/Xcode/DerivedData/AICoven_Local-gvtpajtveckudhherqngqlizoxtt/Build/Products/Debug/PackageFrameworks -F/Users/andreeapapillon/Library/Developer/Xcode/DerivedData/AICoven_Local-gvtpajtveckudhherqngqlizoxtt/Build/Products/Debug/PackageFrameworks -F/Users/andreeapapillon/Library/Developer/Xcode/DerivedData/AICoven_Local-gvtpajtveckudhherqngqlizoxtt/Build/Products/Debug/PackageFrameworks -F/Users/andreeapapillon/Library/Developer/Xcode/DerivedData/AICoven_Local-gvtpajtveckudhherqngqlizoxtt/Build/Products/Debug/PackageFrameworks -F/Users/andreeapapillon/Library/Developer/Xcode/DerivedData/AICoven_Local-gvtpajtveckudhherqngqlizoxtt/Build/Products/Debug/PackageFrameworks -F/Users/andreeapapillon/Library/Developer/Xcode/DerivedData/AICoven_Local-gvtpajtveckudhherqngqlizoxtt/Build/Products/Debug/PackageFrameworks -F/Users/andreeapapillon/Library/Developer/Xcode/DerivedData/AICoven_Local-gvtpajtveckudhherqngqlizoxtt/Build/Products/Debug/PackageFrameworks -F/Users/andreeapapillon/Library/Developer/Xcode/DerivedData/AICoven_Local-gvtpajtveckudhherqngqlizoxtt/Build/Products/Debug/PackageFrameworks -F/Users/andreeapapillon/Library/Developer/Xcode/DerivedData/AICoven_Local-gvtpajtveckudhherqngqlizoxtt/Build/Products/Debug/PackageFrameworks -F/Users/andreeapapillon/Library/Developer/Xcode/DerivedData/AICoven_Local-gvtpajtveckudhherqngqlizoxtt/Build/Products/Debug/PackageFrameworks -F/Users/andreeapapillon/Library/Developer/Xcode/DerivedData/AICoven_Local-gvtpajtveckudhherqngqlizoxtt/Build/Products/Debug/PackageFrameworks -F/Users/andreeapapillon/Library/Developer/Xcode/DerivedData/AICoven_Local-gvtpajtveckudhherqngqlizoxtt/Build/Products/Debug/PackageFrameworks -F/Users/andreeapapillon/Library/Developer/Xcode/DerivedData/AICoven_Local-gvtpajtveckudhherqngqlizoxtt/Build/Products/Debug/PackageFrameworks -F/Users/andreeapapillon/Library/Developer/Xcode/DerivedData/AICoven_Local-gvtpajtveckudhherqngqlizoxtt/Build/Products/Debug/PackageFrameworks -F/Users/andreeapapillon/Library/Developer/Xcode/DerivedData/AICoven_Local-gvtpajtveckudhherqngqlizoxtt/Build/Products/Debug/PackageFrameworks -F/Users/andreeapapillon/Library/Developer/Xcode/DerivedData/AICoven_Local-gvtpajtveckudhherqngqlizoxtt/Build/Products/Debug/PackageFrameworks -F/Users/andreeapapillon/Library/Developer/Xcode/DerivedData/AICoven_Local-gvtpajtveckudhherqngqlizoxtt/Build/Products/Debug -filelist /Users/andreeapapillon/Library/Developer/Xcode/DerivedData/AICoven_Local-gvtpajtveckudhherqngqlizoxtt/Build/Intermediates.noindex/AICoven\ Local.build/Debug/AICoven.build/Objects-normal/arm64/AICoven\ Dev.LinkFileList -install_name @rpath/AICoven\ Dev.debug.dylib -Xlinker -rpath -Xlinker /usr/lib/swift -Xlinker -rpath -Xlinker /Users/andreeapapillon/Library/Developer/Xcode/DerivedData/AICoven_Local-gvtpajtveckudhherqngqlizoxtt/Build/Products/Debug/PackageFrameworks -Xlinker -rpath -Xlinker @executable_path/../Frameworks -Xlinker -object_path_lto -Xlinker /Users/andreeapapillon/Library/Developer/Xcode/DerivedData/AICoven_Local-gvtpajtveckudhherqngqlizoxtt/Build/Intermediates.noindex/AICoven\ Local.build/Debug/AICoven.build/Objects-normal/arm64/AICoven\ Dev_lto.o -rdynamic -Xlinker -no_deduplicate -Xlinker -debug_variant -Xlinker -dependency_info -Xlinker /Users/andreeapapillon/Library/Developer/Xcode/DerivedData/AICoven_Local-gvtpajtveckudhherqngqlizoxtt/Build/Intermediates.noindex/AICoven\ Local.build/Debug/AICoven.build/Objects-normal/arm64/AICoven\ Dev_dependency_info.dat -fobjc-link-runtime -fprofile-instr-generate -L/Applications/Xcode.app/Contents/Developer/Toolchains/XcodeDefault.xctoolchain/usr/lib/swift/macosx -L/usr/lib/swift -Xlinker -add_ast_path -Xlinker /Users/andreeapapillon/Library/Developer/Xcode/DerivedData/AICoven_Local-gvtpajtveckudhherqngqlizoxtt/Build/Intermediates.noindex/AICoven\ Local.build/Debug/AICoven.build/Objects-normal/arm64/AICoven.swiftmodule @/Users/andreeapapillon/Library/Developer/Xcode/DerivedData/AICoven_Local-gvtpajtveckudhherqngqlizoxtt/Build/Intermediates.noindex/AICoven\ Local.build/Debug/AICoven.build/Objects-normal/arm64/AICoven-linker-args.resp -Wl,-no_warn_duplicate_libraries -Wl,-no_warn_duplicate_libraries -Wl,-no_warn_duplicate_libraries -Wl,-no_warn_duplicate_libraries -Wl,-no_warn_duplicate_libraries -Wl,-no_warn_duplicate_libraries -Wl,-no_warn_duplicate_libraries -Wl,-no_warn_duplicate_libraries -Wl,-no_warn_duplicate_libraries -Wl,-no_warn_duplicate_libraries -Wl,-no_warn_duplicate_libraries -Wl,-no_warn_duplicate_libraries -lc++ -Wl,-no_warn_duplicate_libraries -Wl,-no_warn_duplicate_libraries -Wl,-no_warn_duplicate_libraries -Wl,-no_warn_duplicate_libraries -Wl,-no_warn_duplicate_libraries -Wl,-no_warn_duplicate_libraries -Wl,-no_warn_duplicate_libraries -Wl,-no_warn_duplicate_libraries -Wl,-no_warn_duplicate_libraries -Wl,-no_warn_duplicate_libraries -Wl,-no_warn_duplicate_libraries -Wl,-no_warn_duplicate_libraries -Wl,-no_warn_duplicate_libraries -Wl,-no_warn_duplicate_libraries -Wl,-no_warn_duplicate_libraries -Wl,-no_warn_duplicate_libraries -Wl,-no_warn_duplicate_libraries -Wl,-no_warn_duplicate_libraries -Wl,-no_warn_duplicate_libraries -Wl,-no_warn_duplicate_libraries -Wl,-no_warn_duplicate_libraries -Wl,-no_warn_duplicate_libraries -Wl,-no_warn_duplicate_libraries -lc++ -Wl,-no_warn_duplicate_libraries -Wl,-no_warn_duplicate_libraries -Wl,-no_warn_duplicate_libraries -Wl,-no_warn_duplicate_libraries -Wl,-no_warn_duplicate_libraries -Wl,-no_warn_duplicate_libraries -Wl,-no_warn_duplicate_libraries -Wl,-no_warn_duplicate_libraries -Wl,-no_warn_duplicate_libraries -Wl,-no_warn_duplicate_libraries -Wl,-no_warn_duplicate_libraries -Wl,-no_warn_duplicate_libraries -Wl,-no_warn_duplicate_libraries -Wl,-no_warn_duplicate_libraries -Wl,-no_warn_duplicate_libraries -Wl,-no_warn_duplicate_libraries -Wl,-no_warn_duplicate_libraries -Wl,-no_warn_duplicate_libraries -Wl,-no_warn_duplicate_libraries -Wl,-no_warn_duplicate_libraries -Wl,-no_warn_duplicate_libraries -Wl,-no_warn_duplicate_libraries -Wl,-no_warn_duplicate_libraries -Wl,-no_warn_duplicate_libraries -Wl,-no_warn_duplicate_libraries -Wl,-no_warn_duplicate_libraries -Wl,-no_warn_duplicate_libraries -Wl,-no_warn_duplicate_libraries -Wl,-no_warn_duplicate_libraries -framework Security -framework AppKit -lz -framework Foundation -framework Metal -framework Accelerate -framework Security -lsqlite3 -lc++ -lz -framework StoreKit -framework StoreKit -lsqlite3 -lc++ -lz -framework Security -framework SystemConfiguration -framework Security -framework SystemConfiguration -framework Security -framework SystemConfiguration -framework SystemConfiguration -framework CoreTelephony -framework SystemConfiguration -framework StoreKit -lsqlite3 -lc++ -lz -framework StoreKit -lsqlite3 -lc++ -lz -framework StoreKit -lsqlite3 -lc++ -lz -lsqlite3 -lc++ -lz -framework StoreKit -lc++ -Xlinker -alias -Xlinker _main -Xlinker ___debug_main_executable_dylib_entry_point -framework FirebaseAnalytics -framework GoogleAppMeasurementIdentitySupport -framework GoogleAppMeasurement -framework FirebaseAnalytics -framework GoogleAppMeasurementIdentitySupport -framework GoogleAppMeasurement -framework FirebaseAnalytics -framework GoogleAppMeasurement -Xlinker -no_adhoc_codesign -o /Users/andreeapapillon/Library/Developer/Xcode/DerivedData/AICoven_Local-gvtpajtveckudhherqngqlizoxtt/Build/Products/Debug/AICoven\ Dev.app/Contents/MacOS/AICoven\ Dev.debug.dylib -Xlinker -add_ast_path -Xlinker /Users/andreeapapillon/Library/Developer/Xcode/DerivedData/AICoven_Local-gvtpajtveckudhherqngqlizoxtt/Build/Intermediates.noindex/Firebase.build/Debug/FirebaseCoreInternal.build/Objects-normal/arm64/FirebaseCoreInternal.swiftmodule @/Users/andreeapapillon/Library/Developer/Xcode/DerivedData/AICoven_Local-gvtpajtveckudhherqngqlizoxtt/Build/Intermediates.noindex/Firebase.build/Debug/FirebaseCoreInternal.build/Objects-normal/arm64/FirebaseCoreInternal-linker-args.resp -Xlinker -add_ast_path -Xlinker /Users/andreeapapillon/Library/Developer/Xcode/DerivedData/AICoven_Local-gvtpajtveckudhherqngqlizoxtt/Build/Intermediates.noindex/mlx-swift-lm.build/Debug/MLXLMCommon.build/Objects-normal/arm64/MLXLMCommon.swiftmodule @/Users/andreeapapillon/Library/Developer/Xcode/DerivedData/AICoven_Local-gvtpajtveckudhherqngqlizoxtt/Build/Intermediates.noindex/mlx-swift-lm.build/Debug/MLXLMCommon.build/Objects-normal/arm64/MLXLMCommon-linker-args.resp -Xlinker -add_ast_path -Xlinker /Users/andreeapapillon/Library/Developer/Xcode/DerivedData/AICoven_Local-gvtpajtveckudhherqngqlizoxtt/Build/Intermediates.noindex/mlx-swift.build/Debug/MLX.build/Objects-normal/arm64/MLX.swiftmodule @/Users/andreeapapillon/Library/Developer/Xcode/DerivedData/AICoven_Local-gvtpajtveckudhherqngqlizoxtt/Build/Intermediates.noindex/mlx-swift.build/Debug/MLX.build/Objects-normal/arm64/MLX-linker-args.resp -Xlinker -add_ast_path -Xlinker /Users/andreeapapillon/Library/Developer/Xcode/DerivedData/AICoven_Local-gvtpajtveckudhherqngqlizoxtt/Build/Intermediates.noindex/swift-numerics.build/Debug/Numerics.build/Objects-normal/arm64/Numerics.swiftmodule @/Users/andreeapapillon/Library/Developer/Xcode/DerivedData/AICoven_Local-gvtpajtveckudhherqngqlizoxtt/Build/Intermediates.noindex/swift-numerics.build/Debug/Numerics.build/Objects-normal/arm64/Numerics-linker-args.resp -Xlinker -add_ast_path -Xlinker /Users/andreeapapillon/Library/Developer/Xcode/DerivedData/AICoven_Local-gvtpajtveckudhherqngqlizoxtt/Build/Intermediates.noindex/swift-numerics.build/Debug/RealModule.build/Objects-normal/arm64/RealModule.swiftmodule @/Users/andreeapapillon/Library/Developer/Xcode/DerivedData/AICoven_Local-gvtpajtveckudhherqngqlizoxtt/Build/Intermediates.noindex/swift-numerics.build/Debug/RealModule.build/Objects-normal/arm64/RealModule-linker-args.resp -Xlinker -add_ast_path -Xlinker /Users/andreeapapillon/Library/Developer/Xcode/DerivedData/AICoven_Local-gvtpajtveckudhherqngqlizoxtt/Build/Intermediates.noindex/swift-numerics.build/Debug/ComplexModule.build/Objects-normal/arm64/ComplexModule.swiftmodule @/Users/andreeapapillon/Library/Developer/Xcode/DerivedData/AICoven_Local-gvtpajtveckudhherqngqlizoxtt/Build/Intermediates.noindex/swift-numerics.build/Debug/ComplexModule.build/Objects-normal/arm64/ComplexModule-linker-args.resp -Xlinker -add_ast_path -Xlinker /Users/andreeapapillon/Library/Developer/Xcode/DerivedData/AICoven_Local-gvtpajtveckudhherqngqlizoxtt/Build/Intermediates.noindex/mlx-swift.build/Debug/MLXNN.build/Objects-normal/arm64/MLXNN.swiftmodule @/Users/andreeapapillon/Library/Developer/Xcode/DerivedData/AICoven_Local-gvtpajtveckudhherqngqlizoxtt/Build/Intermediates.noindex/mlx-swift.build/Debug/MLXNN.build/Objects-normal/arm64/MLXNN-linker-args.resp -Xlinker -add_ast_path -Xlinker /Users/andreeapapillon/Library/Developer/Xcode/DerivedData/AICoven_Local-gvtpajtveckudhherqngqlizoxtt/Build/Intermediates.noindex/mlx-swift.build/Debug/MLXOptimizers.build/Objects-normal/arm64/MLXOptimizers.swiftmodule @/Users/andreeapapillon/Library/Developer/Xcode/DerivedData/AICoven_Local-gvtpajtveckudhherqngqlizoxtt/Build/Intermediates.noindex/mlx-swift.build/Debug/MLXOptimizers.build/Objects-normal/arm64/MLXOptimizers-linker-args.resp -Xlinker -add_ast_path -Xlinker /Users/andreeapapillon/Library/Developer/Xcode/DerivedData/AICoven_Local-gvtpajtveckudhherqngqlizoxtt/Build/Intermediates.noindex/swift-transformers.build/Debug/Tokenizers.build/Objects-normal/arm64/Tokenizers.swiftmodule @/Users/andreeapapillon/Library/Developer/Xcode/DerivedData/AICoven_Local-gvtpajtveckudhherqngqlizoxtt/Build/Intermediates.noindex/swift-transformers.build/Debug/Tokenizers.build/Objects-normal/arm64/Tokenizers-linker-args.resp -Xlinker -add_ast_path -Xlinker /Users/andreeapapillon/Library/Developer/Xcode/DerivedData/AICoven_Local-gvtpajtveckudhherqngqlizoxtt/Build/Intermediates.noindex/swift-transformers.build/Debug/Generation.build/Objects-normal/arm64/Generation.swiftmodule @/Users/andreeapapillon/Library/Developer/Xcode/DerivedData/AICoven_Local-gvtpajtveckudhherqngqlizoxtt/Build/Intermediates.noindex/swift-transformers.build/Debug/Generation.build/Objects-normal/arm64/Generation-linker-args.resp -Xlinker -add_ast_path -Xlinker /Users/andreeapapillon/Library/Developer/Xcode/DerivedData/AICoven_Local-gvtpajtveckudhherqngqlizoxtt/Build/Intermediates.noindex/swift-transformers.build/Debug/Models.build/Objects-normal/arm64/Models.swiftmodule @/Users/andreeapapillon/Library/Developer/Xcode/DerivedData/AICoven_Local-gvtpajtveckudhherqngqlizoxtt/Build/Intermediates.noindex/swift-transformers.build/Debug/Models.build/Objects-normal/arm64/Models-linker-args.resp -Xlinker -add_ast_path -Xlinker /Users/andreeapapillon/Library/Developer/Xcode/DerivedData/AICoven_Local-gvtpajtveckudhherqngqlizoxtt/Build/Intermediates.noindex/Jinja.build/Debug/Jinja.build/Objects-normal/arm64/Jinja.swiftmodule @/Users/andreeapapillon/Library/Developer/Xcode/DerivedData/AICoven_Local-gvtpajtveckudhherqngqlizoxtt/Build/Intermediates.noindex/Jinja.build/Debug/Jinja.build/Objects-normal/arm64/Jinja-linker-args.resp -Xlinker -add_ast_path -Xlinker /Users/andreeapapillon/Library/Developer/Xcode/DerivedData/AICoven_Local-gvtpajtveckudhherqngqlizoxtt/Build/Intermediates.noindex/swift-collections.build/Debug/OrderedCollections.build/Objects-normal/arm64/OrderedCollections.swiftmodule @/Users/andreeapapillon/Library/Developer/Xcode/DerivedData/AICoven_Local-gvtpajtveckudhherqngqlizoxtt/Build/Intermediates.noindex/swift-collections.build/Debug/OrderedCollections.build/Objects-normal/arm64/OrderedCollections-linker-args.resp -Xlinker -add_ast_path -Xlinker /Users/andreeapapillon/Library/Developer/Xcode/DerivedData/AICoven_Local-gvtpajtveckudhherqngqlizoxtt/Build/Intermediates.noindex/swift-collections.build/Debug/InternalCollectionsUtilities.build/Objects-normal/arm64/InternalCollectionsUtilities.swiftmodule @/Users/andreeapapillon/Library/Developer/Xcode/DerivedData/AICoven_Local-gvtpajtveckudhherqngqlizoxtt/Build/Intermediates.noindex/swift-collections.build/Debug/InternalCollectionsUtilities.build/Objects-normal/arm64/InternalCollectionsUtilities-linker-args.resp -Xlinker -add_ast_path -Xlinker /Users/andreeapapillon/Library/Developer/Xcode/DerivedData/AICoven_Local-gvtpajtveckudhherqngqlizoxtt/Build/Intermediates.noindex/swift-transformers.build/Debug/Hub.build/Objects-normal/arm64/Hub.swiftmodule @/Users/andreeapapillon/Library/Developer/Xcode/DerivedData/AICoven_Local-gvtpajtveckudhherqngqlizoxtt/Build/Intermediates.noindex/swift-transformers.build/Debug/Hub.build/Objects-normal/arm64/Hub-linker-args.resp -Xlinker -add_ast_path -Xlinker /Users/andreeapapillon/Library/Developer/Xcode/DerivedData/AICoven_Local-gvtpajtveckudhherqngqlizoxtt/Build/Intermediates.noindex/Promises.build/Debug/Promises.build/Objects-normal/arm64/Promises.swiftmodule @/Users/andreeapapillon/Library/Developer/Xcode/DerivedData/AICoven_Local-gvtpajtveckudhherqngqlizoxtt/Build/Intermediates.noindex/Promises.build/Debug/Promises.build/Objects-normal/arm64/Promises-linker-args.resp -Xlinker -add_ast_path -Xlinker /Users/andreeapapillon/Library/Developer/Xcode/DerivedData/AICoven_Local-gvtpajtveckudhherqngqlizoxtt/Build/Intermediates.noindex/Firebase.build/Debug/FirebaseSessions.build/Objects-normal/arm64/FirebaseSessions.swiftmodule @/Users/andreeapapillon/Library/Developer/Xcode/DerivedData/AICoven_Local-gvtpajtveckudhherqngqlizoxtt/Build/Intermediates.noindex/Firebase.build/Debug/FirebaseSessions.build/Objects-normal/arm64/FirebaseSessions-linker-args.resp -Xlinker -add_ast_path -Xlinker /Users/andreeapapillon/Library/Developer/Xcode/DerivedData/AICoven_Local-gvtpajtveckudhherqngqlizoxtt/Build/Intermediates.noindex/Firebase.build/Debug/FirebaseRemoteConfigInterop.build/Objects-normal/arm64/FirebaseRemoteConfigInterop.swiftmodule @/Users/andreeapapillon/Library/Developer/Xcode/DerivedData/AICoven_Local-gvtpajtveckudhherqngqlizoxtt/Build/Intermediates.noindex/Firebase.build/Debug/FirebaseRemoteConfigInterop.build/Objects-normal/arm64/FirebaseRemoteConfigInterop-linker-args.resp -Xlinker -add_ast_path -Xlinker /Users/andreeapapillon/Library/Developer/Xcode/DerivedData/AICoven_Local-gvtpajtveckudhherqngqlizoxtt/Build/Intermediates.noindex/Firebase.build/Debug/FirebaseCrashlyticsSwift.build/Objects-normal/arm64/FirebaseCrashlyticsSwift.swiftmodule @/Users/andreeapapillon/Library/Developer/Xcode/DerivedData/AICoven_Local-gvtpajtveckudhherqngqlizoxtt/Build/Intermediates.noindex/Firebase.build/Debug/FirebaseCrashlyticsSwift.build/Objects-normal/arm64/FirebaseCrashlyticsSwift-linker-args.resp -Xlinker -add_ast_path -Xlinker /Users/andreeapapillon/Library/Developer/Xcode/DerivedData/AICoven_Local-gvtpajtveckudhherqngqlizoxtt/Build/Intermediates.noindex/Firebase.build/Debug/FirebaseRemoteConfig.build/Objects-normal/arm64/FirebaseRemoteConfig.swiftmodule @/Users/andreeapapillon/Library/Developer/Xcode/DerivedData/AICoven_Local-gvtpajtveckudhherqngqlizoxtt/Build/Intermediates.noindex/Firebase.build/Debug/FirebaseRemoteConfig.build/Objects-normal/arm64/FirebaseRemoteConfig-linker-args.resp -Xlinker -add_ast_path -Xlinker /Users/andreeapapillon/Library/Developer/Xcode/DerivedData/AICoven_Local-gvtpajtveckudhherqngqlizoxtt/Build/Intermediates.noindex/Firebase.build/Debug/FirebaseSharedSwift.build/Objects-normal/arm64/FirebaseSharedSwift.swiftmodule @/Users/andreeapapillon/Library/Developer/Xcode/DerivedData/AICoven_Local-gvtpajtveckudhherqngqlizoxtt/Build/Intermediates.noindex/Firebase.build/Debug/FirebaseSharedSwift.build/Objects-normal/arm64/FirebaseSharedSwift-linker-args.resp -Xlinker -add_ast_path -Xlinker /Users/andreeapapillon/Library/Developer/Xcode/DerivedData/AICoven_Local-gvtpajtveckudhherqngqlizoxtt/Build/Intermediates.noindex/Firebase.build/Debug/FirebaseAuthCombineSwift.build/Objects-normal/arm64/FirebaseAuthCombineSwift.swiftmodule @/Users/andreeapapillon/Library/Developer/Xcode/DerivedData/AICoven_Local-gvtpajtveckudhherqngqlizoxtt/Build/Intermediates.noindex/Firebase.build/Debug/FirebaseAuthCombineSwift.build/Objects-normal/arm64/FirebaseAuthCombineSwift-linker-args.resp -Xlinker -add_ast_path -Xlinker /Users/andreeapapillon/Library/Developer/Xcode/DerivedData/AICoven_Local-gvtpajtveckudhherqngqlizoxtt/Build/Intermediates.noindex/Firebase.build/Debug/FirebaseAuth.build/Objects-normal/arm64/FirebaseAuth.swiftmodule @/Users/andreeapapillon/Library/Developer/Xcode/DerivedData/AICoven_Local-gvtpajtveckudhherqngqlizoxtt/Build/Intermediates.noindex/Firebase.build/Debug/FirebaseAuth.build/Objects-normal/arm64/FirebaseAuth-linker-args.resp -Xlinker -add_ast_path -Xlinker /Users/andreeapapillon/Library/Developer/Xcode/DerivedData/AICoven_Local-gvtpajtveckudhherqngqlizoxtt/Build/Intermediates.noindex/mlx-swift-lm.build/Debug/MLXEmbedders.build/Objects-normal/arm64/MLXEmbedders.swiftmodule @/Users/andreeapapillon/Library/Developer/Xcode/DerivedData/AICoven_Local-gvtpajtveckudhherqngqlizoxtt/Build/Intermediates.noindex/mlx-swift-lm.build/Debug/MLXEmbedders.build/Objects-normal/arm64/MLXEmbedders-linker-args.resp -Xlinker -add_ast_path -Xlinker /Users/andreeapapillon/Library/Developer/Xcode/DerivedData/AICoven_Local-gvtpajtveckudhherqngqlizoxtt/Build/Intermediates.noindex/mlx-swift-lm.build/Debug/MLXLLM.build/Objects-normal/arm64/MLXLLM.swiftmodule @/Users/andreeapapillon/Library/Developer/Xcode/DerivedData/AICoven_Local-gvtpajtveckudhherqngqlizoxtt/Build/Intermediates.noindex/mlx-swift-lm.build/Debug/MLXLLM.build/Objects-normal/arm64/MLXLLM-linker-args.resp -Xlinker -add_ast_path -Xlinker /Users/andreeapapillon/Library/Developer/Xcode/DerivedData/AICoven_Local-gvtpajtveckudhherqngqlizoxtt/Build/Intermediates.noindex/mlx-swift-lm.build/Debug/MLXVLM.build/Objects-normal/arm64/MLXVLM.swiftmodule @/Users/andreeapapillon/Library/Developer/Xcode/DerivedData/AICoven_Local-gvtpajtveckudhherqngqlizoxtt/Build/Intermediates.noindex/mlx-swift-lm.build/Debug/MLXVLM.build/Objects-normal/arm64/MLXVLM-linker-args.resp -Xlinker -add_ast_path -Xlinker /Users/andreeapapillon/Library/Developer/Xcode/DerivedData/AICoven_Local-gvtpajtveckudhherqngqlizoxtt/Build/Intermediates.noindex/GRDB.build/Debug/GRDB.build/Objects-normal/arm64/GRDB.swiftmodule @/Users/andreeapapillon/Library/Developer/Xcode/DerivedData/AICoven_Local-gvtpajtveckudhherqngqlizoxtt/Build/Intermediates.noindex/GRDB.build/Debug/GRDB.build/Objects-normal/arm64/GRDB-linker-args.resp

ConstructStubExecutorLinkFileList /Users/andreeapapillon/Library/Developer/Xcode/DerivedData/AICoven_Local-gvtpajtveckudhherqngqlizoxtt/Build/Intermediates.noindex/AICoven\ Local.build/Debug/AICoven.build/AICoven\ Dev-ExecutorLinkFileList-normal-arm64.txt (in target 'AICoven' from project 'AICoven Local')
    cd /Users/andreeapapillon/Documents/GitHub/aicoven-local-opensource/swift/AICoven
    construct-stub-executor-link-file-list /Users/andreeapapillon/Library/Developer/Xcode/DerivedData/AICoven_Local-gvtpajtveckudhherqngqlizoxtt/Build/Products/Debug/AICoven\ Dev.app/Contents/MacOS/AICoven\ Dev.debug.dylib /Applications/Xcode.app/Contents/Developer/Platforms/MacOSX.platform/Developer/usr/lib/libPreviewsJITStubExecutor_no_swift_entry_point.a /Applications/Xcode.app/Contents/Developer/Platforms/MacOSX.platform/Developer/usr/lib/libPreviewsJITStubExecutor.a --output /Users/andreeapapillon/Library/Developer/Xcode/DerivedData/AICoven_Local-gvtpajtveckudhherqngqlizoxtt/Build/Intermediates.noindex/AICoven\ Local.build/Debug/AICoven.build/AICoven\ Dev-ExecutorLinkFileList-normal-arm64.txt
note: Using stub executor library with Swift entry point. (in target 'AICoven' from project 'AICoven Local')

Ld /Users/andreeapapillon/Library/Developer/Xcode/DerivedData/AICoven_Local-gvtpajtveckudhherqngqlizoxtt/Build/Products/Debug/AICoven\ Dev.app/Contents/MacOS/AICoven\ Dev normal (in target 'AICoven' from project 'AICoven Local')
    cd /Users/andreeapapillon/Documents/GitHub/aicoven-local-opensource/swift/AICoven
    /Applications/Xcode.app/Contents/Developer/Toolchains/XcodeDefault.xctoolchain/usr/bin/clang -Xlinker -reproducible -target arm64-apple-macos14.0 -isysroot /Applications/Xcode.app/Contents/Developer/Platforms/MacOSX.platform/Developer/SDKs/MacOSX26.4.sdk -O0 -L/Users/andreeapapillon/Library/Developer/Xcode/DerivedData/AICoven_Local-gvtpajtveckudhherqngqlizoxtt/Build/Products/Debug -F/Users/andreeapapillon/Library/Developer/Xcode/DerivedData/AICoven_Local-gvtpajtveckudhherqngqlizoxtt/Build/Products/Debug/PackageFrameworks -F/Users/andreeapapillon/Library/Developer/Xcode/DerivedData/AICoven_Local-gvtpajtveckudhherqngqlizoxtt/Build/Products/Debug/PackageFrameworks -F/Users/andreeapapillon/Library/Developer/Xcode/DerivedData/AICoven_Local-gvtpajtveckudhherqngqlizoxtt/Build/Products/Debug/PackageFrameworks -F/Users/andreeapapillon/Library/Developer/Xcode/DerivedData/AICoven_Local-gvtpajtveckudhherqngqlizoxtt/Build/Products/Debug/PackageFrameworks -F/Users/andreeapapillon/Library/Developer/Xcode/DerivedData/AICoven_Local-gvtpajtveckudhherqngqlizoxtt/Build/Products/Debug/PackageFrameworks -F/Users/andreeapapillon/Library/Developer/Xcode/DerivedData/AICoven_Local-gvtpajtveckudhherqngqlizoxtt/Build/Products/Debug/PackageFrameworks -F/Users/andreeapapillon/Library/Developer/Xcode/DerivedData/AICoven_Local-gvtpajtveckudhherqngqlizoxtt/Build/Products/Debug/PackageFrameworks -F/Users/andreeapapillon/Library/Developer/Xcode/DerivedData/AICoven_Local-gvtpajtveckudhherqngqlizoxtt/Build/Products/Debug/PackageFrameworks -F/Users/andreeapapillon/Library/Developer/Xcode/DerivedData/AICoven_Local-gvtpajtveckudhherqngqlizoxtt/Build/Products/Debug/PackageFrameworks -F/Users/andreeapapillon/Library/Developer/Xcode/DerivedData/AICoven_Local-gvtpajtveckudhherqngqlizoxtt/Build/Products/Debug/PackageFrameworks -F/Users/andreeapapillon/Library/Developer/Xcode/DerivedData/AICoven_Local-gvtpajtveckudhherqngqlizoxtt/Build/Products/Debug/PackageFrameworks -F/Users/andreeapapillon/Library/Developer/Xcode/DerivedData/AICoven_Local-gvtpajtveckudhherqngqlizoxtt/Build/Products/Debug/PackageFrameworks -F/Users/andreeapapillon/Library/Developer/Xcode/DerivedData/AICoven_Local-gvtpajtveckudhherqngqlizoxtt/Build/Products/Debug/PackageFrameworks -F/Users/andreeapapillon/Library/Developer/Xcode/DerivedData/AICoven_Local-gvtpajtveckudhherqngqlizoxtt/Build/Products/Debug/PackageFrameworks -F/Users/andreeapapillon/Library/Developer/Xcode/DerivedData/AICoven_Local-gvtpajtveckudhherqngqlizoxtt/Build/Products/Debug/PackageFrameworks -F/Users/andreeapapillon/Library/Developer/Xcode/DerivedData/AICoven_Local-gvtpajtveckudhherqngqlizoxtt/Build/Products/Debug/PackageFrameworks -F/Users/andreeapapillon/Library/Developer/Xcode/DerivedData/AICoven_Local-gvtpajtveckudhherqngqlizoxtt/Build/Products/Debug/PackageFrameworks -F/Users/andreeapapillon/Library/Developer/Xcode/DerivedData/AICoven_Local-gvtpajtveckudhherqngqlizoxtt/Build/Products/Debug/PackageFrameworks -F/Users/andreeapapillon/Library/Developer/Xcode/DerivedData/AICoven_Local-gvtpajtveckudhherqngqlizoxtt/Build/Products/Debug/PackageFrameworks -F/Users/andreeapapillon/Library/Developer/Xcode/DerivedData/AICoven_Local-gvtpajtveckudhherqngqlizoxtt/Build/Products/Debug/PackageFrameworks -F/Users/andreeapapillon/Library/Developer/Xcode/DerivedData/AICoven_Local-gvtpajtveckudhherqngqlizoxtt/Build/Products/Debug/PackageFrameworks -F/Users/andreeapapillon/Library/Developer/Xcode/DerivedData/AICoven_Local-gvtpajtveckudhherqngqlizoxtt/Build/Products/Debug/PackageFrameworks -F/Users/andreeapapillon/Library/Developer/Xcode/DerivedData/AICoven_Local-gvtpajtveckudhherqngqlizoxtt/Build/Products/Debug/PackageFrameworks -F/Users/andreeapapillon/Library/Developer/Xcode/DerivedData/AICoven_Local-gvtpajtveckudhherqngqlizoxtt/Build/Products/Debug/PackageFrameworks -F/Users/andreeapapillon/Library/Developer/Xcode/DerivedData/AICoven_Local-gvtpajtveckudhherqngqlizoxtt/Build/Products/Debug/PackageFrameworks -F/Users/andreeapapillon/Library/Developer/Xcode/DerivedData/AICoven_Local-gvtpajtveckudhherqngqlizoxtt/Build/Products/Debug/PackageFrameworks -F/Users/andreeapapillon/Library/Developer/Xcode/DerivedData/AICoven_Local-gvtpajtveckudhherqngqlizoxtt/Build/Products/Debug/PackageFrameworks -F/Users/andreeapapillon/Library/Developer/Xcode/DerivedData/AICoven_Local-gvtpajtveckudhherqngqlizoxtt/Build/Products/Debug/PackageFrameworks -F/Users/andreeapapillon/Library/Developer/Xcode/DerivedData/AICoven_Local-gvtpajtveckudhherqngqlizoxtt/Build/Products/Debug/PackageFrameworks -F/Users/andreeapapillon/Library/Developer/Xcode/DerivedData/AICoven_Local-gvtpajtveckudhherqngqlizoxtt/Build/Products/Debug/PackageFrameworks -F/Users/andreeapapillon/Library/Developer/Xcode/DerivedData/AICoven_Local-gvtpajtveckudhherqngqlizoxtt/Build/Products/Debug/PackageFrameworks -F/Users/andreeapapillon/Library/Developer/Xcode/DerivedData/AICoven_Local-gvtpajtveckudhherqngqlizoxtt/Build/Products/Debug/PackageFrameworks -F/Users/andreeapapillon/Library/Developer/Xcode/DerivedData/AICoven_Local-gvtpajtveckudhherqngqlizoxtt/Build/Products/Debug/PackageFrameworks -F/Users/andreeapapillon/Library/Developer/Xcode/DerivedData/AICoven_Local-gvtpajtveckudhherqngqlizoxtt/Build/Products/Debug/PackageFrameworks -F/Users/andreeapapillon/Library/Developer/Xcode/DerivedData/AICoven_Local-gvtpajtveckudhherqngqlizoxtt/Build/Products/Debug/PackageFrameworks -F/Users/andreeapapillon/Library/Developer/Xcode/DerivedData/AICoven_Local-gvtpajtveckudhherqngqlizoxtt/Build/Products/Debug/PackageFrameworks -F/Users/andreeapapillon/Library/Developer/Xcode/DerivedData/AICoven_Local-gvtpajtveckudhherqngqlizoxtt/Build/Products/Debug/PackageFrameworks -F/Users/andreeapapillon/Library/Developer/Xcode/DerivedData/AICoven_Local-gvtpajtveckudhherqngqlizoxtt/Build/Products/Debug/PackageFrameworks -F/Users/andreeapapillon/Library/Developer/Xcode/DerivedData/AICoven_Local-gvtpajtveckudhherqngqlizoxtt/Build/Products/Debug/PackageFrameworks -F/Users/andreeapapillon/Library/Developer/Xcode/DerivedData/AICoven_Local-gvtpajtveckudhherqngqlizoxtt/Build/Products/Debug/PackageFrameworks -F/Users/andreeapapillon/Library/Developer/Xcode/DerivedData/AICoven_Local-gvtpajtveckudhherqngqlizoxtt/Build/Products/Debug/PackageFrameworks -F/Users/andreeapapillon/Library/Developer/Xcode/DerivedData/AICoven_Local-gvtpajtveckudhherqngqlizoxtt/Build/Products/Debug/PackageFrameworks -F/Users/andreeapapillon/Library/Developer/Xcode/DerivedData/AICoven_Local-gvtpajtveckudhherqngqlizoxtt/Build/Products/Debug/PackageFrameworks -F/Users/andreeapapillon/Library/Developer/Xcode/DerivedData/AICoven_Local-gvtpajtveckudhherqngqlizoxtt/Build/Products/Debug/PackageFrameworks -F/Users/andreeapapillon/Library/Developer/Xcode/DerivedData/AICoven_Local-gvtpajtveckudhherqngqlizoxtt/Build/Products/Debug/PackageFrameworks -F/Users/andreeapapillon/Library/Developer/Xcode/DerivedData/AICoven_Local-gvtpajtveckudhherqngqlizoxtt/Build/Products/Debug/PackageFrameworks -F/Users/andreeapapillon/Library/Developer/Xcode/DerivedData/AICoven_Local-gvtpajtveckudhherqngqlizoxtt/Build/Products/Debug/PackageFrameworks -F/Users/andreeapapillon/Library/Developer/Xcode/DerivedData/AICoven_Local-gvtpajtveckudhherqngqlizoxtt/Build/Products/Debug/PackageFrameworks -F/Users/andreeapapillon/Library/Developer/Xcode/DerivedData/AICoven_Local-gvtpajtveckudhherqngqlizoxtt/Build/Products/Debug/PackageFrameworks -F/Users/andreeapapillon/Library/Developer/Xcode/DerivedData/AICoven_Local-gvtpajtveckudhherqngqlizoxtt/Build/Products/Debug/PackageFrameworks -F/Users/andreeapapillon/Library/Developer/Xcode/DerivedData/AICoven_Local-gvtpajtveckudhherqngqlizoxtt/Build/Products/Debug/PackageFrameworks -F/Users/andreeapapillon/Library/Developer/Xcode/DerivedData/AICoven_Local-gvtpajtveckudhherqngqlizoxtt/Build/Products/Debug/PackageFrameworks -F/Users/andreeapapillon/Library/Developer/Xcode/DerivedData/AICoven_Local-gvtpajtveckudhherqngqlizoxtt/Build/Products/Debug/PackageFrameworks -F/Users/andreeapapillon/Library/Developer/Xcode/DerivedData/AICoven_Local-gvtpajtveckudhherqngqlizoxtt/Build/Products/Debug/PackageFrameworks -F/Users/andreeapapillon/Library/Developer/Xcode/DerivedData/AICoven_Local-gvtpajtveckudhherqngqlizoxtt/Build/Products/Debug/PackageFrameworks -F/Users/andreeapapillon/Library/Developer/Xcode/DerivedData/AICoven_Local-gvtpajtveckudhherqngqlizoxtt/Build/Products/Debug/PackageFrameworks -F/Users/andreeapapillon/Library/Developer/Xcode/DerivedData/AICoven_Local-gvtpajtveckudhherqngqlizoxtt/Build/Products/Debug/PackageFrameworks -F/Users/andreeapapillon/Library/Developer/Xcode/DerivedData/AICoven_Local-gvtpajtveckudhherqngqlizoxtt/Build/Products/Debug/PackageFrameworks -F/Users/andreeapapillon/Library/Developer/Xcode/DerivedData/AICoven_Local-gvtpajtveckudhherqngqlizoxtt/Build/Products/Debug/PackageFrameworks -F/Users/andreeapapillon/Library/Developer/Xcode/DerivedData/AICoven_Local-gvtpajtveckudhherqngqlizoxtt/Build/Products/Debug/PackageFrameworks -F/Users/andreeapapillon/Library/Developer/Xcode/DerivedData/AICoven_Local-gvtpajtveckudhherqngqlizoxtt/Build/Products/Debug/PackageFrameworks -F/Users/andreeapapillon/Library/Developer/Xcode/DerivedData/AICoven_Local-gvtpajtveckudhherqngqlizoxtt/Build/Products/Debug/PackageFrameworks -F/Users/andreeapapillon/Library/Developer/Xcode/DerivedData/AICoven_Local-gvtpajtveckudhherqngqlizoxtt/Build/Products/Debug/PackageFrameworks -F/Users/andreeapapillon/Library/Developer/Xcode/DerivedData/AICoven_Local-gvtpajtveckudhherqngqlizoxtt/Build/Products/Debug/PackageFrameworks -F/Users/andreeapapillon/Library/Developer/Xcode/DerivedData/AICoven_Local-gvtpajtveckudhherqngqlizoxtt/Build/Products/Debug -Xlinker -rpath -Xlinker @executable_path -Xlinker -rpath -Xlinker /Users/andreeapapillon/Library/Developer/Xcode/DerivedData/AICoven_Local-gvtpajtveckudhherqngqlizoxtt/Build/Products/Debug/PackageFrameworks -Xlinker -rpath -Xlinker @executable_path/../Frameworks -rdynamic -Xlinker -no_deduplicate -Xlinker -debug_variant -e ___debug_blank_executor_main -Xlinker -sectcreate -Xlinker __TEXT -Xlinker __debug_dylib -Xlinker /Users/andreeapapillon/Library/Developer/Xcode/DerivedData/AICoven_Local-gvtpajtveckudhherqngqlizoxtt/Build/Intermediates.noindex/AICoven\ Local.build/Debug/AICoven.build/AICoven\ Dev-DebugDylibPath-normal-arm64.txt -Xlinker -sectcreate -Xlinker __TEXT -Xlinker __debug_instlnm -Xlinker /Users/andreeapapillon/Library/Developer/Xcode/DerivedData/AICoven_Local-gvtpajtveckudhherqngqlizoxtt/Build/Intermediates.noindex/AICoven\ Local.build/Debug/AICoven.build/AICoven\ Dev-DebugDylibInstallName-normal-arm64.txt -Xlinker -filelist -Xlinker /Users/andreeapapillon/Library/Developer/Xcode/DerivedData/AICoven_Local-gvtpajtveckudhherqngqlizoxtt/Build/Intermediates.noindex/AICoven\ Local.build/Debug/AICoven.build/AICoven\ Dev-ExecutorLinkFileList-normal-arm64.txt /Users/andreeapapillon/Library/Developer/Xcode/DerivedData/AICoven_Local-gvtpajtveckudhherqngqlizoxtt/Build/Products/Debug/AICoven\ Dev.app/Contents/MacOS/AICoven\ Dev.debug.dylib -Xlinker -no_adhoc_codesign -o /Users/andreeapapillon/Library/Developer/Xcode/DerivedData/AICoven_Local-gvtpajtveckudhherqngqlizoxtt/Build/Products/Debug/AICoven\ Dev.app/Contents/MacOS/AICoven\ Dev

CopySwiftLibs /Users/andreeapapillon/Library/Developer/Xcode/DerivedData/AICoven_Local-gvtpajtveckudhherqngqlizoxtt/Build/Products/Debug/AICoven\ Dev.app (in target 'AICoven' from project 'AICoven Local')
    cd /Users/andreeapapillon/Documents/GitHub/aicoven-local-opensource/swift/AICoven
    builtin-swiftStdLibTool --copy --verbose --sign 8D3E7DD1A3031D156E089FB0131D93A2D38A82C6 --scan-executable /Users/andreeapapillon/Library/Developer/Xcode/DerivedData/AICoven_Local-gvtpajtveckudhherqngqlizoxtt/Build/Products/Debug/AICoven\ Dev.app/Contents/MacOS/AICoven\ Dev.debug.dylib --scan-folder /Users/andreeapapillon/Library/Developer/Xcode/DerivedData/AICoven_Local-gvtpajtveckudhherqngqlizoxtt/Build/Products/Debug/AICoven\ Dev.app/Contents/Frameworks --scan-folder /Users/andreeapapillon/Library/Developer/Xcode/DerivedData/AICoven_Local-gvtpajtveckudhherqngqlizoxtt/Build/Products/Debug/AICoven\ Dev.app/Contents/PlugIns --scan-folder /Users/andreeapapillon/Library/Developer/Xcode/DerivedData/AICoven_Local-gvtpajtveckudhherqngqlizoxtt/Build/Products/Debug/AICoven\ Dev.app/Contents/Library/SystemExtensions --scan-folder /Users/andreeapapillon/Library/Developer/Xcode/DerivedData/AICoven_Local-gvtpajtveckudhherqngqlizoxtt/Build/Products/Debug/AICoven\ Dev.app/Contents/Extensions --platform macosx --toolchain /var/run/com.apple.security.cryptexd/mnt/com.apple.MobileAsset.MetalToolchain-v17.5.188.0.PT4TWM/Metal.xctoolchain --toolchain /Applications/Xcode.app/Contents/Developer/Toolchains/XcodeDefault.xctoolchain --destination /Users/andreeapapillon/Library/Developer/Xcode/DerivedData/AICoven_Local-gvtpajtveckudhherqngqlizoxtt/Build/Products/Debug/AICoven\ Dev.app/Contents/Frameworks --strip-bitcode --strip-bitcode-tool /Applications/Xcode.app/Contents/Developer/Toolchains/XcodeDefault.xctoolchain/usr/bin/bitcode_strip --emit-dependency-info /Users/andreeapapillon/Library/Developer/Xcode/DerivedData/AICoven_Local-gvtpajtveckudhherqngqlizoxtt/Build/Intermediates.noindex/AICoven\ Local.build/Debug/AICoven.build/SwiftStdLibToolInputDependencies.dep --filter-for-swift-os --back-deploy-swift-span

ExtractAppIntentsMetadata (in target 'AICoven' from project 'AICoven Local')
    cd /Users/andreeapapillon/Documents/GitHub/aicoven-local-opensource/swift/AICoven
    /Applications/Xcode.app/Contents/Developer/Toolchains/XcodeDefault.xctoolchain/usr/bin/appintentsmetadataprocessor --toolchain-dir /var/run/com.apple.security.cryptexd/mnt/com.apple.MobileAsset.MetalToolchain-v17.5.188.0.PT4TWM/Metal.xctoolchain --module-name AICoven --sdk-root /Applications/Xcode.app/Contents/Developer/Platforms/MacOSX.platform/Developer/SDKs/MacOSX26.4.sdk --xcode-version 17E192 --platform-family macOS --deployment-target 14.0 --bundle-identifier com.aicoven.opensource --output /Users/andreeapapillon/Library/Developer/Xcode/DerivedData/AICoven_Local-gvtpajtveckudhherqngqlizoxtt/Build/Products/Debug/AICoven\ Dev.app/Contents/Resources --target-triple arm64-apple-macos14.0 --binary-file /Users/andreeapapillon/Library/Developer/Xcode/DerivedData/AICoven_Local-gvtpajtveckudhherqngqlizoxtt/Build/Products/Debug/AICoven\ Dev.app/Contents/MacOS/AICoven\ Dev --dependency-file /Users/andreeapapillon/Library/Developer/Xcode/DerivedData/AICoven_Local-gvtpajtveckudhherqngqlizoxtt/Build/Intermediates.noindex/AICoven\ Local.build/Debug/AICoven.build/Objects-normal/arm64/AICoven\ Dev_dependency_info.dat --stringsdata-file /Users/andreeapapillon/Library/Developer/Xcode/DerivedData/AICoven_Local-gvtpajtveckudhherqngqlizoxtt/Build/Intermediates.noindex/AICoven\ Local.build/Debug/AICoven.build/Objects-normal/arm64/ExtractedAppShortcutsMetadata.stringsdata --source-file-list /Users/andreeapapillon/Library/Developer/Xcode/DerivedData/AICoven_Local-gvtpajtveckudhherqngqlizoxtt/Build/Intermediates.noindex/AICoven\ Local.build/Debug/AICoven.build/Objects-normal/arm64/AICoven\ Dev.SwiftFileList --metadata-file-list /Users/andreeapapillon/Library/Developer/Xcode/DerivedData/AICoven_Local-gvtpajtveckudhherqngqlizoxtt/Build/Intermediates.noindex/AICoven\ Local.build/Debug/AICoven.build/AICoven\ Dev.DependencyMetadataFileList --static-metadata-file-list /Users/andreeapapillon/Library/Developer/Xcode/DerivedData/AICoven_Local-gvtpajtveckudhherqngqlizoxtt/Build/Intermediates.noindex/AICoven\ Local.build/Debug/AICoven.build/AICoven\ Dev.DependencyStaticMetadataFileList --swift-const-vals-list /Users/andreeapapillon/Library/Developer/Xcode/DerivedData/AICoven_Local-gvtpajtveckudhherqngqlizoxtt/Build/Intermediates.noindex/AICoven\ Local.build/Debug/AICoven.build/Objects-normal/arm64/AICoven\ Dev.SwiftConstValuesFileList --compile-time-extraction --deployment-aware-processing --validate-assistant-intents --no-app-shortcuts-localization
2026-05-09 10:48:53.057 appintentsmetadataprocessor[12082:14279427] Starting appintentsmetadataprocessor export
2026-05-09 10:48:53.061 appintentsmetadataprocessor[12082:14279427] warning: Metadata extraction skipped. No AppIntents.framework dependency found.

ProcessInfoPlistFile /Users/andreeapapillon/Library/Developer/Xcode/DerivedData/AICoven_Local-gvtpajtveckudhherqngqlizoxtt/Build/Products/Debug/AICoven\ Dev.app/Contents/PlugIns/AICovenTests.xctest/Contents/Info.plist /Users/andreeapapillon/Library/Developer/Xcode/DerivedData/AICoven_Local-gvtpajtveckudhherqngqlizoxtt/Build/Intermediates.noindex/AICoven\ Local.build/Debug/AICovenTests.build/empty-AICovenTests.plist (in target 'AICovenTests' from project 'AICoven Local')
    cd /Users/andreeapapillon/Documents/GitHub/aicoven-local-opensource/swift/AICoven
    builtin-infoPlistUtility /Users/andreeapapillon/Library/Developer/Xcode/DerivedData/AICoven_Local-gvtpajtveckudhherqngqlizoxtt/Build/Intermediates.noindex/AICoven\ Local.build/Debug/AICovenTests.build/empty-AICovenTests.plist -producttype com.apple.product-type.bundle.unit-test -expandbuildsettings -platform macosx -scanforprivacyfile /Users/andreeapapillon/Library/Developer/Xcode/DerivedData/AICoven_Local-gvtpajtveckudhherqngqlizoxtt/Build/Products/Debug/AICoven\ Dev.app/Contents/PlugIns/AICovenTests.xctest/Contents/Resources/Firebase_FirebaseABTesting.bundle -scanforprivacyfile /Users/andreeapapillon/Library/Developer/Xcode/DerivedData/AICoven_Local-gvtpajtveckudhherqngqlizoxtt/Build/Products/Debug/AICoven\ Dev.app/Contents/PlugIns/AICovenTests.xctest/Contents/Resources/Firebase_FirebaseAuth.bundle -scanforprivacyfile /Users/andreeapapillon/Library/Developer/Xcode/DerivedData/AICoven_Local-gvtpajtveckudhherqngqlizoxtt/Build/Products/Debug/AICoven\ Dev.app/Contents/PlugIns/AICovenTests.xctest/Contents/Resources/Firebase_FirebaseCore.bundle -scanforprivacyfile /Users/andreeapapillon/Library/Developer/Xcode/DerivedData/AICoven_Local-gvtpajtveckudhherqngqlizoxtt/Build/Products/Debug/AICoven\ Dev.app/Contents/PlugIns/AICovenTests.xctest/Contents/Resources/Firebase_FirebaseCoreExtension.bundle -scanforprivacyfile /Users/andreeapapillon/Library/Developer/Xcode/DerivedData/AICoven_Local-gvtpajtveckudhherqngqlizoxtt/Build/Products/Debug/AICoven\ Dev.app/Contents/PlugIns/AICovenTests.xctest/Contents/Resources/Firebase_FirebaseCoreInternal.bundle -scanforprivacyfile /Users/andreeapapillon/Library/Developer/Xcode/DerivedData/AICoven_Local-gvtpajtveckudhherqngqlizoxtt/Build/Products/Debug/AICoven\ Dev.app/Contents/PlugIns/AICovenTests.xctest/Contents/Resources/Firebase_FirebaseCrashlytics.bundle -scanforprivacyfile /Users/andreeapapillon/Library/Developer/Xcode/DerivedData/AICoven_Local-gvtpajtveckudhherqngqlizoxtt/Build/Products/Debug/AICoven\ Dev.app/Contents/PlugIns/AICovenTests.xctest/Contents/Resources/Firebase_FirebaseCrashlyticsSwift.bundle -scanforprivacyfile /Users/andreeapapillon/Library/Developer/Xcode/DerivedData/AICoven_Local-gvtpajtveckudhherqngqlizoxtt/Build/Products/Debug/AICoven\ Dev.app/Contents/PlugIns/AICovenTests.xctest/Contents/Resources/Firebase_FirebaseInstallations.bundle -scanforprivacyfile /Users/andreeapapillon/Library/Developer/Xcode/DerivedData/AICoven_Local-gvtpajtveckudhherqngqlizoxtt/Build/Products/Debug/AICoven\ Dev.app/Contents/PlugIns/AICovenTests.xctest/Contents/Resources/Firebase_FirebaseMessaging.bundle -scanforprivacyfile /Users/andreeapapillon/Library/Developer/Xcode/DerivedData/AICoven_Local-gvtpajtveckudhherqngqlizoxtt/Build/Products/Debug/AICoven\ Dev.app/Contents/PlugIns/AICovenTests.xctest/Contents/Resources/Firebase_FirebaseRemoteConfig.bundle -scanforprivacyfile /Users/andreeapapillon/Library/Developer/Xcode/DerivedData/AICoven_Local-gvtpajtveckudhherqngqlizoxtt/Build/Products/Debug/AICoven\ Dev.app/Contents/PlugIns/AICovenTests.xctest/Contents/Resources/GRDB_GRDB.bundle -scanforprivacyfile /Users/andreeapapillon/Library/Developer/Xcode/DerivedData/AICoven_Local-gvtpajtveckudhherqngqlizoxtt/Build/Products/Debug/AICoven\ Dev.app/Contents/PlugIns/AICovenTests.xctest/Contents/Resources/GTMSessionFetcher_GTMSessionFetcherCore.bundle -scanforprivacyfile /Users/andreeapapillon/Library/Developer/Xcode/DerivedData/AICoven_Local-gvtpajtveckudhherqngqlizoxtt/Build/Products/Debug/AICoven\ Dev.app/Contents/PlugIns/AICovenTests.xctest/Contents/Resources/GoogleDataTransport_GoogleDataTransport.bundle -scanforprivacyfile /Users/andreeapapillon/Library/Developer/Xcode/DerivedData/AICoven_Local-gvtpajtveckudhherqngqlizoxtt/Build/Products/Debug/AICoven\ Dev.app/Contents/PlugIns/AICovenTests.xctest/Contents/Resources/GoogleUtilities_GoogleUtilities-AppDelegateSwizzler.bundle -scanforprivacyfile /Users/andreeapapillon/Library/Developer/Xcode/DerivedData/AICoven_Local-gvtpajtveckudhherqngqlizoxtt/Build/Products/Debug/AICoven\ Dev.app/Contents/PlugIns/AICovenTests.xctest/Contents/Resources/GoogleUtilities_GoogleUtilities-Environment.bundle -scanforprivacyfile /Users/andreeapapillon/Library/Developer/Xcode/DerivedData/AICoven_Local-gvtpajtveckudhherqngqlizoxtt/Build/Products/Debug/AICoven\ Dev.app/Contents/PlugIns/AICovenTests.xctest/Contents/Resources/GoogleUtilities_GoogleUtilities-Logger.bundle -scanforprivacyfile /Users/andreeapapillon/Library/Developer/Xcode/DerivedData/AICoven_Local-gvtpajtveckudhherqngqlizoxtt/Build/Products/Debug/AICoven\ Dev.app/Contents/PlugIns/AICovenTests.xctest/Contents/Resources/GoogleUtilities_GoogleUtilities-MethodSwizzler.bundle -scanforprivacyfile /Users/andreeapapillon/Library/Developer/Xcode/DerivedData/AICoven_Local-gvtpajtveckudhherqngqlizoxtt/Build/Products/Debug/AICoven\ Dev.app/Contents/PlugIns/AICovenTests.xctest/Contents/Resources/GoogleUtilities_GoogleUtilities-NSData.bundle -scanforprivacyfile /Users/andreeapapillon/Library/Developer/Xcode/DerivedData/AICoven_Local-gvtpajtveckudhherqngqlizoxtt/Build/Products/Debug/AICoven\ Dev.app/Contents/PlugIns/AICovenTests.xctest/Contents/Resources/GoogleUtilities_GoogleUtilities-Network.bundle -scanforprivacyfile /Users/andreeapapillon/Library/Developer/Xcode/DerivedData/AICoven_Local-gvtpajtveckudhherqngqlizoxtt/Build/Products/Debug/AICoven\ Dev.app/Contents/PlugIns/AICovenTests.xctest/Contents/Resources/GoogleUtilities_GoogleUtilities-Reachability.bundle -scanforprivacyfile /Users/andreeapapillon/Library/Developer/Xcode/DerivedData/AICoven_Local-gvtpajtveckudhherqngqlizoxtt/Build/Products/Debug/AICoven\ Dev.app/Contents/PlugIns/AICovenTests.xctest/Contents/Resources/GoogleUtilities_GoogleUtilities-UserDefaults.bundle -scanforprivacyfile /Users/andreeapapillon/Library/Developer/Xcode/DerivedData/AICoven_Local-gvtpajtveckudhherqngqlizoxtt/Build/Products/Debug/AICoven\ Dev.app/Contents/PlugIns/AICovenTests.xctest/Contents/Resources/Promises_FBLPromises.bundle -scanforprivacyfile /Users/andreeapapillon/Library/Developer/Xcode/DerivedData/AICoven_Local-gvtpajtveckudhherqngqlizoxtt/Build/Products/Debug/AICoven\ Dev.app/Contents/PlugIns/AICovenTests.xctest/Contents/Resources/Promises_Promises.bundle -scanforprivacyfile /Users/andreeapapillon/Library/Developer/Xcode/DerivedData/AICoven_Local-gvtpajtveckudhherqngqlizoxtt/Build/Products/Debug/AICoven\ Dev.app/Contents/PlugIns/AICovenTests.xctest/Contents/Resources/mlx-swift_Cmlx.bundle -scanforprivacyfile /Users/andreeapapillon/Library/Developer/Xcode/DerivedData/AICoven_Local-gvtpajtveckudhherqngqlizoxtt/Build/Products/Debug/AICoven\ Dev.app/Contents/PlugIns/AICovenTests.xctest/Contents/Resources/nanopb_nanopb.bundle -scanforprivacyfile /Users/andreeapapillon/Library/Developer/Xcode/DerivedData/AICoven_Local-gvtpajtveckudhherqngqlizoxtt/Build/Products/Debug/AICoven\ Dev.app/Contents/PlugIns/AICovenTests.xctest/Contents/Resources/swift-transformers_Hub.bundle -o /Users/andreeapapillon/Library/Developer/Xcode/DerivedData/AICoven_Local-gvtpajtveckudhherqngqlizoxtt/Build/Products/Debug/AICoven\ Dev.app/Contents/PlugIns/AICovenTests.xctest/Contents/Info.plist

Ld /Users/andreeapapillon/Library/Developer/Xcode/DerivedData/AICoven_Local-gvtpajtveckudhherqngqlizoxtt/Build/Products/Debug/AICoven\ Dev.app/Contents/PlugIns/AICovenTests.xctest/Contents/MacOS/AICovenTests normal (in target 'AICovenTests' from project 'AICoven Local')
    cd /Users/andreeapapillon/Documents/GitHub/aicoven-local-opensource/swift/AICoven
    /Applications/Xcode.app/Contents/Developer/Toolchains/XcodeDefault.xctoolchain/usr/bin/clang -Xlinker -reproducible -target arm64-apple-macos15.7 -bundle -isysroot /Applications/Xcode.app/Contents/Developer/Platforms/MacOSX.platform/Developer/SDKs/MacOSX26.4.sdk -O0 -L/Users/andreeapapillon/Library/Developer/Xcode/DerivedData/AICoven_Local-gvtpajtveckudhherqngqlizoxtt/Build/Intermediates.noindex/EagerLinkingTBDs/Debug -L/Users/andreeapapillon/Library/Developer/Xcode/DerivedData/AICoven_Local-gvtpajtveckudhherqngqlizoxtt/Build/Products/Debug -L/Applications/Xcode.app/Contents/Developer/Platforms/MacOSX.platform/Developer/usr/lib -F/Users/andreeapapillon/Library/Developer/Xcode/DerivedData/AICoven_Local-gvtpajtveckudhherqngqlizoxtt/Build/Intermediates.noindex/EagerLinkingTBDs/Debug -F/Users/andreeapapillon/Library/Developer/Xcode/DerivedData/AICoven_Local-gvtpajtveckudhherqngqlizoxtt/Build/Products/Debug/PackageFrameworks -F/Users/andreeapapillon/Library/Developer/Xcode/DerivedData/AICoven_Local-gvtpajtveckudhherqngqlizoxtt/Build/Products/Debug/PackageFrameworks -F/Users/andreeapapillon/Library/Developer/Xcode/DerivedData/AICoven_Local-gvtpajtveckudhherqngqlizoxtt/Build/Products/Debug/PackageFrameworks -F/Users/andreeapapillon/Library/Developer/Xcode/DerivedData/AICoven_Local-gvtpajtveckudhherqngqlizoxtt/Build/Products/Debug/PackageFrameworks -F/Users/andreeapapillon/Library/Developer/Xcode/DerivedData/AICoven_Local-gvtpajtveckudhherqngqlizoxtt/Build/Products/Debug/PackageFrameworks -F/Users/andreeapapillon/Library/Developer/Xcode/DerivedData/AICoven_Local-gvtpajtveckudhherqngqlizoxtt/Build/Products/Debug/PackageFrameworks -F/Users/andreeapapillon/Library/Developer/Xcode/DerivedData/AICoven_Local-gvtpajtveckudhherqngqlizoxtt/Build/Products/Debug/PackageFrameworks -F/Users/andreeapapillon/Library/Developer/Xcode/DerivedData/AICoven_Local-gvtpajtveckudhherqngqlizoxtt/Build/Products/Debug/PackageFrameworks -F/Users/andreeapapillon/Library/Developer/Xcode/DerivedData/AICoven_Local-gvtpajtveckudhherqngqlizoxtt/Build/Products/Debug/PackageFrameworks -F/Users/andreeapapillon/Library/Developer/Xcode/DerivedData/AICoven_Local-gvtpajtveckudhherqngqlizoxtt/Build/Products/Debug/PackageFrameworks -F/Users/andreeapapillon/Library/Developer/Xcode/DerivedData/AICoven_Local-gvtpajtveckudhherqngqlizoxtt/Build/Products/Debug/PackageFrameworks -F/Users/andreeapapillon/Library/Developer/Xcode/DerivedData/AICoven_Local-gvtpajtveckudhherqngqlizoxtt/Build/Products/Debug/PackageFrameworks -F/Users/andreeapapillon/Library/Developer/Xcode/DerivedData/AICoven_Local-gvtpajtveckudhherqngqlizoxtt/Build/Products/Debug/PackageFrameworks -F/Users/andreeapapillon/Library/Developer/Xcode/DerivedData/AICoven_Local-gvtpajtveckudhherqngqlizoxtt/Build/Products/Debug/PackageFrameworks -F/Users/andreeapapillon/Library/Developer/Xcode/DerivedData/AICoven_Local-gvtpajtveckudhherqngqlizoxtt/Build/Products/Debug/PackageFrameworks -F/Users/andreeapapillon/Library/Developer/Xcode/DerivedData/AICoven_Local-gvtpajtveckudhherqngqlizoxtt/Build/Products/Debug/PackageFrameworks -F/Users/andreeapapillon/Library/Developer/Xcode/DerivedData/AICoven_Local-gvtpajtveckudhherqngqlizoxtt/Build/Products/Debug/PackageFrameworks -F/Users/andreeapapillon/Library/Developer/Xcode/DerivedData/AICoven_Local-gvtpajtveckudhherqngqlizoxtt/Build/Products/Debug/PackageFrameworks -F/Users/andreeapapillon/Library/Developer/Xcode/DerivedData/AICoven_Local-gvtpajtveckudhherqngqlizoxtt/Build/Products/Debug/PackageFrameworks -F/Users/andreeapapillon/Library/Developer/Xcode/DerivedData/AICoven_Local-gvtpajtveckudhherqngqlizoxtt/Build/Products/Debug/PackageFrameworks -F/Users/andreeapapillon/Library/Developer/Xcode/DerivedData/AICoven_Local-gvtpajtveckudhherqngqlizoxtt/Build/Products/Debug/PackageFrameworks -F/Users/andreeapapillon/Library/Developer/Xcode/DerivedData/AICoven_Local-gvtpajtveckudhherqngqlizoxtt/Build/Products/Debug/PackageFrameworks -F/Users/andreeapapillon/Library/Developer/Xcode/DerivedData/AICoven_Local-gvtpajtveckudhherqngqlizoxtt/Build/Products/Debug/PackageFrameworks -F/Users/andreeapapillon/Library/Developer/Xcode/DerivedData/AICoven_Local-gvtpajtveckudhherqngqlizoxtt/Build/Products/Debug/PackageFrameworks -F/Users/andreeapapillon/Library/Developer/Xcode/DerivedData/AICoven_Local-gvtpajtveckudhherqngqlizoxtt/Build/Products/Debug/PackageFrameworks -F/Users/andreeapapillon/Library/Developer/Xcode/DerivedData/AICoven_Local-gvtpajtveckudhherqngqlizoxtt/Build/Products/Debug/PackageFrameworks -F/Users/andreeapapillon/Library/Developer/Xcode/DerivedData/AICoven_Local-gvtpajtveckudhherqngqlizoxtt/Build/Products/Debug/PackageFrameworks -F/Users/andreeapapillon/Library/Developer/Xcode/DerivedData/AICoven_Local-gvtpajtveckudhherqngqlizoxtt/Build/Products/Debug/PackageFrameworks -F/Users/andreeapapillon/Library/Developer/Xcode/DerivedData/AICoven_Local-gvtpajtveckudhherqngqlizoxtt/Build/Products/Debug/PackageFrameworks -F/Users/andreeapapillon/Library/Developer/Xcode/DerivedData/AICoven_Local-gvtpajtveckudhherqngqlizoxtt/Build/Products/Debug/PackageFrameworks -F/Users/andreeapapillon/Library/Developer/Xcode/DerivedData/AICoven_Local-gvtpajtveckudhherqngqlizoxtt/Build/Products/Debug/PackageFrameworks -F/Users/andreeapapillon/Library/Developer/Xcode/DerivedData/AICoven_Local-gvtpajtveckudhherqngqlizoxtt/Build/Products/Debug/PackageFrameworks -F/Users/andreeapapillon/Library/Developer/Xcode/DerivedData/AICoven_Local-gvtpajtveckudhherqngqlizoxtt/Build/Products/Debug/PackageFrameworks -F/Users/andreeapapillon/Library/Developer/Xcode/DerivedData/AICoven_Local-gvtpajtveckudhherqngqlizoxtt/Build/Products/Debug/PackageFrameworks -F/Users/andreeapapillon/Library/Developer/Xcode/DerivedData/AICoven_Local-gvtpajtveckudhherqngqlizoxtt/Build/Products/Debug/PackageFrameworks -F/Users/andreeapapillon/Library/Developer/Xcode/DerivedData/AICoven_Local-gvtpajtveckudhherqngqlizoxtt/Build/Products/Debug/PackageFrameworks -F/Users/andreeapapillon/Library/Developer/Xcode/DerivedData/AICoven_Local-gvtpajtveckudhherqngqlizoxtt/Build/Products/Debug/PackageFrameworks -F/Users/andreeapapillon/Library/Developer/Xcode/DerivedData/AICoven_Local-gvtpajtveckudhherqngqlizoxtt/Build/Products/Debug/PackageFrameworks -F/Users/andreeapapillon/Library/Developer/Xcode/DerivedData/AICoven_Local-gvtpajtveckudhherqngqlizoxtt/Build/Products/Debug/PackageFrameworks -F/Users/andreeapapillon/Library/Developer/Xcode/DerivedData/AICoven_Local-gvtpajtveckudhherqngqlizoxtt/Build/Products/Debug/PackageFrameworks -F/Users/andreeapapillon/Library/Developer/Xcode/DerivedData/AICoven_Local-gvtpajtveckudhherqngqlizoxtt/Build/Products/Debug/PackageFrameworks -F/Users/andreeapapillon/Library/Developer/Xcode/DerivedData/AICoven_Local-gvtpajtveckudhherqngqlizoxtt/Build/Products/Debug/PackageFrameworks -F/Users/andreeapapillon/Library/Developer/Xcode/DerivedData/AICoven_Local-gvtpajtveckudhherqngqlizoxtt/Build/Products/Debug/PackageFrameworks -F/Users/andreeapapillon/Library/Developer/Xcode/DerivedData/AICoven_Local-gvtpajtveckudhherqngqlizoxtt/Build/Products/Debug/PackageFrameworks -F/Users/andreeapapillon/Library/Developer/Xcode/DerivedData/AICoven_Local-gvtpajtveckudhherqngqlizoxtt/Build/Products/Debug/PackageFrameworks -F/Users/andreeapapillon/Library/Developer/Xcode/DerivedData/AICoven_Local-gvtpajtveckudhherqngqlizoxtt/Build/Products/Debug/PackageFrameworks -F/Users/andreeapapillon/Library/Developer/Xcode/DerivedData/AICoven_Local-gvtpajtveckudhherqngqlizoxtt/Build/Products/Debug/PackageFrameworks -F/Users/andreeapapillon/Library/Developer/Xcode/DerivedData/AICoven_Local-gvtpajtveckudhherqngqlizoxtt/Build/Products/Debug/PackageFrameworks -F/Users/andreeapapillon/Library/Developer/Xcode/DerivedData/AICoven_Local-gvtpajtveckudhherqngqlizoxtt/Build/Products/Debug/PackageFrameworks -F/Users/andreeapapillon/Library/Developer/Xcode/DerivedData/AICoven_Local-gvtpajtveckudhherqngqlizoxtt/Build/Products/Debug/PackageFrameworks -F/Users/andreeapapillon/Library/Developer/Xcode/DerivedData/AICoven_Local-gvtpajtveckudhherqngqlizoxtt/Build/Products/Debug/PackageFrameworks -F/Users/andreeapapillon/Library/Developer/Xcode/DerivedData/AICoven_Local-gvtpajtveckudhherqngqlizoxtt/Build/Products/Debug/PackageFrameworks -F/Users/andreeapapillon/Library/Developer/Xcode/DerivedData/AICoven_Local-gvtpajtveckudhherqngqlizoxtt/Build/Products/Debug/PackageFrameworks -F/Users/andreeapapillon/Library/Developer/Xcode/DerivedData/AICoven_Local-gvtpajtveckudhherqngqlizoxtt/Build/Products/Debug/PackageFrameworks -F/Users/andreeapapillon/Library/Developer/Xcode/DerivedData/AICoven_Local-gvtpajtveckudhherqngqlizoxtt/Build/Products/Debug/PackageFrameworks -F/Users/andreeapapillon/Library/Developer/Xcode/DerivedData/AICoven_Local-gvtpajtveckudhherqngqlizoxtt/Build/Products/Debug/PackageFrameworks -F/Users/andreeapapillon/Library/Developer/Xcode/DerivedData/AICoven_Local-gvtpajtveckudhherqngqlizoxtt/Build/Products/Debug/PackageFrameworks -F/Users/andreeapapillon/Library/Developer/Xcode/DerivedData/AICoven_Local-gvtpajtveckudhherqngqlizoxtt/Build/Products/Debug/PackageFrameworks -F/Users/andreeapapillon/Library/Developer/Xcode/DerivedData/AICoven_Local-gvtpajtveckudhherqngqlizoxtt/Build/Products/Debug/PackageFrameworks -F/Users/andreeapapillon/Library/Developer/Xcode/DerivedData/AICoven_Local-gvtpajtveckudhherqngqlizoxtt/Build/Products/Debug/PackageFrameworks -F/Users/andreeapapillon/Library/Developer/Xcode/DerivedData/AICoven_Local-gvtpajtveckudhherqngqlizoxtt/Build/Products/Debug/PackageFrameworks -F/Users/andreeapapillon/Library/Developer/Xcode/DerivedData/AICoven_Local-gvtpajtveckudhherqngqlizoxtt/Build/Products/Debug/PackageFrameworks -F/Users/andreeapapillon/Library/Developer/Xcode/DerivedData/AICoven_Local-gvtpajtveckudhherqngqlizoxtt/Build/Products/Debug/PackageFrameworks -F/Users/andreeapapillon/Library/Developer/Xcode/DerivedData/AICoven_Local-gvtpajtveckudhherqngqlizoxtt/Build/Products/Debug/PackageFrameworks -F/Users/andreeapapillon/Library/Developer/Xcode/DerivedData/AICoven_Local-gvtpajtveckudhherqngqlizoxtt/Build/Products/Debug -iframework /Applications/Xcode.app/Contents/Developer/Platforms/MacOSX.platform/Developer/Library/Frameworks -filelist /Users/andreeapapillon/Library/Developer/Xcode/DerivedData/AICoven_Local-gvtpajtveckudhherqngqlizoxtt/Build/Intermediates.noindex/AICoven\ Local.build/Debug/AICovenTests.build/Objects-normal/arm64/AICovenTests.LinkFileList -Xlinker -rpath -Xlinker /usr/lib/swift -Xlinker -rpath -Xlinker /Users/andreeapapillon/Library/Developer/Xcode/DerivedData/AICoven_Local-gvtpajtveckudhherqngqlizoxtt/Build/Products/Debug/PackageFrameworks -Xlinker -rpath -Xlinker @loader_path/../Frameworks -Xlinker -rpath -Xlinker @executable_path/../Frameworks -bundle_loader /Users/andreeapapillon/Library/Developer/Xcode/DerivedData/AICoven_Local-gvtpajtveckudhherqngqlizoxtt/Build/Products/Debug/AICoven\ Dev.app/Contents/MacOS/AICoven\ Dev -Xlinker -object_path_lto -Xlinker /Users/andreeapapillon/Library/Developer/Xcode/DerivedData/AICoven_Local-gvtpajtveckudhherqngqlizoxtt/Build/Intermediates.noindex/AICoven\ Local.build/Debug/AICovenTests.build/Objects-normal/arm64/AICovenTests_lto.o -rdynamic -Xlinker -no_deduplicate -Xlinker -debug_variant -Xlinker -dependency_info -Xlinker /Users/andreeapapillon/Library/Developer/Xcode/DerivedData/AICoven_Local-gvtpajtveckudhherqngqlizoxtt/Build/Intermediates.noindex/AICoven\ Local.build/Debug/AICovenTests.build/Objects-normal/arm64/AICovenTests_dependency_info.dat -fobjc-link-runtime -fprofile-instr-generate -L/Applications/Xcode.app/Contents/Developer/Toolchains/XcodeDefault.xctoolchain/usr/lib/swift/macosx -L/usr/lib/swift -Xlinker -add_ast_path -Xlinker /Users/andreeapapillon/Library/Developer/Xcode/DerivedData/AICoven_Local-gvtpajtveckudhherqngqlizoxtt/Build/Intermediates.noindex/AICoven\ Local.build/Debug/AICovenTests.build/Objects-normal/arm64/AICovenTests.swiftmodule @/Users/andreeapapillon/Library/Developer/Xcode/DerivedData/AICoven_Local-gvtpajtveckudhherqngqlizoxtt/Build/Intermediates.noindex/AICoven\ Local.build/Debug/AICovenTests.build/Objects-normal/arm64/AICovenTests-linker-args.resp -Wl,-no_warn_duplicate_libraries -Wl,-no_warn_duplicate_libraries -Wl,-no_warn_duplicate_libraries -Wl,-no_warn_duplicate_libraries -Wl,-no_warn_duplicate_libraries -Wl,-no_warn_duplicate_libraries -Wl,-no_warn_duplicate_libraries -Wl,-no_warn_duplicate_libraries -Wl,-no_warn_duplicate_libraries -Wl,-no_warn_duplicate_libraries -Wl,-no_warn_duplicate_libraries -Wl,-no_warn_duplicate_libraries -lc++ -Wl,-no_warn_duplicate_libraries -Wl,-no_warn_duplicate_libraries -Wl,-no_warn_duplicate_libraries -Wl,-no_warn_duplicate_libraries -Wl,-no_warn_duplicate_libraries -Wl,-no_warn_duplicate_libraries -Wl,-no_warn_duplicate_libraries -Wl,-no_warn_duplicate_libraries -Wl,-no_warn_duplicate_libraries -Wl,-no_warn_duplicate_libraries -Wl,-no_warn_duplicate_libraries -Wl,-no_warn_duplicate_libraries -Wl,-no_warn_duplicate_libraries -Wl,-no_warn_duplicate_libraries -Wl,-no_warn_duplicate_libraries -Wl,-no_warn_duplicate_libraries -Wl,-no_warn_duplicate_libraries -Wl,-no_warn_duplicate_libraries -Wl,-no_warn_duplicate_libraries -Wl,-no_warn_duplicate_libraries -Wl,-no_warn_duplicate_libraries -Wl,-no_warn_duplicate_libraries -Wl,-no_warn_duplicate_libraries -lc++ -Wl,-no_warn_duplicate_libraries -Wl,-no_warn_duplicate_libraries -Wl,-no_warn_duplicate_libraries -Wl,-no_warn_duplicate_libraries -Wl,-no_warn_duplicate_libraries -Wl,-no_warn_duplicate_libraries -Wl,-no_warn_duplicate_libraries -Wl,-no_warn_duplicate_libraries -Wl,-no_warn_duplicate_libraries -Wl,-no_warn_duplicate_libraries -Wl,-no_warn_duplicate_libraries -Wl,-no_warn_duplicate_libraries -Wl,-no_warn_duplicate_libraries -Wl,-no_warn_duplicate_libraries -Wl,-no_warn_duplicate_libraries -Wl,-no_warn_duplicate_libraries -Wl,-no_warn_duplicate_libraries -Wl,-no_warn_duplicate_libraries -Wl,-no_warn_duplicate_libraries -Wl,-no_warn_duplicate_libraries -Wl,-no_warn_duplicate_libraries -Wl,-no_warn_duplicate_libraries -Wl,-no_warn_duplicate_libraries -Wl,-no_warn_duplicate_libraries -Wl,-no_warn_duplicate_libraries -Wl,-no_warn_duplicate_libraries -Wl,-no_warn_duplicate_libraries -Wl,-no_warn_duplicate_libraries -Wl,-no_warn_duplicate_libraries -framework Security -framework AppKit -lz -framework Foundation -framework Metal -framework Accelerate -framework Security -lsqlite3 -lc++ -lz -framework StoreKit -framework StoreKit -lsqlite3 -lc++ -lz -framework Security -framework SystemConfiguration -framework Security -framework SystemConfiguration -framework Security -framework SystemConfiguration -framework SystemConfiguration -framework CoreTelephony -framework SystemConfiguration -framework StoreKit -lsqlite3 -lc++ -lz -framework StoreKit -lsqlite3 -lc++ -lz -framework StoreKit -lsqlite3 -lc++ -lz -lsqlite3 -lc++ -lz -framework StoreKit -lc++ -Xlinker -needed_framework -Xlinker XCTest -framework XCTest -Xlinker -needed-lXCTestSwiftSupport -lXCTestSwiftSupport /Users/andreeapapillon/Library/Developer/Xcode/DerivedData/AICoven_Local-gvtpajtveckudhherqngqlizoxtt/Build/Products/Debug/AICoven\ Dev.app/Contents/MacOS/AICoven\ Dev.debug.dylib -Xlinker -no_adhoc_codesign -o /Users/andreeapapillon/Library/Developer/Xcode/DerivedData/AICoven_Local-gvtpajtveckudhherqngqlizoxtt/Build/Products/Debug/AICoven\ Dev.app/Contents/PlugIns/AICovenTests.xctest/Contents/MacOS/AICovenTests

CopySwiftLibs /Users/andreeapapillon/Library/Developer/Xcode/DerivedData/AICoven_Local-gvtpajtveckudhherqngqlizoxtt/Build/Products/Debug/AICoven\ Dev.app/Contents/PlugIns/AICovenTests.xctest (in target 'AICovenTests' from project 'AICoven Local')
    cd /Users/andreeapapillon/Documents/GitHub/aicoven-local-opensource/swift/AICoven
    builtin-swiftStdLibTool --copy --verbose --sign 8D3E7DD1A3031D156E089FB0131D93A2D38A82C6 --scan-executable /Users/andreeapapillon/Library/Developer/Xcode/DerivedData/AICoven_Local-gvtpajtveckudhherqngqlizoxtt/Build/Products/Debug/AICoven\ Dev.app/Contents/PlugIns/AICovenTests.xctest/Contents/MacOS/AICovenTests --scan-folder /Users/andreeapapillon/Library/Developer/Xcode/DerivedData/AICoven_Local-gvtpajtveckudhherqngqlizoxtt/Build/Products/Debug/AICoven\ Dev.app/Contents/PlugIns/AICovenTests.xctest/Contents/Frameworks --scan-folder /Users/andreeapapillon/Library/Developer/Xcode/DerivedData/AICoven_Local-gvtpajtveckudhherqngqlizoxtt/Build/Products/Debug/AICoven\ Dev.app/Contents/PlugIns/AICovenTests.xctest/Contents/PlugIns --scan-folder /Users/andreeapapillon/Library/Developer/Xcode/DerivedData/AICoven_Local-gvtpajtveckudhherqngqlizoxtt/Build/Products/Debug/AICoven\ Dev.app/Contents/PlugIns/AICovenTests.xctest/Contents/Library/SystemExtensions --scan-folder /Users/andreeapapillon/Library/Developer/Xcode/DerivedData/AICoven_Local-gvtpajtveckudhherqngqlizoxtt/Build/Products/Debug/AICoven\ Dev.app/Contents/PlugIns/AICovenTests.xctest/Contents/Extensions --platform macosx --toolchain /var/run/com.apple.security.cryptexd/mnt/com.apple.MobileAsset.MetalToolchain-v17.5.188.0.PT4TWM/Metal.xctoolchain --toolchain /Applications/Xcode.app/Contents/Developer/Toolchains/XcodeDefault.xctoolchain --destination /Users/andreeapapillon/Library/Developer/Xcode/DerivedData/AICoven_Local-gvtpajtveckudhherqngqlizoxtt/Build/Products/Debug/AICoven\ Dev.app/Contents/PlugIns/AICovenTests.xctest/Contents/Frameworks --strip-bitcode --scan-executable /Applications/Xcode.app/Contents/Developer/Platforms/MacOSX.platform/Developer/usr/lib/libXCTestSwiftSupport.dylib --strip-bitcode-tool /Applications/Xcode.app/Contents/Developer/Toolchains/XcodeDefault.xctoolchain/usr/bin/bitcode_strip --emit-dependency-info /Users/andreeapapillon/Library/Developer/Xcode/DerivedData/AICoven_Local-gvtpajtveckudhherqngqlizoxtt/Build/Intermediates.noindex/AICoven\ Local.build/Debug/AICovenTests.build/SwiftStdLibToolInputDependencies.dep --filter-for-swift-os --back-deploy-swift-span

ExtractAppIntentsMetadata (in target 'AICovenTests' from project 'AICoven Local')
    cd /Users/andreeapapillon/Documents/GitHub/aicoven-local-opensource/swift/AICoven
    /Applications/Xcode.app/Contents/Developer/Toolchains/XcodeDefault.xctoolchain/usr/bin/appintentsmetadataprocessor --toolchain-dir /var/run/com.apple.security.cryptexd/mnt/com.apple.MobileAsset.MetalToolchain-v17.5.188.0.PT4TWM/Metal.xctoolchain --module-name AICovenTests --sdk-root /Applications/Xcode.app/Contents/Developer/Platforms/MacOSX.platform/Developer/SDKs/MacOSX26.4.sdk --xcode-version 17E192 --platform-family macOS --deployment-target 15.7 --bundle-identifier aicoven.AICovenTests --output /Users/andreeapapillon/Library/Developer/Xcode/DerivedData/AICoven_Local-gvtpajtveckudhherqngqlizoxtt/Build/Products/Debug/AICoven\ Dev.app/Contents/PlugIns/AICovenTests.xctest/Contents/Resources --target-triple arm64-apple-macos15.7 --binary-file /Users/andreeapapillon/Library/Developer/Xcode/DerivedData/AICoven_Local-gvtpajtveckudhherqngqlizoxtt/Build/Products/Debug/AICoven\ Dev.app/Contents/PlugIns/AICovenTests.xctest/Contents/MacOS/AICovenTests --dependency-file /Users/andreeapapillon/Library/Developer/Xcode/DerivedData/AICoven_Local-gvtpajtveckudhherqngqlizoxtt/Build/Intermediates.noindex/AICoven\ Local.build/Debug/AICovenTests.build/Objects-normal/arm64/AICovenTests_dependency_info.dat --stringsdata-file /Users/andreeapapillon/Library/Developer/Xcode/DerivedData/AICoven_Local-gvtpajtveckudhherqngqlizoxtt/Build/Intermediates.noindex/AICoven\ Local.build/Debug/AICovenTests.build/Objects-normal/arm64/ExtractedAppShortcutsMetadata.stringsdata --source-file-list /Users/andreeapapillon/Library/Developer/Xcode/DerivedData/AICoven_Local-gvtpajtveckudhherqngqlizoxtt/Build/Intermediates.noindex/AICoven\ Local.build/Debug/AICovenTests.build/Objects-normal/arm64/AICovenTests.SwiftFileList --metadata-file-list /Users/andreeapapillon/Library/Developer/Xcode/DerivedData/AICoven_Local-gvtpajtveckudhherqngqlizoxtt/Build/Intermediates.noindex/AICoven\ Local.build/Debug/AICovenTests.build/AICovenTests.DependencyMetadataFileList --static-metadata-file-list /Users/andreeapapillon/Library/Developer/Xcode/DerivedData/AICoven_Local-gvtpajtveckudhherqngqlizoxtt/Build/Intermediates.noindex/AICoven\ Local.build/Debug/AICovenTests.build/AICovenTests.DependencyStaticMetadataFileList --swift-const-vals-list /Users/andreeapapillon/Library/Developer/Xcode/DerivedData/AICoven_Local-gvtpajtveckudhherqngqlizoxtt/Build/Intermediates.noindex/AICoven\ Local.build/Debug/AICovenTests.build/Objects-normal/arm64/AICovenTests.SwiftConstValuesFileList --compile-time-extraction --deployment-aware-processing --validate-assistant-intents --no-app-shortcuts-localization
2026-05-09 10:48:53.372 appintentsmetadataprocessor[12085:14279442] Starting appintentsmetadataprocessor export
2026-05-09 10:48:53.373 appintentsmetadataprocessor[12085:14279442] warning: Metadata extraction skipped. No AppIntents.framework dependency found.

CodeSign /Users/andreeapapillon/Library/Developer/Xcode/DerivedData/AICoven_Local-gvtpajtveckudhherqngqlizoxtt/Build/Products/Debug/AICoven\ Dev.app/Contents/PlugIns/AICovenTests.xctest (in target 'AICovenTests' from project 'AICoven Local')
    cd /Users/andreeapapillon/Documents/GitHub/aicoven-local-opensource/swift/AICoven
    
    Signing Identity:     "Apple Development: Andreea Papillon (FX87CHTD3G)"
    
    /usr/bin/codesign --force --sign 8D3E7DD1A3031D156E089FB0131D93A2D38A82C6 --timestamp\=none --generate-entitlement-der /Users/andreeapapillon/Library/Developer/Xcode/DerivedData/AICoven_Local-gvtpajtveckudhherqngqlizoxtt/Build/Products/Debug/AICoven\ Dev.app/Contents/PlugIns/AICovenTests.xctest

CodeSign /Users/andreeapapillon/Library/Developer/Xcode/DerivedData/AICoven_Local-gvtpajtveckudhherqngqlizoxtt/Build/Products/Debug/AICoven\ Dev.app/Contents/MacOS/AICoven\ Dev.debug.dylib (in target 'AICoven' from project 'AICoven Local')
    cd /Users/andreeapapillon/Documents/GitHub/aicoven-local-opensource/swift/AICoven
    
    Signing Identity:     "Apple Development: Andreea Papillon (FX87CHTD3G)"
    Provisioning Profile: "Mac Team Provisioning Profile: *"
                          (1f2c24c8-5015-411b-8c4e-7b86ea541c64)
    
    /usr/bin/codesign --force --sign 8D3E7DD1A3031D156E089FB0131D93A2D38A82C6 -o runtime --timestamp\=none --generate-entitlement-der /Users/andreeapapillon/Library/Developer/Xcode/DerivedData/AICoven_Local-gvtpajtveckudhherqngqlizoxtt/Build/Products/Debug/AICoven\ Dev.app/Contents/MacOS/AICoven\ Dev.debug.dylib

CodeSign /Users/andreeapapillon/Library/Developer/Xcode/DerivedData/AICoven_Local-gvtpajtveckudhherqngqlizoxtt/Build/Products/Debug/AICoven\ Dev.app/Contents/MacOS/__preview.dylib (in target 'AICoven' from project 'AICoven Local')
    cd /Users/andreeapapillon/Documents/GitHub/aicoven-local-opensource/swift/AICoven
    
    Signing Identity:     "Apple Development: Andreea Papillon (FX87CHTD3G)"
    Provisioning Profile: "Mac Team Provisioning Profile: *"
                          (1f2c24c8-5015-411b-8c4e-7b86ea541c64)
    
    /usr/bin/codesign --force --sign 8D3E7DD1A3031D156E089FB0131D93A2D38A82C6 -o runtime --timestamp\=none --generate-entitlement-der /Users/andreeapapillon/Library/Developer/Xcode/DerivedData/AICoven_Local-gvtpajtveckudhherqngqlizoxtt/Build/Products/Debug/AICoven\ Dev.app/Contents/MacOS/__preview.dylib
/Users/andreeapapillon/Library/Developer/Xcode/DerivedData/AICoven_Local-gvtpajtveckudhherqngqlizoxtt/Build/Products/Debug/AICoven Dev.app/Contents/MacOS/__preview.dylib: replacing existing signature

CodeSign /Users/andreeapapillon/Library/Developer/Xcode/DerivedData/AICoven_Local-gvtpajtveckudhherqngqlizoxtt/Build/Products/Debug/AICoven\ Dev.app (in target 'AICoven' from project 'AICoven Local')
    cd /Users/andreeapapillon/Documents/GitHub/aicoven-local-opensource/swift/AICoven
    
    Signing Identity:     "Apple Development: Andreea Papillon (FX87CHTD3G)"
    Provisioning Profile: "Mac Team Provisioning Profile: *"
                          (1f2c24c8-5015-411b-8c4e-7b86ea541c64)
    
    /usr/bin/codesign --force --sign 8D3E7DD1A3031D156E089FB0131D93A2D38A82C6 -o runtime --entitlements /Users/andreeapapillon/Library/Developer/Xcode/DerivedData/AICoven_Local-gvtpajtveckudhherqngqlizoxtt/Build/Intermediates.noindex/AICoven\ Local.build/Debug/AICoven.build/AICoven\ Dev.app.xcent --timestamp\=none --generate-entitlement-der /Users/andreeapapillon/Library/Developer/Xcode/DerivedData/AICoven_Local-gvtpajtveckudhherqngqlizoxtt/Build/Products/Debug/AICoven\ Dev.app

Validate /Users/andreeapapillon/Library/Developer/Xcode/DerivedData/AICoven_Local-gvtpajtveckudhherqngqlizoxtt/Build/Products/Debug/AICoven\ Dev.app (in target 'AICoven' from project 'AICoven Local')
    cd /Users/andreeapapillon/Documents/GitHub/aicoven-local-opensource/swift/AICoven
    builtin-validationUtility /Users/andreeapapillon/Library/Developer/Xcode/DerivedData/AICoven_Local-gvtpajtveckudhherqngqlizoxtt/Build/Products/Debug/AICoven\ Dev.app -no-validate-extension -infoplist-subpath Contents/Info.plist

RegisterWithLaunchServices /Users/andreeapapillon/Library/Developer/Xcode/DerivedData/AICoven_Local-gvtpajtveckudhherqngqlizoxtt/Build/Products/Debug/AICoven\ Dev.app (in target 'AICoven' from project 'AICoven Local')
    cd /Users/andreeapapillon/Documents/GitHub/aicoven-local-opensource/swift/AICoven
    /System/Library/Frameworks/CoreServices.framework/Versions/Current/Frameworks/LaunchServices.framework/Versions/Current/Support/lsregister -f -R -trusted /Users/andreeapapillon/Library/Developer/Xcode/DerivedData/AICoven_Local-gvtpajtveckudhherqngqlizoxtt/Build/Products/Debug/AICoven\ Dev.app

note: Removed stale file '/Users/andreeapapillon/Library/Developer/Xcode/DerivedData/AICoven_Local-gvtpajtveckudhherqngqlizoxtt/Build/Intermediates.noindex/AICoven Local.build/Debug/AICoven.build/Objects-normal/arm64/RerankingService.o'

note: Removed stale file '/Users/andreeapapillon/Library/Developer/Xcode/DerivedData/AICoven_Local-gvtpajtveckudhherqngqlizoxtt/Build/Intermediates.noindex/AICoven Local.build/Debug/AICoven.build/Objects-normal/arm64/RerankingService.stringsdata'

note: Removed stale file '/Users/andreeapapillon/Library/Developer/Xcode/DerivedData/AICoven_Local-gvtpajtveckudhherqngqlizoxtt/Build/Intermediates.noindex/AICoven Local.build/Debug/AICoven.build/Objects-normal/arm64/RerankingService.swiftconstvalues'

note: Removed stale file '/Users/andreeapapillon/Library/Developer/Xcode/DerivedData/AICoven_Local-gvtpajtveckudhherqngqlizoxtt/Build/Intermediates.noindex/AICoven Local.build/Debug/AICoven.build/Objects-normal/arm64/SummarizationService.o'

note: Removed stale file '/Users/andreeapapillon/Library/Developer/Xcode/DerivedData/AICoven_Local-gvtpajtveckudhherqngqlizoxtt/Build/Intermediates.noindex/AICoven Local.build/Debug/AICoven.build/Objects-normal/arm64/SummarizationService.stringsdata'

note: Removed stale file '/Users/andreeapapillon/Library/Developer/Xcode/DerivedData/AICoven_Local-gvtpajtveckudhherqngqlizoxtt/Build/Intermediates.noindex/AICoven Local.build/Debug/AICoven.build/Objects-normal/arm64/SummarizationService.swiftconstvalues'

note: Removed stale file '/Users/andreeapapillon/Library/Developer/Xcode/DerivedData/AICoven_Local-gvtpajtveckudhherqngqlizoxtt/Build/Intermediates.noindex/AICoven Local.build/Debug/AICoven.build/Objects-normal/arm64/TurnState.o'

note: Removed stale file '/Users/andreeapapillon/Library/Developer/Xcode/DerivedData/AICoven_Local-gvtpajtveckudhherqngqlizoxtt/Build/Intermediates.noindex/AICoven Local.build/Debug/AICoven.build/Objects-normal/arm64/TurnState.stringsdata'

note: Removed stale file '/Users/andreeapapillon/Library/Developer/Xcode/DerivedData/AICoven_Local-gvtpajtveckudhherqngqlizoxtt/Build/Intermediates.noindex/AICoven Local.build/Debug/AICoven.build/Objects-normal/arm64/TurnState.swiftconstvalues'

note: Removed stale file '/Users/andreeapapillon/Library/Developer/Xcode/DerivedData/AICoven_Local-gvtpajtveckudhherqngqlizoxtt/Build/Products/Debug/AICoven Dev.app/Contents/Resources/MobileHomeView.swift.patch'

note: Removed stale file '/Users/andreeapapillon/Library/Developer/Xcode/DerivedData/AICoven_Local-gvtpajtveckudhherqngqlizoxtt/Build/Products/Debug/AICoven Dev.app/Contents/Resources/aicoven all.code-workspace'

** BUILD SUCCEEDED **

